LINKAGE_REPEAT 1/3 BEGIN
JOB_ID=1579861
BINARY=/CLUSTER_USER_HOME/kunpeng-experiments/trsm-kml251-e42ae792e299/T18-budgetwide-repeat-r16/source/trsm_test
LDD_EXIT_CODE=0
	linux-vdso.so.1 (0x0000400009326000)
	libm.so.6 => /usr/lib64/libm.so.6 (0x0000400009340000)
	libkblas.so.25.1.0 => /opt/donaudata/donau/HPCKit_25.1.0_Linux-aarch64/package/KunpengHPCKit-kml.25.1.0/gcclib/sme/kblas/multi/libkblas.so.25.1.0 (0x00004000093f0000)
	libgomp.so.1 => /CLUSTER_USER_HOME/kunpeng-experiments/trsm-kml251-f6110e522b93/compiler-private/gcc-12.3.1-2025.03-aarch64-linux/lib64/libgomp.so.1 (0x000040000f530000)
	libc.so.6 => /usr/lib64/libc.so.6 (0x000040000f5a0000)
	/lib/ld-linux-aarch64.so.1 (0x00004000092fc000)
	libdl.so.2 => /usr/lib64/libdl.so.2 (0x000040000f760000)
	libpthread.so.0 => /usr/lib64/libpthread.so.0 (0x000040000f790000)
KML251_LINKED_LIBRARY=/opt/donaudata/donau/HPCKit_25.1.0_Linux-aarch64/package/KunpengHPCKit-kml.25.1.0/gcclib/sme/kblas/multi/libkblas.so.25.1.0
GOMP_LINKED_LIBRARY=/CLUSTER_USER_HOME/kunpeng-experiments/trsm-kml251-f6110e522b93/compiler-private/gcc-12.3.1-2025.03-aarch64-linux/lib64/libgomp.so.1.0.0
KML251_DEPENDENCY_AUDIT_PASS=1
LINKAGE_REPEAT 1/3 END
LINKAGE_REPEAT 2/3 BEGIN
JOB_ID=1579861
BINARY=/CLUSTER_USER_HOME/kunpeng-experiments/trsm-kml251-e42ae792e299/T18-budgetwide-repeat-r16/source/trsm_test
LDD_EXIT_CODE=0
	linux-vdso.so.1 (0x0000400031080000)
	libm.so.6 => /usr/lib64/libm.so.6 (0x00004000310a0000)
	libkblas.so.25.1.0 => /opt/donaudata/donau/HPCKit_25.1.0_Linux-aarch64/package/KunpengHPCKit-kml.25.1.0/gcclib/sme/kblas/multi/libkblas.so.25.1.0 (0x0000400031150000)
	libgomp.so.1 => /CLUSTER_USER_HOME/kunpeng-experiments/trsm-kml251-f6110e522b93/compiler-private/gcc-12.3.1-2025.03-aarch64-linux/lib64/libgomp.so.1 (0x0000400037290000)
	libc.so.6 => /usr/lib64/libc.so.6 (0x0000400037300000)
	/lib/ld-linux-aarch64.so.1 (0x0000400031056000)
	libdl.so.2 => /usr/lib64/libdl.so.2 (0x00004000374c0000)
	libpthread.so.0 => /usr/lib64/libpthread.so.0 (0x00004000374f0000)
KML251_LINKED_LIBRARY=/opt/donaudata/donau/HPCKit_25.1.0_Linux-aarch64/package/KunpengHPCKit-kml.25.1.0/gcclib/sme/kblas/multi/libkblas.so.25.1.0
GOMP_LINKED_LIBRARY=/CLUSTER_USER_HOME/kunpeng-experiments/trsm-kml251-f6110e522b93/compiler-private/gcc-12.3.1-2025.03-aarch64-linux/lib64/libgomp.so.1.0.0
KML251_DEPENDENCY_AUDIT_PASS=1
LINKAGE_REPEAT 2/3 END
LINKAGE_REPEAT 3/3 BEGIN
JOB_ID=1579861
BINARY=/CLUSTER_USER_HOME/kunpeng-experiments/trsm-kml251-e42ae792e299/T18-budgetwide-repeat-r16/source/trsm_test
LDD_EXIT_CODE=0
	linux-vdso.so.1 (0x0000400004f22000)
	libm.so.6 => /usr/lib64/libm.so.6 (0x0000400004f40000)
	libkblas.so.25.1.0 => /opt/donaudata/donau/HPCKit_25.1.0_Linux-aarch64/package/KunpengHPCKit-kml.25.1.0/gcclib/sme/kblas/multi/libkblas.so.25.1.0 (0x0000400004ff0000)
	libgomp.so.1 => /CLUSTER_USER_HOME/kunpeng-experiments/trsm-kml251-f6110e522b93/compiler-private/gcc-12.3.1-2025.03-aarch64-linux/lib64/libgomp.so.1 (0x000040000b130000)
	libc.so.6 => /usr/lib64/libc.so.6 (0x000040000b1a0000)
	/lib/ld-linux-aarch64.so.1 (0x0000400004ef8000)
	libdl.so.2 => /usr/lib64/libdl.so.2 (0x000040000b360000)
	libpthread.so.0 => /usr/lib64/libpthread.so.0 (0x000040000b390000)
KML251_LINKED_LIBRARY=/opt/donaudata/donau/HPCKit_25.1.0_Linux-aarch64/package/KunpengHPCKit-kml.25.1.0/gcclib/sme/kblas/multi/libkblas.so.25.1.0
GOMP_LINKED_LIBRARY=/CLUSTER_USER_HOME/kunpeng-experiments/trsm-kml251-f6110e522b93/compiler-private/gcc-12.3.1-2025.03-aarch64-linux/lib64/libgomp.so.1.0.0
KML251_DEPENDENCY_AUDIT_PASS=1
LINKAGE_REPEAT 3/3 END
