LINKAGE_REPEAT 1/3 BEGIN
JOB_ID=1579730
BINARY=/CLUSTER_USER_HOME/kunpeng-experiments/trsm-kml251-a3de683d1112/T8-control12-repeat-r14/source/trsm_test
LDD_EXIT_CODE=0
	linux-vdso.so.1 (0x000040000e8b1000)
	libm.so.6 => /usr/lib64/libm.so.6 (0x000040000e8d0000)
	libkblas.so.25.1.0 => /opt/donaudata/donau/HPCKit_25.1.0_Linux-aarch64/package/KunpengHPCKit-kml.25.1.0/gcclib/sme/kblas/multi/libkblas.so.25.1.0 (0x000040000e980000)
	libgomp.so.1 => /CLUSTER_USER_HOME/kunpeng-experiments/trsm-kml251-f6110e522b93/compiler-private/gcc-12.3.1-2025.03-aarch64-linux/lib64/libgomp.so.1 (0x0000400014ac0000)
	libc.so.6 => /usr/lib64/libc.so.6 (0x0000400014b30000)
	/lib/ld-linux-aarch64.so.1 (0x000040000e887000)
	libdl.so.2 => /usr/lib64/libdl.so.2 (0x0000400014cf0000)
	libpthread.so.0 => /usr/lib64/libpthread.so.0 (0x0000400014d20000)
KML251_LINKED_LIBRARY=/opt/donaudata/donau/HPCKit_25.1.0_Linux-aarch64/package/KunpengHPCKit-kml.25.1.0/gcclib/sme/kblas/multi/libkblas.so.25.1.0
GOMP_LINKED_LIBRARY=/CLUSTER_USER_HOME/kunpeng-experiments/trsm-kml251-f6110e522b93/compiler-private/gcc-12.3.1-2025.03-aarch64-linux/lib64/libgomp.so.1.0.0
KML251_DEPENDENCY_AUDIT_PASS=1
LINKAGE_REPEAT 1/3 END
LINKAGE_REPEAT 2/3 BEGIN
JOB_ID=1579730
BINARY=/CLUSTER_USER_HOME/kunpeng-experiments/trsm-kml251-a3de683d1112/T8-control12-repeat-r14/source/trsm_test
LDD_EXIT_CODE=0
	linux-vdso.so.1 (0x0000400038295000)
	libm.so.6 => /usr/lib64/libm.so.6 (0x00004000382b0000)
	libkblas.so.25.1.0 => /opt/donaudata/donau/HPCKit_25.1.0_Linux-aarch64/package/KunpengHPCKit-kml.25.1.0/gcclib/sme/kblas/multi/libkblas.so.25.1.0 (0x0000400038360000)
	libgomp.so.1 => /CLUSTER_USER_HOME/kunpeng-experiments/trsm-kml251-f6110e522b93/compiler-private/gcc-12.3.1-2025.03-aarch64-linux/lib64/libgomp.so.1 (0x000040003e4a0000)
	libc.so.6 => /usr/lib64/libc.so.6 (0x000040003e510000)
	/lib/ld-linux-aarch64.so.1 (0x000040003826b000)
	libdl.so.2 => /usr/lib64/libdl.so.2 (0x000040003e6d0000)
	libpthread.so.0 => /usr/lib64/libpthread.so.0 (0x000040003e700000)
KML251_LINKED_LIBRARY=/opt/donaudata/donau/HPCKit_25.1.0_Linux-aarch64/package/KunpengHPCKit-kml.25.1.0/gcclib/sme/kblas/multi/libkblas.so.25.1.0
GOMP_LINKED_LIBRARY=/CLUSTER_USER_HOME/kunpeng-experiments/trsm-kml251-f6110e522b93/compiler-private/gcc-12.3.1-2025.03-aarch64-linux/lib64/libgomp.so.1.0.0
KML251_DEPENDENCY_AUDIT_PASS=1
LINKAGE_REPEAT 2/3 END
LINKAGE_REPEAT 3/3 BEGIN
JOB_ID=1579730
BINARY=/CLUSTER_USER_HOME/kunpeng-experiments/trsm-kml251-a3de683d1112/T8-control12-repeat-r14/source/trsm_test
LDD_EXIT_CODE=0
	linux-vdso.so.1 (0x000040001bb61000)
	libm.so.6 => /usr/lib64/libm.so.6 (0x000040001bb80000)
	libkblas.so.25.1.0 => /opt/donaudata/donau/HPCKit_25.1.0_Linux-aarch64/package/KunpengHPCKit-kml.25.1.0/gcclib/sme/kblas/multi/libkblas.so.25.1.0 (0x000040001bc30000)
	libgomp.so.1 => /CLUSTER_USER_HOME/kunpeng-experiments/trsm-kml251-f6110e522b93/compiler-private/gcc-12.3.1-2025.03-aarch64-linux/lib64/libgomp.so.1 (0x0000400021d70000)
	libc.so.6 => /usr/lib64/libc.so.6 (0x0000400021de0000)
	/lib/ld-linux-aarch64.so.1 (0x000040001bb37000)
	libdl.so.2 => /usr/lib64/libdl.so.2 (0x0000400021fa0000)
	libpthread.so.0 => /usr/lib64/libpthread.so.0 (0x0000400021fd0000)
KML251_LINKED_LIBRARY=/opt/donaudata/donau/HPCKit_25.1.0_Linux-aarch64/package/KunpengHPCKit-kml.25.1.0/gcclib/sme/kblas/multi/libkblas.so.25.1.0
GOMP_LINKED_LIBRARY=/CLUSTER_USER_HOME/kunpeng-experiments/trsm-kml251-f6110e522b93/compiler-private/gcc-12.3.1-2025.03-aarch64-linux/lib64/libgomp.so.1.0.0
KML251_DEPENDENCY_AUDIT_PASS=1
LINKAGE_REPEAT 3/3 END
