LOGIN_NODE_1
Linux LOGIN_NODE_1 5.10.0-285.5.v2403.ky10p.aarch64 #1 SMP Mon May 11 10:51:36 CST 2026 aarch64 aarch64 aarch64 GNU/Linux
MISSING /home/HPC/HPCKit/latest/modulefiles
MISSING /home/HPC
drwxr-xr-x. 13 root root 4096 Aug  1 01:26 /opt
apps
batch
batch_backup
copy_general_from_share.sh
dfv
donaubak
donaudata
dpc_om
hinic
oceanstor
patch_workspace
syslog
drwxr-xr-x. 12 root root 4096 Oct 13  2025 /usr/local
bin
etc
games
include
lib
lib64
libexec
sbin
share
src
/usr/share/Modules/modulefiles:
dot
module-git
module-info
modules
null
use.own
worksdsys
workssdsys
No Modulefiles Currently Loaded.
  File: /CLUSTER_USER_HOME/other-20260907/blas-verified/libopenblas.a
  Size: 1958444   	Blocks: 3840       IO Block: 1048576 regular file
Device: 0,50	Inode: 36028962424400384  Links: 1
Access: (0640/-rw-r-----)  Uid: (REDACTED_UID/REDACTED_USER)   Gid: (REDACTED_GID/CLUSTER_GROUP)
Access: 2026-09-07 22:03:14.065488560 +0800
Modify: 2026-09-07 22:03:14.073425000 +0800
Change: 2026-09-07 22:03:14.073425000 +0800
 Birth: -
c1bb71567c95b7cdff011ecd65b1d10de9001d373a5e87ac6468d7b9755c0ed0  /CLUSTER_USER_HOME/other-20260907/blas-verified/libopenblas.a
OpenBLAS 0.3.28 NO_LAPACK NO_LAPACKE NO_AFFINITY USE_OPENMP ARMV8
