LINKAGE_REPEAT 1/3 BEGIN
JOB_ID=1582129
BINARY=/CLUSTER_USER_HOME/kunpeng-experiments/trsm-kml251-0d7d9f06762e/T20-wideunroll2-repeat-r19/source/trsm_test
LDD_EXIT_CODE=0
	linux-vdso.so.1 (0x0000400001c04000)
	libm.so.6 => /usr/lib64/libm.so.6 (0x0000400001c20000)
	libkblas.so.25.1.0 => /opt/donaudata/donau/HPCKit_25.1.0_Linux-aarch64/package/KunpengHPCKit-kml.25.1.0/gcclib/sme/kblas/multi/libkblas.so.25.1.0 (0x0000400001cd0000)
	libgomp.so.1 => /CLUSTER_USER_HOME/kunpeng-experiments/trsm-kml251-f6110e522b93/compiler-private/gcc-12.3.1-2025.03-aarch64-linux/lib64/libgomp.so.1 (0x0000400007e10000)
	libc.so.6 => /usr/lib64/libc.so.6 (0x0000400007e80000)
	/lib/ld-linux-aarch64.so.1 (0x0000400001bda000)
	libdl.so.2 => /usr/lib64/libdl.so.2 (0x0000400008040000)
	libpthread.so.0 => /usr/lib64/libpthread.so.0 (0x0000400008070000)
KML251_LINKED_LIBRARY=/opt/donaudata/donau/HPCKit_25.1.0_Linux-aarch64/package/KunpengHPCKit-kml.25.1.0/gcclib/sme/kblas/multi/libkblas.so.25.1.0
GOMP_LINKED_LIBRARY=/CLUSTER_USER_HOME/kunpeng-experiments/trsm-kml251-f6110e522b93/compiler-private/gcc-12.3.1-2025.03-aarch64-linux/lib64/libgomp.so.1.0.0
KML251_DEPENDENCY_AUDIT_PASS=1
LINKAGE_REPEAT 1/3 END
LINKAGE_REPEAT 2/3 BEGIN
JOB_ID=1582129
BINARY=/CLUSTER_USER_HOME/kunpeng-experiments/trsm-kml251-0d7d9f06762e/T20-wideunroll2-repeat-r19/source/trsm_test
LDD_EXIT_CODE=0
	linux-vdso.so.1 (0x000040000c7c3000)
	libm.so.6 => /usr/lib64/libm.so.6 (0x000040000c7e0000)
	libkblas.so.25.1.0 => /opt/donaudata/donau/HPCKit_25.1.0_Linux-aarch64/package/KunpengHPCKit-kml.25.1.0/gcclib/sme/kblas/multi/libkblas.so.25.1.0 (0x000040000c890000)
	libgomp.so.1 => /CLUSTER_USER_HOME/kunpeng-experiments/trsm-kml251-f6110e522b93/compiler-private/gcc-12.3.1-2025.03-aarch64-linux/lib64/libgomp.so.1 (0x00004000129d0000)
	libc.so.6 => /usr/lib64/libc.so.6 (0x0000400012a40000)
	/lib/ld-linux-aarch64.so.1 (0x000040000c799000)
	libdl.so.2 => /usr/lib64/libdl.so.2 (0x0000400012c00000)
	libpthread.so.0 => /usr/lib64/libpthread.so.0 (0x0000400012c30000)
KML251_LINKED_LIBRARY=/opt/donaudata/donau/HPCKit_25.1.0_Linux-aarch64/package/KunpengHPCKit-kml.25.1.0/gcclib/sme/kblas/multi/libkblas.so.25.1.0
GOMP_LINKED_LIBRARY=/CLUSTER_USER_HOME/kunpeng-experiments/trsm-kml251-f6110e522b93/compiler-private/gcc-12.3.1-2025.03-aarch64-linux/lib64/libgomp.so.1.0.0
KML251_DEPENDENCY_AUDIT_PASS=1
LINKAGE_REPEAT 2/3 END
LINKAGE_REPEAT 3/3 BEGIN
JOB_ID=1582129
BINARY=/CLUSTER_USER_HOME/kunpeng-experiments/trsm-kml251-0d7d9f06762e/T20-wideunroll2-repeat-r19/source/trsm_test
LDD_EXIT_CODE=0
	linux-vdso.so.1 (0x000040001a271000)
	libm.so.6 => /usr/lib64/libm.so.6 (0x000040001a290000)
	libkblas.so.25.1.0 => /opt/donaudata/donau/HPCKit_25.1.0_Linux-aarch64/package/KunpengHPCKit-kml.25.1.0/gcclib/sme/kblas/multi/libkblas.so.25.1.0 (0x000040001a340000)
	libgomp.so.1 => /CLUSTER_USER_HOME/kunpeng-experiments/trsm-kml251-f6110e522b93/compiler-private/gcc-12.3.1-2025.03-aarch64-linux/lib64/libgomp.so.1 (0x0000400020480000)
	libc.so.6 => /usr/lib64/libc.so.6 (0x00004000204f0000)
	/lib/ld-linux-aarch64.so.1 (0x000040001a247000)
	libdl.so.2 => /usr/lib64/libdl.so.2 (0x00004000206b0000)
	libpthread.so.0 => /usr/lib64/libpthread.so.0 (0x00004000206e0000)
KML251_LINKED_LIBRARY=/opt/donaudata/donau/HPCKit_25.1.0_Linux-aarch64/package/KunpengHPCKit-kml.25.1.0/gcclib/sme/kblas/multi/libkblas.so.25.1.0
GOMP_LINKED_LIBRARY=/CLUSTER_USER_HOME/kunpeng-experiments/trsm-kml251-f6110e522b93/compiler-private/gcc-12.3.1-2025.03-aarch64-linux/lib64/libgomp.so.1.0.0
KML251_DEPENDENCY_AUDIT_PASS=1
LINKAGE_REPEAT 3/3 END
