+ :
+ stage allocation python3 -
+ local name=allocation code
+ shift
+ set +e
+ python3 -
ALLOWED_CPUS=76,77,78,79,80,81,82,83,84,85,86,87,88,89,90,91,92,93,94,95,96,97,98,99,100,101,102,103,104,105,106,107,108,109,110,111,112,113
NUMA_NODE=node2
+ code=0
+ set -e
+ tee -a stage-exits.txt
+ printf 'STAGE=%s EXIT=%s\n' allocation 0
STAGE=allocation EXIT=0
+ return 0
+ source candidate.env
++ CANDIDATE=C47-row6x4u1
++ EXPECTED_ACC=4
++ EXPECTED_FULL=3560
++ EXPECTED_DISPATCH=432
++ EXPECTED_DIRECT=360
++ EXPECTED_DISPATCH_ROWSIX_ENTRIES=432
++ EXPECTED_DIRECT_ROWSIX_ENTRIES=900
++ EXPECTED_TOTAL=26112
+ [[ C47-row6x4u1 == C47-row6x4u1 ]]
+ [[ 4 == 4 ]]
+ [[ 3560 == 3560 ]]
+ [[ 432 == 432 ]]
+ [[ 360 == 360 ]]
+ [[ 26112 == 26112 ]]
+ [[ 432 == 432 ]]
+ [[ 900 == 900 ]]
+ printf 'CANDIDATE=%s\n' C47-row6x4u1
CANDIDATE=C47-row6x4u1
+ date -u
Sat Sep 12 12:10:08 UTC 2026
+ hostname
COMPUTE_NODE_1
+ stage compiler compiler_check
+ local name=compiler code
+ shift
+ set +e
+ compiler_check
+ gcc --version
gcc (GCC) 10.3.1
Copyright (C) 2020 Free Software Foundation, Inc.
This is free software; see the source for copying conditions.  There is NO
warranty; not even for MERCHANTABILITY or FITNESS FOR A PARTICULAR PURPOSE.

+ gcc -dumpfullversion -dumpversion
++ cat compiler-version.txt
+ [[ 10.3.1 == 10.3.1 ]]
+ code=0
+ set -e
+ tee -a stage-exits.txt
+ printf 'STAGE=%s EXIT=%s\n' compiler 0
STAGE=compiler EXIT=0
+ return 0
+ stage manifest write_manifest
+ local name=manifest code
+ shift
+ set +e
+ write_manifest
+ sha256sum conv2d.c check_conv_guard.c check_sve_dispatch.c remote_job.sh candidate.env
+ cat source-sha256.txt
e974915cb4e5e522526070bfdcff42b08dd7866412dbde11c76a07fac1b86d0a  conv2d.c
70c9ccc79441852f90f9f5560c2b5784920da3c57c99363305e75d6894349f5c  check_conv_guard.c
8ab2890ac456b2fa8ad4882b8128062cd44828a4832225e588d9c83686e73f46  check_sve_dispatch.c
e33ebd9d0ceeb827316b3e4abafc87d97dbfe56a1d7dee05487da817f7f95fec  remote_job.sh
8d0cf9e8c0216827aec6e0c7f3c2ee637f6d7aea115ab8564d66d7cddaa66752  candidate.env
+ code=0
+ set -e
+ tee -a stage-exits.txt
+ printf 'STAGE=%s EXIT=%s\n' manifest 0
STAGE=manifest EXIT=0
+ return 0
+ export OMP_DYNAMIC=FALSE OMP_PROC_BIND=close OMP_PLACES=cores
+ OMP_DYNAMIC=FALSE
+ OMP_PROC_BIND=close
+ OMP_PLACES=cores
+ flags=(-O3 -std=c11 -D_DEFAULT_SOURCE -Wall -Wextra -fno-fast-math -ffp-contract=off -mcpu=generic -fopenmp "-DEXPECTED_ACC=$EXPECTED_ACC")
+ stage build-guard build_logged build-guard.log gcc -O3 -std=c11 -D_DEFAULT_SOURCE -Wall -Wextra -fno-fast-math -ffp-contract=off -mcpu=generic -fopenmp -DEXPECTED_ACC=4 check_conv_guard.c conv2d.c -o check_conv_guard
+ local name=build-guard code
+ shift
+ set +e
+ build_logged build-guard.log gcc -O3 -std=c11 -D_DEFAULT_SOURCE -Wall -Wextra -fno-fast-math -ffp-contract=off -mcpu=generic -fopenmp -DEXPECTED_ACC=4 check_conv_guard.c conv2d.c -o check_conv_guard
+ local logfile=build-guard.log
+ shift
+ printf BUILD_COMMAND:
BUILD_COMMAND:+ printf ' %q' gcc -O3 -std=c11 -D_DEFAULT_SOURCE -Wall -Wextra -fno-fast-math -ffp-contract=off -mcpu=generic -fopenmp -DEXPECTED_ACC=4 check_conv_guard.c conv2d.c -o check_conv_guard
 gcc -O3 -std=c11 -D_DEFAULT_SOURCE -Wall -Wextra -fno-fast-math -ffp-contract=off -mcpu=generic -fopenmp -DEXPECTED_ACC=4 check_conv_guard.c conv2d.c -o check_conv_guard+ printf '\n'

+ gcc -O3 -std=c11 -D_DEFAULT_SOURCE -Wall -Wextra -fno-fast-math -ffp-contract=off -mcpu=generic -fopenmp -DEXPECTED_ACC=4 check_conv_guard.c conv2d.c -o check_conv_guard
+ code=0
+ set -e
+ tee -a stage-exits.txt
+ printf 'STAGE=%s EXIT=%s\n' build-guard 0
STAGE=build-guard EXIT=0
+ return 0
+ for bytes in 16 32 64
+ for threads in 1 4
+ stage guard-vl16-t1 run_guard 16 1
+ local name=guard-vl16-t1 code
+ shift
+ set +e
+ run_guard 16 1
+ local bytes=16 threads=1
+ tee guard-vl16-t1.log
+ OMP_NUM_THREADS=1
+ ./check_conv_guard 16
SVE_BYTES=16 SVE_LANES=4 BLOCK_OUTPUTS=16 THREADS=1
FULL_MATRIX_COUNTS core=2808 narrow=144 small=576 larger=32
PASS: 3560 convolution cases; readonly input/kernel, guarded allocation edges, poisoned/guarded output, bitwise scalar reference
+ code=0
+ set -e
+ tee -a stage-exits.txt
+ printf 'STAGE=%s EXIT=%s\n' guard-vl16-t1 0
STAGE=guard-vl16-t1 EXIT=0
+ return 0
+ for threads in 1 4
+ stage guard-vl16-t4 run_guard 16 4
+ local name=guard-vl16-t4 code
+ shift
+ set +e
+ run_guard 16 4
+ local bytes=16 threads=4
+ tee guard-vl16-t4.log
+ OMP_NUM_THREADS=4
+ ./check_conv_guard 16
SVE_BYTES=16 SVE_LANES=4 BLOCK_OUTPUTS=16 THREADS=4
FULL_MATRIX_COUNTS core=2808 narrow=144 small=576 larger=32
PASS: 3560 convolution cases; readonly input/kernel, guarded allocation edges, poisoned/guarded output, bitwise scalar reference
+ code=0
+ set -e
+ tee -a stage-exits.txt
+ printf 'STAGE=%s EXIT=%s\n' guard-vl16-t4 0
STAGE=guard-vl16-t4 EXIT=0
+ return 0
+ for bytes in 16 32 64
+ for threads in 1 4
+ stage guard-vl32-t1 run_guard 32 1
+ local name=guard-vl32-t1 code
+ shift
+ set +e
+ run_guard 32 1
+ local bytes=32 threads=1
+ tee guard-vl32-t1.log
+ OMP_NUM_THREADS=1
+ ./check_conv_guard 32
SVE_BYTES=32 SVE_LANES=8 BLOCK_OUTPUTS=32 THREADS=1
FULL_MATRIX_COUNTS core=2808 narrow=144 small=576 larger=32
PASS: 3560 convolution cases; readonly input/kernel, guarded allocation edges, poisoned/guarded output, bitwise scalar reference
+ code=0
+ set -e
+ tee -a stage-exits.txt
+ printf 'STAGE=%s EXIT=%s\n' guard-vl32-t1 0
STAGE=guard-vl32-t1 EXIT=0
+ return 0
+ for threads in 1 4
+ stage guard-vl32-t4 run_guard 32 4
+ local name=guard-vl32-t4 code
+ shift
+ set +e
+ run_guard 32 4
+ local bytes=32 threads=4
+ tee guard-vl32-t4.log
+ OMP_NUM_THREADS=4
+ ./check_conv_guard 32
SVE_BYTES=32 SVE_LANES=8 BLOCK_OUTPUTS=32 THREADS=4
FULL_MATRIX_COUNTS core=2808 narrow=144 small=576 larger=32
PASS: 3560 convolution cases; readonly input/kernel, guarded allocation edges, poisoned/guarded output, bitwise scalar reference
+ code=0
+ set -e
+ tee -a stage-exits.txt
+ printf 'STAGE=%s EXIT=%s\n' guard-vl32-t4 0
STAGE=guard-vl32-t4 EXIT=0
+ return 0
+ for bytes in 16 32 64
+ for threads in 1 4
+ stage guard-vl64-t1 run_guard 64 1
+ local name=guard-vl64-t1 code
+ shift
+ set +e
+ run_guard 64 1
+ local bytes=64 threads=1
+ tee guard-vl64-t1.log
+ OMP_NUM_THREADS=1
+ ./check_conv_guard 64
SVE_BYTES=64 SVE_LANES=16 BLOCK_OUTPUTS=64 THREADS=1
FULL_MATRIX_COUNTS core=2808 narrow=144 small=576 larger=32
PASS: 3560 convolution cases; readonly input/kernel, guarded allocation edges, poisoned/guarded output, bitwise scalar reference
+ code=0
+ set -e
+ tee -a stage-exits.txt
+ printf 'STAGE=%s EXIT=%s\n' guard-vl64-t1 0
STAGE=guard-vl64-t1 EXIT=0
+ return 0
+ for threads in 1 4
+ stage guard-vl64-t4 run_guard 64 4
+ local name=guard-vl64-t4 code
+ shift
+ set +e
+ run_guard 64 4
+ local bytes=64 threads=4
+ tee guard-vl64-t4.log
+ OMP_NUM_THREADS=4
+ ./check_conv_guard 64
SVE_BYTES=64 SVE_LANES=16 BLOCK_OUTPUTS=64 THREADS=4
FULL_MATRIX_COUNTS core=2808 narrow=144 small=576 larger=32
PASS: 3560 convolution cases; readonly input/kernel, guarded allocation edges, poisoned/guarded output, bitwise scalar reference
+ code=0
+ set -e
+ tee -a stage-exits.txt
+ printf 'STAGE=%s EXIT=%s\n' guard-vl64-t4 0
STAGE=guard-vl64-t4 EXIT=0
+ return 0
+ stage build-dispatch build_logged build-dispatch.log gcc -O3 -std=c11 -D_DEFAULT_SOURCE -Wall -Wextra -fno-fast-math -ffp-contract=off -mcpu=generic -fopenmp -DEXPECTED_ACC=4 -finstrument-functions check_sve_dispatch.c -o check_sve_dispatch
+ local name=build-dispatch code
+ shift
+ set +e
+ build_logged build-dispatch.log gcc -O3 -std=c11 -D_DEFAULT_SOURCE -Wall -Wextra -fno-fast-math -ffp-contract=off -mcpu=generic -fopenmp -DEXPECTED_ACC=4 -finstrument-functions check_sve_dispatch.c -o check_sve_dispatch
+ local logfile=build-dispatch.log
+ shift
+ printf BUILD_COMMAND:
BUILD_COMMAND:+ printf ' %q' gcc -O3 -std=c11 -D_DEFAULT_SOURCE -Wall -Wextra -fno-fast-math -ffp-contract=off -mcpu=generic -fopenmp -DEXPECTED_ACC=4 -finstrument-functions check_sve_dispatch.c -o check_sve_dispatch
 gcc -O3 -std=c11 -D_DEFAULT_SOURCE -Wall -Wextra -fno-fast-math -ffp-contract=off -mcpu=generic -fopenmp -DEXPECTED_ACC=4 -finstrument-functions check_sve_dispatch.c -o check_sve_dispatch+ printf '\n'

+ gcc -O3 -std=c11 -D_DEFAULT_SOURCE -Wall -Wextra -fno-fast-math -ffp-contract=off -mcpu=generic -fopenmp -DEXPECTED_ACC=4 -finstrument-functions check_sve_dispatch.c -o check_sve_dispatch
+ code=0
+ set -e
+ tee -a stage-exits.txt
+ printf 'STAGE=%s EXIT=%s\n' build-dispatch 0
STAGE=build-dispatch EXIT=0
+ return 0
+ for bytes in 16 32 64
+ for threads in 1 4
+ stage dispatch-vl16-t1 run_dispatch 16 1
+ local name=dispatch-vl16-t1 code
+ shift
+ set +e
+ run_dispatch 16 1
+ local bytes=16 threads=1
+ tee dispatch-vl16-t1.log
+ OMP_NUM_THREADS=1
+ ./check_sve_dispatch 16
SVE_BYTES=16 SVE_LANES=4 BLOCK_OUTPUTS=16 THREADS=1
SVE_PREFIX_ACTUAL_ENTRIES=3162 SVE_TAIL_ACTUAL_ENTRIES=3147
SVE_ROWPAIR_ACTUAL_ENTRIES=360 SVE_ROWTRIPLE_ACTUAL_ENTRIES=636 SVE_ROWQUAD_ACTUAL_ENTRIES=702
DISPATCH_ROWSIX_ACTUAL_ENTRIES=432 EXPECTED=432 WORKER_MASK=1 EXPECTED_MASK=1
PASS: 432 dispatch cases; exact per-case rowsix entries and bitwise scalar reference
DIRECT_ROWSIX_ACTUAL_ENTRIES=900 EXPECTED=900 WORKER_MASK=1 EXPECTED_MASK=1
PASS: 360 direct fallback cases; kh1..5, readonly/guard/canary and bitwise scalar reference
+ code=0
+ set -e
+ tee -a stage-exits.txt
+ printf 'STAGE=%s EXIT=%s\n' dispatch-vl16-t1 0
STAGE=dispatch-vl16-t1 EXIT=0
+ return 0
+ for threads in 1 4
+ stage dispatch-vl16-t4 run_dispatch 16 4
+ local name=dispatch-vl16-t4 code
+ shift
+ set +e
+ run_dispatch 16 4
+ local bytes=16 threads=4
+ tee dispatch-vl16-t4.log
+ OMP_NUM_THREADS=4
+ ./check_sve_dispatch 16
SVE_BYTES=16 SVE_LANES=4 BLOCK_OUTPUTS=16 THREADS=4
SVE_PREFIX_ACTUAL_ENTRIES=3162 SVE_TAIL_ACTUAL_ENTRIES=3147
SVE_ROWPAIR_ACTUAL_ENTRIES=360 SVE_ROWTRIPLE_ACTUAL_ENTRIES=636 SVE_ROWQUAD_ACTUAL_ENTRIES=702
DISPATCH_ROWSIX_ACTUAL_ENTRIES=432 EXPECTED=432 WORKER_MASK=15 EXPECTED_MASK=15
PASS: 432 dispatch cases; exact per-case rowsix entries and bitwise scalar reference
DIRECT_ROWSIX_ACTUAL_ENTRIES=900 EXPECTED=900 WORKER_MASK=15 EXPECTED_MASK=15
PASS: 360 direct fallback cases; kh1..5, readonly/guard/canary and bitwise scalar reference
+ code=0
+ set -e
+ tee -a stage-exits.txt
+ printf 'STAGE=%s EXIT=%s\n' dispatch-vl16-t4 0
STAGE=dispatch-vl16-t4 EXIT=0
+ return 0
+ for bytes in 16 32 64
+ for threads in 1 4
+ stage dispatch-vl32-t1 run_dispatch 32 1
+ local name=dispatch-vl32-t1 code
+ shift
+ set +e
+ run_dispatch 32 1
+ local bytes=32 threads=1
+ tee dispatch-vl32-t1.log
+ OMP_NUM_THREADS=1
+ ./check_sve_dispatch 32
SVE_BYTES=32 SVE_LANES=8 BLOCK_OUTPUTS=32 THREADS=1
SVE_PREFIX_ACTUAL_ENTRIES=3162 SVE_TAIL_ACTUAL_ENTRIES=3147
SVE_ROWPAIR_ACTUAL_ENTRIES=360 SVE_ROWTRIPLE_ACTUAL_ENTRIES=636 SVE_ROWQUAD_ACTUAL_ENTRIES=702
DISPATCH_ROWSIX_ACTUAL_ENTRIES=432 EXPECTED=432 WORKER_MASK=1 EXPECTED_MASK=1
PASS: 432 dispatch cases; exact per-case rowsix entries and bitwise scalar reference
DIRECT_ROWSIX_ACTUAL_ENTRIES=900 EXPECTED=900 WORKER_MASK=1 EXPECTED_MASK=1
PASS: 360 direct fallback cases; kh1..5, readonly/guard/canary and bitwise scalar reference
+ code=0
+ set -e
+ tee -a stage-exits.txt
+ printf 'STAGE=%s EXIT=%s\n' dispatch-vl32-t1 0
STAGE=dispatch-vl32-t1 EXIT=0
+ return 0
+ for threads in 1 4
+ stage dispatch-vl32-t4 run_dispatch 32 4
+ local name=dispatch-vl32-t4 code
+ shift
+ set +e
+ run_dispatch 32 4
+ local bytes=32 threads=4
+ tee dispatch-vl32-t4.log
+ OMP_NUM_THREADS=4
+ ./check_sve_dispatch 32
SVE_BYTES=32 SVE_LANES=8 BLOCK_OUTPUTS=32 THREADS=4
SVE_PREFIX_ACTUAL_ENTRIES=3162 SVE_TAIL_ACTUAL_ENTRIES=3147
SVE_ROWPAIR_ACTUAL_ENTRIES=360 SVE_ROWTRIPLE_ACTUAL_ENTRIES=636 SVE_ROWQUAD_ACTUAL_ENTRIES=702
DISPATCH_ROWSIX_ACTUAL_ENTRIES=432 EXPECTED=432 WORKER_MASK=15 EXPECTED_MASK=15
PASS: 432 dispatch cases; exact per-case rowsix entries and bitwise scalar reference
DIRECT_ROWSIX_ACTUAL_ENTRIES=900 EXPECTED=900 WORKER_MASK=15 EXPECTED_MASK=15
PASS: 360 direct fallback cases; kh1..5, readonly/guard/canary and bitwise scalar reference
+ code=0
+ set -e
+ tee -a stage-exits.txt
+ printf 'STAGE=%s EXIT=%s\n' dispatch-vl32-t4 0
STAGE=dispatch-vl32-t4 EXIT=0
+ return 0
+ for bytes in 16 32 64
+ for threads in 1 4
+ stage dispatch-vl64-t1 run_dispatch 64 1
+ local name=dispatch-vl64-t1 code
+ shift
+ set +e
+ run_dispatch 64 1
+ local bytes=64 threads=1
+ tee dispatch-vl64-t1.log
+ OMP_NUM_THREADS=1
+ ./check_sve_dispatch 64
SVE_BYTES=64 SVE_LANES=16 BLOCK_OUTPUTS=64 THREADS=1
SVE_PREFIX_ACTUAL_ENTRIES=3162 SVE_TAIL_ACTUAL_ENTRIES=3147
SVE_ROWPAIR_ACTUAL_ENTRIES=360 SVE_ROWTRIPLE_ACTUAL_ENTRIES=636 SVE_ROWQUAD_ACTUAL_ENTRIES=702
DISPATCH_ROWSIX_ACTUAL_ENTRIES=432 EXPECTED=432 WORKER_MASK=1 EXPECTED_MASK=1
PASS: 432 dispatch cases; exact per-case rowsix entries and bitwise scalar reference
DIRECT_ROWSIX_ACTUAL_ENTRIES=900 EXPECTED=900 WORKER_MASK=1 EXPECTED_MASK=1
PASS: 360 direct fallback cases; kh1..5, readonly/guard/canary and bitwise scalar reference
+ code=0
+ set -e
+ tee -a stage-exits.txt
+ printf 'STAGE=%s EXIT=%s\n' dispatch-vl64-t1 0
STAGE=dispatch-vl64-t1 EXIT=0
+ return 0
+ for threads in 1 4
+ stage dispatch-vl64-t4 run_dispatch 64 4
+ local name=dispatch-vl64-t4 code
+ shift
+ set +e
+ run_dispatch 64 4
+ local bytes=64 threads=4
+ tee dispatch-vl64-t4.log
+ OMP_NUM_THREADS=4
+ ./check_sve_dispatch 64
SVE_BYTES=64 SVE_LANES=16 BLOCK_OUTPUTS=64 THREADS=4
SVE_PREFIX_ACTUAL_ENTRIES=3162 SVE_TAIL_ACTUAL_ENTRIES=3147
SVE_ROWPAIR_ACTUAL_ENTRIES=360 SVE_ROWTRIPLE_ACTUAL_ENTRIES=636 SVE_ROWQUAD_ACTUAL_ENTRIES=702
DISPATCH_ROWSIX_ACTUAL_ENTRIES=432 EXPECTED=432 WORKER_MASK=15 EXPECTED_MASK=15
PASS: 432 dispatch cases; exact per-case rowsix entries and bitwise scalar reference
DIRECT_ROWSIX_ACTUAL_ENTRIES=900 EXPECTED=900 WORKER_MASK=15 EXPECTED_MASK=15
PASS: 360 direct fallback cases; kh1..5, readonly/guard/canary and bitwise scalar reference
+ code=0
+ set -e
+ tee -a stage-exits.txt
+ printf 'STAGE=%s EXIT=%s\n' dispatch-vl64-t4 0
STAGE=dispatch-vl64-t4 EXIT=0
+ return 0
+ stage build-assembly build_logged build-assembly.log gcc -O3 -std=c11 -D_DEFAULT_SOURCE -Wall -Wextra -fno-fast-math -ffp-contract=off -mcpu=generic -fopenmp -DEXPECTED_ACC=4 -S conv2d.c -o conv2d-sve.s
+ local name=build-assembly code
+ shift
+ set +e
+ build_logged build-assembly.log gcc -O3 -std=c11 -D_DEFAULT_SOURCE -Wall -Wextra -fno-fast-math -ffp-contract=off -mcpu=generic -fopenmp -DEXPECTED_ACC=4 -S conv2d.c -o conv2d-sve.s
+ local logfile=build-assembly.log
+ shift
+ printf BUILD_COMMAND:
BUILD_COMMAND:+ printf ' %q' gcc -O3 -std=c11 -D_DEFAULT_SOURCE -Wall -Wextra -fno-fast-math -ffp-contract=off -mcpu=generic -fopenmp -DEXPECTED_ACC=4 -S conv2d.c -o conv2d-sve.s
 gcc -O3 -std=c11 -D_DEFAULT_SOURCE -Wall -Wextra -fno-fast-math -ffp-contract=off -mcpu=generic -fopenmp -DEXPECTED_ACC=4 -S conv2d.c -o conv2d-sve.s+ printf '\n'

+ gcc -O3 -std=c11 -D_DEFAULT_SOURCE -Wall -Wextra -fno-fast-math -ffp-contract=off -mcpu=generic -fopenmp -DEXPECTED_ACC=4 -S conv2d.c -o conv2d-sve.s
+ code=0
+ set -e
+ tee -a stage-exits.txt
+ printf 'STAGE=%s EXIT=%s\n' build-assembly 0
STAGE=build-assembly EXIT=0
+ return 0
+ printf 'SANITIZER_STATUS=NOT_RUN; guard pages and bitwise reference checks only\n'
SANITIZER_STATUS=NOT_RUN; guard pages and bitwise reference checks only
+ printf 'EXPECTED_TOTAL_CHECKS=%s\n' 26112
EXPECTED_TOTAL_CHECKS=26112
+ stage complete printf 'PROBE_COMPLETE=1\n'
+ local name=complete code
+ shift
+ set +e
+ printf 'PROBE_COMPLETE=1\n'
PROBE_COMPLETE=1
+ code=0
+ set -e
+ tee -a stage-exits.txt
+ printf 'STAGE=%s EXIT=%s\n' complete 0
STAGE=complete EXIT=0
+ return 0
+ finish
+ local code=0 log_code=0
+ trap - EXIT
+ exec
