PASS 30 direct SVE microkernel count/stride combinations; bitwise ordered-FMA match and output padding preserved
TRSM m=1 n=1 PASS known-solution max-error=0.000e+00; padding and L unchanged
TRSM m=3 n=7 PASS known-solution max-error=0.000e+00; padding and L unchanged
TRSM m=4 n=8 PASS known-solution max-error=0.000e+00; padding and L unchanged
TRSM m=5 n=9 PASS known-solution max-error=0.000e+00; padding and L unchanged
TRSM m=65 n=17 PASS known-solution max-error=0.000e+00; padding and L unchanged
TRSM m=257 n=1 PASS known-solution max-error=0.000e+00; padding and L unchanged
TRSM m=4095 n=9 PASS known-solution max-error=0.000e+00; padding and L unchanged
TRSM m=4096 n=7 PASS known-solution max-error=0.000e+00; padding and L unchanged
TRSM m=4096 n=8 PASS known-solution max-error=0.000e+00; padding and L unchanged
TRSM m=4097 n=9 PASS known-solution max-error=0.000e+00; padding and L unchanged
TRSM m=4100 n=15 PASS known-solution max-error=0.000e+00; padding and L unchanged
TRSM m=4103 n=17 PASS known-solution max-error=0.000e+00; padding and L unchanged
TRSM m=4104 n=8 PASS known-solution max-error=0.000e+00; padding and L unchanged
TRSM m=4108 n=17 PASS known-solution max-error=0.000e+00; padding and L unchanged
TRSM m=4111 n=9 PASS known-solution max-error=0.000e+00; padding and L unchanged
TRSM m=4113 n=65 PASS known-solution max-error=0.000e+00; padding and L unchanged
TRSM m=4355 n=65 PASS known-solution max-error=0.000e+00; padding and L unchanged
TRSM 17 known-solution cases and 4 no-op boundaries PASS; max-error=0.000e+00
SVE_KERNEL_ACTUAL_ENTRIES=50176
PASS actual SVE dispatch preflight
PASS 30 direct SVE microkernel count/stride combinations; bitwise ordered-FMA match and output padding preserved
TRSM m=1 n=1 PASS known-solution max-error=0.000e+00; padding and L unchanged
TRSM m=3 n=7 PASS known-solution max-error=0.000e+00; padding and L unchanged
TRSM m=4 n=8 PASS known-solution max-error=0.000e+00; padding and L unchanged
TRSM m=5 n=9 PASS known-solution max-error=0.000e+00; padding and L unchanged
TRSM m=65 n=17 PASS known-solution max-error=0.000e+00; padding and L unchanged
TRSM m=257 n=1 PASS known-solution max-error=0.000e+00; padding and L unchanged
TRSM m=4095 n=9 PASS known-solution max-error=0.000e+00; padding and L unchanged
TRSM m=4096 n=7 PASS known-solution max-error=0.000e+00; padding and L unchanged
TRSM m=4096 n=8 PASS known-solution max-error=0.000e+00; padding and L unchanged
TRSM m=4097 n=9 PASS known-solution max-error=0.000e+00; padding and L unchanged
TRSM m=4100 n=15 PASS known-solution max-error=0.000e+00; padding and L unchanged
TRSM m=4103 n=17 PASS known-solution max-error=0.000e+00; padding and L unchanged
TRSM m=4104 n=8 PASS known-solution max-error=0.000e+00; padding and L unchanged
TRSM m=4108 n=17 PASS known-solution max-error=0.000e+00; padding and L unchanged
TRSM m=4111 n=9 PASS known-solution max-error=0.000e+00; padding and L unchanged
TRSM m=4113 n=65 PASS known-solution max-error=0.000e+00; padding and L unchanged
TRSM m=4355 n=65 PASS known-solution max-error=0.000e+00; padding and L unchanged
TRSM 17 known-solution cases and 4 no-op boundaries PASS; max-error=0.000e+00
SVE_KERNEL_ACTUAL_ENTRIES=50176
PASS actual SVE dispatch preflight
TRSM m=1 n=1 PASS known-solution max-error=0.000e+00; padding and L unchanged
TRSM m=3 n=7 PASS known-solution max-error=0.000e+00; padding and L unchanged
TRSM m=4 n=8 PASS known-solution max-error=0.000e+00; padding and L unchanged
TRSM m=5 n=9 PASS known-solution max-error=0.000e+00; padding and L unchanged
TRSM m=65 n=17 PASS known-solution max-error=0.000e+00; padding and L unchanged
TRSM m=257 n=1 PASS known-solution max-error=0.000e+00; padding and L unchanged
TRSM m=4095 n=9 PASS known-solution max-error=0.000e+00; padding and L unchanged
TRSM m=4096 n=7 PASS known-solution max-error=0.000e+00; padding and L unchanged
TRSM m=4096 n=8 PASS known-solution max-error=0.000e+00; padding and L unchanged
TRSM m=4097 n=9 PASS known-solution max-error=0.000e+00; padding and L unchanged
TRSM m=4100 n=15 PASS known-solution max-error=0.000e+00; padding and L unchanged
TRSM m=4103 n=17 PASS known-solution max-error=0.000e+00; padding and L unchanged
TRSM m=4104 n=8 PASS known-solution max-error=0.000e+00; padding and L unchanged
TRSM m=4108 n=17 PASS known-solution max-error=0.000e+00; padding and L unchanged
TRSM m=4111 n=9 PASS known-solution max-error=0.000e+00; padding and L unchanged
TRSM m=4113 n=65 PASS known-solution max-error=0.000e+00; padding and L unchanged
TRSM m=4355 n=65 PASS known-solution max-error=0.000e+00; padding and L unchanged
TRSM 17 known-solution cases and 4 no-op boundaries PASS; max-error=0.000e+00
TRSM m=1 n=1 PASS known-solution max-error=0.000e+00; padding and L unchanged
TRSM m=3 n=7 PASS known-solution max-error=0.000e+00; padding and L unchanged
TRSM m=4 n=8 PASS known-solution max-error=0.000e+00; padding and L unchanged
TRSM m=5 n=9 PASS known-solution max-error=0.000e+00; padding and L unchanged
TRSM m=65 n=17 PASS known-solution max-error=0.000e+00; padding and L unchanged
TRSM m=257 n=1 PASS known-solution max-error=0.000e+00; padding and L unchanged
TRSM m=4095 n=9 PASS known-solution max-error=0.000e+00; padding and L unchanged
TRSM m=4096 n=7 PASS known-solution max-error=0.000e+00; padding and L unchanged
TRSM m=4096 n=8 PASS known-solution max-error=0.000e+00; padding and L unchanged
TRSM m=4097 n=9 PASS known-solution max-error=0.000e+00; padding and L unchanged
TRSM m=4100 n=15 PASS known-solution max-error=0.000e+00; padding and L unchanged
TRSM m=4103 n=17 PASS known-solution max-error=0.000e+00; padding and L unchanged
TRSM m=4104 n=8 PASS known-solution max-error=0.000e+00; padding and L unchanged
TRSM m=4108 n=17 PASS known-solution max-error=0.000e+00; padding and L unchanged
TRSM m=4111 n=9 PASS known-solution max-error=0.000e+00; padding and L unchanged
TRSM m=4113 n=65 PASS known-solution max-error=0.000e+00; padding and L unchanged
TRSM m=4355 n=65 PASS known-solution max-error=0.000e+00; padding and L unchanged
TRSM 17 known-solution cases and 4 no-op boundaries PASS; max-error=0.000e+00
TRSM m=1 n=1 PASS known-solution max-error=0.000e+00; padding and L unchanged
TRSM m=3 n=7 PASS known-solution max-error=0.000e+00; padding and L unchanged
TRSM m=4 n=8 PASS known-solution max-error=0.000e+00; padding and L unchanged
TRSM m=5 n=9 PASS known-solution max-error=0.000e+00; padding and L unchanged
TRSM m=3 n=15 PASS known-solution max-error=0.000e+00; padding and L unchanged
TRSM m=4 n=16 PASS known-solution max-error=0.000e+00; padding and L unchanged
TRSM m=5 n=17 PASS known-solution max-error=0.000e+00; padding and L unchanged
TRSM m=3 n=24 PASS known-solution max-error=0.000e+00; padding and L unchanged
TRSM m=4 n=25 PASS known-solution max-error=0.000e+00; padding and L unchanged
TRSM m=5 n=31 PASS known-solution max-error=0.000e+00; padding and L unchanged
TRSM m=65 n=32 PASS known-solution max-error=0.000e+00; padding and L unchanged
TRSM m=257 n=33 PASS known-solution max-error=0.000e+00; padding and L unchanged
TRSM m=3 n=120 PASS known-solution max-error=0.000e+00; padding and L unchanged
TRSM m=4 n=121 PASS known-solution max-error=0.000e+00; padding and L unchanged
TRSM m=5 n=127 PASS known-solution max-error=0.000e+00; padding and L unchanged
TRSM m=65 n=128 PASS known-solution max-error=0.000e+00; padding and L unchanged
TRSM m=257 n=129 PASS known-solution max-error=0.000e+00; padding and L unchanged
TRSM m=512 n=129 PASS known-solution max-error=0.000e+00; padding and L unchanged
TRSM m=2432 n=33 PASS known-solution max-error=0.000e+00; padding and L unchanged
TRSM m=4095 n=33 PASS known-solution max-error=0.000e+00; padding and L unchanged
TRSM m=3 n=1208 PASS known-solution max-error=0.000e+00; padding and L unchanged
TRSM m=4 n=1209 PASS known-solution max-error=0.000e+00; padding and L unchanged
TRSM m=5 n=1217 PASS known-solution max-error=0.000e+00; padding and L unchanged
TRSM 23 known-solution cases and 4 no-op boundaries PASS; max-error=0.000e+00
TRSM m=1 n=1 PASS known-solution max-error=0.000e+00; padding and L unchanged
TRSM m=3 n=7 PASS known-solution max-error=0.000e+00; padding and L unchanged
TRSM m=4 n=8 PASS known-solution max-error=0.000e+00; padding and L unchanged
TRSM m=5 n=9 PASS known-solution max-error=0.000e+00; padding and L unchanged
TRSM m=3 n=15 PASS known-solution max-error=0.000e+00; padding and L unchanged
TRSM m=4 n=16 PASS known-solution max-error=0.000e+00; padding and L unchanged
TRSM m=5 n=17 PASS known-solution max-error=0.000e+00; padding and L unchanged
TRSM m=3 n=24 PASS known-solution max-error=0.000e+00; padding and L unchanged
TRSM m=4 n=25 PASS known-solution max-error=0.000e+00; padding and L unchanged
TRSM m=5 n=31 PASS known-solution max-error=0.000e+00; padding and L unchanged
TRSM m=65 n=32 PASS known-solution max-error=0.000e+00; padding and L unchanged
TRSM m=257 n=33 PASS known-solution max-error=0.000e+00; padding and L unchanged
TRSM m=3 n=120 PASS known-solution max-error=0.000e+00; padding and L unchanged
TRSM m=4 n=121 PASS known-solution max-error=0.000e+00; padding and L unchanged
TRSM m=5 n=127 PASS known-solution max-error=0.000e+00; padding and L unchanged
TRSM m=65 n=128 PASS known-solution max-error=0.000e+00; padding and L unchanged
TRSM m=257 n=129 PASS known-solution max-error=0.000e+00; padding and L unchanged
TRSM m=512 n=129 PASS known-solution max-error=0.000e+00; padding and L unchanged
TRSM m=2432 n=33 PASS known-solution max-error=0.000e+00; padding and L unchanged
TRSM m=4095 n=33 PASS known-solution max-error=0.000e+00; padding and L unchanged
TRSM m=3 n=1208 PASS known-solution max-error=0.000e+00; padding and L unchanged
TRSM m=4 n=1209 PASS known-solution max-error=0.000e+00; padding and L unchanged
TRSM m=5 n=1217 PASS known-solution max-error=0.000e+00; padding and L unchanged
TRSM 23 known-solution cases and 4 no-op boundaries PASS; max-error=0.000e+00
TRSM m=1 n=1 PASS known-solution max-error=0.000e+00; padding and L unchanged
TRSM m=3 n=7 PASS known-solution max-error=0.000e+00; padding and L unchanged
TRSM m=4 n=8 PASS known-solution max-error=0.000e+00; padding and L unchanged
TRSM m=5 n=9 PASS known-solution max-error=0.000e+00; padding and L unchanged
TRSM m=3 n=15 PASS known-solution max-error=0.000e+00; padding and L unchanged
TRSM m=4 n=16 PASS known-solution max-error=0.000e+00; padding and L unchanged
TRSM m=5 n=17 PASS known-solution max-error=0.000e+00; padding and L unchanged
TRSM m=3 n=24 PASS known-solution max-error=0.000e+00; padding and L unchanged
TRSM m=4 n=25 PASS known-solution max-error=0.000e+00; padding and L unchanged
TRSM m=5 n=31 PASS known-solution max-error=0.000e+00; padding and L unchanged
TRSM m=65 n=32 PASS known-solution max-error=0.000e+00; padding and L unchanged
TRSM m=257 n=33 PASS known-solution max-error=0.000e+00; padding and L unchanged
TRSM m=3 n=120 PASS known-solution max-error=0.000e+00; padding and L unchanged
TRSM m=4 n=121 PASS known-solution max-error=0.000e+00; padding and L unchanged
TRSM m=5 n=127 PASS known-solution max-error=0.000e+00; padding and L unchanged
TRSM m=65 n=128 PASS known-solution max-error=0.000e+00; padding and L unchanged
TRSM m=257 n=129 PASS known-solution max-error=0.000e+00; padding and L unchanged
TRSM m=512 n=129 PASS known-solution max-error=0.000e+00; padding and L unchanged
TRSM m=2432 n=33 PASS known-solution max-error=0.000e+00; padding and L unchanged
TRSM m=4095 n=33 PASS known-solution max-error=0.000e+00; padding and L unchanged
TRSM m=3 n=1208 PASS known-solution max-error=0.000e+00; padding and L unchanged
TRSM m=4 n=1209 PASS known-solution max-error=0.000e+00; padding and L unchanged
TRSM m=5 n=1217 PASS known-solution max-error=0.000e+00; padding and L unchanged
TRSM 23 known-solution cases and 4 no-op boundaries PASS; max-error=0.000e+00
TRSM m=1 n=1 PASS known-solution max-error=0.000e+00; padding and L unchanged
TRSM m=3 n=7 PASS known-solution max-error=0.000e+00; padding and L unchanged
TRSM m=4 n=8 PASS known-solution max-error=0.000e+00; padding and L unchanged
TRSM m=5 n=9 PASS known-solution max-error=0.000e+00; padding and L unchanged
TRSM m=3 n=15 PASS known-solution max-error=0.000e+00; padding and L unchanged
TRSM m=4 n=16 PASS known-solution max-error=0.000e+00; padding and L unchanged
TRSM m=5 n=17 PASS known-solution max-error=0.000e+00; padding and L unchanged
TRSM m=3 n=24 PASS known-solution max-error=0.000e+00; padding and L unchanged
TRSM m=4 n=25 PASS known-solution max-error=0.000e+00; padding and L unchanged
TRSM m=5 n=31 PASS known-solution max-error=0.000e+00; padding and L unchanged
TRSM m=65 n=32 PASS known-solution max-error=0.000e+00; padding and L unchanged
TRSM m=257 n=33 PASS known-solution max-error=0.000e+00; padding and L unchanged
TRSM m=3 n=120 PASS known-solution max-error=0.000e+00; padding and L unchanged
TRSM m=4 n=121 PASS known-solution max-error=0.000e+00; padding and L unchanged
TRSM m=5 n=127 PASS known-solution max-error=0.000e+00; padding and L unchanged
TRSM m=65 n=128 PASS known-solution max-error=0.000e+00; padding and L unchanged
TRSM m=257 n=129 PASS known-solution max-error=0.000e+00; padding and L unchanged
TRSM m=512 n=129 PASS known-solution max-error=0.000e+00; padding and L unchanged
TRSM m=2432 n=33 PASS known-solution max-error=0.000e+00; padding and L unchanged
TRSM m=4095 n=33 PASS known-solution max-error=0.000e+00; padding and L unchanged
TRSM m=3 n=1208 PASS known-solution max-error=0.000e+00; padding and L unchanged
TRSM m=4 n=1209 PASS known-solution max-error=0.000e+00; padding and L unchanged
TRSM m=5 n=1217 PASS known-solution max-error=0.000e+00; padding and L unchanged
TRSM 23 known-solution cases and 4 no-op boundaries PASS; max-error=0.000e+00
TRSM m=1 n=1 PASS known-solution max-error=0.000e+00; padding and L unchanged
TRSM m=3 n=7 PASS known-solution max-error=0.000e+00; padding and L unchanged
TRSM m=4 n=8 PASS known-solution max-error=0.000e+00; padding and L unchanged
TRSM m=5 n=9 PASS known-solution max-error=0.000e+00; padding and L unchanged
TRSM m=3 n=15 PASS known-solution max-error=0.000e+00; padding and L unchanged
TRSM m=4 n=16 PASS known-solution max-error=0.000e+00; padding and L unchanged
TRSM m=5 n=17 PASS known-solution max-error=0.000e+00; padding and L unchanged
TRSM m=3 n=24 PASS known-solution max-error=0.000e+00; padding and L unchanged
TRSM m=4 n=25 PASS known-solution max-error=0.000e+00; padding and L unchanged
TRSM m=5 n=31 PASS known-solution max-error=0.000e+00; padding and L unchanged
TRSM m=65 n=32 PASS known-solution max-error=0.000e+00; padding and L unchanged
TRSM m=257 n=33 PASS known-solution max-error=0.000e+00; padding and L unchanged
TRSM m=3 n=120 PASS known-solution max-error=0.000e+00; padding and L unchanged
TRSM m=4 n=121 PASS known-solution max-error=0.000e+00; padding and L unchanged
TRSM m=5 n=127 PASS known-solution max-error=0.000e+00; padding and L unchanged
TRSM m=65 n=128 PASS known-solution max-error=0.000e+00; padding and L unchanged
TRSM m=257 n=129 PASS known-solution max-error=0.000e+00; padding and L unchanged
TRSM m=512 n=129 PASS known-solution max-error=0.000e+00; padding and L unchanged
TRSM m=2432 n=33 PASS known-solution max-error=0.000e+00; padding and L unchanged
TRSM m=4095 n=33 PASS known-solution max-error=0.000e+00; padding and L unchanged
TRSM m=3 n=1208 PASS known-solution max-error=0.000e+00; padding and L unchanged
TRSM m=4 n=1209 PASS known-solution max-error=0.000e+00; padding and L unchanged
TRSM m=5 n=1217 PASS known-solution max-error=0.000e+00; padding and L unchanged
TRSM 23 known-solution cases and 4 no-op boundaries PASS; max-error=0.000e+00
TRSM_PREFLIGHT_COMPLETE=1
