LINKAGE_REPEAT 1/3 BEGIN
JOB_ID=1579585
BINARY=/CLUSTER_USER_HOME/kunpeng-experiments/trsm-kml251-2ead04533b42/T8-control12-repeat-r10/source/trsm_test
LDD_EXIT_CODE=0
	linux-vdso.so.1 (0x000040001dbc2000)
	libm.so.6 => /usr/lib64/libm.so.6 (0x000040001dbe0000)
	libkblas.so.25.1.0 => /opt/donaudata/donau/HPCKit_25.1.0_Linux-aarch64/package/KunpengHPCKit-kml.25.1.0/gcclib/sme/kblas/multi/libkblas.so.25.1.0 (0x000040001dc90000)
	libgomp.so.1 => /CLUSTER_USER_HOME/kunpeng-experiments/trsm-kml251-f6110e522b93/compiler-private/gcc-12.3.1-2025.03-aarch64-linux/lib64/libgomp.so.1 (0x0000400023dd0000)
	libc.so.6 => /usr/lib64/libc.so.6 (0x0000400023e40000)
	/lib/ld-linux-aarch64.so.1 (0x000040001db98000)
	libdl.so.2 => /usr/lib64/libdl.so.2 (0x0000400024000000)
	libpthread.so.0 => /usr/lib64/libpthread.so.0 (0x0000400024030000)
KML251_LINKED_LIBRARY=/opt/donaudata/donau/HPCKit_25.1.0_Linux-aarch64/package/KunpengHPCKit-kml.25.1.0/gcclib/sme/kblas/multi/libkblas.so.25.1.0
GOMP_LINKED_LIBRARY=/CLUSTER_USER_HOME/kunpeng-experiments/trsm-kml251-f6110e522b93/compiler-private/gcc-12.3.1-2025.03-aarch64-linux/lib64/libgomp.so.1.0.0
KML251_DEPENDENCY_AUDIT_PASS=1
LINKAGE_REPEAT 1/3 END
LINKAGE_REPEAT 2/3 BEGIN
JOB_ID=1579585
BINARY=/CLUSTER_USER_HOME/kunpeng-experiments/trsm-kml251-2ead04533b42/T8-control12-repeat-r10/source/trsm_test
LDD_EXIT_CODE=0
	linux-vdso.so.1 (0x000040000f3df000)
	libm.so.6 => /usr/lib64/libm.so.6 (0x000040000f400000)
	libkblas.so.25.1.0 => /opt/donaudata/donau/HPCKit_25.1.0_Linux-aarch64/package/KunpengHPCKit-kml.25.1.0/gcclib/sme/kblas/multi/libkblas.so.25.1.0 (0x000040000f4b0000)
	libgomp.so.1 => /CLUSTER_USER_HOME/kunpeng-experiments/trsm-kml251-f6110e522b93/compiler-private/gcc-12.3.1-2025.03-aarch64-linux/lib64/libgomp.so.1 (0x00004000155f0000)
	libc.so.6 => /usr/lib64/libc.so.6 (0x0000400015660000)
	/lib/ld-linux-aarch64.so.1 (0x000040000f3b5000)
	libdl.so.2 => /usr/lib64/libdl.so.2 (0x0000400015820000)
	libpthread.so.0 => /usr/lib64/libpthread.so.0 (0x0000400015850000)
KML251_LINKED_LIBRARY=/opt/donaudata/donau/HPCKit_25.1.0_Linux-aarch64/package/KunpengHPCKit-kml.25.1.0/gcclib/sme/kblas/multi/libkblas.so.25.1.0
GOMP_LINKED_LIBRARY=/CLUSTER_USER_HOME/kunpeng-experiments/trsm-kml251-f6110e522b93/compiler-private/gcc-12.3.1-2025.03-aarch64-linux/lib64/libgomp.so.1.0.0
KML251_DEPENDENCY_AUDIT_PASS=1
LINKAGE_REPEAT 2/3 END
LINKAGE_REPEAT 3/3 BEGIN
JOB_ID=1579585
BINARY=/CLUSTER_USER_HOME/kunpeng-experiments/trsm-kml251-2ead04533b42/T8-control12-repeat-r10/source/trsm_test
LDD_EXIT_CODE=0
	linux-vdso.so.1 (0x0000400018fa6000)
	libm.so.6 => /usr/lib64/libm.so.6 (0x0000400018fc0000)
	libkblas.so.25.1.0 => /opt/donaudata/donau/HPCKit_25.1.0_Linux-aarch64/package/KunpengHPCKit-kml.25.1.0/gcclib/sme/kblas/multi/libkblas.so.25.1.0 (0x0000400019070000)
	libgomp.so.1 => /CLUSTER_USER_HOME/kunpeng-experiments/trsm-kml251-f6110e522b93/compiler-private/gcc-12.3.1-2025.03-aarch64-linux/lib64/libgomp.so.1 (0x000040001f1b0000)
	libc.so.6 => /usr/lib64/libc.so.6 (0x000040001f220000)
	/lib/ld-linux-aarch64.so.1 (0x0000400018f7c000)
	libdl.so.2 => /usr/lib64/libdl.so.2 (0x000040001f3e0000)
	libpthread.so.0 => /usr/lib64/libpthread.so.0 (0x000040001f410000)
KML251_LINKED_LIBRARY=/opt/donaudata/donau/HPCKit_25.1.0_Linux-aarch64/package/KunpengHPCKit-kml.25.1.0/gcclib/sme/kblas/multi/libkblas.so.25.1.0
GOMP_LINKED_LIBRARY=/CLUSTER_USER_HOME/kunpeng-experiments/trsm-kml251-f6110e522b93/compiler-private/gcc-12.3.1-2025.03-aarch64-linux/lib64/libgomp.so.1.0.0
KML251_DEPENDENCY_AUDIT_PASS=1
LINKAGE_REPEAT 3/3 END
