LINKAGE_REPEAT 1/3 BEGIN
JOB_ID=1582392
BINARY=/CLUSTER_USER_HOME/kunpeng-experiments/trsm-kml251-6b3de88e03f5/T23-smallunroll2/source/trsm_test
LDD_EXIT_CODE=0
	linux-vdso.so.1 (0x0000400036246000)
	libm.so.6 => /usr/lib64/libm.so.6 (0x0000400036260000)
	libkblas.so.25.1.0 => /opt/donaudata/donau/HPCKit_25.1.0_Linux-aarch64/package/KunpengHPCKit-kml.25.1.0/gcclib/sme/kblas/multi/libkblas.so.25.1.0 (0x0000400036310000)
	libgomp.so.1 => /CLUSTER_USER_HOME/kunpeng-experiments/trsm-kml251-f6110e522b93/compiler-private/gcc-12.3.1-2025.03-aarch64-linux/lib64/libgomp.so.1 (0x000040003c450000)
	libc.so.6 => /usr/lib64/libc.so.6 (0x000040003c4c0000)
	/lib/ld-linux-aarch64.so.1 (0x000040003621c000)
	libdl.so.2 => /usr/lib64/libdl.so.2 (0x000040003c680000)
	libpthread.so.0 => /usr/lib64/libpthread.so.0 (0x000040003c6b0000)
KML251_LINKED_LIBRARY=/opt/donaudata/donau/HPCKit_25.1.0_Linux-aarch64/package/KunpengHPCKit-kml.25.1.0/gcclib/sme/kblas/multi/libkblas.so.25.1.0
GOMP_LINKED_LIBRARY=/CLUSTER_USER_HOME/kunpeng-experiments/trsm-kml251-f6110e522b93/compiler-private/gcc-12.3.1-2025.03-aarch64-linux/lib64/libgomp.so.1.0.0
KML251_DEPENDENCY_AUDIT_PASS=1
LINKAGE_REPEAT 1/3 END
LINKAGE_REPEAT 2/3 BEGIN
JOB_ID=1582392
BINARY=/CLUSTER_USER_HOME/kunpeng-experiments/trsm-kml251-6b3de88e03f5/T23-smallunroll2/source/trsm_test
LDD_EXIT_CODE=0
	linux-vdso.so.1 (0x000040001eb86000)
	libm.so.6 => /usr/lib64/libm.so.6 (0x000040001eba0000)
	libkblas.so.25.1.0 => /opt/donaudata/donau/HPCKit_25.1.0_Linux-aarch64/package/KunpengHPCKit-kml.25.1.0/gcclib/sme/kblas/multi/libkblas.so.25.1.0 (0x000040001ec50000)
	libgomp.so.1 => /CLUSTER_USER_HOME/kunpeng-experiments/trsm-kml251-f6110e522b93/compiler-private/gcc-12.3.1-2025.03-aarch64-linux/lib64/libgomp.so.1 (0x0000400024d90000)
	libc.so.6 => /usr/lib64/libc.so.6 (0x0000400024e00000)
	/lib/ld-linux-aarch64.so.1 (0x000040001eb5c000)
	libdl.so.2 => /usr/lib64/libdl.so.2 (0x0000400024fc0000)
	libpthread.so.0 => /usr/lib64/libpthread.so.0 (0x0000400024ff0000)
KML251_LINKED_LIBRARY=/opt/donaudata/donau/HPCKit_25.1.0_Linux-aarch64/package/KunpengHPCKit-kml.25.1.0/gcclib/sme/kblas/multi/libkblas.so.25.1.0
GOMP_LINKED_LIBRARY=/CLUSTER_USER_HOME/kunpeng-experiments/trsm-kml251-f6110e522b93/compiler-private/gcc-12.3.1-2025.03-aarch64-linux/lib64/libgomp.so.1.0.0
KML251_DEPENDENCY_AUDIT_PASS=1
LINKAGE_REPEAT 2/3 END
LINKAGE_REPEAT 3/3 BEGIN
JOB_ID=1582392
BINARY=/CLUSTER_USER_HOME/kunpeng-experiments/trsm-kml251-6b3de88e03f5/T23-smallunroll2/source/trsm_test
LDD_EXIT_CODE=0
	linux-vdso.so.1 (0x00004000051d5000)
	libm.so.6 => /usr/lib64/libm.so.6 (0x00004000051f0000)
	libkblas.so.25.1.0 => /opt/donaudata/donau/HPCKit_25.1.0_Linux-aarch64/package/KunpengHPCKit-kml.25.1.0/gcclib/sme/kblas/multi/libkblas.so.25.1.0 (0x00004000052a0000)
	libgomp.so.1 => /CLUSTER_USER_HOME/kunpeng-experiments/trsm-kml251-f6110e522b93/compiler-private/gcc-12.3.1-2025.03-aarch64-linux/lib64/libgomp.so.1 (0x000040000b3e0000)
	libc.so.6 => /usr/lib64/libc.so.6 (0x000040000b450000)
	/lib/ld-linux-aarch64.so.1 (0x00004000051ab000)
	libdl.so.2 => /usr/lib64/libdl.so.2 (0x000040000b610000)
	libpthread.so.0 => /usr/lib64/libpthread.so.0 (0x000040000b640000)
KML251_LINKED_LIBRARY=/opt/donaudata/donau/HPCKit_25.1.0_Linux-aarch64/package/KunpengHPCKit-kml.25.1.0/gcclib/sme/kblas/multi/libkblas.so.25.1.0
GOMP_LINKED_LIBRARY=/CLUSTER_USER_HOME/kunpeng-experiments/trsm-kml251-f6110e522b93/compiler-private/gcc-12.3.1-2025.03-aarch64-linux/lib64/libgomp.so.1.0.0
KML251_DEPENDENCY_AUDIT_PASS=1
LINKAGE_REPEAT 3/3 END
