Compiler: gcc (gcc for openEuler 3.0.2) 12.3.1
CPUs=0-37 NUMA=0 threads=38
Reference BLAS: official kblas

================================= TRSM测试 ================================
     M       N     Time(ms)       GFLOPS 最大误差   校验
---------------------------------------------------------------------------
   512 x 19968        14.10     371.2999     1.67e-16     PASS

================================= TRSM测试 ================================
     M       N     Time(ms)       GFLOPS 最大误差   校验
---------------------------------------------------------------------------
  2432 x 17024       118.53     849.4713     2.22e-16     PASS

================================= TRSM测试 ================================
     M       N     Time(ms)       GFLOPS 最大误差   校验
---------------------------------------------------------------------------
 17024 x   512       178.84     829.7187     1.11e-15     PASS
All three official cases PASS. Logs: results/run-20260913-002717-IxQnNP
Compiler: gcc (gcc for openEuler 3.0.2) 12.3.1
CPUs=0-37 NUMA=0 threads=38
Reference BLAS: official kblas

================================= TRSM测试 ================================
     M       N     Time(ms)       GFLOPS 最大误差   校验
---------------------------------------------------------------------------
   512 x 19968        14.42     362.8883     1.67e-16     PASS

================================= TRSM测试 ================================
     M       N     Time(ms)       GFLOPS 最大误差   校验
---------------------------------------------------------------------------
  2432 x 17024       119.60     841.9221     2.22e-16     PASS

================================= TRSM测试 ================================
     M       N     Time(ms)       GFLOPS 最大误差   校验
---------------------------------------------------------------------------
 17024 x   512       181.54     817.3791     1.11e-15     PASS
All three official cases PASS. Logs: results/run-20260913-002726-0nUYID
Compiler: gcc (gcc for openEuler 3.0.2) 12.3.1
CPUs=0-37 NUMA=0 threads=38
Reference BLAS: official kblas

================================= TRSM测试 ================================
     M       N     Time(ms)       GFLOPS 最大误差   校验
---------------------------------------------------------------------------
   512 x 19968        13.98     374.3677     1.67e-16     PASS

================================= TRSM测试 ================================
     M       N     Time(ms)       GFLOPS 最大误差   校验
---------------------------------------------------------------------------
  2432 x 17024       121.52     828.5725     2.22e-16     PASS

================================= TRSM测试 ================================
     M       N     Time(ms)       GFLOPS 最大误差   校验
---------------------------------------------------------------------------
 17024 x   512       181.05     819.5720     1.11e-15     PASS
All three official cases PASS. Logs: results/run-20260913-002734-X8J5Ng
Compiler: gcc (gcc for openEuler 3.0.2) 12.3.1
CPUs=0-37 NUMA=0 threads=38
Reference BLAS: official kblas

================================= TRSM测试 ================================
     M       N     Time(ms)       GFLOPS 最大误差   校验
---------------------------------------------------------------------------
   512 x 19968        13.77     380.0853     1.67e-16     PASS

================================= TRSM测试 ================================
     M       N     Time(ms)       GFLOPS 最大误差   校验
---------------------------------------------------------------------------
  2432 x 17024       118.72     848.1590     2.22e-16     PASS

================================= TRSM测试 ================================
     M       N     Time(ms)       GFLOPS 最大误差   校验
---------------------------------------------------------------------------
 17024 x   512       179.59     826.2693     1.11e-15     PASS
All three official cases PASS. Logs: results/run-20260913-002743-4ykliD
