  2432 x 17024       223.17     451.1798     2.22e-16     PASS

================================= TRSM测试 ================================
     M       N     Time(ms)       GFLOPS 最大误差   校验
---------------------------------------------------------------------------
 17024 x   512       181.03     819.6637     1.11e-15     PASS
All three official cases PASS. Logs: results/run-20260912-184939-Mm1Nfx
Compiler: gcc (gcc for openEuler 3.0.2) 12.3.1
CPUs=114-151 NUMA=3 threads=38
Reference BLAS: official kblas

================================= TRSM测试 ================================
     M       N     Time(ms)       GFLOPS 最大误差   校验
---------------------------------------------------------------------------
   512 x 19968        18.71     279.7949     1.67e-16     PASS

================================= TRSM测试 ================================
     M       N     Time(ms)       GFLOPS 最大误差   校验
---------------------------------------------------------------------------
  2432 x 17024       225.26     446.9934     2.22e-16     PASS

================================= TRSM测试 ================================
     M       N     Time(ms)       GFLOPS 最大误差   校验
---------------------------------------------------------------------------
 17024 x   512       189.62     782.5306     1.11e-15     PASS
All three official cases PASS. Logs: results/run-20260912-184947-yJXzzQ
Compiler: gcc (gcc for openEuler 3.0.2) 12.3.1
CPUs=114-151 NUMA=3 threads=38
Reference BLAS: official kblas

================================= TRSM测试 ================================
     M       N     Time(ms)       GFLOPS 最大误差   校验
---------------------------------------------------------------------------
   512 x 19968        18.73     279.4326     1.67e-16     PASS

================================= TRSM测试 ================================
     M       N     Time(ms)       GFLOPS 最大误差   校验
---------------------------------------------------------------------------
  2432 x 17024       213.19     472.3130     2.22e-16     PASS

================================= TRSM测试 ================================
     M       N     Time(ms)       GFLOPS 最大误差   校验
---------------------------------------------------------------------------
 17024 x   512       183.96     806.6103     1.11e-15     PASS
All three official cases PASS. Logs: results/run-20260912-184955-BgQHrk
