SOURCE_FEATURES_PASS panel16=1 packedL16=0 has_budget=0 history_budget_bytes=0
MODE=full THREADS=4 NARROW_VL=1 EXPECT_SVE16=0 EXPECT_PACKEDL16=0
ALLOC_PASS m=1 n=1 small=1 history_expected=0 history_calls=0 history_bytes=0 history_success=0 history_fail=0 x_calls=4 x_bytes=256 x_success=4 x_fail=0 kb_calls=0 kb_bytes=0 kb_success=0 kb_fail=0 total=4 injected=0 history_level=-1 x_level=1 kb_level=-1 shape_bad=0 x_each_worker_once=1
CASE_PASS m=1 n=1 sve16_entries=0 expected=0 old_entries=0 packed_entries=0 packed_expected=0
ALLOC_PASS m=1 n=7 small=1 history_expected=0 history_calls=0 history_bytes=0 history_success=0 history_fail=0 x_calls=4 x_bytes=256 x_success=4 x_fail=0 kb_calls=0 kb_bytes=0 kb_success=0 kb_fail=0 total=4 injected=0 history_level=-1 x_level=1 kb_level=-1 shape_bad=0 x_each_worker_once=1
CASE_PASS m=1 n=7 sve16_entries=0 expected=0 old_entries=0 packed_entries=0 packed_expected=0
ALLOC_PASS m=1 n=8 small=1 history_expected=0 history_calls=0 history_bytes=0 history_success=0 history_fail=0 x_calls=4 x_bytes=256 x_success=4 x_fail=0 kb_calls=0 kb_bytes=0 kb_success=0 kb_fail=0 total=4 injected=0 history_level=-1 x_level=1 kb_level=-1 shape_bad=0 x_each_worker_once=1
CASE_PASS m=1 n=8 sve16_entries=0 expected=0 old_entries=0 packed_entries=0 packed_expected=0
ALLOC_PASS m=1 n=9 small=1 history_expected=0 history_calls=0 history_bytes=0 history_success=0 history_fail=0 x_calls=4 x_bytes=256 x_success=4 x_fail=0 kb_calls=0 kb_bytes=0 kb_success=0 kb_fail=0 total=4 injected=0 history_level=-1 x_level=1 kb_level=-1 shape_bad=0 x_each_worker_once=1
CASE_PASS m=1 n=9 sve16_entries=0 expected=0 old_entries=0 packed_entries=0 packed_expected=0
ALLOC_PASS m=1 n=17 small=1 history_expected=0 history_calls=0 history_bytes=0 history_success=0 history_fail=0 x_calls=4 x_bytes=256 x_success=4 x_fail=0 kb_calls=0 kb_bytes=0 kb_success=0 kb_fail=0 total=4 injected=0 history_level=-1 x_level=1 kb_level=-1 shape_bad=0 x_each_worker_once=1
CASE_PASS m=1 n=17 sve16_entries=0 expected=0 old_entries=0 packed_entries=0 packed_expected=0
ALLOC_PASS m=3 n=1 small=1 history_expected=0 history_calls=0 history_bytes=0 history_success=0 history_fail=0 x_calls=4 x_bytes=768 x_success=4 x_fail=0 kb_calls=0 kb_bytes=0 kb_success=0 kb_fail=0 total=4 injected=0 history_level=-1 x_level=1 kb_level=-1 shape_bad=0 x_each_worker_once=1
CASE_PASS m=3 n=1 sve16_entries=0 expected=0 old_entries=0 packed_entries=0 packed_expected=0
ALLOC_PASS m=3 n=7 small=1 history_expected=0 history_calls=0 history_bytes=0 history_success=0 history_fail=0 x_calls=4 x_bytes=768 x_success=4 x_fail=0 kb_calls=0 kb_bytes=0 kb_success=0 kb_fail=0 total=4 injected=0 history_level=-1 x_level=1 kb_level=-1 shape_bad=0 x_each_worker_once=1
CASE_PASS m=3 n=7 sve16_entries=0 expected=0 old_entries=0 packed_entries=0 packed_expected=0
ALLOC_PASS m=3 n=8 small=1 history_expected=0 history_calls=0 history_bytes=0 history_success=0 history_fail=0 x_calls=4 x_bytes=768 x_success=4 x_fail=0 kb_calls=0 kb_bytes=0 kb_success=0 kb_fail=0 total=4 injected=0 history_level=-1 x_level=1 kb_level=-1 shape_bad=0 x_each_worker_once=1
CASE_PASS m=3 n=8 sve16_entries=0 expected=0 old_entries=0 packed_entries=0 packed_expected=0
ALLOC_PASS m=3 n=9 small=1 history_expected=0 history_calls=0 history_bytes=0 history_success=0 history_fail=0 x_calls=4 x_bytes=768 x_success=4 x_fail=0 kb_calls=0 kb_bytes=0 kb_success=0 kb_fail=0 total=4 injected=0 history_level=-1 x_level=1 kb_level=-1 shape_bad=0 x_each_worker_once=1
CASE_PASS m=3 n=9 sve16_entries=0 expected=0 old_entries=0 packed_entries=0 packed_expected=0
ALLOC_PASS m=3 n=17 small=1 history_expected=0 history_calls=0 history_bytes=0 history_success=0 history_fail=0 x_calls=4 x_bytes=768 x_success=4 x_fail=0 kb_calls=0 kb_bytes=0 kb_success=0 kb_fail=0 total=4 injected=0 history_level=-1 x_level=1 kb_level=-1 shape_bad=0 x_each_worker_once=1
CASE_PASS m=3 n=17 sve16_entries=0 expected=0 old_entries=0 packed_entries=0 packed_expected=0
ALLOC_PASS m=4 n=1 small=1 history_expected=0 history_calls=0 history_bytes=0 history_success=0 history_fail=0 x_calls=4 x_bytes=1024 x_success=4 x_fail=0 kb_calls=0 kb_bytes=0 kb_success=0 kb_fail=0 total=4 injected=0 history_level=-1 x_level=1 kb_level=-1 shape_bad=0 x_each_worker_once=1
CASE_PASS m=4 n=1 sve16_entries=0 expected=0 old_entries=0 packed_entries=0 packed_expected=0
ALLOC_PASS m=4 n=7 small=1 history_expected=0 history_calls=0 history_bytes=0 history_success=0 history_fail=0 x_calls=4 x_bytes=1024 x_success=4 x_fail=0 kb_calls=0 kb_bytes=0 kb_success=0 kb_fail=0 total=4 injected=0 history_level=-1 x_level=1 kb_level=-1 shape_bad=0 x_each_worker_once=1
CASE_PASS m=4 n=7 sve16_entries=0 expected=0 old_entries=0 packed_entries=0 packed_expected=0
ALLOC_PASS m=4 n=8 small=1 history_expected=0 history_calls=0 history_bytes=0 history_success=0 history_fail=0 x_calls=4 x_bytes=1024 x_success=4 x_fail=0 kb_calls=0 kb_bytes=0 kb_success=0 kb_fail=0 total=4 injected=0 history_level=-1 x_level=1 kb_level=-1 shape_bad=0 x_each_worker_once=1
CASE_PASS m=4 n=8 sve16_entries=0 expected=0 old_entries=0 packed_entries=0 packed_expected=0
ALLOC_PASS m=4 n=9 small=1 history_expected=0 history_calls=0 history_bytes=0 history_success=0 history_fail=0 x_calls=4 x_bytes=1024 x_success=4 x_fail=0 kb_calls=0 kb_bytes=0 kb_success=0 kb_fail=0 total=4 injected=0 history_level=-1 x_level=1 kb_level=-1 shape_bad=0 x_each_worker_once=1
CASE_PASS m=4 n=9 sve16_entries=0 expected=0 old_entries=0 packed_entries=0 packed_expected=0
ALLOC_PASS m=4 n=17 small=1 history_expected=0 history_calls=0 history_bytes=0 history_success=0 history_fail=0 x_calls=4 x_bytes=1024 x_success=4 x_fail=0 kb_calls=0 kb_bytes=0 kb_success=0 kb_fail=0 total=4 injected=0 history_level=-1 x_level=1 kb_level=-1 shape_bad=0 x_each_worker_once=1
CASE_PASS m=4 n=17 sve16_entries=0 expected=0 old_entries=0 packed_entries=0 packed_expected=0
ALLOC_PASS m=5 n=1 small=1 history_expected=0 history_calls=0 history_bytes=0 history_success=0 history_fail=0 x_calls=4 x_bytes=1280 x_success=4 x_fail=0 kb_calls=0 kb_bytes=0 kb_success=0 kb_fail=0 total=4 injected=0 history_level=-1 x_level=1 kb_level=-1 shape_bad=0 x_each_worker_once=1
CASE_PASS m=5 n=1 sve16_entries=0 expected=0 old_entries=0 packed_entries=0 packed_expected=0
ALLOC_PASS m=5 n=7 small=1 history_expected=0 history_calls=0 history_bytes=0 history_success=0 history_fail=0 x_calls=4 x_bytes=1280 x_success=4 x_fail=0 kb_calls=0 kb_bytes=0 kb_success=0 kb_fail=0 total=4 injected=0 history_level=-1 x_level=1 kb_level=-1 shape_bad=0 x_each_worker_once=1
CASE_PASS m=5 n=7 sve16_entries=0 expected=0 old_entries=0 packed_entries=0 packed_expected=0
ALLOC_PASS m=5 n=8 small=1 history_expected=0 history_calls=0 history_bytes=0 history_success=0 history_fail=0 x_calls=4 x_bytes=1280 x_success=4 x_fail=0 kb_calls=0 kb_bytes=0 kb_success=0 kb_fail=0 total=4 injected=0 history_level=-1 x_level=1 kb_level=-1 shape_bad=0 x_each_worker_once=1
CASE_PASS m=5 n=8 sve16_entries=0 expected=0 old_entries=0 packed_entries=0 packed_expected=0
ALLOC_PASS m=5 n=9 small=1 history_expected=0 history_calls=0 history_bytes=0 history_success=0 history_fail=0 x_calls=4 x_bytes=1280 x_success=4 x_fail=0 kb_calls=0 kb_bytes=0 kb_success=0 kb_fail=0 total=4 injected=0 history_level=-1 x_level=1 kb_level=-1 shape_bad=0 x_each_worker_once=1
CASE_PASS m=5 n=9 sve16_entries=0 expected=0 old_entries=0 packed_entries=0 packed_expected=0
ALLOC_PASS m=5 n=17 small=1 history_expected=0 history_calls=0 history_bytes=0 history_success=0 history_fail=0 x_calls=4 x_bytes=1280 x_success=4 x_fail=0 kb_calls=0 kb_bytes=0 kb_success=0 kb_fail=0 total=4 injected=0 history_level=-1 x_level=1 kb_level=-1 shape_bad=0 x_each_worker_once=1
CASE_PASS m=5 n=17 sve16_entries=0 expected=0 old_entries=0 packed_entries=0 packed_expected=0
ALLOC_PASS m=15 n=1 small=1 history_expected=0 history_calls=0 history_bytes=0 history_success=0 history_fail=0 x_calls=4 x_bytes=3840 x_success=4 x_fail=0 kb_calls=0 kb_bytes=0 kb_success=0 kb_fail=0 total=4 injected=0 history_level=-1 x_level=1 kb_level=-1 shape_bad=0 x_each_worker_once=1
CASE_PASS m=15 n=1 sve16_entries=0 expected=0 old_entries=0 packed_entries=0 packed_expected=0
ALLOC_PASS m=15 n=7 small=1 history_expected=0 history_calls=0 history_bytes=0 history_success=0 history_fail=0 x_calls=4 x_bytes=3840 x_success=4 x_fail=0 kb_calls=0 kb_bytes=0 kb_success=0 kb_fail=0 total=4 injected=0 history_level=-1 x_level=1 kb_level=-1 shape_bad=0 x_each_worker_once=1
CASE_PASS m=15 n=7 sve16_entries=0 expected=0 old_entries=0 packed_entries=0 packed_expected=0
ALLOC_PASS m=15 n=8 small=1 history_expected=0 history_calls=0 history_bytes=0 history_success=0 history_fail=0 x_calls=4 x_bytes=3840 x_success=4 x_fail=0 kb_calls=0 kb_bytes=0 kb_success=0 kb_fail=0 total=4 injected=0 history_level=-1 x_level=1 kb_level=-1 shape_bad=0 x_each_worker_once=1
CASE_PASS m=15 n=8 sve16_entries=0 expected=0 old_entries=0 packed_entries=0 packed_expected=0
ALLOC_PASS m=15 n=9 small=1 history_expected=0 history_calls=0 history_bytes=0 history_success=0 history_fail=0 x_calls=4 x_bytes=3840 x_success=4 x_fail=0 kb_calls=0 kb_bytes=0 kb_success=0 kb_fail=0 total=4 injected=0 history_level=-1 x_level=1 kb_level=-1 shape_bad=0 x_each_worker_once=1
CASE_PASS m=15 n=9 sve16_entries=0 expected=0 old_entries=0 packed_entries=0 packed_expected=0
ALLOC_PASS m=15 n=17 small=1 history_expected=0 history_calls=0 history_bytes=0 history_success=0 history_fail=0 x_calls=4 x_bytes=3840 x_success=4 x_fail=0 kb_calls=0 kb_bytes=0 kb_success=0 kb_fail=0 total=4 injected=0 history_level=-1 x_level=1 kb_level=-1 shape_bad=0 x_each_worker_once=1
CASE_PASS m=15 n=17 sve16_entries=0 expected=0 old_entries=0 packed_entries=0 packed_expected=0
ALLOC_PASS m=16 n=1 small=1 history_expected=0 history_calls=0 history_bytes=0 history_success=0 history_fail=0 x_calls=4 x_bytes=4096 x_success=4 x_fail=0 kb_calls=0 kb_bytes=0 kb_success=0 kb_fail=0 total=4 injected=0 history_level=-1 x_level=1 kb_level=-1 shape_bad=0 x_each_worker_once=1
CASE_PASS m=16 n=1 sve16_entries=0 expected=0 old_entries=0 packed_entries=0 packed_expected=0
ALLOC_PASS m=16 n=7 small=1 history_expected=0 history_calls=0 history_bytes=0 history_success=0 history_fail=0 x_calls=4 x_bytes=4096 x_success=4 x_fail=0 kb_calls=0 kb_bytes=0 kb_success=0 kb_fail=0 total=4 injected=0 history_level=-1 x_level=1 kb_level=-1 shape_bad=0 x_each_worker_once=1
CASE_PASS m=16 n=7 sve16_entries=0 expected=0 old_entries=0 packed_entries=0 packed_expected=0
ALLOC_PASS m=16 n=8 small=1 history_expected=0 history_calls=0 history_bytes=0 history_success=0 history_fail=0 x_calls=4 x_bytes=4096 x_success=4 x_fail=0 kb_calls=0 kb_bytes=0 kb_success=0 kb_fail=0 total=4 injected=0 history_level=-1 x_level=1 kb_level=-1 shape_bad=0 x_each_worker_once=1
CASE_PASS m=16 n=8 sve16_entries=0 expected=0 old_entries=0 packed_entries=0 packed_expected=0
ALLOC_PASS m=16 n=9 small=1 history_expected=0 history_calls=0 history_bytes=0 history_success=0 history_fail=0 x_calls=4 x_bytes=4096 x_success=4 x_fail=0 kb_calls=0 kb_bytes=0 kb_success=0 kb_fail=0 total=4 injected=0 history_level=-1 x_level=1 kb_level=-1 shape_bad=0 x_each_worker_once=1
CASE_PASS m=16 n=9 sve16_entries=0 expected=0 old_entries=0 packed_entries=0 packed_expected=0
ALLOC_PASS m=16 n=17 small=1 history_expected=0 history_calls=0 history_bytes=0 history_success=0 history_fail=0 x_calls=4 x_bytes=4096 x_success=4 x_fail=0 kb_calls=0 kb_bytes=0 kb_success=0 kb_fail=0 total=4 injected=0 history_level=-1 x_level=1 kb_level=-1 shape_bad=0 x_each_worker_once=1
CASE_PASS m=16 n=17 sve16_entries=0 expected=0 old_entries=0 packed_entries=0 packed_expected=0
ALLOC_PASS m=17 n=1 small=1 history_expected=0 history_calls=0 history_bytes=0 history_success=0 history_fail=0 x_calls=4 x_bytes=4352 x_success=4 x_fail=0 kb_calls=0 kb_bytes=0 kb_success=0 kb_fail=0 total=4 injected=0 history_level=-1 x_level=1 kb_level=-1 shape_bad=0 x_each_worker_once=1
CASE_PASS m=17 n=1 sve16_entries=0 expected=0 old_entries=0 packed_entries=0 packed_expected=0
ALLOC_PASS m=17 n=7 small=1 history_expected=0 history_calls=0 history_bytes=0 history_success=0 history_fail=0 x_calls=4 x_bytes=4352 x_success=4 x_fail=0 kb_calls=0 kb_bytes=0 kb_success=0 kb_fail=0 total=4 injected=0 history_level=-1 x_level=1 kb_level=-1 shape_bad=0 x_each_worker_once=1
CASE_PASS m=17 n=7 sve16_entries=0 expected=0 old_entries=0 packed_entries=0 packed_expected=0
ALLOC_PASS m=17 n=8 small=1 history_expected=0 history_calls=0 history_bytes=0 history_success=0 history_fail=0 x_calls=4 x_bytes=4352 x_success=4 x_fail=0 kb_calls=0 kb_bytes=0 kb_success=0 kb_fail=0 total=4 injected=0 history_level=-1 x_level=1 kb_level=-1 shape_bad=0 x_each_worker_once=1
CASE_PASS m=17 n=8 sve16_entries=0 expected=0 old_entries=0 packed_entries=0 packed_expected=0
ALLOC_PASS m=17 n=9 small=1 history_expected=0 history_calls=0 history_bytes=0 history_success=0 history_fail=0 x_calls=4 x_bytes=4352 x_success=4 x_fail=0 kb_calls=0 kb_bytes=0 kb_success=0 kb_fail=0 total=4 injected=0 history_level=-1 x_level=1 kb_level=-1 shape_bad=0 x_each_worker_once=1
CASE_PASS m=17 n=9 sve16_entries=0 expected=0 old_entries=0 packed_entries=0 packed_expected=0
ALLOC_PASS m=17 n=17 small=1 history_expected=0 history_calls=0 history_bytes=0 history_success=0 history_fail=0 x_calls=4 x_bytes=4352 x_success=4 x_fail=0 kb_calls=0 kb_bytes=0 kb_success=0 kb_fail=0 total=4 injected=0 history_level=-1 x_level=1 kb_level=-1 shape_bad=0 x_each_worker_once=1
CASE_PASS m=17 n=17 sve16_entries=0 expected=0 old_entries=0 packed_entries=0 packed_expected=0
ALLOC_PASS m=31 n=1 small=1 history_expected=0 history_calls=0 history_bytes=0 history_success=0 history_fail=0 x_calls=4 x_bytes=7936 x_success=4 x_fail=0 kb_calls=0 kb_bytes=0 kb_success=0 kb_fail=0 total=4 injected=0 history_level=-1 x_level=1 kb_level=-1 shape_bad=0 x_each_worker_once=1
CASE_PASS m=31 n=1 sve16_entries=0 expected=0 old_entries=0 packed_entries=0 packed_expected=0
ALLOC_PASS m=31 n=7 small=1 history_expected=0 history_calls=0 history_bytes=0 history_success=0 history_fail=0 x_calls=4 x_bytes=7936 x_success=4 x_fail=0 kb_calls=0 kb_bytes=0 kb_success=0 kb_fail=0 total=4 injected=0 history_level=-1 x_level=1 kb_level=-1 shape_bad=0 x_each_worker_once=1
CASE_PASS m=31 n=7 sve16_entries=0 expected=0 old_entries=0 packed_entries=0 packed_expected=0
ALLOC_PASS m=31 n=8 small=1 history_expected=0 history_calls=0 history_bytes=0 history_success=0 history_fail=0 x_calls=4 x_bytes=7936 x_success=4 x_fail=0 kb_calls=0 kb_bytes=0 kb_success=0 kb_fail=0 total=4 injected=0 history_level=-1 x_level=1 kb_level=-1 shape_bad=0 x_each_worker_once=1
CASE_PASS m=31 n=8 sve16_entries=0 expected=0 old_entries=0 packed_entries=0 packed_expected=0
ALLOC_PASS m=31 n=9 small=1 history_expected=0 history_calls=0 history_bytes=0 history_success=0 history_fail=0 x_calls=4 x_bytes=7936 x_success=4 x_fail=0 kb_calls=0 kb_bytes=0 kb_success=0 kb_fail=0 total=4 injected=0 history_level=-1 x_level=1 kb_level=-1 shape_bad=0 x_each_worker_once=1
CASE_PASS m=31 n=9 sve16_entries=0 expected=0 old_entries=0 packed_entries=0 packed_expected=0
ALLOC_PASS m=31 n=17 small=1 history_expected=0 history_calls=0 history_bytes=0 history_success=0 history_fail=0 x_calls=4 x_bytes=7936 x_success=4 x_fail=0 kb_calls=0 kb_bytes=0 kb_success=0 kb_fail=0 total=4 injected=0 history_level=-1 x_level=1 kb_level=-1 shape_bad=0 x_each_worker_once=1
CASE_PASS m=31 n=17 sve16_entries=0 expected=0 old_entries=0 packed_entries=0 packed_expected=0
ALLOC_PASS m=32 n=1 small=1 history_expected=0 history_calls=0 history_bytes=0 history_success=0 history_fail=0 x_calls=4 x_bytes=8192 x_success=4 x_fail=0 kb_calls=0 kb_bytes=0 kb_success=0 kb_fail=0 total=4 injected=0 history_level=-1 x_level=1 kb_level=-1 shape_bad=0 x_each_worker_once=1
CASE_PASS m=32 n=1 sve16_entries=0 expected=0 old_entries=0 packed_entries=0 packed_expected=0
ALLOC_PASS m=32 n=7 small=1 history_expected=0 history_calls=0 history_bytes=0 history_success=0 history_fail=0 x_calls=4 x_bytes=8192 x_success=4 x_fail=0 kb_calls=0 kb_bytes=0 kb_success=0 kb_fail=0 total=4 injected=0 history_level=-1 x_level=1 kb_level=-1 shape_bad=0 x_each_worker_once=1
CASE_PASS m=32 n=7 sve16_entries=0 expected=0 old_entries=0 packed_entries=0 packed_expected=0
ALLOC_PASS m=32 n=8 small=1 history_expected=0 history_calls=0 history_bytes=0 history_success=0 history_fail=0 x_calls=4 x_bytes=8192 x_success=4 x_fail=0 kb_calls=0 kb_bytes=0 kb_success=0 kb_fail=0 total=4 injected=0 history_level=-1 x_level=1 kb_level=-1 shape_bad=0 x_each_worker_once=1
CASE_PASS m=32 n=8 sve16_entries=0 expected=0 old_entries=0 packed_entries=0 packed_expected=0
ALLOC_PASS m=32 n=9 small=1 history_expected=0 history_calls=0 history_bytes=0 history_success=0 history_fail=0 x_calls=4 x_bytes=8192 x_success=4 x_fail=0 kb_calls=0 kb_bytes=0 kb_success=0 kb_fail=0 total=4 injected=0 history_level=-1 x_level=1 kb_level=-1 shape_bad=0 x_each_worker_once=1
CASE_PASS m=32 n=9 sve16_entries=0 expected=0 old_entries=0 packed_entries=0 packed_expected=0
ALLOC_PASS m=32 n=17 small=1 history_expected=0 history_calls=0 history_bytes=0 history_success=0 history_fail=0 x_calls=4 x_bytes=8192 x_success=4 x_fail=0 kb_calls=0 kb_bytes=0 kb_success=0 kb_fail=0 total=4 injected=0 history_level=-1 x_level=1 kb_level=-1 shape_bad=0 x_each_worker_once=1
CASE_PASS m=32 n=17 sve16_entries=0 expected=0 old_entries=0 packed_entries=0 packed_expected=0
ALLOC_PASS m=33 n=1 small=1 history_expected=0 history_calls=0 history_bytes=0 history_success=0 history_fail=0 x_calls=4 x_bytes=8448 x_success=4 x_fail=0 kb_calls=0 kb_bytes=0 kb_success=0 kb_fail=0 total=4 injected=0 history_level=-1 x_level=1 kb_level=-1 shape_bad=0 x_each_worker_once=1
CASE_PASS m=33 n=1 sve16_entries=0 expected=0 old_entries=0 packed_entries=0 packed_expected=0
ALLOC_PASS m=33 n=7 small=1 history_expected=0 history_calls=0 history_bytes=0 history_success=0 history_fail=0 x_calls=4 x_bytes=8448 x_success=4 x_fail=0 kb_calls=0 kb_bytes=0 kb_success=0 kb_fail=0 total=4 injected=0 history_level=-1 x_level=1 kb_level=-1 shape_bad=0 x_each_worker_once=1
CASE_PASS m=33 n=7 sve16_entries=0 expected=0 old_entries=0 packed_entries=0 packed_expected=0
ALLOC_PASS m=33 n=8 small=1 history_expected=0 history_calls=0 history_bytes=0 history_success=0 history_fail=0 x_calls=4 x_bytes=8448 x_success=4 x_fail=0 kb_calls=0 kb_bytes=0 kb_success=0 kb_fail=0 total=4 injected=0 history_level=-1 x_level=1 kb_level=-1 shape_bad=0 x_each_worker_once=1
CASE_PASS m=33 n=8 sve16_entries=0 expected=0 old_entries=0 packed_entries=0 packed_expected=0
ALLOC_PASS m=33 n=9 small=1 history_expected=0 history_calls=0 history_bytes=0 history_success=0 history_fail=0 x_calls=4 x_bytes=8448 x_success=4 x_fail=0 kb_calls=0 kb_bytes=0 kb_success=0 kb_fail=0 total=4 injected=0 history_level=-1 x_level=1 kb_level=-1 shape_bad=0 x_each_worker_once=1
CASE_PASS m=33 n=9 sve16_entries=0 expected=0 old_entries=0 packed_entries=0 packed_expected=0
ALLOC_PASS m=33 n=17 small=1 history_expected=0 history_calls=0 history_bytes=0 history_success=0 history_fail=0 x_calls=4 x_bytes=8448 x_success=4 x_fail=0 kb_calls=0 kb_bytes=0 kb_success=0 kb_fail=0 total=4 injected=0 history_level=-1 x_level=1 kb_level=-1 shape_bad=0 x_each_worker_once=1
CASE_PASS m=33 n=17 sve16_entries=0 expected=0 old_entries=0 packed_entries=0 packed_expected=0
ALLOC_PASS m=63 n=1 small=1 history_expected=0 history_calls=0 history_bytes=0 history_success=0 history_fail=0 x_calls=4 x_bytes=16128 x_success=4 x_fail=0 kb_calls=0 kb_bytes=0 kb_success=0 kb_fail=0 total=4 injected=0 history_level=-1 x_level=1 kb_level=-1 shape_bad=0 x_each_worker_once=1
CASE_PASS m=63 n=1 sve16_entries=0 expected=0 old_entries=0 packed_entries=0 packed_expected=0
ALLOC_PASS m=63 n=7 small=1 history_expected=0 history_calls=0 history_bytes=0 history_success=0 history_fail=0 x_calls=4 x_bytes=16128 x_success=4 x_fail=0 kb_calls=0 kb_bytes=0 kb_success=0 kb_fail=0 total=4 injected=0 history_level=-1 x_level=1 kb_level=-1 shape_bad=0 x_each_worker_once=1
CASE_PASS m=63 n=7 sve16_entries=0 expected=0 old_entries=0 packed_entries=0 packed_expected=0
ALLOC_PASS m=63 n=8 small=1 history_expected=0 history_calls=0 history_bytes=0 history_success=0 history_fail=0 x_calls=4 x_bytes=16128 x_success=4 x_fail=0 kb_calls=0 kb_bytes=0 kb_success=0 kb_fail=0 total=4 injected=0 history_level=-1 x_level=1 kb_level=-1 shape_bad=0 x_each_worker_once=1
CASE_PASS m=63 n=8 sve16_entries=0 expected=0 old_entries=0 packed_entries=0 packed_expected=0
ALLOC_PASS m=63 n=9 small=1 history_expected=0 history_calls=0 history_bytes=0 history_success=0 history_fail=0 x_calls=4 x_bytes=16128 x_success=4 x_fail=0 kb_calls=0 kb_bytes=0 kb_success=0 kb_fail=0 total=4 injected=0 history_level=-1 x_level=1 kb_level=-1 shape_bad=0 x_each_worker_once=1
CASE_PASS m=63 n=9 sve16_entries=0 expected=0 old_entries=0 packed_entries=0 packed_expected=0
ALLOC_PASS m=63 n=17 small=1 history_expected=0 history_calls=0 history_bytes=0 history_success=0 history_fail=0 x_calls=4 x_bytes=16128 x_success=4 x_fail=0 kb_calls=0 kb_bytes=0 kb_success=0 kb_fail=0 total=4 injected=0 history_level=-1 x_level=1 kb_level=-1 shape_bad=0 x_each_worker_once=1
CASE_PASS m=63 n=17 sve16_entries=0 expected=0 old_entries=0 packed_entries=0 packed_expected=0
ALLOC_PASS m=64 n=1 small=1 history_expected=0 history_calls=0 history_bytes=0 history_success=0 history_fail=0 x_calls=4 x_bytes=16384 x_success=4 x_fail=0 kb_calls=0 kb_bytes=0 kb_success=0 kb_fail=0 total=4 injected=0 history_level=-1 x_level=1 kb_level=-1 shape_bad=0 x_each_worker_once=1
CASE_PASS m=64 n=1 sve16_entries=0 expected=0 old_entries=0 packed_entries=0 packed_expected=0
ALLOC_PASS m=64 n=7 small=1 history_expected=0 history_calls=0 history_bytes=0 history_success=0 history_fail=0 x_calls=4 x_bytes=16384 x_success=4 x_fail=0 kb_calls=0 kb_bytes=0 kb_success=0 kb_fail=0 total=4 injected=0 history_level=-1 x_level=1 kb_level=-1 shape_bad=0 x_each_worker_once=1
CASE_PASS m=64 n=7 sve16_entries=0 expected=0 old_entries=0 packed_entries=0 packed_expected=0
ALLOC_PASS m=64 n=8 small=1 history_expected=0 history_calls=0 history_bytes=0 history_success=0 history_fail=0 x_calls=4 x_bytes=16384 x_success=4 x_fail=0 kb_calls=0 kb_bytes=0 kb_success=0 kb_fail=0 total=4 injected=0 history_level=-1 x_level=1 kb_level=-1 shape_bad=0 x_each_worker_once=1
CASE_PASS m=64 n=8 sve16_entries=0 expected=0 old_entries=0 packed_entries=0 packed_expected=0
ALLOC_PASS m=64 n=9 small=1 history_expected=0 history_calls=0 history_bytes=0 history_success=0 history_fail=0 x_calls=4 x_bytes=16384 x_success=4 x_fail=0 kb_calls=0 kb_bytes=0 kb_success=0 kb_fail=0 total=4 injected=0 history_level=-1 x_level=1 kb_level=-1 shape_bad=0 x_each_worker_once=1
CASE_PASS m=64 n=9 sve16_entries=0 expected=0 old_entries=0 packed_entries=0 packed_expected=0
ALLOC_PASS m=64 n=17 small=1 history_expected=0 history_calls=0 history_bytes=0 history_success=0 history_fail=0 x_calls=4 x_bytes=16384 x_success=4 x_fail=0 kb_calls=0 kb_bytes=0 kb_success=0 kb_fail=0 total=4 injected=0 history_level=-1 x_level=1 kb_level=-1 shape_bad=0 x_each_worker_once=1
CASE_PASS m=64 n=17 sve16_entries=0 expected=0 old_entries=0 packed_entries=0 packed_expected=0
ALLOC_PASS m=65 n=1 small=1 history_expected=0 history_calls=0 history_bytes=0 history_success=0 history_fail=0 x_calls=4 x_bytes=16640 x_success=4 x_fail=0 kb_calls=0 kb_bytes=0 kb_success=0 kb_fail=0 total=4 injected=0 history_level=-1 x_level=1 kb_level=-1 shape_bad=0 x_each_worker_once=1
CASE_PASS m=65 n=1 sve16_entries=0 expected=0 old_entries=0 packed_entries=0 packed_expected=0
ALLOC_PASS m=65 n=7 small=1 history_expected=0 history_calls=0 history_bytes=0 history_success=0 history_fail=0 x_calls=4 x_bytes=16640 x_success=4 x_fail=0 kb_calls=0 kb_bytes=0 kb_success=0 kb_fail=0 total=4 injected=0 history_level=-1 x_level=1 kb_level=-1 shape_bad=0 x_each_worker_once=1
CASE_PASS m=65 n=7 sve16_entries=0 expected=0 old_entries=0 packed_entries=0 packed_expected=0
ALLOC_PASS m=65 n=8 small=1 history_expected=0 history_calls=0 history_bytes=0 history_success=0 history_fail=0 x_calls=4 x_bytes=16640 x_success=4 x_fail=0 kb_calls=0 kb_bytes=0 kb_success=0 kb_fail=0 total=4 injected=0 history_level=-1 x_level=1 kb_level=-1 shape_bad=0 x_each_worker_once=1
CASE_PASS m=65 n=8 sve16_entries=0 expected=0 old_entries=0 packed_entries=0 packed_expected=0
ALLOC_PASS m=65 n=9 small=1 history_expected=0 history_calls=0 history_bytes=0 history_success=0 history_fail=0 x_calls=4 x_bytes=16640 x_success=4 x_fail=0 kb_calls=0 kb_bytes=0 kb_success=0 kb_fail=0 total=4 injected=0 history_level=-1 x_level=1 kb_level=-1 shape_bad=0 x_each_worker_once=1
CASE_PASS m=65 n=9 sve16_entries=0 expected=0 old_entries=0 packed_entries=0 packed_expected=0
ALLOC_PASS m=65 n=17 small=1 history_expected=0 history_calls=0 history_bytes=0 history_success=0 history_fail=0 x_calls=4 x_bytes=16640 x_success=4 x_fail=0 kb_calls=0 kb_bytes=0 kb_success=0 kb_fail=0 total=4 injected=0 history_level=-1 x_level=1 kb_level=-1 shape_bad=0 x_each_worker_once=1
CASE_PASS m=65 n=17 sve16_entries=0 expected=0 old_entries=0 packed_entries=0 packed_expected=0
ALLOC_PASS m=255 n=1 small=1 history_expected=0 history_calls=0 history_bytes=0 history_success=0 history_fail=0 x_calls=4 x_bytes=65280 x_success=4 x_fail=0 kb_calls=0 kb_bytes=0 kb_success=0 kb_fail=0 total=4 injected=0 history_level=-1 x_level=1 kb_level=-1 shape_bad=0 x_each_worker_once=1
CASE_PASS m=255 n=1 sve16_entries=0 expected=0 old_entries=0 packed_entries=0 packed_expected=0
ALLOC_PASS m=255 n=7 small=1 history_expected=0 history_calls=0 history_bytes=0 history_success=0 history_fail=0 x_calls=4 x_bytes=65280 x_success=4 x_fail=0 kb_calls=0 kb_bytes=0 kb_success=0 kb_fail=0 total=4 injected=0 history_level=-1 x_level=1 kb_level=-1 shape_bad=0 x_each_worker_once=1
CASE_PASS m=255 n=7 sve16_entries=0 expected=0 old_entries=0 packed_entries=0 packed_expected=0
ALLOC_PASS m=255 n=8 small=1 history_expected=0 history_calls=0 history_bytes=0 history_success=0 history_fail=0 x_calls=4 x_bytes=65280 x_success=4 x_fail=0 kb_calls=0 kb_bytes=0 kb_success=0 kb_fail=0 total=4 injected=0 history_level=-1 x_level=1 kb_level=-1 shape_bad=0 x_each_worker_once=1
CASE_PASS m=255 n=8 sve16_entries=0 expected=0 old_entries=0 packed_entries=0 packed_expected=0
ALLOC_PASS m=255 n=9 small=1 history_expected=0 history_calls=0 history_bytes=0 history_success=0 history_fail=0 x_calls=4 x_bytes=65280 x_success=4 x_fail=0 kb_calls=0 kb_bytes=0 kb_success=0 kb_fail=0 total=4 injected=0 history_level=-1 x_level=1 kb_level=-1 shape_bad=0 x_each_worker_once=1
CASE_PASS m=255 n=9 sve16_entries=0 expected=0 old_entries=0 packed_entries=0 packed_expected=0
ALLOC_PASS m=255 n=17 small=1 history_expected=0 history_calls=0 history_bytes=0 history_success=0 history_fail=0 x_calls=4 x_bytes=65280 x_success=4 x_fail=0 kb_calls=0 kb_bytes=0 kb_success=0 kb_fail=0 total=4 injected=0 history_level=-1 x_level=1 kb_level=-1 shape_bad=0 x_each_worker_once=1
CASE_PASS m=255 n=17 sve16_entries=0 expected=0 old_entries=0 packed_entries=0 packed_expected=0
ALLOC_PASS m=256 n=1 small=1 history_expected=0 history_calls=0 history_bytes=0 history_success=0 history_fail=0 x_calls=4 x_bytes=65536 x_success=4 x_fail=0 kb_calls=0 kb_bytes=0 kb_success=0 kb_fail=0 total=4 injected=0 history_level=-1 x_level=1 kb_level=-1 shape_bad=0 x_each_worker_once=1
CASE_PASS m=256 n=1 sve16_entries=0 expected=0 old_entries=0 packed_entries=0 packed_expected=0
ALLOC_PASS m=256 n=7 small=1 history_expected=0 history_calls=0 history_bytes=0 history_success=0 history_fail=0 x_calls=4 x_bytes=65536 x_success=4 x_fail=0 kb_calls=0 kb_bytes=0 kb_success=0 kb_fail=0 total=4 injected=0 history_level=-1 x_level=1 kb_level=-1 shape_bad=0 x_each_worker_once=1
CASE_PASS m=256 n=7 sve16_entries=0 expected=0 old_entries=0 packed_entries=0 packed_expected=0
ALLOC_PASS m=256 n=8 small=1 history_expected=0 history_calls=0 history_bytes=0 history_success=0 history_fail=0 x_calls=4 x_bytes=65536 x_success=4 x_fail=0 kb_calls=0 kb_bytes=0 kb_success=0 kb_fail=0 total=4 injected=0 history_level=-1 x_level=1 kb_level=-1 shape_bad=0 x_each_worker_once=1
CASE_PASS m=256 n=8 sve16_entries=0 expected=0 old_entries=0 packed_entries=0 packed_expected=0
ALLOC_PASS m=256 n=9 small=1 history_expected=0 history_calls=0 history_bytes=0 history_success=0 history_fail=0 x_calls=4 x_bytes=65536 x_success=4 x_fail=0 kb_calls=0 kb_bytes=0 kb_success=0 kb_fail=0 total=4 injected=0 history_level=-1 x_level=1 kb_level=-1 shape_bad=0 x_each_worker_once=1
CASE_PASS m=256 n=9 sve16_entries=0 expected=0 old_entries=0 packed_entries=0 packed_expected=0
ALLOC_PASS m=256 n=17 small=1 history_expected=0 history_calls=0 history_bytes=0 history_success=0 history_fail=0 x_calls=4 x_bytes=65536 x_success=4 x_fail=0 kb_calls=0 kb_bytes=0 kb_success=0 kb_fail=0 total=4 injected=0 history_level=-1 x_level=1 kb_level=-1 shape_bad=0 x_each_worker_once=1
CASE_PASS m=256 n=17 sve16_entries=0 expected=0 old_entries=0 packed_entries=0 packed_expected=0
ALLOC_PASS m=257 n=1 small=1 history_expected=0 history_calls=0 history_bytes=0 history_success=0 history_fail=0 x_calls=4 x_bytes=65792 x_success=4 x_fail=0 kb_calls=0 kb_bytes=0 kb_success=0 kb_fail=0 total=4 injected=0 history_level=-1 x_level=1 kb_level=-1 shape_bad=0 x_each_worker_once=1
CASE_PASS m=257 n=1 sve16_entries=0 expected=0 old_entries=0 packed_entries=0 packed_expected=0
ALLOC_PASS m=257 n=7 small=1 history_expected=0 history_calls=0 history_bytes=0 history_success=0 history_fail=0 x_calls=4 x_bytes=65792 x_success=4 x_fail=0 kb_calls=0 kb_bytes=0 kb_success=0 kb_fail=0 total=4 injected=0 history_level=-1 x_level=1 kb_level=-1 shape_bad=0 x_each_worker_once=1
CASE_PASS m=257 n=7 sve16_entries=0 expected=0 old_entries=0 packed_entries=0 packed_expected=0
ALLOC_PASS m=257 n=8 small=1 history_expected=0 history_calls=0 history_bytes=0 history_success=0 history_fail=0 x_calls=4 x_bytes=65792 x_success=4 x_fail=0 kb_calls=0 kb_bytes=0 kb_success=0 kb_fail=0 total=4 injected=0 history_level=-1 x_level=1 kb_level=-1 shape_bad=0 x_each_worker_once=1
CASE_PASS m=257 n=8 sve16_entries=0 expected=0 old_entries=0 packed_entries=0 packed_expected=0
ALLOC_PASS m=257 n=9 small=1 history_expected=0 history_calls=0 history_bytes=0 history_success=0 history_fail=0 x_calls=4 x_bytes=65792 x_success=4 x_fail=0 kb_calls=0 kb_bytes=0 kb_success=0 kb_fail=0 total=4 injected=0 history_level=-1 x_level=1 kb_level=-1 shape_bad=0 x_each_worker_once=1
CASE_PASS m=257 n=9 sve16_entries=0 expected=0 old_entries=0 packed_entries=0 packed_expected=0
ALLOC_PASS m=257 n=17 small=1 history_expected=0 history_calls=0 history_bytes=0 history_success=0 history_fail=0 x_calls=4 x_bytes=65792 x_success=4 x_fail=0 kb_calls=0 kb_bytes=0 kb_success=0 kb_fail=0 total=4 injected=0 history_level=-1 x_level=1 kb_level=-1 shape_bad=0 x_each_worker_once=1
CASE_PASS m=257 n=17 sve16_entries=0 expected=0 old_entries=0 packed_entries=0 packed_expected=0
ALLOCATION_SUMMARY_PASS cases=80 budget_cases=0 shared_injection_cases=0
PASS whole_cases=80 noop_cases=4 non_dyadic_long_double_RHS=1 padding_L_unchanged=1 max_error=1.1102230246251565e-16
