LINKAGE_REPEAT 1/3 BEGIN
JOB_ID=1579730
BINARY=/CLUSTER_USER_HOME/kunpeng-experiments/trsm-kml251-a3de683d1112/T10-lhistbarrier-repeat-r14/source/trsm_test
LDD_EXIT_CODE=0
	linux-vdso.so.1 (0x0000400013455000)
	libm.so.6 => /usr/lib64/libm.so.6 (0x0000400013470000)
	libkblas.so.25.1.0 => /opt/donaudata/donau/HPCKit_25.1.0_Linux-aarch64/package/KunpengHPCKit-kml.25.1.0/gcclib/sme/kblas/multi/libkblas.so.25.1.0 (0x0000400013520000)
	libgomp.so.1 => /CLUSTER_USER_HOME/kunpeng-experiments/trsm-kml251-f6110e522b93/compiler-private/gcc-12.3.1-2025.03-aarch64-linux/lib64/libgomp.so.1 (0x0000400019660000)
	libc.so.6 => /usr/lib64/libc.so.6 (0x00004000196d0000)
	/lib/ld-linux-aarch64.so.1 (0x000040001342b000)
	libdl.so.2 => /usr/lib64/libdl.so.2 (0x0000400019890000)
	libpthread.so.0 => /usr/lib64/libpthread.so.0 (0x00004000198c0000)
KML251_LINKED_LIBRARY=/opt/donaudata/donau/HPCKit_25.1.0_Linux-aarch64/package/KunpengHPCKit-kml.25.1.0/gcclib/sme/kblas/multi/libkblas.so.25.1.0
GOMP_LINKED_LIBRARY=/CLUSTER_USER_HOME/kunpeng-experiments/trsm-kml251-f6110e522b93/compiler-private/gcc-12.3.1-2025.03-aarch64-linux/lib64/libgomp.so.1.0.0
KML251_DEPENDENCY_AUDIT_PASS=1
LINKAGE_REPEAT 1/3 END
LINKAGE_REPEAT 2/3 BEGIN
JOB_ID=1579730
BINARY=/CLUSTER_USER_HOME/kunpeng-experiments/trsm-kml251-a3de683d1112/T10-lhistbarrier-repeat-r14/source/trsm_test
LDD_EXIT_CODE=0
	linux-vdso.so.1 (0x00004000084d2000)
	libm.so.6 => /usr/lib64/libm.so.6 (0x00004000084f0000)
	libkblas.so.25.1.0 => /opt/donaudata/donau/HPCKit_25.1.0_Linux-aarch64/package/KunpengHPCKit-kml.25.1.0/gcclib/sme/kblas/multi/libkblas.so.25.1.0 (0x00004000085a0000)
	libgomp.so.1 => /CLUSTER_USER_HOME/kunpeng-experiments/trsm-kml251-f6110e522b93/compiler-private/gcc-12.3.1-2025.03-aarch64-linux/lib64/libgomp.so.1 (0x000040000e6e0000)
	libc.so.6 => /usr/lib64/libc.so.6 (0x000040000e750000)
	/lib/ld-linux-aarch64.so.1 (0x00004000084a8000)
	libdl.so.2 => /usr/lib64/libdl.so.2 (0x000040000e910000)
	libpthread.so.0 => /usr/lib64/libpthread.so.0 (0x000040000e940000)
KML251_LINKED_LIBRARY=/opt/donaudata/donau/HPCKit_25.1.0_Linux-aarch64/package/KunpengHPCKit-kml.25.1.0/gcclib/sme/kblas/multi/libkblas.so.25.1.0
GOMP_LINKED_LIBRARY=/CLUSTER_USER_HOME/kunpeng-experiments/trsm-kml251-f6110e522b93/compiler-private/gcc-12.3.1-2025.03-aarch64-linux/lib64/libgomp.so.1.0.0
KML251_DEPENDENCY_AUDIT_PASS=1
LINKAGE_REPEAT 2/3 END
LINKAGE_REPEAT 3/3 BEGIN
JOB_ID=1579730
BINARY=/CLUSTER_USER_HOME/kunpeng-experiments/trsm-kml251-a3de683d1112/T10-lhistbarrier-repeat-r14/source/trsm_test
LDD_EXIT_CODE=0
	linux-vdso.so.1 (0x000040000cd10000)
	libm.so.6 => /usr/lib64/libm.so.6 (0x000040000cd30000)
	libkblas.so.25.1.0 => /opt/donaudata/donau/HPCKit_25.1.0_Linux-aarch64/package/KunpengHPCKit-kml.25.1.0/gcclib/sme/kblas/multi/libkblas.so.25.1.0 (0x000040000cde0000)
	libgomp.so.1 => /CLUSTER_USER_HOME/kunpeng-experiments/trsm-kml251-f6110e522b93/compiler-private/gcc-12.3.1-2025.03-aarch64-linux/lib64/libgomp.so.1 (0x0000400012f20000)
	libc.so.6 => /usr/lib64/libc.so.6 (0x0000400012f90000)
	/lib/ld-linux-aarch64.so.1 (0x000040000cce6000)
	libdl.so.2 => /usr/lib64/libdl.so.2 (0x0000400013150000)
	libpthread.so.0 => /usr/lib64/libpthread.so.0 (0x0000400013180000)
KML251_LINKED_LIBRARY=/opt/donaudata/donau/HPCKit_25.1.0_Linux-aarch64/package/KunpengHPCKit-kml.25.1.0/gcclib/sme/kblas/multi/libkblas.so.25.1.0
GOMP_LINKED_LIBRARY=/CLUSTER_USER_HOME/kunpeng-experiments/trsm-kml251-f6110e522b93/compiler-private/gcc-12.3.1-2025.03-aarch64-linux/lib64/libgomp.so.1.0.0
KML251_DEPENDENCY_AUDIT_PASS=1
LINKAGE_REPEAT 3/3 END
