LINKAGE_REPEAT 1/3 BEGIN
JOB_ID=1582004
BINARY=/CLUSTER_USER_HOME/kunpeng-experiments/trsm-kml251-051361e4a8a1/T19-control13-repeat-r18/source/trsm_test
LDD_EXIT_CODE=0
	linux-vdso.so.1 (0x0000400014878000)
	libm.so.6 => /usr/lib64/libm.so.6 (0x0000400014890000)
	libkblas.so.25.1.0 => /opt/donaudata/donau/HPCKit_25.1.0_Linux-aarch64/package/KunpengHPCKit-kml.25.1.0/gcclib/sme/kblas/multi/libkblas.so.25.1.0 (0x0000400014950000)
	libgomp.so.1 => /CLUSTER_USER_HOME/kunpeng-experiments/trsm-kml251-f6110e522b93/compiler-private/gcc-12.3.1-2025.03-aarch64-linux/lib64/libgomp.so.1 (0x000040001aa80000)
	libc.so.6 => /usr/lib64/libc.so.6 (0x000040001aaf0000)
	/lib/ld-linux-aarch64.so.1 (0x000040001484e000)
	libdl.so.2 => /usr/lib64/libdl.so.2 (0x000040001acb0000)
	libpthread.so.0 => /usr/lib64/libpthread.so.0 (0x000040001ace0000)
KML251_LINKED_LIBRARY=/opt/donaudata/donau/HPCKit_25.1.0_Linux-aarch64/package/KunpengHPCKit-kml.25.1.0/gcclib/sme/kblas/multi/libkblas.so.25.1.0
GOMP_LINKED_LIBRARY=/CLUSTER_USER_HOME/kunpeng-experiments/trsm-kml251-f6110e522b93/compiler-private/gcc-12.3.1-2025.03-aarch64-linux/lib64/libgomp.so.1.0.0
KML251_DEPENDENCY_AUDIT_PASS=1
LINKAGE_REPEAT 1/3 END
LINKAGE_REPEAT 2/3 BEGIN
JOB_ID=1582004
BINARY=/CLUSTER_USER_HOME/kunpeng-experiments/trsm-kml251-051361e4a8a1/T19-control13-repeat-r18/source/trsm_test
LDD_EXIT_CODE=0
	linux-vdso.so.1 (0x000040000ac48000)
	libm.so.6 => /usr/lib64/libm.so.6 (0x000040000ac60000)
	libkblas.so.25.1.0 => /opt/donaudata/donau/HPCKit_25.1.0_Linux-aarch64/package/KunpengHPCKit-kml.25.1.0/gcclib/sme/kblas/multi/libkblas.so.25.1.0 (0x000040000ad20000)
	libgomp.so.1 => /CLUSTER_USER_HOME/kunpeng-experiments/trsm-kml251-f6110e522b93/compiler-private/gcc-12.3.1-2025.03-aarch64-linux/lib64/libgomp.so.1 (0x0000400010e50000)
	libc.so.6 => /usr/lib64/libc.so.6 (0x0000400010ec0000)
	/lib/ld-linux-aarch64.so.1 (0x000040000ac1e000)
	libdl.so.2 => /usr/lib64/libdl.so.2 (0x0000400011080000)
	libpthread.so.0 => /usr/lib64/libpthread.so.0 (0x00004000110b0000)
KML251_LINKED_LIBRARY=/opt/donaudata/donau/HPCKit_25.1.0_Linux-aarch64/package/KunpengHPCKit-kml.25.1.0/gcclib/sme/kblas/multi/libkblas.so.25.1.0
GOMP_LINKED_LIBRARY=/CLUSTER_USER_HOME/kunpeng-experiments/trsm-kml251-f6110e522b93/compiler-private/gcc-12.3.1-2025.03-aarch64-linux/lib64/libgomp.so.1.0.0
KML251_DEPENDENCY_AUDIT_PASS=1
LINKAGE_REPEAT 2/3 END
LINKAGE_REPEAT 3/3 BEGIN
JOB_ID=1582004
BINARY=/CLUSTER_USER_HOME/kunpeng-experiments/trsm-kml251-051361e4a8a1/T19-control13-repeat-r18/source/trsm_test
LDD_EXIT_CODE=0
	linux-vdso.so.1 (0x0000400003ae2000)
	libm.so.6 => /usr/lib64/libm.so.6 (0x0000400003b00000)
	libkblas.so.25.1.0 => /opt/donaudata/donau/HPCKit_25.1.0_Linux-aarch64/package/KunpengHPCKit-kml.25.1.0/gcclib/sme/kblas/multi/libkblas.so.25.1.0 (0x0000400003bb0000)
	libgomp.so.1 => /CLUSTER_USER_HOME/kunpeng-experiments/trsm-kml251-f6110e522b93/compiler-private/gcc-12.3.1-2025.03-aarch64-linux/lib64/libgomp.so.1 (0x0000400009cf0000)
	libc.so.6 => /usr/lib64/libc.so.6 (0x0000400009d60000)
	/lib/ld-linux-aarch64.so.1 (0x0000400003ab8000)
	libdl.so.2 => /usr/lib64/libdl.so.2 (0x0000400009f20000)
	libpthread.so.0 => /usr/lib64/libpthread.so.0 (0x0000400009f50000)
KML251_LINKED_LIBRARY=/opt/donaudata/donau/HPCKit_25.1.0_Linux-aarch64/package/KunpengHPCKit-kml.25.1.0/gcclib/sme/kblas/multi/libkblas.so.25.1.0
GOMP_LINKED_LIBRARY=/CLUSTER_USER_HOME/kunpeng-experiments/trsm-kml251-f6110e522b93/compiler-private/gcc-12.3.1-2025.03-aarch64-linux/lib64/libgomp.so.1.0.0
KML251_DEPENDENCY_AUDIT_PASS=1
LINKAGE_REPEAT 3/3 END
