LINKAGE_REPEAT 1/3 BEGIN
JOB_ID=1579861
BINARY=/CLUSTER_USER_HOME/kunpeng-experiments/trsm-kml251-e42ae792e299/T19-panel8x16budget/source/trsm_test
LDD_EXIT_CODE=0
	linux-vdso.so.1 (0x000040002cb51000)
	libm.so.6 => /usr/lib64/libm.so.6 (0x000040002cb70000)
	libkblas.so.25.1.0 => /opt/donaudata/donau/HPCKit_25.1.0_Linux-aarch64/package/KunpengHPCKit-kml.25.1.0/gcclib/sme/kblas/multi/libkblas.so.25.1.0 (0x000040002cc20000)
	libgomp.so.1 => /CLUSTER_USER_HOME/kunpeng-experiments/trsm-kml251-f6110e522b93/compiler-private/gcc-12.3.1-2025.03-aarch64-linux/lib64/libgomp.so.1 (0x0000400032d60000)
	libc.so.6 => /usr/lib64/libc.so.6 (0x0000400032dd0000)
	/lib/ld-linux-aarch64.so.1 (0x000040002cb27000)
	libdl.so.2 => /usr/lib64/libdl.so.2 (0x0000400032f90000)
	libpthread.so.0 => /usr/lib64/libpthread.so.0 (0x0000400032fc0000)
KML251_LINKED_LIBRARY=/opt/donaudata/donau/HPCKit_25.1.0_Linux-aarch64/package/KunpengHPCKit-kml.25.1.0/gcclib/sme/kblas/multi/libkblas.so.25.1.0
GOMP_LINKED_LIBRARY=/CLUSTER_USER_HOME/kunpeng-experiments/trsm-kml251-f6110e522b93/compiler-private/gcc-12.3.1-2025.03-aarch64-linux/lib64/libgomp.so.1.0.0
KML251_DEPENDENCY_AUDIT_PASS=1
LINKAGE_REPEAT 1/3 END
LINKAGE_REPEAT 2/3 BEGIN
JOB_ID=1579861
BINARY=/CLUSTER_USER_HOME/kunpeng-experiments/trsm-kml251-e42ae792e299/T19-panel8x16budget/source/trsm_test
LDD_EXIT_CODE=0
	linux-vdso.so.1 (0x000040000a425000)
	libm.so.6 => /usr/lib64/libm.so.6 (0x000040000a440000)
	libkblas.so.25.1.0 => /opt/donaudata/donau/HPCKit_25.1.0_Linux-aarch64/package/KunpengHPCKit-kml.25.1.0/gcclib/sme/kblas/multi/libkblas.so.25.1.0 (0x000040000a4f0000)
	libgomp.so.1 => /CLUSTER_USER_HOME/kunpeng-experiments/trsm-kml251-f6110e522b93/compiler-private/gcc-12.3.1-2025.03-aarch64-linux/lib64/libgomp.so.1 (0x0000400010630000)
	libc.so.6 => /usr/lib64/libc.so.6 (0x00004000106a0000)
	/lib/ld-linux-aarch64.so.1 (0x000040000a3fb000)
	libdl.so.2 => /usr/lib64/libdl.so.2 (0x0000400010860000)
	libpthread.so.0 => /usr/lib64/libpthread.so.0 (0x0000400010890000)
KML251_LINKED_LIBRARY=/opt/donaudata/donau/HPCKit_25.1.0_Linux-aarch64/package/KunpengHPCKit-kml.25.1.0/gcclib/sme/kblas/multi/libkblas.so.25.1.0
GOMP_LINKED_LIBRARY=/CLUSTER_USER_HOME/kunpeng-experiments/trsm-kml251-f6110e522b93/compiler-private/gcc-12.3.1-2025.03-aarch64-linux/lib64/libgomp.so.1.0.0
KML251_DEPENDENCY_AUDIT_PASS=1
LINKAGE_REPEAT 2/3 END
LINKAGE_REPEAT 3/3 BEGIN
JOB_ID=1579861
BINARY=/CLUSTER_USER_HOME/kunpeng-experiments/trsm-kml251-e42ae792e299/T19-panel8x16budget/source/trsm_test
LDD_EXIT_CODE=0
	linux-vdso.so.1 (0x0000400019fb2000)
	libm.so.6 => /usr/lib64/libm.so.6 (0x0000400019fd0000)
	libkblas.so.25.1.0 => /opt/donaudata/donau/HPCKit_25.1.0_Linux-aarch64/package/KunpengHPCKit-kml.25.1.0/gcclib/sme/kblas/multi/libkblas.so.25.1.0 (0x000040001a080000)
	libgomp.so.1 => /CLUSTER_USER_HOME/kunpeng-experiments/trsm-kml251-f6110e522b93/compiler-private/gcc-12.3.1-2025.03-aarch64-linux/lib64/libgomp.so.1 (0x00004000201c0000)
	libc.so.6 => /usr/lib64/libc.so.6 (0x0000400020230000)
	/lib/ld-linux-aarch64.so.1 (0x0000400019f88000)
	libdl.so.2 => /usr/lib64/libdl.so.2 (0x00004000203f0000)
	libpthread.so.0 => /usr/lib64/libpthread.so.0 (0x0000400020420000)
KML251_LINKED_LIBRARY=/opt/donaudata/donau/HPCKit_25.1.0_Linux-aarch64/package/KunpengHPCKit-kml.25.1.0/gcclib/sme/kblas/multi/libkblas.so.25.1.0
GOMP_LINKED_LIBRARY=/CLUSTER_USER_HOME/kunpeng-experiments/trsm-kml251-f6110e522b93/compiler-private/gcc-12.3.1-2025.03-aarch64-linux/lib64/libgomp.so.1.0.0
KML251_DEPENDENCY_AUDIT_PASS=1
LINKAGE_REPEAT 3/3 END
