LINKAGE_REPEAT 1/3 BEGIN
JOB_ID=1579645
BINARY=/CLUSTER_USER_HOME/kunpeng-experiments/trsm-kml251-b9ae2bf8464f/T15-svetile128/source/trsm_test
LDD_EXIT_CODE=0
	linux-vdso.so.1 (0x0000400037989000)
	libm.so.6 => /usr/lib64/libm.so.6 (0x00004000379b0000)
	libkblas.so.25.1.0 => /opt/donaudata/donau/HPCKit_25.1.0_Linux-aarch64/package/KunpengHPCKit-kml.25.1.0/gcclib/sme/kblas/multi/libkblas.so.25.1.0 (0x0000400037a60000)
	libgomp.so.1 => /CLUSTER_USER_HOME/kunpeng-experiments/trsm-kml251-f6110e522b93/compiler-private/gcc-12.3.1-2025.03-aarch64-linux/lib64/libgomp.so.1 (0x000040003db90000)
	libc.so.6 => /usr/lib64/libc.so.6 (0x000040003dc00000)
	/lib/ld-linux-aarch64.so.1 (0x000040003795f000)
	libdl.so.2 => /usr/lib64/libdl.so.2 (0x000040003ddc0000)
	libpthread.so.0 => /usr/lib64/libpthread.so.0 (0x000040003ddf0000)
KML251_LINKED_LIBRARY=/opt/donaudata/donau/HPCKit_25.1.0_Linux-aarch64/package/KunpengHPCKit-kml.25.1.0/gcclib/sme/kblas/multi/libkblas.so.25.1.0
GOMP_LINKED_LIBRARY=/CLUSTER_USER_HOME/kunpeng-experiments/trsm-kml251-f6110e522b93/compiler-private/gcc-12.3.1-2025.03-aarch64-linux/lib64/libgomp.so.1.0.0
KML251_DEPENDENCY_AUDIT_PASS=1
LINKAGE_REPEAT 1/3 END
LINKAGE_REPEAT 2/3 BEGIN
JOB_ID=1579645
BINARY=/CLUSTER_USER_HOME/kunpeng-experiments/trsm-kml251-b9ae2bf8464f/T15-svetile128/source/trsm_test
LDD_EXIT_CODE=0
	linux-vdso.so.1 (0x00004000142a9000)
	libm.so.6 => /usr/lib64/libm.so.6 (0x00004000142d0000)
	libkblas.so.25.1.0 => /opt/donaudata/donau/HPCKit_25.1.0_Linux-aarch64/package/KunpengHPCKit-kml.25.1.0/gcclib/sme/kblas/multi/libkblas.so.25.1.0 (0x0000400014380000)
	libgomp.so.1 => /CLUSTER_USER_HOME/kunpeng-experiments/trsm-kml251-f6110e522b93/compiler-private/gcc-12.3.1-2025.03-aarch64-linux/lib64/libgomp.so.1 (0x000040001a4b0000)
	libc.so.6 => /usr/lib64/libc.so.6 (0x000040001a520000)
	/lib/ld-linux-aarch64.so.1 (0x000040001427f000)
	libdl.so.2 => /usr/lib64/libdl.so.2 (0x000040001a6e0000)
	libpthread.so.0 => /usr/lib64/libpthread.so.0 (0x000040001a710000)
KML251_LINKED_LIBRARY=/opt/donaudata/donau/HPCKit_25.1.0_Linux-aarch64/package/KunpengHPCKit-kml.25.1.0/gcclib/sme/kblas/multi/libkblas.so.25.1.0
GOMP_LINKED_LIBRARY=/CLUSTER_USER_HOME/kunpeng-experiments/trsm-kml251-f6110e522b93/compiler-private/gcc-12.3.1-2025.03-aarch64-linux/lib64/libgomp.so.1.0.0
KML251_DEPENDENCY_AUDIT_PASS=1
LINKAGE_REPEAT 2/3 END
LINKAGE_REPEAT 3/3 BEGIN
JOB_ID=1579645
BINARY=/CLUSTER_USER_HOME/kunpeng-experiments/trsm-kml251-b9ae2bf8464f/T15-svetile128/source/trsm_test
LDD_EXIT_CODE=0
	linux-vdso.so.1 (0x0000400026c85000)
	libm.so.6 => /usr/lib64/libm.so.6 (0x0000400026ca0000)
	libkblas.so.25.1.0 => /opt/donaudata/donau/HPCKit_25.1.0_Linux-aarch64/package/KunpengHPCKit-kml.25.1.0/gcclib/sme/kblas/multi/libkblas.so.25.1.0 (0x0000400026d50000)
	libgomp.so.1 => /CLUSTER_USER_HOME/kunpeng-experiments/trsm-kml251-f6110e522b93/compiler-private/gcc-12.3.1-2025.03-aarch64-linux/lib64/libgomp.so.1 (0x000040002ce90000)
	libc.so.6 => /usr/lib64/libc.so.6 (0x000040002cf00000)
	/lib/ld-linux-aarch64.so.1 (0x0000400026c5b000)
	libdl.so.2 => /usr/lib64/libdl.so.2 (0x000040002d0c0000)
	libpthread.so.0 => /usr/lib64/libpthread.so.0 (0x000040002d0f0000)
KML251_LINKED_LIBRARY=/opt/donaudata/donau/HPCKit_25.1.0_Linux-aarch64/package/KunpengHPCKit-kml.25.1.0/gcclib/sme/kblas/multi/libkblas.so.25.1.0
GOMP_LINKED_LIBRARY=/CLUSTER_USER_HOME/kunpeng-experiments/trsm-kml251-f6110e522b93/compiler-private/gcc-12.3.1-2025.03-aarch64-linux/lib64/libgomp.so.1.0.0
KML251_DEPENDENCY_AUDIT_PASS=1
LINKAGE_REPEAT 3/3 END
