LINKAGE_REPEAT 1/3 BEGIN
JOB_ID=1582239
BINARY=/CLUSTER_USER_HOME/kunpeng-experiments/trsm-kml251-16bc955d4e1a/T20-wideunroll2-repeat-r20/source/trsm_test
LDD_EXIT_CODE=0
	linux-vdso.so.1 (0x000040000a8e3000)
	libm.so.6 => /usr/lib64/libm.so.6 (0x000040000a900000)
	libkblas.so.25.1.0 => /opt/donaudata/donau/HPCKit_25.1.0_Linux-aarch64/package/KunpengHPCKit-kml.25.1.0/gcclib/sme/kblas/multi/libkblas.so.25.1.0 (0x000040000a9b0000)
	libgomp.so.1 => /CLUSTER_USER_HOME/kunpeng-experiments/trsm-kml251-f6110e522b93/compiler-private/gcc-12.3.1-2025.03-aarch64-linux/lib64/libgomp.so.1 (0x0000400010af0000)
	libc.so.6 => /usr/lib64/libc.so.6 (0x0000400010b60000)
	/lib/ld-linux-aarch64.so.1 (0x000040000a8b9000)
	libdl.so.2 => /usr/lib64/libdl.so.2 (0x0000400010d20000)
	libpthread.so.0 => /usr/lib64/libpthread.so.0 (0x0000400010d50000)
KML251_LINKED_LIBRARY=/opt/donaudata/donau/HPCKit_25.1.0_Linux-aarch64/package/KunpengHPCKit-kml.25.1.0/gcclib/sme/kblas/multi/libkblas.so.25.1.0
GOMP_LINKED_LIBRARY=/CLUSTER_USER_HOME/kunpeng-experiments/trsm-kml251-f6110e522b93/compiler-private/gcc-12.3.1-2025.03-aarch64-linux/lib64/libgomp.so.1.0.0
KML251_DEPENDENCY_AUDIT_PASS=1
LINKAGE_REPEAT 1/3 END
LINKAGE_REPEAT 2/3 BEGIN
JOB_ID=1582239
BINARY=/CLUSTER_USER_HOME/kunpeng-experiments/trsm-kml251-16bc955d4e1a/T20-wideunroll2-repeat-r20/source/trsm_test
LDD_EXIT_CODE=0
	linux-vdso.so.1 (0x0000400001248000)
	libm.so.6 => /usr/lib64/libm.so.6 (0x0000400001260000)
	libkblas.so.25.1.0 => /opt/donaudata/donau/HPCKit_25.1.0_Linux-aarch64/package/KunpengHPCKit-kml.25.1.0/gcclib/sme/kblas/multi/libkblas.so.25.1.0 (0x0000400001320000)
	libgomp.so.1 => /CLUSTER_USER_HOME/kunpeng-experiments/trsm-kml251-f6110e522b93/compiler-private/gcc-12.3.1-2025.03-aarch64-linux/lib64/libgomp.so.1 (0x0000400007450000)
	libc.so.6 => /usr/lib64/libc.so.6 (0x00004000074c0000)
	/lib/ld-linux-aarch64.so.1 (0x000040000121e000)
	libdl.so.2 => /usr/lib64/libdl.so.2 (0x0000400007680000)
	libpthread.so.0 => /usr/lib64/libpthread.so.0 (0x00004000076b0000)
KML251_LINKED_LIBRARY=/opt/donaudata/donau/HPCKit_25.1.0_Linux-aarch64/package/KunpengHPCKit-kml.25.1.0/gcclib/sme/kblas/multi/libkblas.so.25.1.0
GOMP_LINKED_LIBRARY=/CLUSTER_USER_HOME/kunpeng-experiments/trsm-kml251-f6110e522b93/compiler-private/gcc-12.3.1-2025.03-aarch64-linux/lib64/libgomp.so.1.0.0
KML251_DEPENDENCY_AUDIT_PASS=1
LINKAGE_REPEAT 2/3 END
LINKAGE_REPEAT 3/3 BEGIN
JOB_ID=1582239
BINARY=/CLUSTER_USER_HOME/kunpeng-experiments/trsm-kml251-16bc955d4e1a/T20-wideunroll2-repeat-r20/source/trsm_test
LDD_EXIT_CODE=0
	linux-vdso.so.1 (0x0000400001a32000)
	libm.so.6 => /usr/lib64/libm.so.6 (0x0000400001a50000)
	libkblas.so.25.1.0 => /opt/donaudata/donau/HPCKit_25.1.0_Linux-aarch64/package/KunpengHPCKit-kml.25.1.0/gcclib/sme/kblas/multi/libkblas.so.25.1.0 (0x0000400001b00000)
	libgomp.so.1 => /CLUSTER_USER_HOME/kunpeng-experiments/trsm-kml251-f6110e522b93/compiler-private/gcc-12.3.1-2025.03-aarch64-linux/lib64/libgomp.so.1 (0x0000400007c40000)
	libc.so.6 => /usr/lib64/libc.so.6 (0x0000400007cb0000)
	/lib/ld-linux-aarch64.so.1 (0x0000400001a08000)
	libdl.so.2 => /usr/lib64/libdl.so.2 (0x0000400007e70000)
	libpthread.so.0 => /usr/lib64/libpthread.so.0 (0x0000400007ea0000)
KML251_LINKED_LIBRARY=/opt/donaudata/donau/HPCKit_25.1.0_Linux-aarch64/package/KunpengHPCKit-kml.25.1.0/gcclib/sme/kblas/multi/libkblas.so.25.1.0
GOMP_LINKED_LIBRARY=/CLUSTER_USER_HOME/kunpeng-experiments/trsm-kml251-f6110e522b93/compiler-private/gcc-12.3.1-2025.03-aarch64-linux/lib64/libgomp.so.1.0.0
KML251_DEPENDENCY_AUDIT_PASS=1
LINKAGE_REPEAT 3/3 END
