LINKAGE_REPEAT 1/3 BEGIN
JOB_ID=1579600
BINARY=/CLUSTER_USER_HOME/kunpeng-experiments/trsm-kml251-21d15d9cc18c/T8-control12-repeat-r11/source/trsm_test
LDD_EXIT_CODE=0
	linux-vdso.so.1 (0x000040000719d000)
	libm.so.6 => /usr/lib64/libm.so.6 (0x00004000071c0000)
	libkblas.so.25.1.0 => /opt/donaudata/donau/HPCKit_25.1.0_Linux-aarch64/package/KunpengHPCKit-kml.25.1.0/gcclib/sme/kblas/multi/libkblas.so.25.1.0 (0x0000400007270000)
	libgomp.so.1 => /CLUSTER_USER_HOME/kunpeng-experiments/trsm-kml251-f6110e522b93/compiler-private/gcc-12.3.1-2025.03-aarch64-linux/lib64/libgomp.so.1 (0x000040000d3b0000)
	libc.so.6 => /usr/lib64/libc.so.6 (0x000040000d420000)
	/lib/ld-linux-aarch64.so.1 (0x0000400007173000)
	libdl.so.2 => /usr/lib64/libdl.so.2 (0x000040000d5e0000)
	libpthread.so.0 => /usr/lib64/libpthread.so.0 (0x000040000d610000)
KML251_LINKED_LIBRARY=/opt/donaudata/donau/HPCKit_25.1.0_Linux-aarch64/package/KunpengHPCKit-kml.25.1.0/gcclib/sme/kblas/multi/libkblas.so.25.1.0
GOMP_LINKED_LIBRARY=/CLUSTER_USER_HOME/kunpeng-experiments/trsm-kml251-f6110e522b93/compiler-private/gcc-12.3.1-2025.03-aarch64-linux/lib64/libgomp.so.1.0.0
KML251_DEPENDENCY_AUDIT_PASS=1
LINKAGE_REPEAT 1/3 END
LINKAGE_REPEAT 2/3 BEGIN
JOB_ID=1579600
BINARY=/CLUSTER_USER_HOME/kunpeng-experiments/trsm-kml251-21d15d9cc18c/T8-control12-repeat-r11/source/trsm_test
LDD_EXIT_CODE=0
	linux-vdso.so.1 (0x00004000310e5000)
	libm.so.6 => /usr/lib64/libm.so.6 (0x0000400031100000)
	libkblas.so.25.1.0 => /opt/donaudata/donau/HPCKit_25.1.0_Linux-aarch64/package/KunpengHPCKit-kml.25.1.0/gcclib/sme/kblas/multi/libkblas.so.25.1.0 (0x00004000311b0000)
	libgomp.so.1 => /CLUSTER_USER_HOME/kunpeng-experiments/trsm-kml251-f6110e522b93/compiler-private/gcc-12.3.1-2025.03-aarch64-linux/lib64/libgomp.so.1 (0x00004000372f0000)
	libc.so.6 => /usr/lib64/libc.so.6 (0x0000400037360000)
	/lib/ld-linux-aarch64.so.1 (0x00004000310bb000)
	libdl.so.2 => /usr/lib64/libdl.so.2 (0x0000400037520000)
	libpthread.so.0 => /usr/lib64/libpthread.so.0 (0x0000400037550000)
KML251_LINKED_LIBRARY=/opt/donaudata/donau/HPCKit_25.1.0_Linux-aarch64/package/KunpengHPCKit-kml.25.1.0/gcclib/sme/kblas/multi/libkblas.so.25.1.0
GOMP_LINKED_LIBRARY=/CLUSTER_USER_HOME/kunpeng-experiments/trsm-kml251-f6110e522b93/compiler-private/gcc-12.3.1-2025.03-aarch64-linux/lib64/libgomp.so.1.0.0
KML251_DEPENDENCY_AUDIT_PASS=1
LINKAGE_REPEAT 2/3 END
LINKAGE_REPEAT 3/3 BEGIN
JOB_ID=1579600
BINARY=/CLUSTER_USER_HOME/kunpeng-experiments/trsm-kml251-21d15d9cc18c/T8-control12-repeat-r11/source/trsm_test
LDD_EXIT_CODE=0
	linux-vdso.so.1 (0x000040001ea0c000)
	libm.so.6 => /usr/lib64/libm.so.6 (0x000040001ea30000)
	libkblas.so.25.1.0 => /opt/donaudata/donau/HPCKit_25.1.0_Linux-aarch64/package/KunpengHPCKit-kml.25.1.0/gcclib/sme/kblas/multi/libkblas.so.25.1.0 (0x000040001eae0000)
	libgomp.so.1 => /CLUSTER_USER_HOME/kunpeng-experiments/trsm-kml251-f6110e522b93/compiler-private/gcc-12.3.1-2025.03-aarch64-linux/lib64/libgomp.so.1 (0x0000400024c20000)
	libc.so.6 => /usr/lib64/libc.so.6 (0x0000400024c90000)
	/lib/ld-linux-aarch64.so.1 (0x000040001e9e2000)
	libdl.so.2 => /usr/lib64/libdl.so.2 (0x0000400024e50000)
	libpthread.so.0 => /usr/lib64/libpthread.so.0 (0x0000400024e80000)
KML251_LINKED_LIBRARY=/opt/donaudata/donau/HPCKit_25.1.0_Linux-aarch64/package/KunpengHPCKit-kml.25.1.0/gcclib/sme/kblas/multi/libkblas.so.25.1.0
GOMP_LINKED_LIBRARY=/CLUSTER_USER_HOME/kunpeng-experiments/trsm-kml251-f6110e522b93/compiler-private/gcc-12.3.1-2025.03-aarch64-linux/lib64/libgomp.so.1.0.0
KML251_DEPENDENCY_AUDIT_PASS=1
LINKAGE_REPEAT 3/3 END
