HPCKIT_COMPILER_RUNTIME_LAYOUT
f /opt/donaudata/donau/HPCKit_25.1.0_Linux-aarch64/package/Hyper-MPI_25.1.0_aarch64_KylinSec_GCC_rdma-core-release.tar.gz -> 
f /opt/donaudata/donau/HPCKit_25.1.0_Linux-aarch64/package/Hyper-MPI_25.1.0_aarch64_openEuler22.03SP4_GCC_MLNX-OFED5.8-debug.tar.gz -> 
f /opt/donaudata/donau/HPCKit_25.1.0_Linux-aarch64/package/Hyper-MPI_25.1.0_aarch64_KylinV10SP2_GCC_MLNX-OFED5.4-release.tar.gz -> 
f /opt/donaudata/donau/HPCKit_25.1.0_Linux-aarch64/package/Hyper-MPI_25.1.0_aarch64_openEuler20.03_GCC_MLNX-OFED5.8-debug.tar.gz -> 
f /opt/donaudata/donau/HPCKit_25.1.0_Linux-aarch64/package/Hyper-MPI_25.1.0_aarch64_openEuler22.03_GCC_MLNX-OFED5.8-debug.tar.gz -> 
f /opt/donaudata/donau/HPCKit_25.1.0_Linux-aarch64/package/Hyper-MPI_25.1.0_aarch64_openEuler22.03SP4_GCC_rdma-core-debug.tar.gz -> 
f /opt/donaudata/donau/HPCKit_25.1.0_Linux-aarch64/package/Hyper-MPI_25.1.0_aarch64_openEuler22.03SP4_GCC_MLNX-OFED5.8-release.tar.gz -> 
f /opt/donaudata/donau/HPCKit_25.1.0_Linux-aarch64/package/KUPL_25.1.0_GCC.tar.gz -> 
f /opt/donaudata/donau/HPCKit_25.1.0_Linux-aarch64/package/gcc-12.3.1-2025.03-aarch64-linux.tar.gz -> 
f /opt/donaudata/donau/HPCKit_25.1.0_Linux-aarch64/package/Hyper-MPI_25.1.0_aarch64_openEuler22.03_GCC_rdma-core-release.tar.gz -> 
f /opt/donaudata/donau/HPCKit_25.1.0_Linux-aarch64/package/Hyper-MPI_25.1.0_aarch64_openEuler20.03_GCC_MLNX-OFED5.8-release.tar.gz -> 
f /opt/donaudata/donau/HPCKit_25.1.0_Linux-aarch64/package/Hyper-MPI_25.1.0_aarch64_KylinSec_GCC_MLNX-OFED5.8-debug.tar.gz -> 
f /opt/donaudata/donau/HPCKit_25.1.0_Linux-aarch64/package/Hyper-MPI_25.1.0_aarch64_KylinSec_GCC_rdma-core-debug.tar.gz -> 
f /opt/donaudata/donau/HPCKit_25.1.0_Linux-aarch64/package/Hyper-MPI_25.1.0_aarch64_KylinV10-HPC_GCC_MLNX-OFED5.8-debug.tar.gz -> 
f /opt/donaudata/donau/HPCKit_25.1.0_Linux-aarch64/package/Hyper-MPI_25.1.0_aarch64_KylinV10-HPC_GCC_MLNX-OFED5.8-release.tar.gz -> 
f /opt/donaudata/donau/HPCKit_25.1.0_Linux-aarch64/package/Hyper-MPI_25.1.0_aarch64_KylinV10-HPC_GCC_rdma-core-release.tar.gz -> 
f /opt/donaudata/donau/HPCKit_25.1.0_Linux-aarch64/package/Hyper-MPI_25.1.0_aarch64_openEuler22.03SP4_GCC_rdma-core-release.tar.gz -> 
f /opt/donaudata/donau/HPCKit_25.1.0_Linux-aarch64/package/Hyper-MPI_25.1.0_aarch64_KylinV10-HPC_GCC_rdma-core-debug.tar.gz -> 
f /opt/donaudata/donau/HPCKit_25.1.0_Linux-aarch64/package/Hyper-MPI_25.1.0_aarch64_KylinSec_GCC_MLNX-OFED5.8-release.tar.gz -> 
f /opt/donaudata/donau/HPCKit_25.1.0_Linux-aarch64/package/Hyper-MPI_25.1.0_aarch64_openEuler22.03_GCC_rdma-core-debug.tar.gz -> 
f /opt/donaudata/donau/HPCKit_25.1.0_Linux-aarch64/package/Hyper-MPI_25.1.0_aarch64_KylinV10SP2_GCC_MLNX-OFED5.4-debug.tar.gz -> 
f /opt/donaudata/donau/HPCKit_25.1.0_Linux-aarch64/package/Hyper-MPI_25.1.0_aarch64_openEuler22.03_GCC_MLNX-OFED5.8-release.tar.gz -> 
f /opt/donaudata/donau/HPCKit_25.1.0_Linux-aarch64/package/BiShengCompiler-4.2.0.2-aarch64-linux.tar.gz -> 
HPCKIT_COMPILER_DIRECTORY_NAMES
/opt/donaudata/donau/HPCKit_25.1.0_Linux-aarch64/package/KunpengHPCKit-kml.25.1.0/gcclib
