OPT_COMPILER_INSTALLATIONS
GCC1231_ARCHIVE_SIZE
326006887 bytes /opt/donaudata/donau/HPCKit_25.1.0_Linux-aarch64/package/gcc-12.3.1-2025.03-aarch64-linux.tar.gz
GCC1231_ARCHIVE_TOP_AND_RUNTIME_METADATA
drwxr-xr-x root/root         0 2025-08-08 17:42 gcc-12.3.1-2025.03-aarch64-linux/
drwxr-xr-x root/root         0 2025-03-20 20:20 gcc-12.3.1-2025.03-aarch64-linux/lib64_public/
lrwxrwxrwx root/root         0 2025-03-20 19:33 gcc-12.3.1-2025.03-aarch64-linux/lib64_public/libprotoc.so -> libprotoc.so.25.1.0
-rwxr-xr-x root/root      5966 2025-03-20 20:00 gcc-12.3.1-2025.03-aarch64-linux/lib64_public/libMLIRRuntimeVerifiableOpInterface.a
-rwxr-xr-x root/root    925480 2025-03-20 20:00 gcc-12.3.1-2025.03-aarch64-linux/lib64_public/libMLIRGPUTransformOps.a
-rwxr-xr-x root/root   5381536 2025-03-20 20:20 gcc-12.3.1-2025.03-aarch64-linux/lib64_public/libpin_gcc_client.so
-rwxr-xr-x root/root     30680 2025-03-20 20:00 gcc-12.3.1-2025.03-aarch64-linux/lib64_public/libMLIRCAPIPDL.a
-rwxr-xr-x root/root      9518 2025-03-20 20:00 gcc-12.3.1-2025.03-aarch64-linux/lib64_public/libMLIRArmSMEUtils.a
-rwxr-xr-x root/root       169 2025-03-20 20:15 gcc-12.3.1-2025.03-aarch64-linux/lib64/libgomp.spec
lrwxrwxrwx root/root         0 2025-03-20 20:15 gcc-12.3.1-2025.03-aarch64-linux/lib64/libgomp.so -> libgomp.so.1.0.0
-rwxr-xr-x root/root    540518 2025-03-20 20:15 gcc-12.3.1-2025.03-aarch64-linux/lib64/libgomp.a
-rwxr-xr-x root/root    132960 2025-03-20 20:21 gcc-12.3.1-2025.03-aarch64-linux/lib64/libgcc_s.so.1
lrwxrwxrwx root/root         0 2025-03-20 20:15 gcc-12.3.1-2025.03-aarch64-linux/lib64/libgomp.so.1 -> libgomp.so.1.0.0
-rwxr-xr-x root/root       132 2025-03-20 20:15 gcc-12.3.1-2025.03-aarch64-linux/lib64/libgcc_s.so
-rwxr-xr-x root/root    330360 2025-03-20 20:21 gcc-12.3.1-2025.03-aarch64-linux/lib64/libgomp.so.1.0.0
hrwxr-xr-x root/root         0 2025-03-20 20:20 gcc-12.3.1-2025.03-aarch64-linux/bin/gcc link to gcc-12.3.1-2025.03-aarch64-linux/bin/aarch64-linux-gnu-gcc-12.3.1
