KML_ARCH=sme
    37: 0000000000000000     0 FUNC    GLOBAL DEFAULT  UND omp_get_supported_active_levels@OMP_5.0.1 (6)
    53: 0000000000000000     0 FUNC    GLOBAL DEFAULT  UND GOMP_parallel@GOMP_4.0 (7)
KML_ARCH=sve
    36: 0000000000000000     0 FUNC    GLOBAL DEFAULT  UND omp_get_supported_active_levels@OMP_5.0.1 (6)
    52: 0000000000000000     0 FUNC    GLOBAL DEFAULT  UND GOMP_parallel@GOMP_4.0 (7)
KML_ARCH=neon
    36: 0000000000000000     0 FUNC    GLOBAL DEFAULT  UND omp_get_supported_active_levels@OMP_5.0.1 (6)
    51: 0000000000000000     0 FUNC    GLOBAL DEFAULT  UND GOMP_parallel@GOMP_4.0 (7)
TOP_LEVEL_COMPILER_LOCATIONS
/opt/apps/
/opt/batch/
/opt/batch_backup/
/opt/buildtools/
/opt/compiler/
/opt/dfv/
/opt/donaubak/
/opt/donaudata/
/opt/dpc_om/
/opt/hinic/
/opt/oceanstor/
/opt/patch_workspace/
/opt/syslog/
/usr/local/bin/
/usr/local/doc/
/usr/local/etc/
/usr/local/games/
/usr/local/include/
/usr/local/lib/
/usr/local/lib64/
/usr/local/libexec/
/usr/local/man/
/usr/local/sbin/
/usr/local/share/
/usr/local/src/
CURRENT_RUNTIME_SYMBOL
