LINKAGE_REPEAT 1/3 BEGIN
JOB_ID=1581516
BINARY=/CLUSTER_USER_HOME/kunpeng-experiments/trsm-kml251-package-r16-2aa944583c81/unpacked/trsm/trsm_test
LDD_EXIT_CODE=0
	linux-vdso.so.1 (0x0000400037340000)
	libm.so.6 => /usr/lib64/libm.so.6 (0x0000400037360000)
	libkblas.so.25.1.0 => /opt/donaudata/donau/HPCKit_25.1.0_Linux-aarch64/package/KunpengHPCKit-kml.25.1.0/gcclib/sme/kblas/multi/libkblas.so.25.1.0 (0x0000400037410000)
	libgomp.so.1 => /CLUSTER_USER_HOME/kunpeng-experiments/trsm-kml251-f6110e522b93/compiler-private/gcc-12.3.1-2025.03-aarch64-linux/lib64/libgomp.so.1 (0x000040003d550000)
	libc.so.6 => /usr/lib64/libc.so.6 (0x000040003d5c0000)
	/lib/ld-linux-aarch64.so.1 (0x0000400037316000)
	libdl.so.2 => /usr/lib64/libdl.so.2 (0x000040003d780000)
	libpthread.so.0 => /usr/lib64/libpthread.so.0 (0x000040003d7b0000)
KML251_LINKED_LIBRARY=/opt/donaudata/donau/HPCKit_25.1.0_Linux-aarch64/package/KunpengHPCKit-kml.25.1.0/gcclib/sme/kblas/multi/libkblas.so.25.1.0
GOMP_LINKED_LIBRARY=/CLUSTER_USER_HOME/kunpeng-experiments/trsm-kml251-f6110e522b93/compiler-private/gcc-12.3.1-2025.03-aarch64-linux/lib64/libgomp.so.1.0.0
KML251_DEPENDENCY_AUDIT_PASS=1
LINKAGE_REPEAT 1/3 END
LINKAGE_REPEAT 2/3 BEGIN
JOB_ID=1581516
BINARY=/CLUSTER_USER_HOME/kunpeng-experiments/trsm-kml251-package-r16-2aa944583c81/unpacked/trsm/trsm_test
LDD_EXIT_CODE=0
	linux-vdso.so.1 (0x000040003b800000)
	libm.so.6 => /usr/lib64/libm.so.6 (0x000040003b820000)
	libkblas.so.25.1.0 => /opt/donaudata/donau/HPCKit_25.1.0_Linux-aarch64/package/KunpengHPCKit-kml.25.1.0/gcclib/sme/kblas/multi/libkblas.so.25.1.0 (0x000040003b8d0000)
	libgomp.so.1 => /CLUSTER_USER_HOME/kunpeng-experiments/trsm-kml251-f6110e522b93/compiler-private/gcc-12.3.1-2025.03-aarch64-linux/lib64/libgomp.so.1 (0x0000400041a10000)
	libc.so.6 => /usr/lib64/libc.so.6 (0x0000400041a80000)
	/lib/ld-linux-aarch64.so.1 (0x000040003b7d6000)
	libdl.so.2 => /usr/lib64/libdl.so.2 (0x0000400041c40000)
	libpthread.so.0 => /usr/lib64/libpthread.so.0 (0x0000400041c70000)
KML251_LINKED_LIBRARY=/opt/donaudata/donau/HPCKit_25.1.0_Linux-aarch64/package/KunpengHPCKit-kml.25.1.0/gcclib/sme/kblas/multi/libkblas.so.25.1.0
GOMP_LINKED_LIBRARY=/CLUSTER_USER_HOME/kunpeng-experiments/trsm-kml251-f6110e522b93/compiler-private/gcc-12.3.1-2025.03-aarch64-linux/lib64/libgomp.so.1.0.0
KML251_DEPENDENCY_AUDIT_PASS=1
LINKAGE_REPEAT 2/3 END
LINKAGE_REPEAT 3/3 BEGIN
JOB_ID=1581516
BINARY=/CLUSTER_USER_HOME/kunpeng-experiments/trsm-kml251-package-r16-2aa944583c81/unpacked/trsm/trsm_test
LDD_EXIT_CODE=0
	linux-vdso.so.1 (0x000040000fffb000)
	libm.so.6 => /usr/lib64/libm.so.6 (0x0000400010020000)
	libkblas.so.25.1.0 => /opt/donaudata/donau/HPCKit_25.1.0_Linux-aarch64/package/KunpengHPCKit-kml.25.1.0/gcclib/sme/kblas/multi/libkblas.so.25.1.0 (0x00004000100d0000)
	libgomp.so.1 => /CLUSTER_USER_HOME/kunpeng-experiments/trsm-kml251-f6110e522b93/compiler-private/gcc-12.3.1-2025.03-aarch64-linux/lib64/libgomp.so.1 (0x0000400016200000)
	libc.so.6 => /usr/lib64/libc.so.6 (0x0000400016280000)
	/lib/ld-linux-aarch64.so.1 (0x000040000ffd1000)
	libdl.so.2 => /usr/lib64/libdl.so.2 (0x0000400016430000)
	libpthread.so.0 => /usr/lib64/libpthread.so.0 (0x0000400016470000)
KML251_LINKED_LIBRARY=/opt/donaudata/donau/HPCKit_25.1.0_Linux-aarch64/package/KunpengHPCKit-kml.25.1.0/gcclib/sme/kblas/multi/libkblas.so.25.1.0
GOMP_LINKED_LIBRARY=/CLUSTER_USER_HOME/kunpeng-experiments/trsm-kml251-f6110e522b93/compiler-private/gcc-12.3.1-2025.03-aarch64-linux/lib64/libgomp.so.1.0.0
KML251_DEPENDENCY_AUDIT_PASS=1
LINKAGE_REPEAT 3/3 END
