KML251_PROBE_BEGIN=2026-09-12T16:04:53Z
REFERENCE=Huawei KML 25.1.0 GCC kblas multi; not required KML 25.2.0
ROOT=/opt/donaudata/donau/HPCKit_25.1.0_Linux-aarch64/package/KunpengHPCKit-kml.25.1.0
ARCH_SELECTION=sme
LIBDIR=/opt/donaudata/donau/HPCKit_25.1.0_Linux-aarch64/package/KunpengHPCKit-kml.25.1.0/gcclib/sme/kblas/multi
KBLAS_LIB_IS_UNSET=1

PACKAGE_TEXT=/opt/donaudata/donau/HPCKit_25.1.0_Linux-aarch64/package/KunpengHPCKit-kml.25.1.0/modulefiles/kml
#%Module1.0#############################################################################
##
##  Huawei Kunpeng Math library
##
## Copyright 2024 Huawei Technologies Co. Ltd. All rights reserved.

########################################################################################
# Module description
########################################################################################

proc ModulesHelp { } {
    puts stderr " "
    puts stderr "This module loads the Huawei Kunpeng Math library."
}

module-whatis "Huawei Kunpeng Math library"
module-whatis "Description: This module loads the Huawei Kunpeng Math library."
########################################################################################
# Main section
########################################################################################
# 获取modulefile路径(含文件名)
set modulefilepathname "${ModulesCurrentModulefile}"
# 获取modulefile绝对路径(含文件名)
set modulefilepathname "[file normalize "$modulefilepathname"]"
# 获取modulefiles绝对路径
set modulefilepath "[file dirname "$modulefilepathname"]"
# 获取bisheng或gcc版本kml安装路径
set kml_path "[file dirname "$modulefilepath"]"

set libdir "neon"
set implementer [exec sh -c "cat /proc/cpuinfo | grep 'CPU implementer' | awk 'NR==1{printf \$4}'"]
set part [exec sh -c "cat /proc/cpuinfo | grep 'CPU part' | awk 'NR==1{printf \$4}'"]
set cputype "${implementer}-${part}"

# 根据 CPU 类型设置 libdir
if {[string equal $cputype "0x48-0xd01"]} {
    set libdir "neon"
} elseif {[string equal $cputype "0x48-0xd02"]} {
    set libdir "sve"
} elseif {[string equal $cputype "0x48-0xd03"]} {
    set libdir "sve"
} elseif {[string equal $cputype "0x48-0xd06"]} {
    set libdir "sve"
} elseif {[string equal $cputype "0x48-0xd22"]} {
    set libdir "sve512"
} else {
    set libdir "neon"
}

# 环境变量依赖检查安装
if { ![ is-loaded ./kspblas/serial ] && ![ is-loaded ./kspblas/omp ] }    { module load ./kspblas/omp }
if { ![ is-loaded ./kvml/serial ] && ![ is-loaded ./kvml/omp ] }    { module load ./kvml/serial }
if { ![ is-loaded ./kblas/multi ] &&
     ![ is-loaded ./kblas/serial-locking ] && ![ is-loaded ./kblas/serial-nolocking ] } {
        module load ./kblas/multi
}

# 设置环境变量
prepend-path    LD_LIBRARY_PATH ${kml_path}/lib:${kml_path}/lib/noarch:${kml_path}/lib/${libdir}
prepend-path    CPATH ${kml_path}/include
prepend-path    INCLUDE ${kml_path}/include

PACKAGE_TEXT=/opt/donaudata/donau/HPCKit_25.1.0_Linux-aarch64/package/KunpengHPCKit-kml.25.1.0/modulefiles/kblas/multi
#%Module1.0#############################################################################
##
##  kblas multi library
##
## Copyright 2024 Huawei Technologies Co. Ltd. All rights reserved.

########################################################################################
# Module description
########################################################################################

proc ModulesHelp { } {
    puts stderr " "
    puts stderr "This module loads the kblas multi library."
}

module-whatis "Huawei Kunpeng Math library"
module-whatis "Description: This module loads the kblas multi library."
########################################################################################
# Main section
########################################################################################
# 获取modulefile路径(含文件名)
set modulefilepathname "${ModulesCurrentModulefile}"
# 获取modulefile绝对路径(含文件名)
set modulefilepathname "[file normalize "$modulefilepathname"]"
# 获取modulefiles绝对路径
set modulefilepath "[file dirname "$modulefilepathname"]"
set modulefilepath "[file dirname "$modulefilepath"]"
# 获取bisheng或gcc版本kml安装路径
set kml_path "[file dirname "$modulefilepath"]"

# 环境变量校验

if { [ is-loaded ./serial-locking ] } {
    puts stderr "ERROR: The environment variable of kblas serial-locking library has added."
    puts stderr "You can module unload kblas serial-locking modulefile, try again."
    exit 1
}

if { [ is-loaded ./serial-nolocking ] } {
    puts stderr "ERROR: The environment variable of kblas serial-nolocking library has added."
    puts stderr "You can module unload kblas serial-nolocking modulefile, try again."
    exit 1
}

set libdir "neon"
set implementer [exec sh -c "cat /proc/cpuinfo | grep 'CPU implementer' | awk 'NR==1{printf \$4}'"]
set part [exec sh -c "cat /proc/cpuinfo | grep 'CPU part' | awk 'NR==1{printf \$4}'"]
set cputype "${implementer}-${part}"

# 根据 CPU 类型设置 libdir
if {[string equal $cputype "0x48-0xd01"]} {
    set libdir "neon"
} elseif {[string equal $cputype "0x48-0xd02"]} {
    set libdir "sve"
} elseif {[string equal $cputype "0x48-0xd03"]} {
    set libdir "sve"
} elseif {[string equal $cputype "0x48-0xd06"]} {
    set libdir "sve"
} elseif {[string equal $cputype "0x48-0xd22"]} {
    set libdir "sme"
} else {
    set libdir "neon"
}

# 设置环境变量
prepend-path    LD_LIBRARY_PATH ${kml_path}/lib/${libdir}/kblas/multi
prepend-path    CPATH ${kml_path}/include
prepend-path    INCLUDE ${kml_path}/include

PACKAGE_TEXT=/opt/donaudata/donau/HPCKit_25.1.0_Linux-aarch64/package/KunpengHPCKit-kml.25.1.0/env/setvars.sh
#!/bin/bash

usage()
{
    echo "------------------------------------How to use------------------------------------"
    echo "usage     : source setvars.sh"
    echo "------------------------------Parameter Description-------------------------------"
    echo "--kblas   : 'locking', 'nolocking', 'multi'"
    echo "--kspblas : 'single', 'multi'. Default value is 'multi'"
    echo "--kvml    : 'single', 'multi'. Default value is 'single'"
    echo "Examples  : source setvars.sh --kblas=locking "
    echo "----------------------------------------------------------------------------------"
}

implementer=$(cat /proc/cpuinfo | grep "CPU implementer" | awk 'NR==1{printf $4}')
part=$(cat /proc/cpuinfo | grep "CPU part" | awk 'NR==1{printf $4}')
cputype="${implementer}-${part}"

if [ "$0" = "$BASH_SOURCE" ]; then
    echo "Incorrect usage: ${_script_name} must be sourced."
    usage
    exit 0
fi

KMLROOT=$(
  cd $(dirname $BASH_SOURCE)/..
  pwd
)


kml_lib_path_config() (
    kml_lib="$1"
    env_lib="$2"

    if [ "" = "${env_lib}" ]; then
        printf "%s" "${kml_lib}"
    else
        printf "%s" "${kml_lib}:${env_lib}"
    fi
)

setvars_kml_kblas_list=("locking" "nolocking" "multi")
setvars_kml_kspblas_list=("multi" "single")
setvars_kml_kvml_list=("multi" "single")
kblas="multi"
kspblas="multi"
kvml="single"

value_is_valid=""
kml_check_options() {
    local list
    eval list="\${setvars_kml_${1}_list[@]}"
    local value=$2
    value_is_true="true"
    if ! echo "${list[@]}" | grep -w -q "$value"; then
        echo -e "\e[31m'$value' is invalid, 'kml_$1' has been set to the default value.\e[0m"
        value_is_true="false"
    fi
}

kml_parse_args() {
    while [ "$#" -gt 0 ]; do
        case "$1" in
        --kblas=*)
            kml_check_options kblas "${1#*=}"
            if [[ $value_is_true == "true" ]] ; then
                kblas="${1#*=}"
            fi
            shift
            ;;
        --kspblas=*)
            kml_check_options kspblas "${1#*=}"
            if [[ $value_is_true == "true" ]] ; then
                kspblas="${1#*=}"
            fi
            shift
            ;;
        --kvml=*)
            kml_check_options kvml "${1#*=}"
            if [[ $value_is_true == "true" ]] ; then
                kvml="${1#*=}"
            fi
            shift
            ;;
        *)
            echo "Unknown option: $1"
            shift
            ;;
        esac
    done
}

kml_parse_args $@

libdir="neon"
kblaslibdir="neon"
get_libpath()
{
    if [ "${cputype}" = "0x48-0xd01" ]; then
        libdir="neon"
        kblaslibdir="neon"
    elif [ "${cputype}" = "0x48-0xd02" ]; then
        libdir="sve"
        kblaslibdir="sve"
    elif [ "${cputype}" = "0x48-0xd03" ]; then
        libdir="sve"
        kblaslibdir="sve"
    elif [ "${cputype}" = "0x48-0xd06" ]; then
        libdir="sve"
        kblaslibdir="sve"
    elif [ "${cputype}" = "0x48-0xd22" ]; then
        libdir="sve512"
        kblaslibdir="sme"
    else
        libdir="neon"
    fi
}

get_libpath

LIBRARY_PATH=$(kml_lib_path_config "${KMLROOT}/lib" "${LIBRARY_PATH:-}")
LIBRARY_PATH=$(kml_lib_path_config "${KMLROOT}/lib/$kblaslibdir/kblas/$kblas" "${LIBRARY_PATH:-}")
LIBRARY_PATH=$(kml_lib_path_config "${KMLROOT}/lib/$libdir/kspblas/$kspblas" "${LIBRARY_PATH:-}")
LIBRARY_PATH=$(kml_lib_path_config "${KMLROOT}/lib/noarch/kvml/$kvml" "${LIBRARY_PATH:-}")
LIBRARY_PATH=$(kml_lib_path_config "${KMLROOT}/lib/noarch" "${LIBRARY_PATH:-}")
LIBRARY_PATH=$(kml_lib_path_config "${KMLROOT}/lib/$libdir" "${LIBRARY_PATH:-}")

LD_LIBRARY_PATH=$(kml_lib_path_config "${KMLROOT}/lib" "${LD_LIBRARY_PATH:-}")
LD_LIBRARY_PATH=$(kml_lib_path_config "${KMLROOT}/lib/$kblaslibdir/kblas/$kblas" "${LD_LIBRARY_PATH:-}")
LD_LIBRARY_PATH=$(kml_lib_path_config "${KMLROOT}/lib/$libdir/kspblas/$kspblas" "${LD_LIBRARY_PATH:-}")
LD_LIBRARY_PATH=$(kml_lib_path_config "${KMLROOT}/lib/noarch/kvml/$kvml" "${LD_LIBRARY_PATH:-}")
LD_LIBRARY_PATH=$(kml_lib_path_config "${KMLROOT}/lib/noarch" "${LD_LIBRARY_PATH:-}")
LD_LIBRARY_PATH=$(kml_lib_path_config "${KMLROOT}/lib/$libdir" "${LD_LIBRARY_PATH:-}")

export KMLROOT
export LIBRARY_PATH
export LD_LIBRARY_PATH
export CPATH=${KMLROOT}/include:$CPATH
export INCLUDE=${KMLROOT}/include:$INCLUDE

PACKAGE_README_FILES

PACKAGE_KBLAS_LAYOUT
f /opt/donaudata/donau/HPCKit_25.1.0_Linux-aarch64/package/KunpengHPCKit-kml.25.1.0/gcclib/sve/kblas/locking/libkblas.so.25.1.0 -> 
l /opt/donaudata/donau/HPCKit_25.1.0_Linux-aarch64/package/KunpengHPCKit-kml.25.1.0/gcclib/sve/kblas/locking/libkblas.so -> libkblas.so.25.1.0
f /opt/donaudata/donau/HPCKit_25.1.0_Linux-aarch64/package/KunpengHPCKit-kml.25.1.0/gcclib/sve/kblas/nolocking/libkblas.so.25.1.0 -> 
l /opt/donaudata/donau/HPCKit_25.1.0_Linux-aarch64/package/KunpengHPCKit-kml.25.1.0/gcclib/sve/kblas/nolocking/libkblas.so -> libkblas.so.25.1.0
f /opt/donaudata/donau/HPCKit_25.1.0_Linux-aarch64/package/KunpengHPCKit-kml.25.1.0/gcclib/sve/kblas/multi/libkblas.so.25.1.0 -> 
l /opt/donaudata/donau/HPCKit_25.1.0_Linux-aarch64/package/KunpengHPCKit-kml.25.1.0/gcclib/sve/kblas/multi/libkblas.so -> libkblas.so.25.1.0
f /opt/donaudata/donau/HPCKit_25.1.0_Linux-aarch64/package/KunpengHPCKit-kml.25.1.0/gcclib/neon/kblas/locking/libkblas.so.25.1.0 -> 
l /opt/donaudata/donau/HPCKit_25.1.0_Linux-aarch64/package/KunpengHPCKit-kml.25.1.0/gcclib/neon/kblas/locking/libkblas.so -> libkblas.so.25.1.0
f /opt/donaudata/donau/HPCKit_25.1.0_Linux-aarch64/package/KunpengHPCKit-kml.25.1.0/gcclib/neon/kblas/nolocking/libkblas.so.25.1.0 -> 
l /opt/donaudata/donau/HPCKit_25.1.0_Linux-aarch64/package/KunpengHPCKit-kml.25.1.0/gcclib/neon/kblas/nolocking/libkblas.so -> libkblas.so.25.1.0
f /opt/donaudata/donau/HPCKit_25.1.0_Linux-aarch64/package/KunpengHPCKit-kml.25.1.0/gcclib/neon/kblas/multi/libkblas.so.25.1.0 -> 
l /opt/donaudata/donau/HPCKit_25.1.0_Linux-aarch64/package/KunpengHPCKit-kml.25.1.0/gcclib/neon/kblas/multi/libkblas.so -> libkblas.so.25.1.0
f /opt/donaudata/donau/HPCKit_25.1.0_Linux-aarch64/package/KunpengHPCKit-kml.25.1.0/gcclib/sme/kblas/locking/libkblas.so.25.1.0 -> 
l /opt/donaudata/donau/HPCKit_25.1.0_Linux-aarch64/package/KunpengHPCKit-kml.25.1.0/gcclib/sme/kblas/locking/libkblas.so -> libkblas.so.25.1.0
f /opt/donaudata/donau/HPCKit_25.1.0_Linux-aarch64/package/KunpengHPCKit-kml.25.1.0/gcclib/sme/kblas/nolocking/libkblas.so.25.1.0 -> 
l /opt/donaudata/donau/HPCKit_25.1.0_Linux-aarch64/package/KunpengHPCKit-kml.25.1.0/gcclib/sme/kblas/nolocking/libkblas.so -> libkblas.so.25.1.0
f /opt/donaudata/donau/HPCKit_25.1.0_Linux-aarch64/package/KunpengHPCKit-kml.25.1.0/gcclib/sme/kblas/multi/libkblas.so.25.1.0 -> 
l /opt/donaudata/donau/HPCKit_25.1.0_Linux-aarch64/package/KunpengHPCKit-kml.25.1.0/gcclib/sme/kblas/multi/libkblas.so -> libkblas.so.25.1.0

REQUIRED_HEADER_DECLARATIONS
86-void BlasSetNumThreadsLocal(int numThreadsLocal);
87-
88-/* Get the number of threads on runtime. */
89:int BlasGetNumThreads(void);
90-
91-/* Get the number of local threads on runtime. */
92:int BlasGetNumThreadsLocal(void);
93-
94-/* Get the number of physical processors (cores). */
95-int BlasGetNumProcs(void);
96-
--
155-    char componentVersion[VERSION_STRUCT_LEN];
156-    char componentAppendInfo[VERSION_STRUCT_LEN];
157-    char softwareName[VERSION_STRUCT_LEN];
158:    char softwareVersion[VERSION_STRUCT_LEN];
159-} KBLASVersion;
160:int KBLASGetVersion(KBLASVersion *ver);
161-
162-float cblas_sdsdot(const BLASINT n, const float alpha, const float *x, const BLASINT incX, const float *y,
163-    const BLASINT incY);
164-double cblas_dsdot(const BLASINT n, const float *x, const BLASINT incX, const float *y, const BLASINT incY);
--
205-
206-void cblas_somatcopy(const enum CBLAS_ORDER cblasOrder, const enum CBLAS_TRANSPOSE cblasTrans, const BLASINT crows,
207-    const BLASINT ccols, const float calpha, const float *a, const BLASINT clda, float *b, const BLASINT cldb);
208:void cblas_domatcopy(const enum CBLAS_ORDER cblasOrder, const enum CBLAS_TRANSPOSE cblasTrans, const BLASINT crows,
209-    const BLASINT ccols, const double calpha, const double *a, const BLASINT clda, double *b, const BLASINT cldb);
210-void cblas_comatcopy(const enum CBLAS_ORDER cblasOrder, const enum CBLAS_TRANSPOSE cblasTrans, const BLASINT crows,
211-    const BLASINT ccols, const float *calpha, const float *a, const BLASINT clda, float *b, const BLASINT cldb);
212-void cblas_zomatcopy(const enum CBLAS_ORDER cblasOrder, const enum CBLAS_TRANSPOSE cblasTrans, const BLASINT crows,
--
525-void cblas_sgemm(const enum CBLAS_ORDER order, const enum CBLAS_TRANSPOSE transA, const enum CBLAS_TRANSPOSE transB,
526-    const BLASINT m, const BLASINT n, const BLASINT k, const float alpha, const float *a, const BLASINT lda,
527-    const float *b, const BLASINT ldb, const float beta, float *c, const BLASINT ldc);
528:void cblas_dgemm(const enum CBLAS_ORDER order, const enum CBLAS_TRANSPOSE transA, const enum CBLAS_TRANSPOSE transB,
529-    const BLASINT m, const BLASINT n, const BLASINT k, const double alpha, const double *a, const BLASINT lda,
530-    const double *b, const BLASINT ldb, const double beta, double *c, const BLASINT ldc);
531-void cblas_cgemm(const enum CBLAS_ORDER Order, const enum CBLAS_TRANSPOSE TransA, const enum CBLAS_TRANSPOSE TransB,
532-    const BLASINT M, const BLASINT N, const BLASINT K, const void *alpha, const void *A, const BLASINT lda,

ELF_DYNAMIC

Dynamic section at offset 0x14ef438 contains 30 entries:
  Tag        Type                         Name/Value
 0x0000000000000001 (NEEDED)             Shared library: [libm.so.6]
 0x0000000000000001 (NEEDED)             Shared library: [libgomp.so.1]
 0x0000000000000001 (NEEDED)             Shared library: [libc.so.6]
 0x0000000000000001 (NEEDED)             Shared library: [ld-linux-aarch64.so.1]
 0x000000000000000e (SONAME)             Library soname: [libkblas.so.25.1.0]
 0x000000000000000c (INIT)               0x65f88
 0x000000000000000d (FINI)               0x140640c
 0x0000000000000019 (INIT_ARRAY)         0x14d3440
 0x000000000000001b (INIT_ARRAYSZ)       24 (bytes)
 0x000000000000001a (FINI_ARRAY)         0x14d3458
 0x000000000000001c (FINI_ARRAYSZ)       16 (bytes)
 0x000000006ffffef5 (GNU_HASH)           0x228
 0x0000000000000005 (STRTAB)             0x40d0
 0x0000000000000006 (SYMTAB)             0xf38
 0x000000000000000a (STRSZ)              5719 (bytes)
 0x000000000000000b (SYMENT)             24 (bytes)
 0x0000000000000003 (PLTGOT)             0x14ef658
 0x0000000000000002 (PLTRELSZ)           4272 (bytes)
 0x0000000000000014 (PLTREL)             RELA
 0x0000000000000017 (JMPREL)             0x64ed8
 0x0000000000000007 (RELA)               0x5be0
 0x0000000000000008 (RELASZ)             389880 (bytes)
 0x0000000000000009 (RELAENT)            24 (bytes)
 0x0000000000000018 (BIND_NOW)           
 0x000000006ffffffb (FLAGS_1)            Flags: NOW
 0x000000006ffffffe (VERNEED)            0x5b50
 0x000000006fffffff (VERNEEDNUM)         3
 0x000000006ffffff0 (VERSYM)             0x5728
 0x000000006ffffff9 (RELACOUNT)          16239
 0x0000000000000000 (NULL)               0x0

REQUIRED_DYNAMIC_SYMBOLS
   150: 0000000000073060  2244 FUNC    GLOBAL DEFAULT   11 cblas_dgemm
   152: 00000000003be480    20 FUNC    GLOBAL DEFAULT   11 BlasGetNumThreads
   244: 00000000003be4a0    56 FUNC    GLOBAL DEFAULT   11 BlasGetNumThreadsLocal
   331: 000000000007d240  1208 FUNC    GLOBAL DEFAULT   11 cblas_domatcopy
   449: 00000000000670e0   444 FUNC    GLOBAL DEFAULT   11 KBLASGetVersion

ACTUAL_COMPILER
gcc (gcc for openEuler 3.0.2) 12.3.1
Copyright (C) 2022 Free Software Foundation, Inc.
This is free software; see the source for copying conditions.  There is NO
warranty; not even for MERCHANTABILITY or FITNESS FOR A PARTICULAR PURPOSE.

. /opt/donaudata/donau/HPCKit_25.1.0_Linux-aarch64/package/KunpengHPCKit-kml.25.1.0/include/kblas.h
.. /CLUSTER_USER_HOME/kunpeng-experiments/trsm-kml251-f6110e522b93/compiler-private/gcc-12.3.1-2025.03-aarch64-linux/lib64/gcc/aarch64-linux-gnu/12.3.1/include/stddef.h
.. /CLUSTER_USER_HOME/kunpeng-experiments/trsm-kml251-f6110e522b93/compiler-private/gcc-12.3.1-2025.03-aarch64-linux/lib64/gcc/aarch64-linux-gnu/12.3.1/include/stdint.h
... /usr/include/stdint.h
.... /usr/include/bits/libc-header-start.h
..... /usr/include/features.h
...... /usr/include/features-time64.h
....... /usr/include/bits/wordsize.h
....... /usr/include/bits/timesize.h
........ /usr/include/bits/wordsize.h
...... /usr/include/sys/cdefs.h
....... /usr/include/bits/wordsize.h
....... /usr/include/bits/long-double.h
...... /usr/include/gnu/stubs.h
....... /usr/include/bits/wordsize.h
....... /usr/include/gnu/stubs-lp64.h
.... /usr/include/bits/types.h
..... /usr/include/bits/wordsize.h
..... /usr/include/bits/timesize.h
...... /usr/include/bits/wordsize.h
..... /usr/include/bits/typesizes.h
..... /usr/include/bits/time64.h
.... /usr/include/bits/wchar.h
.... /usr/include/bits/wordsize.h
.... /usr/include/bits/stdint-intn.h
.... /usr/include/bits/stdint-uintn.h
.. /usr/include/complex.h
... /usr/include/bits/libc-header-start.h
... /usr/include/bits/mathdef.h
... /usr/include/bits/floatn.h
.... /usr/include/bits/long-double.h
.... /usr/include/bits/floatn-common.h
..... /usr/include/bits/long-double.h
... /usr/include/bits/cmathcalls.h
... /usr/include/bits/cmathcalls.h
... /usr/include/bits/cmathcalls.h
... /usr/include/bits/cmathcalls.h
... /usr/include/bits/cmathcalls.h
... /usr/include/bits/cmathcalls.h
... /usr/include/bits/cmathcalls.h
... /usr/include/bits/cmathcalls.h
. /CLUSTER_USER_HOME/kunpeng-experiments/trsm-kml251-f6110e522b93/compiler-private/gcc-12.3.1-2025.03-aarch64-linux/lib64/gcc/aarch64-linux-gnu/12.3.1/include/omp.h
. /usr/include/dlfcn.h
.. /CLUSTER_USER_HOME/kunpeng-experiments/trsm-kml251-f6110e522b93/compiler-private/gcc-12.3.1-2025.03-aarch64-linux/lib64/gcc/aarch64-linux-gnu/12.3.1/include/stddef.h
.. /usr/include/bits/dlfcn.h
. /usr/include/stdio.h
.. /usr/include/bits/libc-header-start.h
.. /CLUSTER_USER_HOME/kunpeng-experiments/trsm-kml251-f6110e522b93/compiler-private/gcc-12.3.1-2025.03-aarch64-linux/lib64/gcc/aarch64-linux-gnu/12.3.1/include/stddef.h
.. /CLUSTER_USER_HOME/kunpeng-experiments/trsm-kml251-f6110e522b93/compiler-private/gcc-12.3.1-2025.03-aarch64-linux/lib64/gcc/aarch64-linux-gnu/12.3.1/include/stdarg.h
.. /usr/include/bits/types/__fpos_t.h
... /usr/include/bits/types/__mbstate_t.h
.. /usr/include/bits/types/__fpos64_t.h
.. /usr/include/bits/types/__FILE.h
.. /usr/include/bits/types/FILE.h
.. /usr/include/bits/types/struct_FILE.h
.. /usr/include/bits/types/cookie_io_functions_t.h
.. /usr/include/bits/stdio_lim.h
.. /usr/include/bits/stdio.h
. /usr/include/string.h
.. /usr/include/bits/libc-header-start.h
.. /CLUSTER_USER_HOME/kunpeng-experiments/trsm-kml251-f6110e522b93/compiler-private/gcc-12.3.1-2025.03-aarch64-linux/lib64/gcc/aarch64-linux-gnu/12.3.1/include/stddef.h
.. /usr/include/bits/types/locale_t.h
... /usr/include/bits/types/__locale_t.h
.. /usr/include/strings.h
... /CLUSTER_USER_HOME/kunpeng-experiments/trsm-kml251-f6110e522b93/compiler-private/gcc-12.3.1-2025.03-aarch64-linux/lib64/gcc/aarch64-linux-gnu/12.3.1/include/stddef.h
Multiple include guards may be useful for:
/usr/include/bits/dlfcn.h
/usr/include/bits/time64.h
/usr/include/bits/typesizes.h
/usr/include/features-time64.h
/usr/include/gnu/stubs-lp64.h
/usr/include/gnu/stubs.h
	linux-vdso.so.1 (0x000040000db2a000)
	libm.so.6 => /usr/lib64/libm.so.6 (0x000040000db50000)
	libkblas.so.25.1.0 => /opt/donaudata/donau/HPCKit_25.1.0_Linux-aarch64/package/KunpengHPCKit-kml.25.1.0/gcclib/sme/kblas/multi/libkblas.so.25.1.0 (0x000040000dc00000)
	libgomp.so.1 => /CLUSTER_USER_HOME/kunpeng-experiments/trsm-kml251-f6110e522b93/compiler-private/gcc-12.3.1-2025.03-aarch64-linux/lib64/libgomp.so.1 (0x0000400013d30000)
	libc.so.6 => /usr/lib64/libc.so.6 (0x0000400013da0000)
	/lib/ld-linux-aarch64.so.1 (0x000040000db00000)
	libdl.so.2 => /usr/lib64/libdl.so.2 (0x0000400013f60000)
	libpthread.so.0 => /usr/lib64/libpthread.so.0 (0x0000400013f90000)
KML251_LINKED_LIBRARY=/opt/donaudata/donau/HPCKit_25.1.0_Linux-aarch64/package/KunpengHPCKit-kml.25.1.0/gcclib/sme/kblas/multi/libkblas.so.25.1.0
GOMP_LINKED_LIBRARY=/CLUSTER_USER_HOME/kunpeng-experiments/trsm-kml251-f6110e522b93/compiler-private/gcc-12.3.1-2025.03-aarch64-linux/lib64/libgomp.so.1.0.0
KML251_DEPENDENCY_AUDIT_PASS=1
KML_VERSION_QUERY_EXIT=1
KML_SOFTWARE_NAME=hpckit-kml-blas
KML_SOFTWARE_VERSION=25.1.0
KML_CONFIGURED_THREADS=38
OMP_ACTUAL_TEAM_THREADS=38
DGEMM_PROVIDER=/CLUSTER_USER_HOME/kunpeng-experiments/trsm-kml251-package-r16-2aa944583c81/results/required-symbols
DOMATCOPY_PROVIDER=/CLUSTER_USER_HOME/kunpeng-experiments/trsm-kml251-package-r16-2aa944583c81/results/required-symbols
KML_CONFIGURED_THREADS_AFTER_CALLS=38
KML251_REQUIRED_SYMBOLS_SMOKE_PASS=1
KML251_PROBE_COMPLETE=1
HOST=COMPUTE_NODE
ARCH=aarch64
NUMA_NODE=3
ALLOWED_CPUS=114,115,116,117,118,119,120,121,122,123,124,125,126,127,128,129,130,131,132,133,134,135,136,137,138,139,140,141,142,143,144,145,146,147,148,149,150,151
JOB_ID=1581516
BENCH_REPEATS=3
OMP_NUM_THREADS=38
OMP_DYNAMIC=FALSE
OMP_PROC_BIND=close
OMP_PLACES=cores
CPU_TARGET=generic
TEST_RUNS=3
KBLAS_LIB=
CC=gcc
KML251_ROOT=/opt/donaudata/donau/HPCKit_25.1.0_Linux-aarch64/package/KunpengHPCKit-kml.25.1.0
KML251_ARCH=sme
KML251_LIBDIR=/opt/donaudata/donau/HPCKit_25.1.0_Linux-aarch64/package/KunpengHPCKit-kml.25.1.0/gcclib/sme/kblas/multi
COMPILER_ROOT=/CLUSTER_USER_HOME/kunpeng-experiments/trsm-kml251-f6110e522b93/compiler-private/gcc-12.3.1-2025.03-aarch64-linux
GOMP_LIBRARY=/CLUSTER_USER_HOME/kunpeng-experiments/trsm-kml251-f6110e522b93/compiler-private/gcc-12.3.1-2025.03-aarch64-linux/lib64/libgomp.so.1.0.0
CPATH=/opt/donaudata/donau/HPCKit_25.1.0_Linux-aarch64/package/KunpengHPCKit-kml.25.1.0/include:/opt/donaudata/donau/HPCKit_25.1.0_Linux-aarch64/package/KunpengHPCKit-kml.25.1.0/include
LIBRARY_PATH=/opt/donaudata/donau/HPCKit_25.1.0_Linux-aarch64/package/KunpengHPCKit-kml.25.1.0/gcclib/sme/kblas/multi:/opt/donaudata/donau/HPCKit_25.1.0_Linux-aarch64/package/KunpengHPCKit-kml.25.1.0/gcclib/sme:/opt/donaudata/donau/HPCKit_25.1.0_Linux-aarch64/package/KunpengHPCKit-kml.25.1.0/gcclib/noarch:/opt/donaudata/donau/HPCKit_25.1.0_Linux-aarch64/package/KunpengHPCKit-kml.25.1.0/gcclib:/CLUSTER_USER_HOME/kunpeng-experiments/trsm-kml251-f6110e522b93/compiler-private/gcc-12.3.1-2025.03-aarch64-linux/lib64:/CLUSTER_USER_HOME/kunpeng-experiments/trsm-kml251-f6110e522b93/compiler-private/gcc-12.3.1-2025.03-aarch64-linux/lib:/opt/donaudata/donau/HPCKit_25.1.0_Linux-aarch64/package/KunpengHPCKit-kml.25.1.0/gcclib/sme/kblas/multi:/opt/donaudata/donau/HPCKit_25.1.0_Linux-aarch64/package/KunpengHPCKit-kml.25.1.0/gcclib/sme:/opt/donaudata/donau/HPCKit_25.1.0_Linux-aarch64/package/KunpengHPCKit-kml.25.1.0/gcclib/noarch:/opt/donaudata/donau/HPCKit_25.1.0_Linux-aarch64/package/KunpengHPCKit-kml.25.1.0/gcclib
LD_LIBRARY_PATH=/opt/donaudata/donau/HPCKit_25.1.0_Linux-aarch64/package/KunpengHPCKit-kml.25.1.0/gcclib/sme/kblas/multi:/opt/donaudata/donau/HPCKit_25.1.0_Linux-aarch64/package/KunpengHPCKit-kml.25.1.0/gcclib/sme:/opt/donaudata/donau/HPCKit_25.1.0_Linux-aarch64/package/KunpengHPCKit-kml.25.1.0/gcclib/noarch:/opt/donaudata/donau/HPCKit_25.1.0_Linux-aarch64/package/KunpengHPCKit-kml.25.1.0/gcclib:/CLUSTER_USER_HOME/kunpeng-experiments/trsm-kml251-f6110e522b93/compiler-private/gcc-12.3.1-2025.03-aarch64-linux/lib64:/CLUSTER_USER_HOME/kunpeng-experiments/trsm-kml251-f6110e522b93/compiler-private/gcc-12.3.1-2025.03-aarch64-linux/lib:/opt/donaudata/donau/HPCKit_25.1.0_Linux-aarch64/package/KunpengHPCKit-kml.25.1.0/gcclib/sme/kblas/multi:/opt/donaudata/donau/HPCKit_25.1.0_Linux-aarch64/package/KunpengHPCKit-kml.25.1.0/gcclib/sme:/opt/donaudata/donau/HPCKit_25.1.0_Linux-aarch64/package/KunpengHPCKit-kml.25.1.0/gcclib/noarch:/opt/donaudata/donau/HPCKit_25.1.0_Linux-aarch64/package/KunpengHPCKit-kml.25.1.0/gcclib:/opt/stars:
COMPILER_VERSION=gcc (gcc for openEuler 3.0.2) 12.3.1
REFERENCE=Huawei KML 25.1.0; not specified KML 25.2.0
VALIDATION_POLICY=no_hash_at_user_request
gcc (gcc for openEuler 3.0.2) 12.3.1
Copyright (C) 2022 Free Software Foundation, Inc.
This is free software; see the source for copying conditions.  There is NO
warranty; not even for MERCHANTABILITY or FITNESS FOR A PARTICULAR PURPOSE.

Architecture:                       aarch64
CPU op-mode(s):                     64-bit
Byte Order:                         Little Endian
CPU(s):                             608
On-line CPU(s) list:                0-607
Vendor ID:                          HiSilicon
Model:                              0
Thread(s) per core:                 1
Core(s) per socket:                 304
Socket(s):                          2
Stepping:                           0x0
Frequency boost:                    enabled
CPU max MHz:                        2000.0000
CPU min MHz:                        1200.0000
BogoMIPS:                           200.00
Flags:                              fp asimd evtstrm aes pmull sha1 sha2 crc32 atomics fphp asimdhp cpuid asimdrdm jscvt fcma lrcpc dcpop sha3 sm3 sm4 asimddp sha512 sve asimdfhm dit uscat ilrcpc flagm ssbs sb paca pacg dcpodp sve2 sveaes svepmull svebitperm svesha3 svesm4 flagm2 frint svei8mm svebf16 i8mm bf16 dgh ecv afp rpres sme smef64f64 smei8i32 smef16f32 smeb16f32 smef32f32 smefa64 wfxt
L1d cache:                          19 MiB (608 instances)
L1i cache:                          19 MiB (608 instances)
L2 cache:                           456 MiB (608 instances)
NUMA node(s):                       32
NUMA node0 CPU(s):                  0-37
NUMA node1 CPU(s):                  38-75
NUMA node2 CPU(s):                  76-113
NUMA node3 CPU(s):                  114-151
NUMA node4 CPU(s):                  152-189
NUMA node5 CPU(s):                  190-227
NUMA node6 CPU(s):                  228-265
NUMA node7 CPU(s):                  266-303
NUMA node8 CPU(s):                  304-341
NUMA node9 CPU(s):                  342-379
NUMA node10 CPU(s):                 380-417
NUMA node11 CPU(s):                 418-455
NUMA node12 CPU(s):                 456-493
NUMA node13 CPU(s):                 494-531
NUMA node14 CPU(s):                 532-569
NUMA node15 CPU(s):                 570-607
NUMA node16 CPU(s):                 
NUMA node17 CPU(s):                 
NUMA node18 CPU(s):                 
NUMA node19 CPU(s):                 
NUMA node20 CPU(s):                 
NUMA node21 CPU(s):                 
NUMA node22 CPU(s):                 
NUMA node23 CPU(s):                 
NUMA node24 CPU(s):                 
NUMA node25 CPU(s):                 
NUMA node26 CPU(s):                 
NUMA node27 CPU(s):                 
NUMA node28 CPU(s):                 
NUMA node29 CPU(s):                 
NUMA node30 CPU(s):                 
NUMA node31 CPU(s):                 
Vulnerability Gather data sampling: Not affected
Vulnerability Itlb multihit:        Not affected
Vulnerability L1tf:                 Not affected
Vulnerability Mds:                  Not affected
Vulnerability Meltdown:             Not affected
Vulnerability Mmio stale data:      Not affected
Vulnerability Retbleed:             Not affected
Vulnerability Spec rstack overflow: Not affected
Vulnerability Spec store bypass:    Not affected
Vulnerability Spectre v1:           Mitigation; __user pointer sanitization
Vulnerability Spectre v2:           Mitigation; CSV2, but not BHB
Vulnerability Srbds:                Not affected
Vulnerability Tsx async abort:      Not affected
policy: default
preferred node: current
physcpubind: 114 115 116 117 118 119 120 121 122 123 124 125 126 127 128 129 130 131 132 133 134 135 136 137 138 139 140 141 142 143 144 145 146 147 148 149 150 151 
cpubind: 3 
nodebind: 3 
membind: 0 1 2 3 4 5 6 7 8 9 10 11 12 13 14 15 
preferred: 

BENCH_REPEAT 1/3 BEGIN
Compiler: gcc (gcc for openEuler 3.0.2) 12.3.1
CPUs=114-151 NUMA=3 threads=38
Reference BLAS: official kblas

================================= TRSM测试 ================================
     M       N     Time(ms)       GFLOPS 最大误差   校验
---------------------------------------------------------------------------
   512 x 19968        14.36     364.6001     1.67e-16     PASS

================================= TRSM测试 ================================
     M       N     Time(ms)       GFLOPS 最大误差   校验
---------------------------------------------------------------------------
  2432 x 17024       121.12     831.3056     2.22e-16     PASS

================================= TRSM测试 ================================
     M       N     Time(ms)       GFLOPS 最大误差   校验
---------------------------------------------------------------------------
 17024 x   512       182.14     814.6842     1.11e-15     PASS
All three official cases PASS. Logs: results/run-20260913-000454-MbY3ui
	linux-vdso.so.1 (0x0000400037340000)
	libm.so.6 => /usr/lib64/libm.so.6 (0x0000400037360000)
	libkblas.so.25.1.0 => /opt/donaudata/donau/HPCKit_25.1.0_Linux-aarch64/package/KunpengHPCKit-kml.25.1.0/gcclib/sme/kblas/multi/libkblas.so.25.1.0 (0x0000400037410000)
	libgomp.so.1 => /CLUSTER_USER_HOME/kunpeng-experiments/trsm-kml251-f6110e522b93/compiler-private/gcc-12.3.1-2025.03-aarch64-linux/lib64/libgomp.so.1 (0x000040003d550000)
	libc.so.6 => /usr/lib64/libc.so.6 (0x000040003d5c0000)
	/lib/ld-linux-aarch64.so.1 (0x0000400037316000)
	libdl.so.2 => /usr/lib64/libdl.so.2 (0x000040003d780000)
	libpthread.so.0 => /usr/lib64/libpthread.so.0 (0x000040003d7b0000)
KML251_LINKED_LIBRARY=/opt/donaudata/donau/HPCKit_25.1.0_Linux-aarch64/package/KunpengHPCKit-kml.25.1.0/gcclib/sme/kblas/multi/libkblas.so.25.1.0
GOMP_LINKED_LIBRARY=/CLUSTER_USER_HOME/kunpeng-experiments/trsm-kml251-f6110e522b93/compiler-private/gcc-12.3.1-2025.03-aarch64-linux/lib64/libgomp.so.1.0.0
KML251_DEPENDENCY_AUDIT_PASS=1
BENCH_REPEAT 1/3 END

BENCH_REPEAT 2/3 BEGIN
Compiler: gcc (gcc for openEuler 3.0.2) 12.3.1
CPUs=114-151 NUMA=3 threads=38
Reference BLAS: official kblas

================================= TRSM测试 ================================
     M       N     Time(ms)       GFLOPS 最大误差   校验
---------------------------------------------------------------------------
   512 x 19968        15.22     343.9399     1.67e-16     PASS

================================= TRSM测试 ================================
     M       N     Time(ms)       GFLOPS 最大误差   校验
---------------------------------------------------------------------------
  2432 x 17024       120.51     835.5076     2.22e-16     PASS

================================= TRSM测试 ================================
     M       N     Time(ms)       GFLOPS 最大误差   校验
---------------------------------------------------------------------------
 17024 x   512       202.18     733.9465     1.11e-15     PASS
All three official cases PASS. Logs: results/run-20260913-000504-RGVnpy
	linux-vdso.so.1 (0x000040003b800000)
	libm.so.6 => /usr/lib64/libm.so.6 (0x000040003b820000)
	libkblas.so.25.1.0 => /opt/donaudata/donau/HPCKit_25.1.0_Linux-aarch64/package/KunpengHPCKit-kml.25.1.0/gcclib/sme/kblas/multi/libkblas.so.25.1.0 (0x000040003b8d0000)
	libgomp.so.1 => /CLUSTER_USER_HOME/kunpeng-experiments/trsm-kml251-f6110e522b93/compiler-private/gcc-12.3.1-2025.03-aarch64-linux/lib64/libgomp.so.1 (0x0000400041a10000)
	libc.so.6 => /usr/lib64/libc.so.6 (0x0000400041a80000)
	/lib/ld-linux-aarch64.so.1 (0x000040003b7d6000)
	libdl.so.2 => /usr/lib64/libdl.so.2 (0x0000400041c40000)
	libpthread.so.0 => /usr/lib64/libpthread.so.0 (0x0000400041c70000)
KML251_LINKED_LIBRARY=/opt/donaudata/donau/HPCKit_25.1.0_Linux-aarch64/package/KunpengHPCKit-kml.25.1.0/gcclib/sme/kblas/multi/libkblas.so.25.1.0
GOMP_LINKED_LIBRARY=/CLUSTER_USER_HOME/kunpeng-experiments/trsm-kml251-f6110e522b93/compiler-private/gcc-12.3.1-2025.03-aarch64-linux/lib64/libgomp.so.1.0.0
KML251_DEPENDENCY_AUDIT_PASS=1
BENCH_REPEAT 2/3 END

BENCH_REPEAT 3/3 BEGIN
Compiler: gcc (gcc for openEuler 3.0.2) 12.3.1
CPUs=114-151 NUMA=3 threads=38
Reference BLAS: official kblas

================================= TRSM测试 ================================
     M       N     Time(ms)       GFLOPS 最大误差   校验
---------------------------------------------------------------------------
   512 x 19968        13.92     375.9418     1.67e-16     PASS

================================= TRSM测试 ================================
     M       N     Time(ms)       GFLOPS 最大误差   校验
---------------------------------------------------------------------------
  2432 x 17024       120.10     838.4094     2.22e-16     PASS

================================= TRSM测试 ================================
     M       N     Time(ms)       GFLOPS 最大误差   校验
---------------------------------------------------------------------------
 17024 x   512       181.04     819.6369     1.11e-15     PASS
All three official cases PASS. Logs: results/run-20260913-000515-6MZlVR
	linux-vdso.so.1 (0x000040000fffb000)
	libm.so.6 => /usr/lib64/libm.so.6 (0x0000400010020000)
	libkblas.so.25.1.0 => /opt/donaudata/donau/HPCKit_25.1.0_Linux-aarch64/package/KunpengHPCKit-kml.25.1.0/gcclib/sme/kblas/multi/libkblas.so.25.1.0 (0x00004000100d0000)
	libgomp.so.1 => /CLUSTER_USER_HOME/kunpeng-experiments/trsm-kml251-f6110e522b93/compiler-private/gcc-12.3.1-2025.03-aarch64-linux/lib64/libgomp.so.1 (0x0000400016200000)
	libc.so.6 => /usr/lib64/libc.so.6 (0x0000400016280000)
	/lib/ld-linux-aarch64.so.1 (0x000040000ffd1000)
	libdl.so.2 => /usr/lib64/libdl.so.2 (0x0000400016430000)
	libpthread.so.0 => /usr/lib64/libpthread.so.0 (0x0000400016470000)
KML251_LINKED_LIBRARY=/opt/donaudata/donau/HPCKit_25.1.0_Linux-aarch64/package/KunpengHPCKit-kml.25.1.0/gcclib/sme/kblas/multi/libkblas.so.25.1.0
GOMP_LINKED_LIBRARY=/CLUSTER_USER_HOME/kunpeng-experiments/trsm-kml251-f6110e522b93/compiler-private/gcc-12.3.1-2025.03-aarch64-linux/lib64/libgomp.so.1.0.0
KML251_DEPENDENCY_AUDIT_PASS=1
BENCH_REPEAT 3/3 END
KML251_OFFICIAL_ROWS_PASS=9
BENCH_JOB_END 2026-09-12T16:05:25Z
KML251_THREE_SUITES_COMPLETE=1
TRSM_PRIVATE_ZIP_THREE_SUITES_COMPLETE=1
