LINKAGE_REPEAT 1/3 BEGIN
JOB_ID=1581760
BINARY=/CLUSTER_USER_HOME/kunpeng-experiments/trsm-kml251-d926b23a2d68/T19-control13/source/trsm_test
LDD_EXIT_CODE=0
	linux-vdso.so.1 (0x0000400004495000)
	libm.so.6 => /usr/lib64/libm.so.6 (0x00004000044b0000)
	libkblas.so.25.1.0 => /opt/donaudata/donau/HPCKit_25.1.0_Linux-aarch64/package/KunpengHPCKit-kml.25.1.0/gcclib/sme/kblas/multi/libkblas.so.25.1.0 (0x0000400004560000)
	libgomp.so.1 => /CLUSTER_USER_HOME/kunpeng-experiments/trsm-kml251-f6110e522b93/compiler-private/gcc-12.3.1-2025.03-aarch64-linux/lib64/libgomp.so.1 (0x000040000a6a0000)
	libc.so.6 => /usr/lib64/libc.so.6 (0x000040000a710000)
	/lib/ld-linux-aarch64.so.1 (0x000040000446b000)
	libdl.so.2 => /usr/lib64/libdl.so.2 (0x000040000a8d0000)
	libpthread.so.0 => /usr/lib64/libpthread.so.0 (0x000040000a900000)
KML251_LINKED_LIBRARY=/opt/donaudata/donau/HPCKit_25.1.0_Linux-aarch64/package/KunpengHPCKit-kml.25.1.0/gcclib/sme/kblas/multi/libkblas.so.25.1.0
GOMP_LINKED_LIBRARY=/CLUSTER_USER_HOME/kunpeng-experiments/trsm-kml251-f6110e522b93/compiler-private/gcc-12.3.1-2025.03-aarch64-linux/lib64/libgomp.so.1.0.0
KML251_DEPENDENCY_AUDIT_PASS=1
LINKAGE_REPEAT 1/3 END
LINKAGE_REPEAT 2/3 BEGIN
JOB_ID=1581760
BINARY=/CLUSTER_USER_HOME/kunpeng-experiments/trsm-kml251-d926b23a2d68/T19-control13/source/trsm_test
LDD_EXIT_CODE=0
	linux-vdso.so.1 (0x000040003b3b2000)
	libm.so.6 => /usr/lib64/libm.so.6 (0x000040003b3d0000)
	libkblas.so.25.1.0 => /opt/donaudata/donau/HPCKit_25.1.0_Linux-aarch64/package/KunpengHPCKit-kml.25.1.0/gcclib/sme/kblas/multi/libkblas.so.25.1.0 (0x000040003b480000)
	libgomp.so.1 => /CLUSTER_USER_HOME/kunpeng-experiments/trsm-kml251-f6110e522b93/compiler-private/gcc-12.3.1-2025.03-aarch64-linux/lib64/libgomp.so.1 (0x00004000415c0000)
	libc.so.6 => /usr/lib64/libc.so.6 (0x0000400041630000)
	/lib/ld-linux-aarch64.so.1 (0x000040003b388000)
	libdl.so.2 => /usr/lib64/libdl.so.2 (0x00004000417f0000)
	libpthread.so.0 => /usr/lib64/libpthread.so.0 (0x0000400041820000)
KML251_LINKED_LIBRARY=/opt/donaudata/donau/HPCKit_25.1.0_Linux-aarch64/package/KunpengHPCKit-kml.25.1.0/gcclib/sme/kblas/multi/libkblas.so.25.1.0
GOMP_LINKED_LIBRARY=/CLUSTER_USER_HOME/kunpeng-experiments/trsm-kml251-f6110e522b93/compiler-private/gcc-12.3.1-2025.03-aarch64-linux/lib64/libgomp.so.1.0.0
KML251_DEPENDENCY_AUDIT_PASS=1
LINKAGE_REPEAT 2/3 END
LINKAGE_REPEAT 3/3 BEGIN
JOB_ID=1581760
BINARY=/CLUSTER_USER_HOME/kunpeng-experiments/trsm-kml251-d926b23a2d68/T19-control13/source/trsm_test
LDD_EXIT_CODE=0
	linux-vdso.so.1 (0x000040001bc11000)
	libm.so.6 => /usr/lib64/libm.so.6 (0x000040001bc30000)
	libkblas.so.25.1.0 => /opt/donaudata/donau/HPCKit_25.1.0_Linux-aarch64/package/KunpengHPCKit-kml.25.1.0/gcclib/sme/kblas/multi/libkblas.so.25.1.0 (0x000040001bce0000)
	libgomp.so.1 => /CLUSTER_USER_HOME/kunpeng-experiments/trsm-kml251-f6110e522b93/compiler-private/gcc-12.3.1-2025.03-aarch64-linux/lib64/libgomp.so.1 (0x0000400021e20000)
	libc.so.6 => /usr/lib64/libc.so.6 (0x0000400021e90000)
	/lib/ld-linux-aarch64.so.1 (0x000040001bbe7000)
	libdl.so.2 => /usr/lib64/libdl.so.2 (0x0000400022050000)
	libpthread.so.0 => /usr/lib64/libpthread.so.0 (0x0000400022080000)
KML251_LINKED_LIBRARY=/opt/donaudata/donau/HPCKit_25.1.0_Linux-aarch64/package/KunpengHPCKit-kml.25.1.0/gcclib/sme/kblas/multi/libkblas.so.25.1.0
GOMP_LINKED_LIBRARY=/CLUSTER_USER_HOME/kunpeng-experiments/trsm-kml251-f6110e522b93/compiler-private/gcc-12.3.1-2025.03-aarch64-linux/lib64/libgomp.so.1.0.0
KML251_DEPENDENCY_AUDIT_PASS=1
LINKAGE_REPEAT 3/3 END
