PASS 30 direct SVE microkernel count/stride combinations; bitwise ordered-FMA match and output padding preserved
TRSM m=1 n=1 PASS known-solution max-error=0.000e+00; padding and L unchanged
TRSM m=3 n=7 PASS known-solution max-error=0.000e+00; padding and L unchanged
TRSM m=4 n=8 PASS known-solution max-error=0.000e+00; padding and L unchanged
TRSM m=5 n=9 PASS known-solution max-error=0.000e+00; padding and L unchanged
TRSM m=65 n=17 PASS known-solution max-error=0.000e+00; padding and L unchanged
TRSM m=257 n=1 PASS known-solution max-error=0.000e+00; padding and L unchanged
TRSM m=4095 n=9 PASS known-solution max-error=0.000e+00; padding and L unchanged
TRSM m=4096 n=8 PASS known-solution max-error=0.000e+00; padding and L unchanged
TRSM m=4097 n=9 PASS known-solution max-error=0.000e+00; padding and L unchanged
TRSM m=4355 n=65 PASS known-solution max-error=0.000e+00; padding and L unchanged
TRSM 10 known-solution cases and 4 no-op boundaries PASS; max-error=0.000e+00
SVE_KERNEL_ACTUAL_ENTRIES=2161
PASS actual SVE dispatch preflight
PASS 30 direct SVE microkernel count/stride combinations; bitwise ordered-FMA match and output padding preserved
TRSM m=1 n=1 PASS known-solution max-error=0.000e+00; padding and L unchanged
TRSM m=3 n=7 PASS known-solution max-error=0.000e+00; padding and L unchanged
TRSM m=4 n=8 PASS known-solution max-error=0.000e+00; padding and L unchanged
TRSM m=5 n=9 PASS known-solution max-error=0.000e+00; padding and L unchanged
TRSM m=65 n=17 PASS known-solution max-error=0.000e+00; padding and L unchanged
TRSM m=257 n=1 PASS known-solution max-error=0.000e+00; padding and L unchanged
TRSM m=4095 n=9 PASS known-solution max-error=0.000e+00; padding and L unchanged
TRSM m=4096 n=8 PASS known-solution max-error=0.000e+00; padding and L unchanged
TRSM m=4097 n=9 PASS known-solution max-error=0.000e+00; padding and L unchanged
TRSM m=4355 n=65 PASS known-solution max-error=0.000e+00; padding and L unchanged
TRSM 10 known-solution cases and 4 no-op boundaries PASS; max-error=0.000e+00
SVE_KERNEL_ACTUAL_ENTRIES=2161
PASS actual SVE dispatch preflight
TRSM m=1 n=1 PASS known-solution max-error=0.000e+00; padding and L unchanged
TRSM m=3 n=7 PASS known-solution max-error=0.000e+00; padding and L unchanged
TRSM m=4 n=8 PASS known-solution max-error=0.000e+00; padding and L unchanged
TRSM m=5 n=9 PASS known-solution max-error=0.000e+00; padding and L unchanged
TRSM m=65 n=17 PASS known-solution max-error=0.000e+00; padding and L unchanged
TRSM m=257 n=1 PASS known-solution max-error=0.000e+00; padding and L unchanged
TRSM m=4095 n=9 PASS known-solution max-error=0.000e+00; padding and L unchanged
TRSM m=4096 n=8 PASS known-solution max-error=0.000e+00; padding and L unchanged
TRSM m=4097 n=9 PASS known-solution max-error=0.000e+00; padding and L unchanged
TRSM m=4355 n=65 PASS known-solution max-error=0.000e+00; padding and L unchanged
TRSM 10 known-solution cases and 4 no-op boundaries PASS; max-error=0.000e+00
PASS 30 direct SVE microkernel count/stride combinations; bitwise ordered-FMA match and output padding preserved
TRSM m=1 n=1 PASS known-solution max-error=0.000e+00; padding and L unchanged
TRSM m=3 n=7 PASS known-solution max-error=0.000e+00; padding and L unchanged
TRSM m=4 n=8 PASS known-solution max-error=0.000e+00; padding and L unchanged
TRSM m=5 n=9 PASS known-solution max-error=0.000e+00; padding and L unchanged
TRSM m=65 n=17 PASS known-solution max-error=0.000e+00; padding and L unchanged
TRSM m=257 n=1 PASS known-solution max-error=0.000e+00; padding and L unchanged
TRSM m=4095 n=9 PASS known-solution max-error=0.000e+00; padding and L unchanged
TRSM m=4096 n=8 PASS known-solution max-error=0.000e+00; padding and L unchanged
TRSM m=4097 n=9 PASS known-solution max-error=0.000e+00; padding and L unchanged
TRSM m=4355 n=65 PASS known-solution max-error=0.000e+00; padding and L unchanged
TRSM 10 known-solution cases and 4 no-op boundaries PASS; max-error=0.000e+00
SVE_KERNEL_ACTUAL_ENTRIES=84992
PASS actual SVE dispatch preflight
PASS 30 direct SVE microkernel count/stride combinations; bitwise ordered-FMA match and output padding preserved
TRSM m=1 n=1 PASS known-solution max-error=0.000e+00; padding and L unchanged
TRSM m=3 n=7 PASS known-solution max-error=0.000e+00; padding and L unchanged
TRSM m=4 n=8 PASS known-solution max-error=0.000e+00; padding and L unchanged
TRSM m=5 n=9 PASS known-solution max-error=0.000e+00; padding and L unchanged
TRSM m=65 n=17 PASS known-solution max-error=0.000e+00; padding and L unchanged
TRSM m=257 n=1 PASS known-solution max-error=0.000e+00; padding and L unchanged
TRSM m=4095 n=9 PASS known-solution max-error=0.000e+00; padding and L unchanged
TRSM m=4096 n=8 PASS known-solution max-error=0.000e+00; padding and L unchanged
TRSM m=4097 n=9 PASS known-solution max-error=0.000e+00; padding and L unchanged
TRSM m=4355 n=65 PASS known-solution max-error=0.000e+00; padding and L unchanged
TRSM 10 known-solution cases and 4 no-op boundaries PASS; max-error=0.000e+00
SVE_KERNEL_ACTUAL_ENTRIES=84992
PASS actual SVE dispatch preflight
TRSM m=1 n=1 PASS known-solution max-error=0.000e+00; padding and L unchanged
TRSM m=3 n=7 PASS known-solution max-error=0.000e+00; padding and L unchanged
TRSM m=4 n=8 PASS known-solution max-error=0.000e+00; padding and L unchanged
TRSM m=5 n=9 PASS known-solution max-error=0.000e+00; padding and L unchanged
TRSM m=65 n=17 PASS known-solution max-error=0.000e+00; padding and L unchanged
TRSM m=257 n=1 PASS known-solution max-error=0.000e+00; padding and L unchanged
TRSM m=4095 n=9 PASS known-solution max-error=0.000e+00; padding and L unchanged
TRSM m=4096 n=8 PASS known-solution max-error=0.000e+00; padding and L unchanged
TRSM m=4097 n=9 PASS known-solution max-error=0.000e+00; padding and L unchanged
TRSM m=4355 n=65 PASS known-solution max-error=0.000e+00; padding and L unchanged
TRSM 10 known-solution cases and 4 no-op boundaries PASS; max-error=0.000e+00
TRSM_PREFLIGHT_COMPLETE=1

BENCH_REPEAT 1/3 BEGIN COHORT=trsm-nohash-e91abe9b41a9 MEMBER=T1-control6
Compiler: gcc (GCC) 10.3.1
CPUs=304-341 NUMA=8 threads=38
Reference BLAS override: /CLUSTER_USER_HOME/other-20260907/blas-verified/libopenblas.a (与官方 KML 配置不同)

================================= TRSM测试 ================================
     M       N     Time(ms)       GFLOPS 最大误差   校验
---------------------------------------------------------------------------
   512 x 19968        21.89     239.1676     1.67e-16     PASS

================================= TRSM测试 ================================
     M       N     Time(ms)       GFLOPS 最大误差   校验
---------------------------------------------------------------------------
  2432 x 17024       254.87     395.0719     2.22e-16     PASS

================================= TRSM测试 ================================
     M       N     Time(ms)       GFLOPS 最大误差   校验
---------------------------------------------------------------------------
 17024 x   512       480.22     308.9938     1.11e-15     PASS
All three official cases PASS. Logs: results/run-20260909-113350-JoyVC9

BENCH_REPEAT 1/3 BEGIN COHORT=trsm-nohash-e91abe9b41a9 MEMBER=T3-svepanel-r3
Compiler: gcc (GCC) 10.3.1
CPUs=304-341 NUMA=8 threads=38
Reference BLAS override: /CLUSTER_USER_HOME/other-20260907/blas-verified/libopenblas.a (与官方 KML 配置不同)

================================= TRSM测试 ================================
     M       N     Time(ms)       GFLOPS 最大误差   校验
---------------------------------------------------------------------------
   512 x 19968        20.75     252.2303     1.67e-16     PASS

================================= TRSM测试 ================================
     M       N     Time(ms)       GFLOPS 最大误差   校验
---------------------------------------------------------------------------
  2432 x 17024       282.26     356.7287     2.22e-16     PASS

================================= TRSM测试 ================================
     M       N     Time(ms)       GFLOPS 最大误差   校验
---------------------------------------------------------------------------
 17024 x   512       479.23     309.6364     1.11e-15     PASS
All three official cases PASS. Logs: results/run-20260909-113358-G4TVeB

BENCH_REPEAT 1/3 BEGIN COHORT=trsm-nohash-e91abe9b41a9 MEMBER=T3-sveupdate-r3
Compiler: gcc (GCC) 10.3.1
CPUs=304-341 NUMA=8 threads=38
Reference BLAS override: /CLUSTER_USER_HOME/other-20260907/blas-verified/libopenblas.a (与官方 KML 配置不同)

================================= TRSM测试 ================================
     M       N     Time(ms)       GFLOPS 最大误差   校验
---------------------------------------------------------------------------
   512 x 19968        21.86     239.5009     1.67e-16     PASS

================================= TRSM测试 ================================
     M       N     Time(ms)       GFLOPS 最大误差   校验
---------------------------------------------------------------------------
  2432 x 17024       253.46     397.2638     2.22e-16     PASS

================================= TRSM测试 ================================
     M       N     Time(ms)       GFLOPS 最大误差   校验
---------------------------------------------------------------------------
 17024 x   512       264.95     560.0554     1.11e-15     PASS
All three official cases PASS. Logs: results/run-20260909-113407-QYWHZG

BENCH_REPEAT 2/3 BEGIN COHORT=trsm-nohash-e91abe9b41a9 MEMBER=T3-svepanel-r3
Compiler: gcc (GCC) 10.3.1
CPUs=304-341 NUMA=8 threads=38
Reference BLAS override: /CLUSTER_USER_HOME/other-20260907/blas-verified/libopenblas.a (与官方 KML 配置不同)

================================= TRSM测试 ================================
     M       N     Time(ms)       GFLOPS 最大误差   校验
---------------------------------------------------------------------------
   512 x 19968        21.16     247.3297     1.67e-16     PASS

================================= TRSM测试 ================================
     M       N     Time(ms)       GFLOPS 最大误差   校验
---------------------------------------------------------------------------
  2432 x 17024       258.71     389.1969     2.22e-16     PASS

================================= TRSM测试 ================================
     M       N     Time(ms)       GFLOPS 最大误差   校验
---------------------------------------------------------------------------
 17024 x   512       477.13     310.9957     1.11e-15     PASS
All three official cases PASS. Logs: results/run-20260909-113414-VICbqM

BENCH_REPEAT 2/3 BEGIN COHORT=trsm-nohash-e91abe9b41a9 MEMBER=T3-sveupdate-r3
Compiler: gcc (GCC) 10.3.1
CPUs=304-341 NUMA=8 threads=38
Reference BLAS override: /CLUSTER_USER_HOME/other-20260907/blas-verified/libopenblas.a (与官方 KML 配置不同)

================================= TRSM测试 ================================
     M       N     Time(ms)       GFLOPS 最大误差   校验
---------------------------------------------------------------------------
   512 x 19968        21.75     240.6749     1.67e-16     PASS

================================= TRSM测试 ================================
     M       N     Time(ms)       GFLOPS 最大误差   校验
---------------------------------------------------------------------------
  2432 x 17024       254.50     395.6392     2.22e-16     PASS

================================= TRSM测试 ================================
     M       N     Time(ms)       GFLOPS 最大误差   校验
---------------------------------------------------------------------------
 17024 x   512       259.01     572.8890     1.11e-15     PASS
All three official cases PASS. Logs: results/run-20260909-113423-dtIkcr

BENCH_REPEAT 2/3 BEGIN COHORT=trsm-nohash-e91abe9b41a9 MEMBER=T1-control6
Compiler: gcc (GCC) 10.3.1
CPUs=304-341 NUMA=8 threads=38
Reference BLAS override: /CLUSTER_USER_HOME/other-20260907/blas-verified/libopenblas.a (与官方 KML 配置不同)

================================= TRSM测试 ================================
     M       N     Time(ms)       GFLOPS 最大误差   校验
---------------------------------------------------------------------------
   512 x 19968        22.87     228.8497     1.67e-16     PASS

================================= TRSM测试 ================================
     M       N     Time(ms)       GFLOPS 最大误差   校验
---------------------------------------------------------------------------
  2432 x 17024       292.13     344.6731     2.22e-16     PASS

================================= TRSM测试 ================================
     M       N     Time(ms)       GFLOPS 最大误差   校验
---------------------------------------------------------------------------
 17024 x   512       480.18     309.0231     1.11e-15     PASS
All three official cases PASS. Logs: results/run-20260909-113430-qAye6c

BENCH_REPEAT 3/3 BEGIN COHORT=trsm-nohash-e91abe9b41a9 MEMBER=T3-sveupdate-r3
Compiler: gcc (GCC) 10.3.1
CPUs=304-341 NUMA=8 threads=38
Reference BLAS override: /CLUSTER_USER_HOME/other-20260907/blas-verified/libopenblas.a (与官方 KML 配置不同)

================================= TRSM测试 ================================
     M       N     Time(ms)       GFLOPS 最大误差   校验
---------------------------------------------------------------------------
   512 x 19968        22.06     237.3064     1.67e-16     PASS

================================= TRSM测试 ================================
     M       N     Time(ms)       GFLOPS 最大误差   校验
---------------------------------------------------------------------------
  2432 x 17024       254.19     396.1276     2.22e-16     PASS

================================= TRSM测试 ================================
     M       N     Time(ms)       GFLOPS 最大误差   校验
---------------------------------------------------------------------------
 17024 x   512       257.92     575.3177     1.11e-15     PASS
All three official cases PASS. Logs: results/run-20260909-113439-JSjOZo

BENCH_REPEAT 3/3 BEGIN COHORT=trsm-nohash-e91abe9b41a9 MEMBER=T1-control6
Compiler: gcc (GCC) 10.3.1
CPUs=304-341 NUMA=8 threads=38
Reference BLAS override: /CLUSTER_USER_HOME/other-20260907/blas-verified/libopenblas.a (与官方 KML 配置不同)

================================= TRSM测试 ================================
     M       N     Time(ms)       GFLOPS 最大误差   校验
---------------------------------------------------------------------------
   512 x 19968        21.89     239.1129     1.67e-16     PASS

================================= TRSM测试 ================================
     M       N     Time(ms)       GFLOPS 最大误差   校验
---------------------------------------------------------------------------
  2432 x 17024       253.10     397.8259     2.22e-16     PASS

================================= TRSM测试 ================================
     M       N     Time(ms)       GFLOPS 最大误差   校验
---------------------------------------------------------------------------
 17024 x   512       479.95     309.1684     1.11e-15     PASS
All three official cases PASS. Logs: results/run-20260909-113447-lL7a6x

BENCH_REPEAT 3/3 BEGIN COHORT=trsm-nohash-e91abe9b41a9 MEMBER=T3-svepanel-r3
Compiler: gcc (GCC) 10.3.1
CPUs=304-341 NUMA=8 threads=38
Reference BLAS override: /CLUSTER_USER_HOME/other-20260907/blas-verified/libopenblas.a (与官方 KML 配置不同)

================================= TRSM测试 ================================
     M       N     Time(ms)       GFLOPS 最大误差   校验
---------------------------------------------------------------------------
   512 x 19968        20.95     249.8899     1.67e-16     PASS

================================= TRSM测试 ================================
     M       N     Time(ms)       GFLOPS 最大误差   校验
---------------------------------------------------------------------------
  2432 x 17024       285.36     352.8506     2.22e-16     PASS

================================= TRSM测试 ================================
     M       N     Time(ms)       GFLOPS 最大误差   校验
---------------------------------------------------------------------------
 17024 x   512       477.50     310.7552     1.11e-15     PASS
All three official cases PASS. Logs: results/run-20260909-113455-1zghbh
