{"allowed_cpu_count": 38, "allowed_cpus": [0, 1, 2, 3, 4, 5, 6, 7, 8, 9, 10, 11, 12, 13, 14, 15, 16, 17, 18, 19, 20, 21, 22, 23, 24, 25, 26, 27, 28, 29, 30, 31, 32, 33, 34, 35, 36, 37], "guard_pass": true, "host": "COMPUTE_NODE", "numa_nodes": ["node0"], "scheduler_job_id": "1581862"}
gcc (gcc for openEuler 3.0.2) 12.3.1
Copyright (C) 2022 Free Software Foundation, Inc.
This is free software; see the source for copying conditions.  There is NO
warranty; not even for MERCHANTABILITY or FITNESS FOR A PARTICULAR PURPOSE.

SOURCE_INSTRUMENTATION_PASS copies=1 insertions=1 original_untouched=1
TILE_CONFIG_PASS KB=256 CT=64
DISPATCH workers=1 hwcap_sve=1 min_vl=64 max_vl=64 expected_wide=1
ARGUMENTS_PASS calls=1 bad=0 expected_ldx=47 expected_panel_stride=8
MICRO_PASS count=0 lda=3 layout=strided calls=1
ARGUMENTS_PASS calls=1 bad=0 expected_ldx=8 expected_panel_stride=2048
MICRO_PASS count=0 lda=3 layout=packed calls=1
ARGUMENTS_PASS calls=1 bad=0 expected_ldx=49 expected_panel_stride=8
MICRO_PASS count=0 lda=11 layout=strided calls=1
ARGUMENTS_PASS calls=1 bad=0 expected_ldx=8 expected_panel_stride=2048
MICRO_PASS count=0 lda=11 layout=packed calls=1
ARGUMENTS_PASS calls=1 bad=0 expected_ldx=47 expected_panel_stride=8
MICRO_PASS count=1 lda=4 layout=strided calls=1
ARGUMENTS_PASS calls=1 bad=0 expected_ldx=8 expected_panel_stride=2048
MICRO_PASS count=1 lda=4 layout=packed calls=1
ARGUMENTS_PASS calls=1 bad=0 expected_ldx=49 expected_panel_stride=8
MICRO_PASS count=1 lda=12 layout=strided calls=1
ARGUMENTS_PASS calls=1 bad=0 expected_ldx=8 expected_panel_stride=2048
MICRO_PASS count=1 lda=12 layout=packed calls=1
ARGUMENTS_PASS calls=1 bad=0 expected_ldx=47 expected_panel_stride=8
MICRO_PASS count=2 lda=5 layout=strided calls=1
ARGUMENTS_PASS calls=1 bad=0 expected_ldx=8 expected_panel_stride=2048
MICRO_PASS count=2 lda=5 layout=packed calls=1
ARGUMENTS_PASS calls=1 bad=0 expected_ldx=49 expected_panel_stride=8
MICRO_PASS count=2 lda=13 layout=strided calls=1
ARGUMENTS_PASS calls=1 bad=0 expected_ldx=8 expected_panel_stride=2048
MICRO_PASS count=2 lda=13 layout=packed calls=1
ARGUMENTS_PASS calls=1 bad=0 expected_ldx=47 expected_panel_stride=8
MICRO_PASS count=7 lda=10 layout=strided calls=1
ARGUMENTS_PASS calls=1 bad=0 expected_ldx=8 expected_panel_stride=2048
MICRO_PASS count=7 lda=10 layout=packed calls=1
ARGUMENTS_PASS calls=1 bad=0 expected_ldx=49 expected_panel_stride=8
MICRO_PASS count=7 lda=18 layout=strided calls=1
ARGUMENTS_PASS calls=1 bad=0 expected_ldx=8 expected_panel_stride=2048
MICRO_PASS count=7 lda=18 layout=packed calls=1
ARGUMENTS_PASS calls=1 bad=0 expected_ldx=47 expected_panel_stride=8
MICRO_PASS count=31 lda=34 layout=strided calls=1
ARGUMENTS_PASS calls=1 bad=0 expected_ldx=8 expected_panel_stride=2048
MICRO_PASS count=31 lda=34 layout=packed calls=1
ARGUMENTS_PASS calls=1 bad=0 expected_ldx=49 expected_panel_stride=8
MICRO_PASS count=31 lda=42 layout=strided calls=1
ARGUMENTS_PASS calls=1 bad=0 expected_ldx=8 expected_panel_stride=2048
MICRO_PASS count=31 lda=42 layout=packed calls=1
ARGUMENTS_PASS calls=1 bad=0 expected_ldx=47 expected_panel_stride=8
MICRO_PASS count=255 lda=258 layout=strided calls=1
ARGUMENTS_PASS calls=1 bad=0 expected_ldx=8 expected_panel_stride=2048
MICRO_PASS count=255 lda=258 layout=packed calls=1
ARGUMENTS_PASS calls=1 bad=0 expected_ldx=49 expected_panel_stride=8
MICRO_PASS count=255 lda=266 layout=strided calls=1
ARGUMENTS_PASS calls=1 bad=0 expected_ldx=8 expected_panel_stride=2048
MICRO_PASS count=255 lda=266 layout=packed calls=1
ARGUMENTS_PASS calls=1 bad=0 expected_ldx=47 expected_panel_stride=8
MICRO_PASS count=256 lda=259 layout=strided calls=1
ARGUMENTS_PASS calls=1 bad=0 expected_ldx=8 expected_panel_stride=2048
MICRO_PASS count=256 lda=259 layout=packed calls=1
ARGUMENTS_PASS calls=1 bad=0 expected_ldx=49 expected_panel_stride=8
MICRO_PASS count=256 lda=267 layout=strided calls=1
ARGUMENTS_PASS calls=1 bad=0 expected_ldx=8 expected_panel_stride=2048
MICRO_PASS count=256 lda=267 layout=packed calls=1
PASS micro_cases=28 ordered_FMA_bitwise=1 L_X_guards_unchanged=1
TILE_CONFIG_PASS KB=256 CT=64
DISPATCH workers=1 hwcap_sve=1 min_vl=64 max_vl=64 expected_wide=1
FIXTURE dense_structured_lower=1 independent_long_double_prefix=1 supplement_only=1
ARGUMENTS_PASS calls=0 bad=0 expected_ldx=8 expected_panel_stride=2048
CASE_PASS m=4100 n=31 threads=1 calls=0 expected=0 max_error=3.3306690738754696e-16 max_residual=7.2873025123941424e-16 padding_L_unchanged=1 shared_fail=0
ARGUMENTS_PASS calls=7696 bad=0 expected_ldx=8 expected_panel_stride=2048
CASE_PASS m=4100 n=32 threads=1 calls=7696 expected=7696 max_error=3.3306690738754696e-16 max_residual=7.2873025123941424e-16 padding_L_unchanged=1 shared_fail=0
ARGUMENTS_PASS calls=7696 bad=0 expected_ldx=8 expected_panel_stride=2048
CASE_PASS m=4100 n=33 threads=1 calls=7696 expected=7696 max_error=3.3306690738754696e-16 max_residual=7.2873025123941424e-16 padding_L_unchanged=1 shared_fail=0
ARGUMENTS_PASS calls=7712 bad=0 expected_ldx=8 expected_panel_stride=2048
CASE_PASS m=4105 n=63 threads=1 calls=7712 expected=7712 max_error=3.8857805861880479e-16 max_residual=8.034328967208903e-16 padding_L_unchanged=1 shared_fail=0
ARGUMENTS_PASS calls=15424 bad=0 expected_ldx=8 expected_panel_stride=2048
CASE_PASS m=4105 n=64 threads=1 calls=15424 expected=15424 max_error=3.8857805861880479e-16 max_residual=8.034328967208903e-16 padding_L_unchanged=1 shared_fail=0
ARGUMENTS_PASS calls=15424 bad=0 expected_ldx=8 expected_panel_stride=2048
CASE_PASS m=4105 n=65 threads=1 calls=15424 expected=15424 max_error=3.8857805861880479e-16 max_residual=8.034328967208903e-16 padding_L_unchanged=1 shared_fail=0
ARGUMENTS_PASS calls=15456 bad=0 expected_ldx=8 expected_panel_stride=2048
CASE_PASS m=4111 n=95 threads=1 calls=15456 expected=15456 max_error=3.8857805861880479e-16 max_residual=8.034328967208903e-16 padding_L_unchanged=1 shared_fail=0
ARGUMENTS_PASS calls=23184 bad=0 expected_ldx=8 expected_panel_stride=2048
CASE_PASS m=4111 n=96 threads=1 calls=23184 expected=23184 max_error=3.8857805861880479e-16 max_residual=8.034328967208903e-16 padding_L_unchanged=1 shared_fail=0
ARGUMENTS_PASS calls=23184 bad=0 expected_ldx=8 expected_panel_stride=2048
CASE_PASS m=4111 n=97 threads=1 calls=23184 expected=23184 max_error=3.8857805861880479e-16 max_residual=8.034328967208903e-16 padding_L_unchanged=1 shared_fail=0
ARGUMENTS_PASS calls=23184 bad=0 expected_ldx=8 expected_panel_stride=2048
CASE_PASS m=4111 n=127 threads=1 calls=23184 expected=23184 max_error=3.8857805861880479e-16 max_residual=8.034328967208903e-16 padding_L_unchanged=1 shared_fail=0
ARGUMENTS_PASS calls=30912 bad=0 expected_ldx=8 expected_panel_stride=2048
CASE_PASS m=4111 n=128 threads=1 calls=30912 expected=30912 max_error=3.8857805861880479e-16 max_residual=8.034328967208903e-16 padding_L_unchanged=1 shared_fail=0
ARGUMENTS_PASS calls=30912 bad=0 expected_ldx=8 expected_panel_stride=2048
CASE_PASS m=4111 n=129 threads=1 calls=30912 expected=30912 max_error=3.8857805861880479e-16 max_residual=8.034328967208903e-16 padding_L_unchanged=1 shared_fail=0
PASS whole_cases=12 padding_L_unchanged=1 actual_entry_counts=1
TILE_CONFIG_PASS KB=256 CT=64
DISPATCH workers=4 hwcap_sve=1 min_vl=64 max_vl=64 expected_wide=1
FIXTURE dense_structured_lower=1 independent_long_double_prefix=1 supplement_only=1
ARGUMENTS_PASS calls=0 bad=0 expected_ldx=8 expected_panel_stride=2048
CASE_PASS m=4100 n=31 threads=4 calls=0 expected=0 max_error=3.3306690738754696e-16 max_residual=7.2873025123941424e-16 padding_L_unchanged=1 shared_fail=0
ARGUMENTS_PASS calls=7696 bad=0 expected_ldx=8 expected_panel_stride=2048
CASE_PASS m=4100 n=32 threads=4 calls=7696 expected=7696 max_error=3.3306690738754696e-16 max_residual=7.2873025123941424e-16 padding_L_unchanged=1 shared_fail=0
ARGUMENTS_PASS calls=7696 bad=0 expected_ldx=8 expected_panel_stride=2048
CASE_PASS m=4100 n=33 threads=4 calls=7696 expected=7696 max_error=3.3306690738754696e-16 max_residual=7.2873025123941424e-16 padding_L_unchanged=1 shared_fail=0
ARGUMENTS_PASS calls=7712 bad=0 expected_ldx=8 expected_panel_stride=2048
CASE_PASS m=4105 n=63 threads=4 calls=7712 expected=7712 max_error=3.8857805861880479e-16 max_residual=8.034328967208903e-16 padding_L_unchanged=1 shared_fail=0
ARGUMENTS_PASS calls=15424 bad=0 expected_ldx=8 expected_panel_stride=2048
CASE_PASS m=4105 n=64 threads=4 calls=15424 expected=15424 max_error=3.8857805861880479e-16 max_residual=8.034328967208903e-16 padding_L_unchanged=1 shared_fail=0
ARGUMENTS_PASS calls=15424 bad=0 expected_ldx=8 expected_panel_stride=2048
CASE_PASS m=4105 n=65 threads=4 calls=15424 expected=15424 max_error=3.8857805861880479e-16 max_residual=8.034328967208903e-16 padding_L_unchanged=1 shared_fail=0
ARGUMENTS_PASS calls=15456 bad=0 expected_ldx=8 expected_panel_stride=2048
CASE_PASS m=4111 n=95 threads=4 calls=15456 expected=15456 max_error=3.8857805861880479e-16 max_residual=8.034328967208903e-16 padding_L_unchanged=1 shared_fail=0
ARGUMENTS_PASS calls=23184 bad=0 expected_ldx=8 expected_panel_stride=2048
CASE_PASS m=4111 n=96 threads=4 calls=23184 expected=23184 max_error=3.8857805861880479e-16 max_residual=8.034328967208903e-16 padding_L_unchanged=1 shared_fail=0
ARGUMENTS_PASS calls=23184 bad=0 expected_ldx=8 expected_panel_stride=2048
CASE_PASS m=4111 n=97 threads=4 calls=23184 expected=23184 max_error=3.8857805861880479e-16 max_residual=8.034328967208903e-16 padding_L_unchanged=1 shared_fail=0
ARGUMENTS_PASS calls=23184 bad=0 expected_ldx=8 expected_panel_stride=2048
CASE_PASS m=4111 n=127 threads=4 calls=23184 expected=23184 max_error=3.8857805861880479e-16 max_residual=8.034328967208903e-16 padding_L_unchanged=1 shared_fail=0
ARGUMENTS_PASS calls=30912 bad=0 expected_ldx=8 expected_panel_stride=2048
CASE_PASS m=4111 n=128 threads=4 calls=30912 expected=30912 max_error=3.8857805861880479e-16 max_residual=8.034328967208903e-16 padding_L_unchanged=1 shared_fail=0
ARGUMENTS_PASS calls=30912 bad=0 expected_ldx=8 expected_panel_stride=2048
CASE_PASS m=4111 n=129 threads=4 calls=30912 expected=30912 max_error=3.8857805861880479e-16 max_residual=8.034328967208903e-16 padding_L_unchanged=1 shared_fail=0
PASS whole_cases=12 padding_L_unchanged=1 actual_entry_counts=1
TILE_CONFIG_PASS KB=256 CT=64
DISPATCH workers=38 hwcap_sve=1 min_vl=64 max_vl=64 expected_wide=1
FIXTURE dense_structured_lower=1 independent_long_double_prefix=1 supplement_only=1
ARGUMENTS_PASS calls=30912 bad=0 expected_ldx=8 expected_panel_stride=2048
CASE_PASS m=4111 n=129 threads=38 calls=30912 expected=30912 max_error=3.8857805861880479e-16 max_residual=8.034328967208903e-16 padding_L_unchanged=1 shared_fail=0
PASS whole_cases=1 padding_L_unchanged=1 actual_entry_counts=1
TILE_CONFIG_PASS KB=256 CT=64
DISPATCH workers=4 hwcap_sve=1 min_vl=64 max_vl=64 expected_wide=1
FIXTURE dense_structured_lower=1 independent_long_double_prefix=1 supplement_only=1
ARGUMENTS_PASS calls=30912 bad=0 expected_ldx=136 expected_panel_stride=8
CASE_PASS m=4111 n=129 threads=4 calls=30912 expected=30912 max_error=3.8857805861880479e-16 max_residual=8.0343289669564369e-16 padding_L_unchanged=1 shared_fail=1
SHARED_ALLOC_PASS calls=1 injected=1
PASS whole_cases=1 padding_L_unchanged=1 actual_entry_counts=1
TILE_CONFIG_PASS KB=256 CT=64
DISPATCH workers=4 hwcap_sve=0 min_vl=64 max_vl=64 expected_wide=0
FIXTURE dense_structured_lower=1 independent_long_double_prefix=1 supplement_only=1
ARGUMENTS_PASS calls=0 bad=0 expected_ldx=8 expected_panel_stride=2048
CASE_PASS m=4111 n=129 threads=4 calls=0 expected=0 max_error=3.8857805861880479e-16 max_residual=8.034328967208903e-16 padding_L_unchanged=1 shared_fail=0
PASS whole_cases=1 padding_L_unchanged=1 actual_entry_counts=1
TILE_CONFIG_PASS KB=256 CT=64
NARROW_VL_PASS requested=16 actual=16
DISPATCH workers=4 hwcap_sve=1 min_vl=16 max_vl=16 expected_wide=0
FIXTURE dense_structured_lower=1 independent_long_double_prefix=1 supplement_only=1
ARGUMENTS_PASS calls=0 bad=0 expected_ldx=8 expected_panel_stride=2048
CASE_PASS m=4111 n=129 threads=4 calls=0 expected=0 max_error=3.8857805861880479e-16 max_residual=8.034328967208903e-16 padding_L_unchanged=1 shared_fail=0
PASS whole_cases=1 padding_L_unchanged=1 actual_entry_counts=1
TRSM_WIDE32_PREFLIGHT_COMPLETE=1 MICRO_CASES=28 WHOLE_CASES=28 SHARED_FAIL_CASES=1 NO_SVE_CASES=1 NARROW_VL_CASES=1
{"allowed_cpu_count": 38, "allowed_cpus": [0, 1, 2, 3, 4, 5, 6, 7, 8, 9, 10, 11, 12, 13, 14, 15, 16, 17, 18, 19, 20, 21, 22, 23, 24, 25, 26, 27, 28, 29, 30, 31, 32, 33, 34, 35, 36, 37], "guard_pass": true, "host": "COMPUTE_NODE", "numa_nodes": ["node0"], "scheduler_job_id": "1581862"}
gcc (gcc for openEuler 3.0.2) 12.3.1
Copyright (C) 2022 Free Software Foundation, Inc.
This is free software; see the source for copying conditions.  There is NO
warranty; not even for MERCHANTABILITY or FITNESS FOR A PARTICULAR PURPOSE.

SOURCE_INSTRUMENTATION_PASS copies=1 insertions=1 original_untouched=1
TILE_CONFIG_PASS KB=256 CT=64
DISPATCH workers=1 hwcap_sve=1 min_vl=64 max_vl=64 expected_wide=1
ARGUMENTS_PASS calls=1 bad=0 expected_ldx=47 expected_panel_stride=8
MICRO_PASS count=0 lda=3 layout=strided calls=1
ARGUMENTS_PASS calls=1 bad=0 expected_ldx=8 expected_panel_stride=2048
MICRO_PASS count=0 lda=3 layout=packed calls=1
ARGUMENTS_PASS calls=1 bad=0 expected_ldx=49 expected_panel_stride=8
MICRO_PASS count=0 lda=11 layout=strided calls=1
ARGUMENTS_PASS calls=1 bad=0 expected_ldx=8 expected_panel_stride=2048
MICRO_PASS count=0 lda=11 layout=packed calls=1
ARGUMENTS_PASS calls=1 bad=0 expected_ldx=47 expected_panel_stride=8
MICRO_PASS count=1 lda=4 layout=strided calls=1
ARGUMENTS_PASS calls=1 bad=0 expected_ldx=8 expected_panel_stride=2048
MICRO_PASS count=1 lda=4 layout=packed calls=1
ARGUMENTS_PASS calls=1 bad=0 expected_ldx=49 expected_panel_stride=8
MICRO_PASS count=1 lda=12 layout=strided calls=1
ARGUMENTS_PASS calls=1 bad=0 expected_ldx=8 expected_panel_stride=2048
MICRO_PASS count=1 lda=12 layout=packed calls=1
ARGUMENTS_PASS calls=1 bad=0 expected_ldx=47 expected_panel_stride=8
MICRO_PASS count=2 lda=5 layout=strided calls=1
ARGUMENTS_PASS calls=1 bad=0 expected_ldx=8 expected_panel_stride=2048
MICRO_PASS count=2 lda=5 layout=packed calls=1
ARGUMENTS_PASS calls=1 bad=0 expected_ldx=49 expected_panel_stride=8
MICRO_PASS count=2 lda=13 layout=strided calls=1
ARGUMENTS_PASS calls=1 bad=0 expected_ldx=8 expected_panel_stride=2048
MICRO_PASS count=2 lda=13 layout=packed calls=1
ARGUMENTS_PASS calls=1 bad=0 expected_ldx=47 expected_panel_stride=8
MICRO_PASS count=7 lda=10 layout=strided calls=1
ARGUMENTS_PASS calls=1 bad=0 expected_ldx=8 expected_panel_stride=2048
MICRO_PASS count=7 lda=10 layout=packed calls=1
ARGUMENTS_PASS calls=1 bad=0 expected_ldx=49 expected_panel_stride=8
MICRO_PASS count=7 lda=18 layout=strided calls=1
ARGUMENTS_PASS calls=1 bad=0 expected_ldx=8 expected_panel_stride=2048
MICRO_PASS count=7 lda=18 layout=packed calls=1
ARGUMENTS_PASS calls=1 bad=0 expected_ldx=47 expected_panel_stride=8
MICRO_PASS count=31 lda=34 layout=strided calls=1
ARGUMENTS_PASS calls=1 bad=0 expected_ldx=8 expected_panel_stride=2048
MICRO_PASS count=31 lda=34 layout=packed calls=1
ARGUMENTS_PASS calls=1 bad=0 expected_ldx=49 expected_panel_stride=8
MICRO_PASS count=31 lda=42 layout=strided calls=1
ARGUMENTS_PASS calls=1 bad=0 expected_ldx=8 expected_panel_stride=2048
MICRO_PASS count=31 lda=42 layout=packed calls=1
ARGUMENTS_PASS calls=1 bad=0 expected_ldx=47 expected_panel_stride=8
MICRO_PASS count=255 lda=258 layout=strided calls=1
ARGUMENTS_PASS calls=1 bad=0 expected_ldx=8 expected_panel_stride=2048
MICRO_PASS count=255 lda=258 layout=packed calls=1
ARGUMENTS_PASS calls=1 bad=0 expected_ldx=49 expected_panel_stride=8
MICRO_PASS count=255 lda=266 layout=strided calls=1
ARGUMENTS_PASS calls=1 bad=0 expected_ldx=8 expected_panel_stride=2048
MICRO_PASS count=255 lda=266 layout=packed calls=1
ARGUMENTS_PASS calls=1 bad=0 expected_ldx=47 expected_panel_stride=8
MICRO_PASS count=256 lda=259 layout=strided calls=1
ARGUMENTS_PASS calls=1 bad=0 expected_ldx=8 expected_panel_stride=2048
MICRO_PASS count=256 lda=259 layout=packed calls=1
ARGUMENTS_PASS calls=1 bad=0 expected_ldx=49 expected_panel_stride=8
MICRO_PASS count=256 lda=267 layout=strided calls=1
ARGUMENTS_PASS calls=1 bad=0 expected_ldx=8 expected_panel_stride=2048
MICRO_PASS count=256 lda=267 layout=packed calls=1
PASS micro_cases=28 ordered_FMA_bitwise=1 L_X_guards_unchanged=1
TILE_CONFIG_PASS KB=256 CT=64
DISPATCH workers=1 hwcap_sve=1 min_vl=64 max_vl=64 expected_wide=1
FIXTURE dense_structured_lower=1 independent_long_double_prefix=1 supplement_only=1
ARGUMENTS_PASS calls=0 bad=0 expected_ldx=8 expected_panel_stride=2048
CASE_PASS m=4100 n=31 threads=1 calls=0 expected=0 max_error=3.3306690738754696e-16 max_residual=7.2873025123941424e-16 padding_L_unchanged=1 shared_fail=0
ARGUMENTS_PASS calls=7696 bad=0 expected_ldx=8 expected_panel_stride=2048
CASE_PASS m=4100 n=32 threads=1 calls=7696 expected=7696 max_error=3.3306690738754696e-16 max_residual=7.2873025123941424e-16 padding_L_unchanged=1 shared_fail=0
ARGUMENTS_PASS calls=7696 bad=0 expected_ldx=8 expected_panel_stride=2048
CASE_PASS m=4100 n=33 threads=1 calls=7696 expected=7696 max_error=3.3306690738754696e-16 max_residual=7.2873025123941424e-16 padding_L_unchanged=1 shared_fail=0
ARGUMENTS_PASS calls=7712 bad=0 expected_ldx=8 expected_panel_stride=2048
CASE_PASS m=4105 n=63 threads=1 calls=7712 expected=7712 max_error=3.8857805861880479e-16 max_residual=8.034328967208903e-16 padding_L_unchanged=1 shared_fail=0
ARGUMENTS_PASS calls=15424 bad=0 expected_ldx=8 expected_panel_stride=2048
CASE_PASS m=4105 n=64 threads=1 calls=15424 expected=15424 max_error=3.8857805861880479e-16 max_residual=8.034328967208903e-16 padding_L_unchanged=1 shared_fail=0
ARGUMENTS_PASS calls=15424 bad=0 expected_ldx=8 expected_panel_stride=2048
CASE_PASS m=4105 n=65 threads=1 calls=15424 expected=15424 max_error=3.8857805861880479e-16 max_residual=8.034328967208903e-16 padding_L_unchanged=1 shared_fail=0
ARGUMENTS_PASS calls=15456 bad=0 expected_ldx=8 expected_panel_stride=2048
CASE_PASS m=4111 n=95 threads=1 calls=15456 expected=15456 max_error=3.8857805861880479e-16 max_residual=8.034328967208903e-16 padding_L_unchanged=1 shared_fail=0
ARGUMENTS_PASS calls=23184 bad=0 expected_ldx=8 expected_panel_stride=2048
CASE_PASS m=4111 n=96 threads=1 calls=23184 expected=23184 max_error=3.8857805861880479e-16 max_residual=8.034328967208903e-16 padding_L_unchanged=1 shared_fail=0
ARGUMENTS_PASS calls=23184 bad=0 expected_ldx=8 expected_panel_stride=2048
CASE_PASS m=4111 n=97 threads=1 calls=23184 expected=23184 max_error=3.8857805861880479e-16 max_residual=8.034328967208903e-16 padding_L_unchanged=1 shared_fail=0
ARGUMENTS_PASS calls=23184 bad=0 expected_ldx=8 expected_panel_stride=2048
CASE_PASS m=4111 n=127 threads=1 calls=23184 expected=23184 max_error=3.8857805861880479e-16 max_residual=8.034328967208903e-16 padding_L_unchanged=1 shared_fail=0
ARGUMENTS_PASS calls=30912 bad=0 expected_ldx=8 expected_panel_stride=2048
CASE_PASS m=4111 n=128 threads=1 calls=30912 expected=30912 max_error=3.8857805861880479e-16 max_residual=8.034328967208903e-16 padding_L_unchanged=1 shared_fail=0
ARGUMENTS_PASS calls=30912 bad=0 expected_ldx=8 expected_panel_stride=2048
CASE_PASS m=4111 n=129 threads=1 calls=30912 expected=30912 max_error=3.8857805861880479e-16 max_residual=8.034328967208903e-16 padding_L_unchanged=1 shared_fail=0
PASS whole_cases=12 padding_L_unchanged=1 actual_entry_counts=1
TILE_CONFIG_PASS KB=256 CT=64
DISPATCH workers=4 hwcap_sve=1 min_vl=64 max_vl=64 expected_wide=1
FIXTURE dense_structured_lower=1 independent_long_double_prefix=1 supplement_only=1
ARGUMENTS_PASS calls=0 bad=0 expected_ldx=8 expected_panel_stride=2048
CASE_PASS m=4100 n=31 threads=4 calls=0 expected=0 max_error=3.3306690738754696e-16 max_residual=7.2873025123941424e-16 padding_L_unchanged=1 shared_fail=0
ARGUMENTS_PASS calls=7696 bad=0 expected_ldx=8 expected_panel_stride=2048
CASE_PASS m=4100 n=32 threads=4 calls=7696 expected=7696 max_error=3.3306690738754696e-16 max_residual=7.2873025123941424e-16 padding_L_unchanged=1 shared_fail=0
ARGUMENTS_PASS calls=7696 bad=0 expected_ldx=8 expected_panel_stride=2048
CASE_PASS m=4100 n=33 threads=4 calls=7696 expected=7696 max_error=3.3306690738754696e-16 max_residual=7.2873025123941424e-16 padding_L_unchanged=1 shared_fail=0
ARGUMENTS_PASS calls=7712 bad=0 expected_ldx=8 expected_panel_stride=2048
CASE_PASS m=4105 n=63 threads=4 calls=7712 expected=7712 max_error=3.8857805861880479e-16 max_residual=8.034328967208903e-16 padding_L_unchanged=1 shared_fail=0
ARGUMENTS_PASS calls=15424 bad=0 expected_ldx=8 expected_panel_stride=2048
CASE_PASS m=4105 n=64 threads=4 calls=15424 expected=15424 max_error=3.8857805861880479e-16 max_residual=8.034328967208903e-16 padding_L_unchanged=1 shared_fail=0
ARGUMENTS_PASS calls=15424 bad=0 expected_ldx=8 expected_panel_stride=2048
CASE_PASS m=4105 n=65 threads=4 calls=15424 expected=15424 max_error=3.8857805861880479e-16 max_residual=8.034328967208903e-16 padding_L_unchanged=1 shared_fail=0
ARGUMENTS_PASS calls=15456 bad=0 expected_ldx=8 expected_panel_stride=2048
CASE_PASS m=4111 n=95 threads=4 calls=15456 expected=15456 max_error=3.8857805861880479e-16 max_residual=8.034328967208903e-16 padding_L_unchanged=1 shared_fail=0
ARGUMENTS_PASS calls=23184 bad=0 expected_ldx=8 expected_panel_stride=2048
CASE_PASS m=4111 n=96 threads=4 calls=23184 expected=23184 max_error=3.8857805861880479e-16 max_residual=8.034328967208903e-16 padding_L_unchanged=1 shared_fail=0
ARGUMENTS_PASS calls=23184 bad=0 expected_ldx=8 expected_panel_stride=2048
CASE_PASS m=4111 n=97 threads=4 calls=23184 expected=23184 max_error=3.8857805861880479e-16 max_residual=8.034328967208903e-16 padding_L_unchanged=1 shared_fail=0
ARGUMENTS_PASS calls=23184 bad=0 expected_ldx=8 expected_panel_stride=2048
CASE_PASS m=4111 n=127 threads=4 calls=23184 expected=23184 max_error=3.8857805861880479e-16 max_residual=8.034328967208903e-16 padding_L_unchanged=1 shared_fail=0
ARGUMENTS_PASS calls=30912 bad=0 expected_ldx=8 expected_panel_stride=2048
CASE_PASS m=4111 n=128 threads=4 calls=30912 expected=30912 max_error=3.8857805861880479e-16 max_residual=8.034328967208903e-16 padding_L_unchanged=1 shared_fail=0
ARGUMENTS_PASS calls=30912 bad=0 expected_ldx=8 expected_panel_stride=2048
CASE_PASS m=4111 n=129 threads=4 calls=30912 expected=30912 max_error=3.8857805861880479e-16 max_residual=8.034328967208903e-16 padding_L_unchanged=1 shared_fail=0
PASS whole_cases=12 padding_L_unchanged=1 actual_entry_counts=1
TILE_CONFIG_PASS KB=256 CT=64
DISPATCH workers=38 hwcap_sve=1 min_vl=64 max_vl=64 expected_wide=1
FIXTURE dense_structured_lower=1 independent_long_double_prefix=1 supplement_only=1
ARGUMENTS_PASS calls=30912 bad=0 expected_ldx=8 expected_panel_stride=2048
CASE_PASS m=4111 n=129 threads=38 calls=30912 expected=30912 max_error=3.8857805861880479e-16 max_residual=8.034328967208903e-16 padding_L_unchanged=1 shared_fail=0
PASS whole_cases=1 padding_L_unchanged=1 actual_entry_counts=1
TILE_CONFIG_PASS KB=256 CT=64
DISPATCH workers=4 hwcap_sve=1 min_vl=64 max_vl=64 expected_wide=1
FIXTURE dense_structured_lower=1 independent_long_double_prefix=1 supplement_only=1
ARGUMENTS_PASS calls=30912 bad=0 expected_ldx=136 expected_panel_stride=8
CASE_PASS m=4111 n=129 threads=4 calls=30912 expected=30912 max_error=3.8857805861880479e-16 max_residual=8.0343289669564369e-16 padding_L_unchanged=1 shared_fail=1
SHARED_ALLOC_PASS calls=1 injected=1
PASS whole_cases=1 padding_L_unchanged=1 actual_entry_counts=1
TILE_CONFIG_PASS KB=256 CT=64
DISPATCH workers=4 hwcap_sve=0 min_vl=64 max_vl=64 expected_wide=0
FIXTURE dense_structured_lower=1 independent_long_double_prefix=1 supplement_only=1
ARGUMENTS_PASS calls=0 bad=0 expected_ldx=8 expected_panel_stride=2048
CASE_PASS m=4111 n=129 threads=4 calls=0 expected=0 max_error=3.8857805861880479e-16 max_residual=8.034328967208903e-16 padding_L_unchanged=1 shared_fail=0
PASS whole_cases=1 padding_L_unchanged=1 actual_entry_counts=1
TILE_CONFIG_PASS KB=256 CT=64
NARROW_VL_PASS requested=16 actual=16
DISPATCH workers=4 hwcap_sve=1 min_vl=16 max_vl=16 expected_wide=0
FIXTURE dense_structured_lower=1 independent_long_double_prefix=1 supplement_only=1
ARGUMENTS_PASS calls=0 bad=0 expected_ldx=8 expected_panel_stride=2048
CASE_PASS m=4111 n=129 threads=4 calls=0 expected=0 max_error=3.8857805861880479e-16 max_residual=8.034328967208903e-16 padding_L_unchanged=1 shared_fail=0
PASS whole_cases=1 padding_L_unchanged=1 actual_entry_counts=1
TRSM_WIDE32_PREFLIGHT_COMPLETE=1 MICRO_CASES=28 WHOLE_CASES=28 SHARED_FAIL_CASES=1 NO_SVE_CASES=1 NARROW_VL_CASES=1
Compiler: gcc (gcc for openEuler 3.0.2) 12.3.1
CPUs=0-37 NUMA=0 threads=38
Reference BLAS: official kblas

================================= TRSM测试 ================================
     M       N     Time(ms)       GFLOPS 最大误差   校验
---------------------------------------------------------------------------
   512 x 19968        13.96     375.0274     1.67e-16     PASS

================================= TRSM测试 ================================
     M       N     Time(ms)       GFLOPS 最大误差   校验
---------------------------------------------------------------------------
  2432 x 17024       118.57     849.2158     2.22e-16     PASS

================================= TRSM测试 ================================
     M       N     Time(ms)       GFLOPS 最大误差   校验
---------------------------------------------------------------------------
 17024 x   512       179.69     825.7992     1.11e-15     PASS
All three official cases PASS. Logs: results/run-20260913-003754-Qh1udL
Compiler: gcc (gcc for openEuler 3.0.2) 12.3.1
CPUs=0-37 NUMA=0 threads=38
Reference BLAS: official kblas

================================= TRSM测试 ================================
     M       N     Time(ms)       GFLOPS 最大误差   校验
---------------------------------------------------------------------------
   512 x 19968        15.14     345.7994     1.67e-16     PASS

================================= TRSM测试 ================================
     M       N     Time(ms)       GFLOPS 最大误差   校验
---------------------------------------------------------------------------
  2432 x 17024       117.37     857.9229     2.22e-16     PASS

================================= TRSM测试 ================================
     M       N     Time(ms)       GFLOPS 最大误差   校验
---------------------------------------------------------------------------
 17024 x   512       173.59     854.8275     1.11e-15     PASS
All three official cases PASS. Logs: results/run-20260913-003802-dFMwty
Compiler: gcc (gcc for openEuler 3.0.2) 12.3.1
CPUs=0-37 NUMA=0 threads=38
Reference BLAS: official kblas

================================= TRSM测试 ================================
     M       N     Time(ms)       GFLOPS 最大误差   校验
---------------------------------------------------------------------------
   512 x 19968        13.68     382.6622     1.67e-16     PASS

================================= TRSM测试 ================================
     M       N     Time(ms)       GFLOPS 最大误差   校验
---------------------------------------------------------------------------
  2432 x 17024       117.80     854.7854     2.22e-16     PASS

================================= TRSM测试 ================================
     M       N     Time(ms)       GFLOPS 最大误差   校验
---------------------------------------------------------------------------
 17024 x   512       179.82     825.1915     1.11e-15     PASS
All three official cases PASS. Logs: results/run-20260913-003810-zJLpfY
Compiler: gcc (gcc for openEuler 3.0.2) 12.3.1
CPUs=0-37 NUMA=0 threads=38
Reference BLAS: official kblas

================================= TRSM测试 ================================
     M       N     Time(ms)       GFLOPS 最大误差   校验
---------------------------------------------------------------------------
   512 x 19968        14.26     367.0849     1.67e-16     PASS

================================= TRSM测试 ================================
     M       N     Time(ms)       GFLOPS 最大误差   校验
---------------------------------------------------------------------------
  2432 x 17024       119.93     839.6116     2.22e-16     PASS

================================= TRSM测试 ================================
     M       N     Time(ms)       GFLOPS 最大误差   校验
---------------------------------------------------------------------------
 17024 x   512       174.79     848.9338     1.11e-15     PASS
All three official cases PASS. Logs: results/run-20260913-003819-8fQh4P
Compiler: gcc (gcc for openEuler 3.0.2) 12.3.1
CPUs=0-37 NUMA=0 threads=38
Reference BLAS: official kblas

================================= TRSM测试 ================================
     M       N     Time(ms)       GFLOPS 最大误差   校验
---------------------------------------------------------------------------
   512 x 19968        13.67     382.7934     1.67e-16     PASS

================================= TRSM测试 ================================
     M       N     Time(ms)       GFLOPS 最大误差   校验
---------------------------------------------------------------------------
  2432 x 17024       119.80     840.4993     2.22e-16     PASS

================================= TRSM测试 ================================
     M       N     Time(ms)       GFLOPS 最大误差   校验
---------------------------------------------------------------------------
 17024 x   512       172.72     859.1362     1.11e-15     PASS
All three official cases PASS. Logs: results/run-20260913-003827-uMZ5aW
Compiler: gcc (gcc for openEuler 3.0.2) 12.3.1
CPUs=0-37 NUMA=0 threads=38
Reference BLAS: official kblas

================================= TRSM测试 ================================
     M       N     Time(ms)       GFLOPS 最大误差   校验
---------------------------------------------------------------------------
   512 x 19968        14.14     370.1671     1.67e-16     PASS

================================= TRSM测试 ================================
     M       N     Time(ms)       GFLOPS 最大误差   校验
---------------------------------------------------------------------------
  2432 x 17024       117.25     858.7494     2.22e-16     PASS

================================= TRSM测试 ================================
     M       N     Time(ms)       GFLOPS 最大误差   校验
---------------------------------------------------------------------------
 17024 x   512       180.17     823.5911     1.11e-15     PASS
All three official cases PASS. Logs: results/run-20260913-003836-aqCPxB
Compiler: gcc (gcc for openEuler 3.0.2) 12.3.1
CPUs=0-37 NUMA=0 threads=38
Reference BLAS: official kblas

================================= TRSM测试 ================================
     M       N     Time(ms)       GFLOPS 最大误差   校验
---------------------------------------------------------------------------
   512 x 19968        14.34     365.1342     1.67e-16     PASS

================================= TRSM测试 ================================
     M       N     Time(ms)       GFLOPS 最大误差   校验
---------------------------------------------------------------------------
  2432 x 17024       118.73     848.0343     2.22e-16     PASS

================================= TRSM测试 ================================
     M       N     Time(ms)       GFLOPS 最大误差   校验
---------------------------------------------------------------------------
 17024 x   512       180.08     823.9991     1.11e-15     PASS
All three official cases PASS. Logs: results/run-20260913-003844-k3KHyn
Compiler: gcc (gcc for openEuler 3.0.2) 12.3.1
CPUs=0-37 NUMA=0 threads=38
Reference BLAS: official kblas

================================= TRSM测试 ================================
     M       N     Time(ms)       GFLOPS 最大误差   校验
---------------------------------------------------------------------------
   512 x 19968        14.12     370.5918     1.67e-16     PASS

================================= TRSM测试 ================================
     M       N     Time(ms)       GFLOPS 最大误差   校验
---------------------------------------------------------------------------
  2432 x 17024       119.07     845.6531     2.22e-16     PASS

================================= TRSM测试 ================================
     M       N     Time(ms)       GFLOPS 最大误差   校验
---------------------------------------------------------------------------
 17024 x   512       173.42     855.6298     1.11e-15     PASS
All three official cases PASS. Logs: results/run-20260913-003852-ML2LHw
