{"allowed_cpu_count": 38, "allowed_cpus": [114, 115, 116, 117, 118, 119, 120, 121, 122, 123, 124, 125, 126, 127, 128, 129, 130, 131, 132, 133, 134, 135, 136, 137, 138, 139, 140, 141, 142, 143, 144, 145, 146, 147, 148, 149, 150, 151], "guard_pass": true, "host": "COMPUTE_NODE_1", "numa_nodes": ["node3"], "scheduler_job_id": "1576015"}
gcc (gcc for openEuler 3.0.2) 12.3.1
Copyright (C) 2022 Free Software Foundation, Inc.
This is free software; see the source for copying conditions.  There is NO
warranty; not even for MERCHANTABILITY or FITNESS FOR A PARTICULAR PURPOSE.

MODE=full THREADS=1 NARROW_VL=0 EXPECT_SVE16=0
CASE_PASS m=1 n=1 sve16_entries=0 expected=0
CASE_PASS m=1 n=7 sve16_entries=0 expected=0
CASE_PASS m=1 n=8 sve16_entries=0 expected=0
CASE_PASS m=1 n=9 sve16_entries=0 expected=0
CASE_PASS m=1 n=17 sve16_entries=0 expected=0
CASE_PASS m=3 n=1 sve16_entries=0 expected=0
CASE_PASS m=3 n=7 sve16_entries=0 expected=0
CASE_PASS m=3 n=8 sve16_entries=0 expected=0
CASE_PASS m=3 n=9 sve16_entries=0 expected=0
CASE_PASS m=3 n=17 sve16_entries=0 expected=0
CASE_PASS m=4 n=1 sve16_entries=0 expected=0
CASE_PASS m=4 n=7 sve16_entries=0 expected=0
CASE_PASS m=4 n=8 sve16_entries=0 expected=0
CASE_PASS m=4 n=9 sve16_entries=0 expected=0
CASE_PASS m=4 n=17 sve16_entries=0 expected=0
CASE_PASS m=5 n=1 sve16_entries=0 expected=0
CASE_PASS m=5 n=7 sve16_entries=0 expected=0
CASE_PASS m=5 n=8 sve16_entries=0 expected=0
CASE_PASS m=5 n=9 sve16_entries=0 expected=0
CASE_PASS m=5 n=17 sve16_entries=0 expected=0
CASE_PASS m=15 n=1 sve16_entries=0 expected=0
CASE_PASS m=15 n=7 sve16_entries=0 expected=0
CASE_PASS m=15 n=8 sve16_entries=0 expected=0
CASE_PASS m=15 n=9 sve16_entries=0 expected=0
CASE_PASS m=15 n=17 sve16_entries=0 expected=0
CASE_PASS m=16 n=1 sve16_entries=0 expected=0
CASE_PASS m=16 n=7 sve16_entries=0 expected=0
CASE_PASS m=16 n=8 sve16_entries=0 expected=0
CASE_PASS m=16 n=9 sve16_entries=0 expected=0
CASE_PASS m=16 n=17 sve16_entries=0 expected=0
CASE_PASS m=17 n=1 sve16_entries=0 expected=0
CASE_PASS m=17 n=7 sve16_entries=0 expected=0
CASE_PASS m=17 n=8 sve16_entries=0 expected=0
CASE_PASS m=17 n=9 sve16_entries=0 expected=0
CASE_PASS m=17 n=17 sve16_entries=0 expected=0
CASE_PASS m=31 n=1 sve16_entries=0 expected=0
CASE_PASS m=31 n=7 sve16_entries=0 expected=0
CASE_PASS m=31 n=8 sve16_entries=0 expected=0
CASE_PASS m=31 n=9 sve16_entries=0 expected=0
CASE_PASS m=31 n=17 sve16_entries=0 expected=0
CASE_PASS m=32 n=1 sve16_entries=0 expected=0
CASE_PASS m=32 n=7 sve16_entries=0 expected=0
CASE_PASS m=32 n=8 sve16_entries=0 expected=0
CASE_PASS m=32 n=9 sve16_entries=0 expected=0
CASE_PASS m=32 n=17 sve16_entries=0 expected=0
CASE_PASS m=33 n=1 sve16_entries=0 expected=0
CASE_PASS m=33 n=7 sve16_entries=0 expected=0
CASE_PASS m=33 n=8 sve16_entries=0 expected=0
CASE_PASS m=33 n=9 sve16_entries=0 expected=0
CASE_PASS m=33 n=17 sve16_entries=0 expected=0
CASE_PASS m=63 n=1 sve16_entries=0 expected=0
CASE_PASS m=63 n=7 sve16_entries=0 expected=0
CASE_PASS m=63 n=8 sve16_entries=0 expected=0
CASE_PASS m=63 n=9 sve16_entries=0 expected=0
CASE_PASS m=63 n=17 sve16_entries=0 expected=0
CASE_PASS m=64 n=1 sve16_entries=0 expected=0
CASE_PASS m=64 n=7 sve16_entries=0 expected=0
CASE_PASS m=64 n=8 sve16_entries=0 expected=0
CASE_PASS m=64 n=9 sve16_entries=0 expected=0
CASE_PASS m=64 n=17 sve16_entries=0 expected=0
CASE_PASS m=65 n=1 sve16_entries=0 expected=0
CASE_PASS m=65 n=7 sve16_entries=0 expected=0
CASE_PASS m=65 n=8 sve16_entries=0 expected=0
CASE_PASS m=65 n=9 sve16_entries=0 expected=0
CASE_PASS m=65 n=17 sve16_entries=0 expected=0
CASE_PASS m=255 n=1 sve16_entries=0 expected=0
CASE_PASS m=255 n=7 sve16_entries=0 expected=0
CASE_PASS m=255 n=8 sve16_entries=0 expected=0
CASE_PASS m=255 n=9 sve16_entries=0 expected=0
CASE_PASS m=255 n=17 sve16_entries=0 expected=0
CASE_PASS m=256 n=1 sve16_entries=0 expected=0
CASE_PASS m=256 n=7 sve16_entries=0 expected=0
CASE_PASS m=256 n=8 sve16_entries=0 expected=0
CASE_PASS m=256 n=9 sve16_entries=0 expected=0
CASE_PASS m=256 n=17 sve16_entries=0 expected=0
CASE_PASS m=257 n=1 sve16_entries=0 expected=0
CASE_PASS m=257 n=7 sve16_entries=0 expected=0
CASE_PASS m=257 n=8 sve16_entries=0 expected=0
CASE_PASS m=257 n=9 sve16_entries=0 expected=0
CASE_PASS m=257 n=17 sve16_entries=0 expected=0
PASS whole_cases=80 noop_cases=4 non_dyadic_long_double_RHS=1 padding_L_unchanged=1 max_error=1.1102230246251565e-16
MODE=full THREADS=4 NARROW_VL=0 EXPECT_SVE16=0
CASE_PASS m=1 n=1 sve16_entries=0 expected=0
CASE_PASS m=1 n=7 sve16_entries=0 expected=0
CASE_PASS m=1 n=8 sve16_entries=0 expected=0
CASE_PASS m=1 n=9 sve16_entries=0 expected=0
CASE_PASS m=1 n=17 sve16_entries=0 expected=0
CASE_PASS m=3 n=1 sve16_entries=0 expected=0
CASE_PASS m=3 n=7 sve16_entries=0 expected=0
CASE_PASS m=3 n=8 sve16_entries=0 expected=0
CASE_PASS m=3 n=9 sve16_entries=0 expected=0
CASE_PASS m=3 n=17 sve16_entries=0 expected=0
CASE_PASS m=4 n=1 sve16_entries=0 expected=0
CASE_PASS m=4 n=7 sve16_entries=0 expected=0
CASE_PASS m=4 n=8 sve16_entries=0 expected=0
CASE_PASS m=4 n=9 sve16_entries=0 expected=0
CASE_PASS m=4 n=17 sve16_entries=0 expected=0
CASE_PASS m=5 n=1 sve16_entries=0 expected=0
CASE_PASS m=5 n=7 sve16_entries=0 expected=0
CASE_PASS m=5 n=8 sve16_entries=0 expected=0
CASE_PASS m=5 n=9 sve16_entries=0 expected=0
CASE_PASS m=5 n=17 sve16_entries=0 expected=0
CASE_PASS m=15 n=1 sve16_entries=0 expected=0
CASE_PASS m=15 n=7 sve16_entries=0 expected=0
CASE_PASS m=15 n=8 sve16_entries=0 expected=0
CASE_PASS m=15 n=9 sve16_entries=0 expected=0
CASE_PASS m=15 n=17 sve16_entries=0 expected=0
CASE_PASS m=16 n=1 sve16_entries=0 expected=0
CASE_PASS m=16 n=7 sve16_entries=0 expected=0
CASE_PASS m=16 n=8 sve16_entries=0 expected=0
CASE_PASS m=16 n=9 sve16_entries=0 expected=0
CASE_PASS m=16 n=17 sve16_entries=0 expected=0
CASE_PASS m=17 n=1 sve16_entries=0 expected=0
CASE_PASS m=17 n=7 sve16_entries=0 expected=0
CASE_PASS m=17 n=8 sve16_entries=0 expected=0
CASE_PASS m=17 n=9 sve16_entries=0 expected=0
CASE_PASS m=17 n=17 sve16_entries=0 expected=0
CASE_PASS m=31 n=1 sve16_entries=0 expected=0
CASE_PASS m=31 n=7 sve16_entries=0 expected=0
CASE_PASS m=31 n=8 sve16_entries=0 expected=0
CASE_PASS m=31 n=9 sve16_entries=0 expected=0
CASE_PASS m=31 n=17 sve16_entries=0 expected=0
CASE_PASS m=32 n=1 sve16_entries=0 expected=0
CASE_PASS m=32 n=7 sve16_entries=0 expected=0
CASE_PASS m=32 n=8 sve16_entries=0 expected=0
CASE_PASS m=32 n=9 sve16_entries=0 expected=0
CASE_PASS m=32 n=17 sve16_entries=0 expected=0
CASE_PASS m=33 n=1 sve16_entries=0 expected=0
CASE_PASS m=33 n=7 sve16_entries=0 expected=0
CASE_PASS m=33 n=8 sve16_entries=0 expected=0
CASE_PASS m=33 n=9 sve16_entries=0 expected=0
CASE_PASS m=33 n=17 sve16_entries=0 expected=0
CASE_PASS m=63 n=1 sve16_entries=0 expected=0
CASE_PASS m=63 n=7 sve16_entries=0 expected=0
CASE_PASS m=63 n=8 sve16_entries=0 expected=0
CASE_PASS m=63 n=9 sve16_entries=0 expected=0
CASE_PASS m=63 n=17 sve16_entries=0 expected=0
CASE_PASS m=64 n=1 sve16_entries=0 expected=0
CASE_PASS m=64 n=7 sve16_entries=0 expected=0
CASE_PASS m=64 n=8 sve16_entries=0 expected=0
CASE_PASS m=64 n=9 sve16_entries=0 expected=0
CASE_PASS m=64 n=17 sve16_entries=0 expected=0
CASE_PASS m=65 n=1 sve16_entries=0 expected=0
CASE_PASS m=65 n=7 sve16_entries=0 expected=0
CASE_PASS m=65 n=8 sve16_entries=0 expected=0
CASE_PASS m=65 n=9 sve16_entries=0 expected=0
CASE_PASS m=65 n=17 sve16_entries=0 expected=0
CASE_PASS m=255 n=1 sve16_entries=0 expected=0
CASE_PASS m=255 n=7 sve16_entries=0 expected=0
CASE_PASS m=255 n=8 sve16_entries=0 expected=0
CASE_PASS m=255 n=9 sve16_entries=0 expected=0
CASE_PASS m=255 n=17 sve16_entries=0 expected=0
CASE_PASS m=256 n=1 sve16_entries=0 expected=0
CASE_PASS m=256 n=7 sve16_entries=0 expected=0
CASE_PASS m=256 n=8 sve16_entries=0 expected=0
CASE_PASS m=256 n=9 sve16_entries=0 expected=0
CASE_PASS m=256 n=17 sve16_entries=0 expected=0
CASE_PASS m=257 n=1 sve16_entries=0 expected=0
CASE_PASS m=257 n=7 sve16_entries=0 expected=0
CASE_PASS m=257 n=8 sve16_entries=0 expected=0
CASE_PASS m=257 n=9 sve16_entries=0 expected=0
CASE_PASS m=257 n=17 sve16_entries=0 expected=0
PASS whole_cases=80 noop_cases=4 non_dyadic_long_double_RHS=1 padding_L_unchanged=1 max_error=1.1102230246251565e-16
MODE=smoke THREADS=38 NARROW_VL=0 EXPECT_SVE16=0
CASE_PASS m=15 n=9 sve16_entries=0 expected=0
CASE_PASS m=16 n=17 sve16_entries=0 expected=0
CASE_PASS m=33 n=313 sve16_entries=0 expected=0
CASE_PASS m=257 n=313 sve16_entries=0 expected=0
PASS whole_cases=4 noop_cases=4 non_dyadic_long_double_RHS=1 padding_L_unchanged=1 max_error=1.1102230246251565e-16
MODE=boundary THREADS=1 NARROW_VL=0 EXPECT_SVE16=0
CASE_PASS m=4095 n=9 sve16_entries=0 expected=0
CASE_PASS m=4097 n=9 sve16_entries=0 expected=0
PASS whole_cases=2 noop_cases=4 non_dyadic_long_double_RHS=1 padding_L_unchanged=1 max_error=3.8857805861880479e-16
MODE=full THREADS=4 NARROW_VL=0 EXPECT_SVE16=0
CASE_PASS m=1 n=1 sve16_entries=0 expected=0
CASE_PASS m=1 n=7 sve16_entries=0 expected=0
CASE_PASS m=1 n=8 sve16_entries=0 expected=0
CASE_PASS m=1 n=9 sve16_entries=0 expected=0
CASE_PASS m=1 n=17 sve16_entries=0 expected=0
CASE_PASS m=3 n=1 sve16_entries=0 expected=0
CASE_PASS m=3 n=7 sve16_entries=0 expected=0
CASE_PASS m=3 n=8 sve16_entries=0 expected=0
CASE_PASS m=3 n=9 sve16_entries=0 expected=0
CASE_PASS m=3 n=17 sve16_entries=0 expected=0
CASE_PASS m=4 n=1 sve16_entries=0 expected=0
CASE_PASS m=4 n=7 sve16_entries=0 expected=0
CASE_PASS m=4 n=8 sve16_entries=0 expected=0
CASE_PASS m=4 n=9 sve16_entries=0 expected=0
CASE_PASS m=4 n=17 sve16_entries=0 expected=0
CASE_PASS m=5 n=1 sve16_entries=0 expected=0
CASE_PASS m=5 n=7 sve16_entries=0 expected=0
CASE_PASS m=5 n=8 sve16_entries=0 expected=0
CASE_PASS m=5 n=9 sve16_entries=0 expected=0
CASE_PASS m=5 n=17 sve16_entries=0 expected=0
CASE_PASS m=15 n=1 sve16_entries=0 expected=0
CASE_PASS m=15 n=7 sve16_entries=0 expected=0
CASE_PASS m=15 n=8 sve16_entries=0 expected=0
CASE_PASS m=15 n=9 sve16_entries=0 expected=0
CASE_PASS m=15 n=17 sve16_entries=0 expected=0
CASE_PASS m=16 n=1 sve16_entries=0 expected=0
CASE_PASS m=16 n=7 sve16_entries=0 expected=0
CASE_PASS m=16 n=8 sve16_entries=0 expected=0
CASE_PASS m=16 n=9 sve16_entries=0 expected=0
CASE_PASS m=16 n=17 sve16_entries=0 expected=0
CASE_PASS m=17 n=1 sve16_entries=0 expected=0
CASE_PASS m=17 n=7 sve16_entries=0 expected=0
CASE_PASS m=17 n=8 sve16_entries=0 expected=0
CASE_PASS m=17 n=9 sve16_entries=0 expected=0
CASE_PASS m=17 n=17 sve16_entries=0 expected=0
CASE_PASS m=31 n=1 sve16_entries=0 expected=0
CASE_PASS m=31 n=7 sve16_entries=0 expected=0
CASE_PASS m=31 n=8 sve16_entries=0 expected=0
CASE_PASS m=31 n=9 sve16_entries=0 expected=0
CASE_PASS m=31 n=17 sve16_entries=0 expected=0
CASE_PASS m=32 n=1 sve16_entries=0 expected=0
CASE_PASS m=32 n=7 sve16_entries=0 expected=0
CASE_PASS m=32 n=8 sve16_entries=0 expected=0
CASE_PASS m=32 n=9 sve16_entries=0 expected=0
CASE_PASS m=32 n=17 sve16_entries=0 expected=0
CASE_PASS m=33 n=1 sve16_entries=0 expected=0
CASE_PASS m=33 n=7 sve16_entries=0 expected=0
CASE_PASS m=33 n=8 sve16_entries=0 expected=0
CASE_PASS m=33 n=9 sve16_entries=0 expected=0
CASE_PASS m=33 n=17 sve16_entries=0 expected=0
CASE_PASS m=63 n=1 sve16_entries=0 expected=0
CASE_PASS m=63 n=7 sve16_entries=0 expected=0
CASE_PASS m=63 n=8 sve16_entries=0 expected=0
CASE_PASS m=63 n=9 sve16_entries=0 expected=0
CASE_PASS m=63 n=17 sve16_entries=0 expected=0
CASE_PASS m=64 n=1 sve16_entries=0 expected=0
CASE_PASS m=64 n=7 sve16_entries=0 expected=0
CASE_PASS m=64 n=8 sve16_entries=0 expected=0
CASE_PASS m=64 n=9 sve16_entries=0 expected=0
CASE_PASS m=64 n=17 sve16_entries=0 expected=0
CASE_PASS m=65 n=1 sve16_entries=0 expected=0
CASE_PASS m=65 n=7 sve16_entries=0 expected=0
CASE_PASS m=65 n=8 sve16_entries=0 expected=0
CASE_PASS m=65 n=9 sve16_entries=0 expected=0
CASE_PASS m=65 n=17 sve16_entries=0 expected=0
CASE_PASS m=255 n=1 sve16_entries=0 expected=0
CASE_PASS m=255 n=7 sve16_entries=0 expected=0
CASE_PASS m=255 n=8 sve16_entries=0 expected=0
CASE_PASS m=255 n=9 sve16_entries=0 expected=0
CASE_PASS m=255 n=17 sve16_entries=0 expected=0
CASE_PASS m=256 n=1 sve16_entries=0 expected=0
CASE_PASS m=256 n=7 sve16_entries=0 expected=0
CASE_PASS m=256 n=8 sve16_entries=0 expected=0
CASE_PASS m=256 n=9 sve16_entries=0 expected=0
CASE_PASS m=256 n=17 sve16_entries=0 expected=0
CASE_PASS m=257 n=1 sve16_entries=0 expected=0
CASE_PASS m=257 n=7 sve16_entries=0 expected=0
CASE_PASS m=257 n=8 sve16_entries=0 expected=0
CASE_PASS m=257 n=9 sve16_entries=0 expected=0
CASE_PASS m=257 n=17 sve16_entries=0 expected=0
PASS whole_cases=80 noop_cases=4 non_dyadic_long_double_RHS=1 padding_L_unchanged=1 max_error=1.1102230246251565e-16
MODE=full THREADS=4 NARROW_VL=0 EXPECT_SVE16=0
CASE_PASS m=1 n=1 sve16_entries=0 expected=0
CASE_PASS m=1 n=7 sve16_entries=0 expected=0
CASE_PASS m=1 n=8 sve16_entries=0 expected=0
CASE_PASS m=1 n=9 sve16_entries=0 expected=0
CASE_PASS m=1 n=17 sve16_entries=0 expected=0
CASE_PASS m=3 n=1 sve16_entries=0 expected=0
CASE_PASS m=3 n=7 sve16_entries=0 expected=0
CASE_PASS m=3 n=8 sve16_entries=0 expected=0
CASE_PASS m=3 n=9 sve16_entries=0 expected=0
CASE_PASS m=3 n=17 sve16_entries=0 expected=0
CASE_PASS m=4 n=1 sve16_entries=0 expected=0
CASE_PASS m=4 n=7 sve16_entries=0 expected=0
CASE_PASS m=4 n=8 sve16_entries=0 expected=0
CASE_PASS m=4 n=9 sve16_entries=0 expected=0
CASE_PASS m=4 n=17 sve16_entries=0 expected=0
CASE_PASS m=5 n=1 sve16_entries=0 expected=0
CASE_PASS m=5 n=7 sve16_entries=0 expected=0
CASE_PASS m=5 n=8 sve16_entries=0 expected=0
CASE_PASS m=5 n=9 sve16_entries=0 expected=0
CASE_PASS m=5 n=17 sve16_entries=0 expected=0
CASE_PASS m=15 n=1 sve16_entries=0 expected=0
CASE_PASS m=15 n=7 sve16_entries=0 expected=0
CASE_PASS m=15 n=8 sve16_entries=0 expected=0
CASE_PASS m=15 n=9 sve16_entries=0 expected=0
CASE_PASS m=15 n=17 sve16_entries=0 expected=0
CASE_PASS m=16 n=1 sve16_entries=0 expected=0
CASE_PASS m=16 n=7 sve16_entries=0 expected=0
CASE_PASS m=16 n=8 sve16_entries=0 expected=0
CASE_PASS m=16 n=9 sve16_entries=0 expected=0
CASE_PASS m=16 n=17 sve16_entries=0 expected=0
CASE_PASS m=17 n=1 sve16_entries=0 expected=0
CASE_PASS m=17 n=7 sve16_entries=0 expected=0
CASE_PASS m=17 n=8 sve16_entries=0 expected=0
CASE_PASS m=17 n=9 sve16_entries=0 expected=0
CASE_PASS m=17 n=17 sve16_entries=0 expected=0
CASE_PASS m=31 n=1 sve16_entries=0 expected=0
CASE_PASS m=31 n=7 sve16_entries=0 expected=0
CASE_PASS m=31 n=8 sve16_entries=0 expected=0
CASE_PASS m=31 n=9 sve16_entries=0 expected=0
CASE_PASS m=31 n=17 sve16_entries=0 expected=0
CASE_PASS m=32 n=1 sve16_entries=0 expected=0
CASE_PASS m=32 n=7 sve16_entries=0 expected=0
CASE_PASS m=32 n=8 sve16_entries=0 expected=0
CASE_PASS m=32 n=9 sve16_entries=0 expected=0
CASE_PASS m=32 n=17 sve16_entries=0 expected=0
CASE_PASS m=33 n=1 sve16_entries=0 expected=0
CASE_PASS m=33 n=7 sve16_entries=0 expected=0
CASE_PASS m=33 n=8 sve16_entries=0 expected=0
CASE_PASS m=33 n=9 sve16_entries=0 expected=0
CASE_PASS m=33 n=17 sve16_entries=0 expected=0
CASE_PASS m=63 n=1 sve16_entries=0 expected=0
CASE_PASS m=63 n=7 sve16_entries=0 expected=0
CASE_PASS m=63 n=8 sve16_entries=0 expected=0
CASE_PASS m=63 n=9 sve16_entries=0 expected=0
CASE_PASS m=63 n=17 sve16_entries=0 expected=0
CASE_PASS m=64 n=1 sve16_entries=0 expected=0
CASE_PASS m=64 n=7 sve16_entries=0 expected=0
CASE_PASS m=64 n=8 sve16_entries=0 expected=0
CASE_PASS m=64 n=9 sve16_entries=0 expected=0
CASE_PASS m=64 n=17 sve16_entries=0 expected=0
CASE_PASS m=65 n=1 sve16_entries=0 expected=0
CASE_PASS m=65 n=7 sve16_entries=0 expected=0
CASE_PASS m=65 n=8 sve16_entries=0 expected=0
CASE_PASS m=65 n=9 sve16_entries=0 expected=0
CASE_PASS m=65 n=17 sve16_entries=0 expected=0
CASE_PASS m=255 n=1 sve16_entries=0 expected=0
CASE_PASS m=255 n=7 sve16_entries=0 expected=0
CASE_PASS m=255 n=8 sve16_entries=0 expected=0
CASE_PASS m=255 n=9 sve16_entries=0 expected=0
CASE_PASS m=255 n=17 sve16_entries=0 expected=0
CASE_PASS m=256 n=1 sve16_entries=0 expected=0
CASE_PASS m=256 n=7 sve16_entries=0 expected=0
CASE_PASS m=256 n=8 sve16_entries=0 expected=0
CASE_PASS m=256 n=9 sve16_entries=0 expected=0
CASE_PASS m=256 n=17 sve16_entries=0 expected=0
CASE_PASS m=257 n=1 sve16_entries=0 expected=0
CASE_PASS m=257 n=7 sve16_entries=0 expected=0
CASE_PASS m=257 n=8 sve16_entries=0 expected=0
CASE_PASS m=257 n=9 sve16_entries=0 expected=0
CASE_PASS m=257 n=17 sve16_entries=0 expected=0
PASS whole_cases=80 noop_cases=4 non_dyadic_long_double_RHS=1 padding_L_unchanged=1 max_error=1.1102230246251565e-16
MODE=full THREADS=4 NARROW_VL=1 EXPECT_SVE16=0
CASE_PASS m=1 n=1 sve16_entries=0 expected=0
CASE_PASS m=1 n=7 sve16_entries=0 expected=0
CASE_PASS m=1 n=8 sve16_entries=0 expected=0
CASE_PASS m=1 n=9 sve16_entries=0 expected=0
CASE_PASS m=1 n=17 sve16_entries=0 expected=0
CASE_PASS m=3 n=1 sve16_entries=0 expected=0
CASE_PASS m=3 n=7 sve16_entries=0 expected=0
CASE_PASS m=3 n=8 sve16_entries=0 expected=0
CASE_PASS m=3 n=9 sve16_entries=0 expected=0
CASE_PASS m=3 n=17 sve16_entries=0 expected=0
CASE_PASS m=4 n=1 sve16_entries=0 expected=0
CASE_PASS m=4 n=7 sve16_entries=0 expected=0
CASE_PASS m=4 n=8 sve16_entries=0 expected=0
CASE_PASS m=4 n=9 sve16_entries=0 expected=0
CASE_PASS m=4 n=17 sve16_entries=0 expected=0
CASE_PASS m=5 n=1 sve16_entries=0 expected=0
CASE_PASS m=5 n=7 sve16_entries=0 expected=0
CASE_PASS m=5 n=8 sve16_entries=0 expected=0
CASE_PASS m=5 n=9 sve16_entries=0 expected=0
CASE_PASS m=5 n=17 sve16_entries=0 expected=0
CASE_PASS m=15 n=1 sve16_entries=0 expected=0
CASE_PASS m=15 n=7 sve16_entries=0 expected=0
CASE_PASS m=15 n=8 sve16_entries=0 expected=0
CASE_PASS m=15 n=9 sve16_entries=0 expected=0
CASE_PASS m=15 n=17 sve16_entries=0 expected=0
CASE_PASS m=16 n=1 sve16_entries=0 expected=0
CASE_PASS m=16 n=7 sve16_entries=0 expected=0
CASE_PASS m=16 n=8 sve16_entries=0 expected=0
CASE_PASS m=16 n=9 sve16_entries=0 expected=0
CASE_PASS m=16 n=17 sve16_entries=0 expected=0
CASE_PASS m=17 n=1 sve16_entries=0 expected=0
CASE_PASS m=17 n=7 sve16_entries=0 expected=0
CASE_PASS m=17 n=8 sve16_entries=0 expected=0
CASE_PASS m=17 n=9 sve16_entries=0 expected=0
CASE_PASS m=17 n=17 sve16_entries=0 expected=0
CASE_PASS m=31 n=1 sve16_entries=0 expected=0
CASE_PASS m=31 n=7 sve16_entries=0 expected=0
CASE_PASS m=31 n=8 sve16_entries=0 expected=0
CASE_PASS m=31 n=9 sve16_entries=0 expected=0
CASE_PASS m=31 n=17 sve16_entries=0 expected=0
CASE_PASS m=32 n=1 sve16_entries=0 expected=0
CASE_PASS m=32 n=7 sve16_entries=0 expected=0
CASE_PASS m=32 n=8 sve16_entries=0 expected=0
CASE_PASS m=32 n=9 sve16_entries=0 expected=0
CASE_PASS m=32 n=17 sve16_entries=0 expected=0
CASE_PASS m=33 n=1 sve16_entries=0 expected=0
CASE_PASS m=33 n=7 sve16_entries=0 expected=0
CASE_PASS m=33 n=8 sve16_entries=0 expected=0
CASE_PASS m=33 n=9 sve16_entries=0 expected=0
CASE_PASS m=33 n=17 sve16_entries=0 expected=0
CASE_PASS m=63 n=1 sve16_entries=0 expected=0
CASE_PASS m=63 n=7 sve16_entries=0 expected=0
CASE_PASS m=63 n=8 sve16_entries=0 expected=0
CASE_PASS m=63 n=9 sve16_entries=0 expected=0
CASE_PASS m=63 n=17 sve16_entries=0 expected=0
CASE_PASS m=64 n=1 sve16_entries=0 expected=0
CASE_PASS m=64 n=7 sve16_entries=0 expected=0
CASE_PASS m=64 n=8 sve16_entries=0 expected=0
CASE_PASS m=64 n=9 sve16_entries=0 expected=0
CASE_PASS m=64 n=17 sve16_entries=0 expected=0
CASE_PASS m=65 n=1 sve16_entries=0 expected=0
CASE_PASS m=65 n=7 sve16_entries=0 expected=0
CASE_PASS m=65 n=8 sve16_entries=0 expected=0
CASE_PASS m=65 n=9 sve16_entries=0 expected=0
CASE_PASS m=65 n=17 sve16_entries=0 expected=0
CASE_PASS m=255 n=1 sve16_entries=0 expected=0
CASE_PASS m=255 n=7 sve16_entries=0 expected=0
CASE_PASS m=255 n=8 sve16_entries=0 expected=0
CASE_PASS m=255 n=9 sve16_entries=0 expected=0
CASE_PASS m=255 n=17 sve16_entries=0 expected=0
CASE_PASS m=256 n=1 sve16_entries=0 expected=0
CASE_PASS m=256 n=7 sve16_entries=0 expected=0
CASE_PASS m=256 n=8 sve16_entries=0 expected=0
CASE_PASS m=256 n=9 sve16_entries=0 expected=0
CASE_PASS m=256 n=17 sve16_entries=0 expected=0
CASE_PASS m=257 n=1 sve16_entries=0 expected=0
CASE_PASS m=257 n=7 sve16_entries=0 expected=0
CASE_PASS m=257 n=8 sve16_entries=0 expected=0
CASE_PASS m=257 n=9 sve16_entries=0 expected=0
CASE_PASS m=257 n=17 sve16_entries=0 expected=0
PASS whole_cases=80 noop_cases=4 non_dyadic_long_double_RHS=1 padding_L_unchanged=1 max_error=1.1102230246251565e-16
TRSM_PREFLIGHT_COMPLETE=1 MICRO_CASES=0 WHOLE_CASES=406 NOOP_CASES=28
