+ :
+ stage allocation python3 -
+ local name=allocation code
+ shift
+ set +e
+ python3 -
ALLOWED_CPUS=114,115,116,117,118,119,120,121,122,123,124,125,126,127,128,129,130,131,132,133,134,135,136,137,138,139,140,141,142,143,144,145,146,147,148,149,150,151
NUMA_NODE=node3
+ code=0
+ set -e
+ tee -a stage-exits.txt
+ printf 'STAGE=%s EXIT=%s\n' allocation 0
STAGE=allocation EXIT=0
+ return 0
+ source candidate.env
++ CANDIDATE=C46-row5x5asmfix
++ EXPECTED_ACC=5
++ EXPECTED_FULL=3776
++ EXPECTED_DISPATCH=504
++ EXPECTED_DIRECT=288
++ EXPECTED_DISPATCH_ROWQUINT_ENTRIES=528
++ EXPECTED_DIRECT_ROWQUINT_ENTRIES=720
++ EXPECTED_TOTAL=27408
+ [[ C46-row5x5asmfix == C46-row5x5asmfix ]]
+ [[ 5 == 5 ]]
+ [[ 3776 == 3776 ]]
+ [[ 504 == 504 ]]
+ [[ 288 == 288 ]]
+ [[ 27408 == 27408 ]]
+ [[ 528 == 528 ]]
+ [[ 720 == 720 ]]
+ printf 'CANDIDATE=%s\n' C46-row5x5asmfix
CANDIDATE=C46-row5x5asmfix
+ date -u
Sat Sep 12 11:57:01 UTC 2026
+ hostname
COMPUTE_NODE_1
+ stage compiler compiler_check
+ local name=compiler code
+ shift
+ set +e
+ compiler_check
+ gcc --version
gcc (GCC) 10.3.1
Copyright (C) 2020 Free Software Foundation, Inc.
This is free software; see the source for copying conditions.  There is NO
warranty; not even for MERCHANTABILITY or FITNESS FOR A PARTICULAR PURPOSE.

+ gcc -dumpfullversion -dumpversion
++ cat compiler-version.txt
+ [[ 10.3.1 == 10.3.1 ]]
+ code=0
+ set -e
+ tee -a stage-exits.txt
+ printf 'STAGE=%s EXIT=%s\n' compiler 0
STAGE=compiler EXIT=0
+ return 0
+ stage manifest write_manifest
+ local name=manifest code
+ shift
+ set +e
+ write_manifest
+ sha256sum conv2d.c check_conv_guard.c check_sve_dispatch.c remote_job.sh candidate.env
+ cat source-sha256.txt
a04c74c8701c394fd620d9fa91d421898cf4aa2b7c96b87de21cf301cd4e2e8d  conv2d.c
dd603a5b3e6060f848b67ef0fb7c27235aca915da7800c26d8f43280504199b1  check_conv_guard.c
da40cf39877f8e5c9ded8c0726e3045473755443ffb104c55bf9a8e183ecaa15  check_sve_dispatch.c
ef7ffba8efef9057f0707f6cc2c946948ffec6185c9424f611df00c3c802f2a4  remote_job.sh
58d527e2ac1e4cd0504ebdebfb559b4a9e872a6df0a1103c4edce7a2dd3a2ae2  candidate.env
+ code=0
+ set -e
+ tee -a stage-exits.txt
+ printf 'STAGE=%s EXIT=%s\n' manifest 0
STAGE=manifest EXIT=0
+ return 0
+ export OMP_DYNAMIC=FALSE OMP_PROC_BIND=close OMP_PLACES=cores
+ OMP_DYNAMIC=FALSE
+ OMP_PROC_BIND=close
+ OMP_PLACES=cores
+ flags=(-O3 -std=c11 -D_DEFAULT_SOURCE -Wall -Wextra -fno-fast-math -ffp-contract=off -mcpu=generic -fopenmp "-DEXPECTED_ACC=$EXPECTED_ACC")
+ stage build-guard build_logged build-guard.log gcc -O3 -std=c11 -D_DEFAULT_SOURCE -Wall -Wextra -fno-fast-math -ffp-contract=off -mcpu=generic -fopenmp -DEXPECTED_ACC=5 check_conv_guard.c conv2d.c -o check_conv_guard
+ local name=build-guard code
+ shift
+ set +e
+ build_logged build-guard.log gcc -O3 -std=c11 -D_DEFAULT_SOURCE -Wall -Wextra -fno-fast-math -ffp-contract=off -mcpu=generic -fopenmp -DEXPECTED_ACC=5 check_conv_guard.c conv2d.c -o check_conv_guard
+ local logfile=build-guard.log
+ shift
+ printf BUILD_COMMAND:
BUILD_COMMAND:+ printf ' %q' gcc -O3 -std=c11 -D_DEFAULT_SOURCE -Wall -Wextra -fno-fast-math -ffp-contract=off -mcpu=generic -fopenmp -DEXPECTED_ACC=5 check_conv_guard.c conv2d.c -o check_conv_guard
 gcc -O3 -std=c11 -D_DEFAULT_SOURCE -Wall -Wextra -fno-fast-math -ffp-contract=off -mcpu=generic -fopenmp -DEXPECTED_ACC=5 check_conv_guard.c conv2d.c -o check_conv_guard+ printf '\n'

+ gcc -O3 -std=c11 -D_DEFAULT_SOURCE -Wall -Wextra -fno-fast-math -ffp-contract=off -mcpu=generic -fopenmp -DEXPECTED_ACC=5 check_conv_guard.c conv2d.c -o check_conv_guard
+ code=0
+ set -e
+ tee -a stage-exits.txt
+ printf 'STAGE=%s EXIT=%s\n' build-guard 0
STAGE=build-guard EXIT=0
+ return 0
+ for bytes in 16 32 64
+ for threads in 1 4
+ stage guard-vl16-t1 run_guard 16 1
+ local name=guard-vl16-t1 code
+ shift
+ set +e
+ run_guard 16 1
+ local bytes=16 threads=1
+ tee guard-vl16-t1.log
+ OMP_NUM_THREADS=1
+ ./check_conv_guard 16
SVE_BYTES=16 SVE_LANES=4 BLOCK_OUTPUTS=20 THREADS=1
FULL_MATRIX_COUNTS core=3168 narrow=144 small=432 larger=32
PASS: 3776 convolution cases; readonly input/kernel, guarded allocation edges, poisoned/guarded output, bitwise scalar reference
+ code=0
+ set -e
+ tee -a stage-exits.txt
+ printf 'STAGE=%s EXIT=%s\n' guard-vl16-t1 0
STAGE=guard-vl16-t1 EXIT=0
+ return 0
+ for threads in 1 4
+ stage guard-vl16-t4 run_guard 16 4
+ local name=guard-vl16-t4 code
+ shift
+ set +e
+ run_guard 16 4
+ local bytes=16 threads=4
+ tee guard-vl16-t4.log
+ OMP_NUM_THREADS=4
+ ./check_conv_guard 16
SVE_BYTES=16 SVE_LANES=4 BLOCK_OUTPUTS=20 THREADS=4
FULL_MATRIX_COUNTS core=3168 narrow=144 small=432 larger=32
PASS: 3776 convolution cases; readonly input/kernel, guarded allocation edges, poisoned/guarded output, bitwise scalar reference
+ code=0
+ set -e
+ tee -a stage-exits.txt
+ printf 'STAGE=%s EXIT=%s\n' guard-vl16-t4 0
STAGE=guard-vl16-t4 EXIT=0
+ return 0
+ for bytes in 16 32 64
+ for threads in 1 4
+ stage guard-vl32-t1 run_guard 32 1
+ local name=guard-vl32-t1 code
+ shift
+ set +e
+ run_guard 32 1
+ local bytes=32 threads=1
+ tee guard-vl32-t1.log
+ OMP_NUM_THREADS=1
+ ./check_conv_guard 32
SVE_BYTES=32 SVE_LANES=8 BLOCK_OUTPUTS=40 THREADS=1
FULL_MATRIX_COUNTS core=3168 narrow=144 small=432 larger=32
PASS: 3776 convolution cases; readonly input/kernel, guarded allocation edges, poisoned/guarded output, bitwise scalar reference
+ code=0
+ set -e
+ tee -a stage-exits.txt
+ printf 'STAGE=%s EXIT=%s\n' guard-vl32-t1 0
STAGE=guard-vl32-t1 EXIT=0
+ return 0
+ for threads in 1 4
+ stage guard-vl32-t4 run_guard 32 4
+ local name=guard-vl32-t4 code
+ shift
+ set +e
+ run_guard 32 4
+ local bytes=32 threads=4
+ tee guard-vl32-t4.log
+ OMP_NUM_THREADS=4
+ ./check_conv_guard 32
SVE_BYTES=32 SVE_LANES=8 BLOCK_OUTPUTS=40 THREADS=4
FULL_MATRIX_COUNTS core=3168 narrow=144 small=432 larger=32
PASS: 3776 convolution cases; readonly input/kernel, guarded allocation edges, poisoned/guarded output, bitwise scalar reference
+ code=0
+ set -e
+ tee -a stage-exits.txt
+ printf 'STAGE=%s EXIT=%s\n' guard-vl32-t4 0
STAGE=guard-vl32-t4 EXIT=0
+ return 0
+ for bytes in 16 32 64
+ for threads in 1 4
+ stage guard-vl64-t1 run_guard 64 1
+ local name=guard-vl64-t1 code
+ shift
+ set +e
+ run_guard 64 1
+ local bytes=64 threads=1
+ tee guard-vl64-t1.log
+ OMP_NUM_THREADS=1
+ ./check_conv_guard 64
SVE_BYTES=64 SVE_LANES=16 BLOCK_OUTPUTS=80 THREADS=1
FULL_MATRIX_COUNTS core=3168 narrow=144 small=432 larger=32
PASS: 3776 convolution cases; readonly input/kernel, guarded allocation edges, poisoned/guarded output, bitwise scalar reference
+ code=0
+ set -e
+ tee -a stage-exits.txt
+ printf 'STAGE=%s EXIT=%s\n' guard-vl64-t1 0
STAGE=guard-vl64-t1 EXIT=0
+ return 0
+ for threads in 1 4
+ stage guard-vl64-t4 run_guard 64 4
+ local name=guard-vl64-t4 code
+ shift
+ set +e
+ run_guard 64 4
+ local bytes=64 threads=4
+ tee guard-vl64-t4.log
+ OMP_NUM_THREADS=4
+ ./check_conv_guard 64
SVE_BYTES=64 SVE_LANES=16 BLOCK_OUTPUTS=80 THREADS=4
FULL_MATRIX_COUNTS core=3168 narrow=144 small=432 larger=32
PASS: 3776 convolution cases; readonly input/kernel, guarded allocation edges, poisoned/guarded output, bitwise scalar reference
+ code=0
+ set -e
+ tee -a stage-exits.txt
+ printf 'STAGE=%s EXIT=%s\n' guard-vl64-t4 0
STAGE=guard-vl64-t4 EXIT=0
+ return 0
+ stage build-dispatch build_logged build-dispatch.log gcc -O3 -std=c11 -D_DEFAULT_SOURCE -Wall -Wextra -fno-fast-math -ffp-contract=off -mcpu=generic -fopenmp -DEXPECTED_ACC=5 -finstrument-functions check_sve_dispatch.c -o check_sve_dispatch
+ local name=build-dispatch code
+ shift
+ set +e
+ build_logged build-dispatch.log gcc -O3 -std=c11 -D_DEFAULT_SOURCE -Wall -Wextra -fno-fast-math -ffp-contract=off -mcpu=generic -fopenmp -DEXPECTED_ACC=5 -finstrument-functions check_sve_dispatch.c -o check_sve_dispatch
+ local logfile=build-dispatch.log
+ shift
+ printf BUILD_COMMAND:
BUILD_COMMAND:+ printf ' %q' gcc -O3 -std=c11 -D_DEFAULT_SOURCE -Wall -Wextra -fno-fast-math -ffp-contract=off -mcpu=generic -fopenmp -DEXPECTED_ACC=5 -finstrument-functions check_sve_dispatch.c -o check_sve_dispatch
 gcc -O3 -std=c11 -D_DEFAULT_SOURCE -Wall -Wextra -fno-fast-math -ffp-contract=off -mcpu=generic -fopenmp -DEXPECTED_ACC=5 -finstrument-functions check_sve_dispatch.c -o check_sve_dispatch+ printf '\n'

+ gcc -O3 -std=c11 -D_DEFAULT_SOURCE -Wall -Wextra -fno-fast-math -ffp-contract=off -mcpu=generic -fopenmp -DEXPECTED_ACC=5 -finstrument-functions check_sve_dispatch.c -o check_sve_dispatch
+ code=0
+ set -e
+ tee -a stage-exits.txt
+ printf 'STAGE=%s EXIT=%s\n' build-dispatch 0
STAGE=build-dispatch EXIT=0
+ return 0
+ for bytes in 16 32 64
+ for threads in 1 4
+ stage dispatch-vl16-t1 run_dispatch 16 1
+ local name=dispatch-vl16-t1 code
+ shift
+ set +e
+ run_dispatch 16 1
+ local bytes=16 threads=1
+ tee dispatch-vl16-t1.log
+ OMP_NUM_THREADS=1
+ ./check_sve_dispatch 16
SVE_BYTES=16 SVE_LANES=4 BLOCK_OUTPUTS=20 THREADS=1
SVE_PREFIX_ACTUAL_ENTRIES=3513 SVE_TAIL_ACTUAL_ENTRIES=3513
SVE_ROWPAIR_ACTUAL_ENTRIES=96 SVE_ROWTRIPLE_ACTUAL_ENTRIES=738 SVE_ROWQUAD_ACTUAL_ENTRIES=780
DISPATCH_ROWQUINT_ACTUAL_ENTRIES=528 EXPECTED=528 WORKER_MASK=1 EXPECTED_MASK=1
PASS: 504 dispatch cases; exact per-case rowquint entries and bitwise scalar reference
DIRECT_ROWQUINT_ACTUAL_ENTRIES=720 EXPECTED=720 WORKER_MASK=1 EXPECTED_MASK=1
PASS: 288 direct fallback cases; kh1..4, readonly/guard/canary and bitwise scalar reference
+ code=0
+ set -e
+ tee -a stage-exits.txt
+ printf 'STAGE=%s EXIT=%s\n' dispatch-vl16-t1 0
STAGE=dispatch-vl16-t1 EXIT=0
+ return 0
+ for threads in 1 4
+ stage dispatch-vl16-t4 run_dispatch 16 4
+ local name=dispatch-vl16-t4 code
+ shift
+ set +e
+ run_dispatch 16 4
+ local bytes=16 threads=4
+ tee dispatch-vl16-t4.log
+ OMP_NUM_THREADS=4
+ ./check_sve_dispatch 16
SVE_BYTES=16 SVE_LANES=4 BLOCK_OUTPUTS=20 THREADS=4
SVE_PREFIX_ACTUAL_ENTRIES=3513 SVE_TAIL_ACTUAL_ENTRIES=3513
SVE_ROWPAIR_ACTUAL_ENTRIES=96 SVE_ROWTRIPLE_ACTUAL_ENTRIES=738 SVE_ROWQUAD_ACTUAL_ENTRIES=780
DISPATCH_ROWQUINT_ACTUAL_ENTRIES=528 EXPECTED=528 WORKER_MASK=15 EXPECTED_MASK=15
PASS: 504 dispatch cases; exact per-case rowquint entries and bitwise scalar reference
DIRECT_ROWQUINT_ACTUAL_ENTRIES=720 EXPECTED=720 WORKER_MASK=15 EXPECTED_MASK=15
PASS: 288 direct fallback cases; kh1..4, readonly/guard/canary and bitwise scalar reference
+ code=0
+ set -e
+ tee -a stage-exits.txt
+ printf 'STAGE=%s EXIT=%s\n' dispatch-vl16-t4 0
STAGE=dispatch-vl16-t4 EXIT=0
+ return 0
+ for bytes in 16 32 64
+ for threads in 1 4
+ stage dispatch-vl32-t1 run_dispatch 32 1
+ local name=dispatch-vl32-t1 code
+ shift
+ set +e
+ run_dispatch 32 1
+ local bytes=32 threads=1
+ tee dispatch-vl32-t1.log
+ OMP_NUM_THREADS=1
+ ./check_sve_dispatch 32
SVE_BYTES=32 SVE_LANES=8 BLOCK_OUTPUTS=40 THREADS=1
SVE_PREFIX_ACTUAL_ENTRIES=3513 SVE_TAIL_ACTUAL_ENTRIES=3513
SVE_ROWPAIR_ACTUAL_ENTRIES=96 SVE_ROWTRIPLE_ACTUAL_ENTRIES=738 SVE_ROWQUAD_ACTUAL_ENTRIES=780
DISPATCH_ROWQUINT_ACTUAL_ENTRIES=528 EXPECTED=528 WORKER_MASK=1 EXPECTED_MASK=1
PASS: 504 dispatch cases; exact per-case rowquint entries and bitwise scalar reference
DIRECT_ROWQUINT_ACTUAL_ENTRIES=720 EXPECTED=720 WORKER_MASK=1 EXPECTED_MASK=1
PASS: 288 direct fallback cases; kh1..4, readonly/guard/canary and bitwise scalar reference
+ code=0
+ set -e
+ tee -a stage-exits.txt
+ printf 'STAGE=%s EXIT=%s\n' dispatch-vl32-t1 0
STAGE=dispatch-vl32-t1 EXIT=0
+ return 0
+ for threads in 1 4
+ stage dispatch-vl32-t4 run_dispatch 32 4
+ local name=dispatch-vl32-t4 code
+ shift
+ set +e
+ run_dispatch 32 4
+ local bytes=32 threads=4
+ tee dispatch-vl32-t4.log
+ OMP_NUM_THREADS=4
+ ./check_sve_dispatch 32
SVE_BYTES=32 SVE_LANES=8 BLOCK_OUTPUTS=40 THREADS=4
SVE_PREFIX_ACTUAL_ENTRIES=3513 SVE_TAIL_ACTUAL_ENTRIES=3513
SVE_ROWPAIR_ACTUAL_ENTRIES=96 SVE_ROWTRIPLE_ACTUAL_ENTRIES=738 SVE_ROWQUAD_ACTUAL_ENTRIES=780
DISPATCH_ROWQUINT_ACTUAL_ENTRIES=528 EXPECTED=528 WORKER_MASK=15 EXPECTED_MASK=15
PASS: 504 dispatch cases; exact per-case rowquint entries and bitwise scalar reference
DIRECT_ROWQUINT_ACTUAL_ENTRIES=720 EXPECTED=720 WORKER_MASK=15 EXPECTED_MASK=15
PASS: 288 direct fallback cases; kh1..4, readonly/guard/canary and bitwise scalar reference
+ code=0
+ set -e
+ tee -a stage-exits.txt
+ printf 'STAGE=%s EXIT=%s\n' dispatch-vl32-t4 0
STAGE=dispatch-vl32-t4 EXIT=0
+ return 0
+ for bytes in 16 32 64
+ for threads in 1 4
+ stage dispatch-vl64-t1 run_dispatch 64 1
+ local name=dispatch-vl64-t1 code
+ shift
+ set +e
+ run_dispatch 64 1
+ local bytes=64 threads=1
+ tee dispatch-vl64-t1.log
+ OMP_NUM_THREADS=1
+ ./check_sve_dispatch 64
SVE_BYTES=64 SVE_LANES=16 BLOCK_OUTPUTS=80 THREADS=1
SVE_PREFIX_ACTUAL_ENTRIES=3513 SVE_TAIL_ACTUAL_ENTRIES=3513
SVE_ROWPAIR_ACTUAL_ENTRIES=96 SVE_ROWTRIPLE_ACTUAL_ENTRIES=738 SVE_ROWQUAD_ACTUAL_ENTRIES=780
DISPATCH_ROWQUINT_ACTUAL_ENTRIES=528 EXPECTED=528 WORKER_MASK=1 EXPECTED_MASK=1
PASS: 504 dispatch cases; exact per-case rowquint entries and bitwise scalar reference
DIRECT_ROWQUINT_ACTUAL_ENTRIES=720 EXPECTED=720 WORKER_MASK=1 EXPECTED_MASK=1
PASS: 288 direct fallback cases; kh1..4, readonly/guard/canary and bitwise scalar reference
+ code=0
+ set -e
+ tee -a stage-exits.txt
+ printf 'STAGE=%s EXIT=%s\n' dispatch-vl64-t1 0
STAGE=dispatch-vl64-t1 EXIT=0
+ return 0
+ for threads in 1 4
+ stage dispatch-vl64-t4 run_dispatch 64 4
+ local name=dispatch-vl64-t4 code
+ shift
+ set +e
+ run_dispatch 64 4
+ local bytes=64 threads=4
+ tee dispatch-vl64-t4.log
+ OMP_NUM_THREADS=4
+ ./check_sve_dispatch 64
SVE_BYTES=64 SVE_LANES=16 BLOCK_OUTPUTS=80 THREADS=4
SVE_PREFIX_ACTUAL_ENTRIES=3513 SVE_TAIL_ACTUAL_ENTRIES=3513
SVE_ROWPAIR_ACTUAL_ENTRIES=96 SVE_ROWTRIPLE_ACTUAL_ENTRIES=738 SVE_ROWQUAD_ACTUAL_ENTRIES=780
DISPATCH_ROWQUINT_ACTUAL_ENTRIES=528 EXPECTED=528 WORKER_MASK=15 EXPECTED_MASK=15
PASS: 504 dispatch cases; exact per-case rowquint entries and bitwise scalar reference
DIRECT_ROWQUINT_ACTUAL_ENTRIES=720 EXPECTED=720 WORKER_MASK=15 EXPECTED_MASK=15
PASS: 288 direct fallback cases; kh1..4, readonly/guard/canary and bitwise scalar reference
+ code=0
+ set -e
+ tee -a stage-exits.txt
+ printf 'STAGE=%s EXIT=%s\n' dispatch-vl64-t4 0
STAGE=dispatch-vl64-t4 EXIT=0
+ return 0
+ stage build-assembly build_logged build-assembly.log gcc -O3 -std=c11 -D_DEFAULT_SOURCE -Wall -Wextra -fno-fast-math -ffp-contract=off -mcpu=generic -fopenmp -DEXPECTED_ACC=5 -S conv2d.c -o conv2d-sve.s
+ local name=build-assembly code
+ shift
+ set +e
+ build_logged build-assembly.log gcc -O3 -std=c11 -D_DEFAULT_SOURCE -Wall -Wextra -fno-fast-math -ffp-contract=off -mcpu=generic -fopenmp -DEXPECTED_ACC=5 -S conv2d.c -o conv2d-sve.s
+ local logfile=build-assembly.log
+ shift
+ printf BUILD_COMMAND:
BUILD_COMMAND:+ printf ' %q' gcc -O3 -std=c11 -D_DEFAULT_SOURCE -Wall -Wextra -fno-fast-math -ffp-contract=off -mcpu=generic -fopenmp -DEXPECTED_ACC=5 -S conv2d.c -o conv2d-sve.s
 gcc -O3 -std=c11 -D_DEFAULT_SOURCE -Wall -Wextra -fno-fast-math -ffp-contract=off -mcpu=generic -fopenmp -DEXPECTED_ACC=5 -S conv2d.c -o conv2d-sve.s+ printf '\n'

+ gcc -O3 -std=c11 -D_DEFAULT_SOURCE -Wall -Wextra -fno-fast-math -ffp-contract=off -mcpu=generic -fopenmp -DEXPECTED_ACC=5 -S conv2d.c -o conv2d-sve.s
+ code=0
+ set -e
+ tee -a stage-exits.txt
+ printf 'STAGE=%s EXIT=%s\n' build-assembly 0
STAGE=build-assembly EXIT=0
+ return 0
+ printf 'SANITIZER_STATUS=NOT_RUN; guard pages and bitwise reference checks only\n'
SANITIZER_STATUS=NOT_RUN; guard pages and bitwise reference checks only
+ printf 'EXPECTED_TOTAL_CHECKS=%s\n' 27408
EXPECTED_TOTAL_CHECKS=27408
+ stage complete printf 'PROBE_COMPLETE=1\n'
+ local name=complete code
+ shift
+ set +e
+ printf 'PROBE_COMPLETE=1\n'
PROBE_COMPLETE=1
+ code=0
+ set -e
+ tee -a stage-exits.txt
+ printf 'STAGE=%s EXIT=%s\n' complete 0
STAGE=complete EXIT=0
+ wait 1293501
+ return 0
+ finish
+ local code=0 log_code=0
+ trap - EXIT
+ exec
+ ((  code == 0 && log_code != 0  ))
+ printf '%s\n' 0
+ exit 0
