preflight-panel8x16-results/T19-control13-repeat-r22/summary.tsv il-t4	0	2
wide-normal-t1	0	15
wide-normal-t4	0	14
wide-normal-t38	0	16
wide-no-sve-t4	0	14
wide-narrow-vl-t4	0	15
wide-shared-fail-t4	0	14
wide-x-fail-t4	0	15
wide-all-fail-t4	0	15
verify-results	0	0

preflight-panel8x16-results/T24-smallbroadcast/summary.tsv il-t4	0	2
wide-normal-t1	0	15
wide-normal-t4	0	14
wide-normal-t38	0	16
wide-no-sve-t4	0	15
wide-narrow-vl-t4	0	14
wide-shared-fail-t4	0	15
wide-x-fail-t4	0	15
wide-all-fail-t4	0	14
verify-results	0	1

TAIL SES=89 ALLOCATION_CASES=615 BUDGET_CASES=32 BUDGET_SHARED_INJECTIONS=3 ARGUMENT_CHECKED_CASES=633 ARGUMENT_OBSERVATIONS=6388 WRAPPER_CALLS=55
Compiler: gcc (gcc for openEuler 3.0.2) 12.3.1
CPUs=76-113 NUMA=2 threads=38
Reference BLAS: official kblas

