COMMAND=lscpu
LSCPU_EXIT=0
LSCPU_STDOUT_BEGIN
Architecture:                       aarch64
CPU op-mode(s):                     64-bit
Byte Order:                         Little Endian
CPU(s):                             608
On-line CPU(s) list:                0-607
Vendor ID:                          HiSilicon
Model:                              0
Thread(s) per core:                 1
Core(s) per socket:                 304
Socket(s):                          2
Stepping:                           0x0
Frequency boost:                    enabled
CPU max MHz:                        2000.0000
CPU min MHz:                        1200.0000
BogoMIPS:                           200.00
Flags:                              fp asimd evtstrm aes pmull sha1 sha2 crc32 atomics fphp asimdhp cpuid asimdrdm jscvt fcma lrcpc dcpop sha3 sm3 sm4 asimddp sha512 sve asimdfhm dit uscat ilrcpc flagm ssbs sb paca pacg dcpodp sve2 sveaes svepmull svebitperm svesha3 svesm4 flagm2 frint svei8mm svebf16 i8mm bf16 dgh ecv afp rpres sme smef64f64 smei8i32 smef16f32 smeb16f32 smef32f32 smefa64 wfxt
L1d cache:                          19 MiB (608 instances)
L1i cache:                          19 MiB (608 instances)
L2 cache:                           456 MiB (608 instances)
NUMA node(s):                       32
NUMA node0 CPU(s):                  0-37
NUMA node1 CPU(s):                  38-75
NUMA node2 CPU(s):                  76-113
NUMA node3 CPU(s):                  114-151
NUMA node4 CPU(s):                  152-189
NUMA node5 CPU(s):                  190-227
NUMA node6 CPU(s):                  228-265
NUMA node7 CPU(s):                  266-303
NUMA node8 CPU(s):                  304-341
NUMA node9 CPU(s):                  342-379
NUMA node10 CPU(s):                 380-417
NUMA node11 CPU(s):                 418-455
NUMA node12 CPU(s):                 456-493
NUMA node13 CPU(s):                 494-531
NUMA node14 CPU(s):                 532-569
NUMA node15 CPU(s):                 570-607
NUMA node16 CPU(s):                 
NUMA node17 CPU(s):                 
NUMA node18 CPU(s):                 
NUMA node19 CPU(s):                 
NUMA node20 CPU(s):                 
NUMA node21 CPU(s):                 
NUMA node22 CPU(s):                 
NUMA node23 CPU(s):                 
NUMA node24 CPU(s):                 
NUMA node25 CPU(s):                 
NUMA node26 CPU(s):                 
NUMA node27 CPU(s):                 
NUMA node28 CPU(s):                 
NUMA node29 CPU(s):                 
NUMA node30 CPU(s):                 
NUMA node31 CPU(s):                 
Vulnerability Gather data sampling: Not affected
Vulnerability Itlb multihit:        Not affected
Vulnerability L1tf:                 Not affected
Vulnerability Mds:                  Not affected
Vulnerability Meltdown:             Not affected
Vulnerability Mmio stale data:      Not affected
Vulnerability Retbleed:             Not affected
Vulnerability Spec rstack overflow: Not affected
Vulnerability Spec store bypass:    Not affected
Vulnerability Spectre v1:           Mitigation; __user pointer sanitization
Vulnerability Spectre v2:           Mitigation; CSV2, but not BHB
Vulnerability Srbds:                Not affected
Vulnerability Tsx async abort:      Not affected
LSCPU_STDOUT_END
LSCPU_STDERR_BEGIN
LSCPU_STDERR_END
FILE=/proc/sys/abi/sve_default_vector_length
64
READ_STATUS=ok
FIRST_ALLOWED_CPU=76
CACHE_INDEX_COUNT=3
FILE=/sys/devices/system/cpu/cpu76/cache/index0/level
1
READ_STATUS=ok
FILE=/sys/devices/system/cpu/cpu76/cache/index0/type
Data
READ_STATUS=ok
FILE=/sys/devices/system/cpu/cpu76/cache/index0/size
32K
READ_STATUS=ok
FILE=/sys/devices/system/cpu/cpu76/cache/index0/coherency_line_size
64
READ_STATUS=ok
FILE=/sys/devices/system/cpu/cpu76/cache/index0/number_of_sets
64
READ_STATUS=ok
FILE=/sys/devices/system/cpu/cpu76/cache/index0/ways_of_associativity
8
READ_STATUS=ok
FILE=/sys/devices/system/cpu/cpu76/cache/index1/level
1
READ_STATUS=ok
FILE=/sys/devices/system/cpu/cpu76/cache/index1/type
Instruction
READ_STATUS=ok
FILE=/sys/devices/system/cpu/cpu76/cache/index1/size
32K
READ_STATUS=ok
FILE=/sys/devices/system/cpu/cpu76/cache/index1/coherency_line_size
64
READ_STATUS=ok
FILE=/sys/devices/system/cpu/cpu76/cache/index1/number_of_sets
128
READ_STATUS=ok
FILE=/sys/devices/system/cpu/cpu76/cache/index1/ways_of_associativity
4
READ_STATUS=ok
FILE=/sys/devices/system/cpu/cpu76/cache/index2/level
2
READ_STATUS=ok
FILE=/sys/devices/system/cpu/cpu76/cache/index2/type
Unified
READ_STATUS=ok
FILE=/sys/devices/system/cpu/cpu76/cache/index2/size
768K
READ_STATUS=ok
FILE=/sys/devices/system/cpu/cpu76/cache/index2/coherency_line_size
64
READ_STATUS=ok
FILE=/sys/devices/system/cpu/cpu76/cache/index2/number_of_sets
1024
READ_STATUS=ok
FILE=/sys/devices/system/cpu/cpu76/cache/index2/ways_of_associativity
12
READ_STATUS=ok
METADATA_SCOPE=read_only; missing fields are not correctness failures; no geometry inferred from model name
