LINKAGE_REPEAT 1/3 BEGIN
JOB_ID=1579673
BINARY=/CLUSTER_USER_HOME/kunpeng-experiments/trsm-kml251-d7f667784eb8/T14-lhistcyclic/source/trsm_test
LDD_EXIT_CODE=0
	linux-vdso.so.1 (0x000040003a00b000)
	libm.so.6 => /usr/lib64/libm.so.6 (0x000040003a030000)
	libkblas.so.25.1.0 => /opt/donaudata/donau/HPCKit_25.1.0_Linux-aarch64/package/KunpengHPCKit-kml.25.1.0/gcclib/sme/kblas/multi/libkblas.so.25.1.0 (0x000040003a0e0000)
	libgomp.so.1 => /CLUSTER_USER_HOME/kunpeng-experiments/trsm-kml251-f6110e522b93/compiler-private/gcc-12.3.1-2025.03-aarch64-linux/lib64/libgomp.so.1 (0x0000400040210000)
	libc.so.6 => /usr/lib64/libc.so.6 (0x0000400040290000)
	/lib/ld-linux-aarch64.so.1 (0x0000400039fe1000)
	libdl.so.2 => /usr/lib64/libdl.so.2 (0x0000400040440000)
	libpthread.so.0 => /usr/lib64/libpthread.so.0 (0x0000400040480000)
KML251_LINKED_LIBRARY=/opt/donaudata/donau/HPCKit_25.1.0_Linux-aarch64/package/KunpengHPCKit-kml.25.1.0/gcclib/sme/kblas/multi/libkblas.so.25.1.0
GOMP_LINKED_LIBRARY=/CLUSTER_USER_HOME/kunpeng-experiments/trsm-kml251-f6110e522b93/compiler-private/gcc-12.3.1-2025.03-aarch64-linux/lib64/libgomp.so.1.0.0
KML251_DEPENDENCY_AUDIT_PASS=1
LINKAGE_REPEAT 1/3 END
LINKAGE_REPEAT 2/3 BEGIN
JOB_ID=1579673
BINARY=/CLUSTER_USER_HOME/kunpeng-experiments/trsm-kml251-d7f667784eb8/T14-lhistcyclic/source/trsm_test
LDD_EXIT_CODE=0
	linux-vdso.so.1 (0x000040003b8f2000)
	libm.so.6 => /usr/lib64/libm.so.6 (0x000040003b910000)
	libkblas.so.25.1.0 => /opt/donaudata/donau/HPCKit_25.1.0_Linux-aarch64/package/KunpengHPCKit-kml.25.1.0/gcclib/sme/kblas/multi/libkblas.so.25.1.0 (0x000040003b9c0000)
	libgomp.so.1 => /CLUSTER_USER_HOME/kunpeng-experiments/trsm-kml251-f6110e522b93/compiler-private/gcc-12.3.1-2025.03-aarch64-linux/lib64/libgomp.so.1 (0x0000400041b00000)
	libc.so.6 => /usr/lib64/libc.so.6 (0x0000400041b70000)
	/lib/ld-linux-aarch64.so.1 (0x000040003b8c8000)
	libdl.so.2 => /usr/lib64/libdl.so.2 (0x0000400041d30000)
	libpthread.so.0 => /usr/lib64/libpthread.so.0 (0x0000400041d60000)
KML251_LINKED_LIBRARY=/opt/donaudata/donau/HPCKit_25.1.0_Linux-aarch64/package/KunpengHPCKit-kml.25.1.0/gcclib/sme/kblas/multi/libkblas.so.25.1.0
GOMP_LINKED_LIBRARY=/CLUSTER_USER_HOME/kunpeng-experiments/trsm-kml251-f6110e522b93/compiler-private/gcc-12.3.1-2025.03-aarch64-linux/lib64/libgomp.so.1.0.0
KML251_DEPENDENCY_AUDIT_PASS=1
LINKAGE_REPEAT 2/3 END
LINKAGE_REPEAT 3/3 BEGIN
JOB_ID=1579673
BINARY=/CLUSTER_USER_HOME/kunpeng-experiments/trsm-kml251-d7f667784eb8/T14-lhistcyclic/source/trsm_test
LDD_EXIT_CODE=0
	linux-vdso.so.1 (0x000040002333e000)
	libm.so.6 => /usr/lib64/libm.so.6 (0x0000400023360000)
	libkblas.so.25.1.0 => /opt/donaudata/donau/HPCKit_25.1.0_Linux-aarch64/package/KunpengHPCKit-kml.25.1.0/gcclib/sme/kblas/multi/libkblas.so.25.1.0 (0x0000400023410000)
	libgomp.so.1 => /CLUSTER_USER_HOME/kunpeng-experiments/trsm-kml251-f6110e522b93/compiler-private/gcc-12.3.1-2025.03-aarch64-linux/lib64/libgomp.so.1 (0x0000400029550000)
	libc.so.6 => /usr/lib64/libc.so.6 (0x00004000295c0000)
	/lib/ld-linux-aarch64.so.1 (0x0000400023314000)
	libdl.so.2 => /usr/lib64/libdl.so.2 (0x0000400029780000)
	libpthread.so.0 => /usr/lib64/libpthread.so.0 (0x00004000297b0000)
KML251_LINKED_LIBRARY=/opt/donaudata/donau/HPCKit_25.1.0_Linux-aarch64/package/KunpengHPCKit-kml.25.1.0/gcclib/sme/kblas/multi/libkblas.so.25.1.0
GOMP_LINKED_LIBRARY=/CLUSTER_USER_HOME/kunpeng-experiments/trsm-kml251-f6110e522b93/compiler-private/gcc-12.3.1-2025.03-aarch64-linux/lib64/libgomp.so.1.0.0
KML251_DEPENDENCY_AUDIT_PASS=1
LINKAGE_REPEAT 3/3 END
