LINKAGE_REPEAT 1/3 BEGIN
JOB_ID=1579365
BINARY=/CLUSTER_USER_HOME/kunpeng-experiments/trsm-kml251-1c753efb59cb/T9-neondirect/source/trsm_test
LDD_EXIT_CODE=0
	linux-vdso.so.1 (0x0000400005861000)
	libm.so.6 => /usr/lib64/libm.so.6 (0x0000400005880000)
	libkblas.so.25.1.0 => /opt/donaudata/donau/HPCKit_25.1.0_Linux-aarch64/package/KunpengHPCKit-kml.25.1.0/gcclib/sme/kblas/multi/libkblas.so.25.1.0 (0x0000400005930000)
	libgomp.so.1 => /CLUSTER_USER_HOME/kunpeng-experiments/trsm-kml251-f6110e522b93/compiler-private/gcc-12.3.1-2025.03-aarch64-linux/lib64/libgomp.so.1 (0x000040000ba70000)
	libc.so.6 => /usr/lib64/libc.so.6 (0x000040000bae0000)
	/lib/ld-linux-aarch64.so.1 (0x0000400005837000)
	libdl.so.2 => /usr/lib64/libdl.so.2 (0x000040000bca0000)
	libpthread.so.0 => /usr/lib64/libpthread.so.0 (0x000040000bcd0000)
KML251_LINKED_LIBRARY=/opt/donaudata/donau/HPCKit_25.1.0_Linux-aarch64/package/KunpengHPCKit-kml.25.1.0/gcclib/sme/kblas/multi/libkblas.so.25.1.0
GOMP_LINKED_LIBRARY=/CLUSTER_USER_HOME/kunpeng-experiments/trsm-kml251-f6110e522b93/compiler-private/gcc-12.3.1-2025.03-aarch64-linux/lib64/libgomp.so.1.0.0
KML251_DEPENDENCY_AUDIT_PASS=1
LINKAGE_REPEAT 1/3 END
LINKAGE_REPEAT 2/3 BEGIN
JOB_ID=1579365
BINARY=/CLUSTER_USER_HOME/kunpeng-experiments/trsm-kml251-1c753efb59cb/T9-neondirect/source/trsm_test
LDD_EXIT_CODE=0
	linux-vdso.so.1 (0x0000400012a98000)
	libm.so.6 => /usr/lib64/libm.so.6 (0x0000400012ab0000)
	libkblas.so.25.1.0 => /opt/donaudata/donau/HPCKit_25.1.0_Linux-aarch64/package/KunpengHPCKit-kml.25.1.0/gcclib/sme/kblas/multi/libkblas.so.25.1.0 (0x0000400012b70000)
	libgomp.so.1 => /CLUSTER_USER_HOME/kunpeng-experiments/trsm-kml251-f6110e522b93/compiler-private/gcc-12.3.1-2025.03-aarch64-linux/lib64/libgomp.so.1 (0x0000400018ca0000)
	libc.so.6 => /usr/lib64/libc.so.6 (0x0000400018d10000)
	/lib/ld-linux-aarch64.so.1 (0x0000400012a6e000)
	libdl.so.2 => /usr/lib64/libdl.so.2 (0x0000400018ed0000)
	libpthread.so.0 => /usr/lib64/libpthread.so.0 (0x0000400018f00000)
KML251_LINKED_LIBRARY=/opt/donaudata/donau/HPCKit_25.1.0_Linux-aarch64/package/KunpengHPCKit-kml.25.1.0/gcclib/sme/kblas/multi/libkblas.so.25.1.0
GOMP_LINKED_LIBRARY=/CLUSTER_USER_HOME/kunpeng-experiments/trsm-kml251-f6110e522b93/compiler-private/gcc-12.3.1-2025.03-aarch64-linux/lib64/libgomp.so.1.0.0
KML251_DEPENDENCY_AUDIT_PASS=1
LINKAGE_REPEAT 2/3 END
LINKAGE_REPEAT 3/3 BEGIN
JOB_ID=1579365
BINARY=/CLUSTER_USER_HOME/kunpeng-experiments/trsm-kml251-1c753efb59cb/T9-neondirect/source/trsm_test
LDD_EXIT_CODE=0
	linux-vdso.so.1 (0x000040001242b000)
	libm.so.6 => /usr/lib64/libm.so.6 (0x0000400012450000)
	libkblas.so.25.1.0 => /opt/donaudata/donau/HPCKit_25.1.0_Linux-aarch64/package/KunpengHPCKit-kml.25.1.0/gcclib/sme/kblas/multi/libkblas.so.25.1.0 (0x0000400012500000)
	libgomp.so.1 => /CLUSTER_USER_HOME/kunpeng-experiments/trsm-kml251-f6110e522b93/compiler-private/gcc-12.3.1-2025.03-aarch64-linux/lib64/libgomp.so.1 (0x0000400018630000)
	libc.so.6 => /usr/lib64/libc.so.6 (0x00004000186b0000)
	/lib/ld-linux-aarch64.so.1 (0x0000400012401000)
	libdl.so.2 => /usr/lib64/libdl.so.2 (0x0000400018860000)
	libpthread.so.0 => /usr/lib64/libpthread.so.0 (0x00004000188a0000)
KML251_LINKED_LIBRARY=/opt/donaudata/donau/HPCKit_25.1.0_Linux-aarch64/package/KunpengHPCKit-kml.25.1.0/gcclib/sme/kblas/multi/libkblas.so.25.1.0
GOMP_LINKED_LIBRARY=/CLUSTER_USER_HOME/kunpeng-experiments/trsm-kml251-f6110e522b93/compiler-private/gcc-12.3.1-2025.03-aarch64-linux/lib64/libgomp.so.1.0.0
KML251_DEPENDENCY_AUDIT_PASS=1
LINKAGE_REPEAT 3/3 END
