+ python3 -
ALLOWED_CPUS=114,115,116,117,118,119,120,121,122,123,124,125,126,127,128,129,130,131,132,133,134,135,136,137,138,139,140,141,142,143,144,145,146,147,148,149,150,151
NUMA_NODE=node3
+ source candidate.env
++ EXPECTED_ACC=4
++ CHECK_ROWTRIPLE=0
+ [[ 4 == 4 ]]
+ [[ 0 == 0 ]]
+ date -u
Fri Sep 11 10:29:01 UTC 2026
+ hostname
COMPUTE_NODE_1
+ gcc --version
gcc (GCC) 10.3.1
Copyright (C) 2020 Free Software Foundation, Inc.
This is free software; see the source for copying conditions.  There is NO
warranty; not even for MERCHANTABILITY or FITNESS FOR A PARTICULAR PURPOSE.

+ sha256sum conv2d.c check_conv_guard.c check_sve_dispatch.c remote_job.sh candidate.env
+ cat source-sha256.txt
5c44d6a4884c7ebe10886680e6dfe6b285b7a2b307def88b65dfb2f2d1979f0f  conv2d.c
7b20d66cb6a237601108df91190abfbd33507e4817c141887507cf99bb7281d2  check_conv_guard.c
97bb889d89343a3a1cac202e59fc83dae5746dbb21bcf46bf871800db74a78f1  check_sve_dispatch.c
071f188f178746636ecb17d9f87509d01c0cf6ba37f5f27436480767fd59412b  remote_job.sh
3f884e01272d932a4f8e8c73b1990d0810adb6b2b4007593f973dcac3fa95c0f  candidate.env
+ export OMP_DYNAMIC=FALSE OMP_PROC_BIND=close OMP_PLACES=cores
+ OMP_DYNAMIC=FALSE
+ OMP_PROC_BIND=close
+ OMP_PLACES=cores
+ flags=(-O3 -std=c11 -D_DEFAULT_SOURCE -Wall -Wextra -fno-fast-math -ffp-contract=off -mcpu=generic -fopenmp "-DEXPECTED_ACC=$EXPECTED_ACC" "-DCHECK_ROWTRIPLE=$CHECK_ROWTRIPLE")
+ gcc -O3 -std=c11 -D_DEFAULT_SOURCE -Wall -Wextra -fno-fast-math -ffp-contract=off -mcpu=generic -fopenmp -DEXPECTED_ACC=4 -DCHECK_ROWTRIPLE=0 check_conv_guard.c conv2d.c -o check_conv_guard
+ for bytes in 16 32 64
+ for threads in 1 4
+ tee guard-vl16-t1.log
+ OMP_NUM_THREADS=1
+ ./check_conv_guard 16
SVE_BYTES=16 SVE_LANES=4 BLOCK_OUTPUTS=16 THREADS=1
PASS: 13636 convolution cases; readonly input/kernel, guarded allocation edges, poisoned/guarded output, bitwise scalar reference
+ for threads in 1 4
+ tee guard-vl16-t4.log
+ OMP_NUM_THREADS=4
+ ./check_conv_guard 16
SVE_BYTES=16 SVE_LANES=4 BLOCK_OUTPUTS=16 THREADS=4
PASS: 13636 convolution cases; readonly input/kernel, guarded allocation edges, poisoned/guarded output, bitwise scalar reference
+ for bytes in 16 32 64
+ for threads in 1 4
+ tee guard-vl32-t1.log
+ OMP_NUM_THREADS=1
+ ./check_conv_guard 32
SVE_BYTES=32 SVE_LANES=8 BLOCK_OUTPUTS=32 THREADS=1
PASS: 13636 convolution cases; readonly input/kernel, guarded allocation edges, poisoned/guarded output, bitwise scalar reference
+ for threads in 1 4
+ tee guard-vl32-t4.log
+ OMP_NUM_THREADS=4
+ ./check_conv_guard 32
SVE_BYTES=32 SVE_LANES=8 BLOCK_OUTPUTS=32 THREADS=4
PASS: 13636 convolution cases; readonly input/kernel, guarded allocation edges, poisoned/guarded output, bitwise scalar reference
+ for bytes in 16 32 64
+ for threads in 1 4
+ tee guard-vl64-t1.log
+ OMP_NUM_THREADS=1
+ ./check_conv_guard 64
SVE_BYTES=64 SVE_LANES=16 BLOCK_OUTPUTS=64 THREADS=1
PASS: 13636 convolution cases; readonly input/kernel, guarded allocation edges, poisoned/guarded output, bitwise scalar reference
+ for threads in 1 4
+ tee guard-vl64-t4.log
+ OMP_NUM_THREADS=4
+ ./check_conv_guard 64
SVE_BYTES=64 SVE_LANES=16 BLOCK_OUTPUTS=64 THREADS=4
PASS: 13636 convolution cases; readonly input/kernel, guarded allocation edges, poisoned/guarded output, bitwise scalar reference
+ gcc -O3 -std=c11 -D_DEFAULT_SOURCE -Wall -Wextra -fno-fast-math -ffp-contract=off -mcpu=generic -fopenmp -DEXPECTED_ACC=4 -DCHECK_ROWTRIPLE=0 -finstrument-functions check_sve_dispatch.c -o check_sve_dispatch
+ for bytes in 16 32 64
+ for threads in 1 4
+ tee dispatch-vl16-t1.log
+ OMP_NUM_THREADS=1
+ ./check_sve_dispatch 16 smoke
SVE_BYTES=16 SVE_LANES=4 BLOCK_OUTPUTS=16 THREADS=1
PASS: 72 convolution cases; readonly input/kernel, guarded allocation edges, poisoned/guarded output, bitwise scalar reference
SVE_PREFIX_ACTUAL_ENTRIES=360 SVE_TAIL_ACTUAL_ENTRIES=360
SVE_ROWPAIR_ACTUAL_ENTRIES=144
SVE_ROWTRIPLE_ACTUAL_ENTRIES=NOT_APPLICABLE
+ for threads in 1 4
+ tee dispatch-vl16-t4.log
+ OMP_NUM_THREADS=4
+ ./check_sve_dispatch 16 smoke
SVE_BYTES=16 SVE_LANES=4 BLOCK_OUTPUTS=16 THREADS=4
PASS: 72 convolution cases; readonly input/kernel, guarded allocation edges, poisoned/guarded output, bitwise scalar reference
SVE_PREFIX_ACTUAL_ENTRIES=360 SVE_TAIL_ACTUAL_ENTRIES=360
SVE_ROWPAIR_ACTUAL_ENTRIES=144
SVE_ROWTRIPLE_ACTUAL_ENTRIES=NOT_APPLICABLE
+ for bytes in 16 32 64
+ for threads in 1 4
+ tee dispatch-vl32-t1.log
+ OMP_NUM_THREADS=1
+ ./check_sve_dispatch 32 smoke
SVE_BYTES=32 SVE_LANES=8 BLOCK_OUTPUTS=32 THREADS=1
PASS: 72 convolution cases; readonly input/kernel, guarded allocation edges, poisoned/guarded output, bitwise scalar reference
SVE_PREFIX_ACTUAL_ENTRIES=360 SVE_TAIL_ACTUAL_ENTRIES=360
SVE_ROWPAIR_ACTUAL_ENTRIES=144
SVE_ROWTRIPLE_ACTUAL_ENTRIES=NOT_APPLICABLE
+ for threads in 1 4
+ tee dispatch-vl32-t4.log
+ OMP_NUM_THREADS=4
+ ./check_sve_dispatch 32 smoke
SVE_BYTES=32 SVE_LANES=8 BLOCK_OUTPUTS=32 THREADS=4
PASS: 72 convolution cases; readonly input/kernel, guarded allocation edges, poisoned/guarded output, bitwise scalar reference
SVE_PREFIX_ACTUAL_ENTRIES=360 SVE_TAIL_ACTUAL_ENTRIES=360
SVE_ROWPAIR_ACTUAL_ENTRIES=144
SVE_ROWTRIPLE_ACTUAL_ENTRIES=NOT_APPLICABLE
+ for bytes in 16 32 64
+ for threads in 1 4
+ tee dispatch-vl64-t1.log
+ OMP_NUM_THREADS=1
+ ./check_sve_dispatch 64 smoke
SVE_BYTES=64 SVE_LANES=16 BLOCK_OUTPUTS=64 THREADS=1
PASS: 72 convolution cases; readonly input/kernel, guarded allocation edges, poisoned/guarded output, bitwise scalar reference
SVE_PREFIX_ACTUAL_ENTRIES=360 SVE_TAIL_ACTUAL_ENTRIES=360
SVE_ROWPAIR_ACTUAL_ENTRIES=144
SVE_ROWTRIPLE_ACTUAL_ENTRIES=NOT_APPLICABLE
+ for threads in 1 4
+ tee dispatch-vl64-t4.log
+ OMP_NUM_THREADS=4
+ ./check_sve_dispatch 64 smoke
SVE_BYTES=64 SVE_LANES=16 BLOCK_OUTPUTS=64 THREADS=4
PASS: 72 convolution cases; readonly input/kernel, guarded allocation edges, poisoned/guarded output, bitwise scalar reference
SVE_PREFIX_ACTUAL_ENTRIES=360 SVE_TAIL_ACTUAL_ENTRIES=360
SVE_ROWPAIR_ACTUAL_ENTRIES=144
SVE_ROWTRIPLE_ACTUAL_ENTRIES=NOT_APPLICABLE
+ gcc -O3 -std=c11 -D_DEFAULT_SOURCE -Wall -Wextra -fno-fast-math -ffp-contract=off -mcpu=generic -fopenmp -DEXPECTED_ACC=4 -DCHECK_ROWTRIPLE=0 -S conv2d.c -o conv2d-sve.s
+ wait 2777536
+ printf 'SANITIZER_STATUS=NOT_RUN; this job uses guard pages and bitwise reference checks\n'
SANITIZER_STATUS=NOT_RUN; this job uses guard pages and bitwise reference checks
+ printf 'PROBE_COMPLETE=1\n'
PROBE_COMPLETE=1
+ finish
+ local code=0 log_code=0
+ trap - EXIT
+ exec
+ ((  code == 0 && log_code != 0  ))
+ printf '%s\n' 0
+ exit 0
