+ date -u
Tue Sep  8 01:34:54 UTC 2026
+ gcc --version
gcc (GCC) 10.3.1
Copyright (C) 2020 Free Software Foundation, Inc.
This is free software; see the source for copying conditions.  There is NO
warranty; not even for MERCHANTABILITY or FITNESS FOR A PARTICULAR PURPOSE.

+ sha256sum conv2d.c check_conv_guard.c check_sve_dispatch.c remote_job.sh
c72163fe41fcd237aa70adda359d73a51731e64675394cc1ec1f93dc77b3ee8a  conv2d.c
b5e0de077a560cc5a42b1e106f070dff10fc894405bb2d59c9532c92c4c0f22f  check_conv_guard.c
0ec0e2b69beacfa69701be55282b57cd306ef7eb4648a1d9f90053c568b39369  check_sve_dispatch.c
b43a9efb0aa59941b69542c00bd701917f991ea175041afdd5d5f853e091adba  remote_job.sh
+ export OMP_DYNAMIC=FALSE OMP_PROC_BIND=close OMP_PLACES=cores
+ OMP_DYNAMIC=FALSE
+ OMP_PROC_BIND=close
+ OMP_PLACES=cores
+ gcc -O3 -std=c11 -D_DEFAULT_SOURCE -Wall -Wextra -fno-fast-math -ffp-contract=off -mcpu=generic -fopenmp check_conv_guard.c conv2d.c -o check_conv_guard
+ OMP_NUM_THREADS=1
+ ./check_conv_guard
PASS: 616 convolution cases, guarded input/output; bitwise equal to scalar reference
+ OMP_NUM_THREADS=4
+ ./check_conv_guard
PASS: 616 convolution cases, guarded input/output; bitwise equal to scalar reference
+ gcc -O3 -std=c11 -D_DEFAULT_SOURCE -Wall -Wextra -fno-fast-math -ffp-contract=off -mcpu=generic -fopenmp -finstrument-functions check_sve_dispatch.c -o check_sve_dispatch
+ OMP_NUM_THREADS=4
+ ./check_sve_dispatch
PASS: 616 convolution cases, guarded input/output; bitwise equal to scalar reference
SVE_HELPER_ACTUAL_ENTRIES=1848
+ gcc -O3 -std=c11 -fno-fast-math -ffp-contract=off -mcpu=generic -fopenmp -S conv2d.c -o conv2d-sve.s
+ printf 'PROBE_COMPLETE=1\n'
PROBE_COMPLETE=1
+ printf '0\n'
