LINKAGE_REPEAT 1/3 BEGIN
JOB_ID=1582129
BINARY=/CLUSTER_USER_HOME/kunpeng-experiments/trsm-kml251-0d7d9f06762e/T19-control13-repeat-r19/source/trsm_test
LDD_EXIT_CODE=0
	linux-vdso.so.1 (0x000040000da4a000)
	libm.so.6 => /usr/lib64/libm.so.6 (0x000040000da70000)
	libkblas.so.25.1.0 => /opt/donaudata/donau/HPCKit_25.1.0_Linux-aarch64/package/KunpengHPCKit-kml.25.1.0/gcclib/sme/kblas/multi/libkblas.so.25.1.0 (0x000040000db20000)
	libgomp.so.1 => /CLUSTER_USER_HOME/kunpeng-experiments/trsm-kml251-f6110e522b93/compiler-private/gcc-12.3.1-2025.03-aarch64-linux/lib64/libgomp.so.1 (0x0000400013c50000)
	libc.so.6 => /usr/lib64/libc.so.6 (0x0000400013cc0000)
	/lib/ld-linux-aarch64.so.1 (0x000040000da20000)
	libdl.so.2 => /usr/lib64/libdl.so.2 (0x0000400013e80000)
	libpthread.so.0 => /usr/lib64/libpthread.so.0 (0x0000400013eb0000)
KML251_LINKED_LIBRARY=/opt/donaudata/donau/HPCKit_25.1.0_Linux-aarch64/package/KunpengHPCKit-kml.25.1.0/gcclib/sme/kblas/multi/libkblas.so.25.1.0
GOMP_LINKED_LIBRARY=/CLUSTER_USER_HOME/kunpeng-experiments/trsm-kml251-f6110e522b93/compiler-private/gcc-12.3.1-2025.03-aarch64-linux/lib64/libgomp.so.1.0.0
KML251_DEPENDENCY_AUDIT_PASS=1
LINKAGE_REPEAT 1/3 END
LINKAGE_REPEAT 2/3 BEGIN
JOB_ID=1582129
BINARY=/CLUSTER_USER_HOME/kunpeng-experiments/trsm-kml251-0d7d9f06762e/T19-control13-repeat-r19/source/trsm_test
LDD_EXIT_CODE=0
	linux-vdso.so.1 (0x0000400004576000)
	libm.so.6 => /usr/lib64/libm.so.6 (0x0000400004590000)
	libkblas.so.25.1.0 => /opt/donaudata/donau/HPCKit_25.1.0_Linux-aarch64/package/KunpengHPCKit-kml.25.1.0/gcclib/sme/kblas/multi/libkblas.so.25.1.0 (0x0000400004640000)
	libgomp.so.1 => /CLUSTER_USER_HOME/kunpeng-experiments/trsm-kml251-f6110e522b93/compiler-private/gcc-12.3.1-2025.03-aarch64-linux/lib64/libgomp.so.1 (0x000040000a780000)
	libc.so.6 => /usr/lib64/libc.so.6 (0x000040000a7f0000)
	/lib/ld-linux-aarch64.so.1 (0x000040000454c000)
	libdl.so.2 => /usr/lib64/libdl.so.2 (0x000040000a9b0000)
	libpthread.so.0 => /usr/lib64/libpthread.so.0 (0x000040000a9e0000)
KML251_LINKED_LIBRARY=/opt/donaudata/donau/HPCKit_25.1.0_Linux-aarch64/package/KunpengHPCKit-kml.25.1.0/gcclib/sme/kblas/multi/libkblas.so.25.1.0
GOMP_LINKED_LIBRARY=/CLUSTER_USER_HOME/kunpeng-experiments/trsm-kml251-f6110e522b93/compiler-private/gcc-12.3.1-2025.03-aarch64-linux/lib64/libgomp.so.1.0.0
KML251_DEPENDENCY_AUDIT_PASS=1
LINKAGE_REPEAT 2/3 END
LINKAGE_REPEAT 3/3 BEGIN
JOB_ID=1582129
BINARY=/CLUSTER_USER_HOME/kunpeng-experiments/trsm-kml251-0d7d9f06762e/T19-control13-repeat-r19/source/trsm_test
LDD_EXIT_CODE=0
	linux-vdso.so.1 (0x0000400038100000)
	libm.so.6 => /usr/lib64/libm.so.6 (0x0000400038120000)
	libkblas.so.25.1.0 => /opt/donaudata/donau/HPCKit_25.1.0_Linux-aarch64/package/KunpengHPCKit-kml.25.1.0/gcclib/sme/kblas/multi/libkblas.so.25.1.0 (0x00004000381d0000)
	libgomp.so.1 => /CLUSTER_USER_HOME/kunpeng-experiments/trsm-kml251-f6110e522b93/compiler-private/gcc-12.3.1-2025.03-aarch64-linux/lib64/libgomp.so.1 (0x000040003e310000)
	libc.so.6 => /usr/lib64/libc.so.6 (0x000040003e380000)
	/lib/ld-linux-aarch64.so.1 (0x00004000380d6000)
	libdl.so.2 => /usr/lib64/libdl.so.2 (0x000040003e540000)
	libpthread.so.0 => /usr/lib64/libpthread.so.0 (0x000040003e570000)
KML251_LINKED_LIBRARY=/opt/donaudata/donau/HPCKit_25.1.0_Linux-aarch64/package/KunpengHPCKit-kml.25.1.0/gcclib/sme/kblas/multi/libkblas.so.25.1.0
GOMP_LINKED_LIBRARY=/CLUSTER_USER_HOME/kunpeng-experiments/trsm-kml251-f6110e522b93/compiler-private/gcc-12.3.1-2025.03-aarch64-linux/lib64/libgomp.so.1.0.0
KML251_DEPENDENCY_AUDIT_PASS=1
LINKAGE_REPEAT 3/3 END
