
BENCH_REPEAT 1/3 BEGIN COHORT=trsm-cohort-7a6db13b50a3 MEMBER=T0-r3
Compiler: gcc (GCC) 10.3.1
CPUs=228-265 NUMA=6 threads=38
Reference BLAS override: /CLUSTER_USER_HOME/other-20260907/blas-verified/libopenblas.a (与官方 KML 配置不同)

================================= TRSM测试 ================================
     M       N     Time(ms)       GFLOPS 最大误差   校验
---------------------------------------------------------------------------
   512 x 19968        22.46     233.1027     1.67e-16     PASS

================================= TRSM测试 ================================
     M       N     Time(ms)       GFLOPS 最大误差   校验
---------------------------------------------------------------------------
  2432 x 17024       253.46     397.2649     2.22e-16     PASS

================================= TRSM测试 ================================
     M       N     Time(ms)       GFLOPS 最大误差   校验
---------------------------------------------------------------------------
 17024 x   512       499.27     297.2083     1.11e-15     PASS
All three official cases PASS. Logs: results/run-20260908-092505-Vt5A7t

BENCH_REPEAT 1/3 BEGIN COHORT=trsm-cohort-7a6db13b50a3 MEMBER=T1-panel-r2
Compiler: gcc (GCC) 10.3.1
CPUs=228-265 NUMA=6 threads=38
Reference BLAS override: /CLUSTER_USER_HOME/other-20260907/blas-verified/libopenblas.a (与官方 KML 配置不同)

================================= TRSM测试 ================================
     M       N     Time(ms)       GFLOPS 最大误差   校验
---------------------------------------------------------------------------
   512 x 19968        22.68     230.7515     1.67e-16     PASS

================================= TRSM测试 ================================
     M       N     Time(ms)       GFLOPS 最大误差   校验
---------------------------------------------------------------------------
  2432 x 17024       259.85     387.5002     2.22e-16     PASS

================================= TRSM测试 ================================
     M       N     Time(ms)       GFLOPS 最大误差   校验
---------------------------------------------------------------------------
 17024 x   512       480.73     308.6661     1.11e-15     PASS
All three official cases PASS. Logs: results/run-20260908-092514-TZXrGR

BENCH_REPEAT 2/3 BEGIN COHORT=trsm-cohort-7a6db13b50a3 MEMBER=T1-panel-r2
Compiler: gcc (GCC) 10.3.1
CPUs=228-265 NUMA=6 threads=38
Reference BLAS override: /CLUSTER_USER_HOME/other-20260907/blas-verified/libopenblas.a (与官方 KML 配置不同)

================================= TRSM测试 ================================
     M       N     Time(ms)       GFLOPS 最大误差   校验
---------------------------------------------------------------------------
   512 x 19968        22.17     236.1422     1.67e-16     PASS

================================= TRSM测试 ================================
     M       N     Time(ms)       GFLOPS 最大误差   校验
---------------------------------------------------------------------------
  2432 x 17024       254.20     396.1042     2.22e-16     PASS

================================= TRSM测试 ================================
     M       N     Time(ms)       GFLOPS 最大误差   校验
---------------------------------------------------------------------------
 17024 x   512       481.40     308.2403     1.11e-15     PASS
All three official cases PASS. Logs: results/run-20260908-092523-0LFtUO

BENCH_REPEAT 2/3 BEGIN COHORT=trsm-cohort-7a6db13b50a3 MEMBER=T0-r3
Compiler: gcc (GCC) 10.3.1
CPUs=228-265 NUMA=6 threads=38
Reference BLAS override: /CLUSTER_USER_HOME/other-20260907/blas-verified/libopenblas.a (与官方 KML 配置不同)

================================= TRSM测试 ================================
     M       N     Time(ms)       GFLOPS 最大误差   校验
---------------------------------------------------------------------------
   512 x 19968        22.34     234.3250     1.67e-16     PASS

================================= TRSM测试 ================================
     M       N     Time(ms)       GFLOPS 最大误差   校验
---------------------------------------------------------------------------
  2432 x 17024       255.29     394.4130     2.22e-16     PASS

================================= TRSM测试 ================================
     M       N     Time(ms)       GFLOPS 最大误差   校验
---------------------------------------------------------------------------
 17024 x   512       500.32     296.5798     1.11e-15     PASS
All three official cases PASS. Logs: results/run-20260908-092532-t1hJ4p

BENCH_REPEAT 3/3 BEGIN COHORT=trsm-cohort-7a6db13b50a3 MEMBER=T0-r3
Compiler: gcc (GCC) 10.3.1
CPUs=228-265 NUMA=6 threads=38
Reference BLAS override: /CLUSTER_USER_HOME/other-20260907/blas-verified/libopenblas.a (与官方 KML 配置不同)

================================= TRSM测试 ================================
     M       N     Time(ms)       GFLOPS 最大误差   校验
---------------------------------------------------------------------------
   512 x 19968        22.39     233.7507     1.67e-16     PASS

================================= TRSM测试 ================================
     M       N     Time(ms)       GFLOPS 最大误差   校验
---------------------------------------------------------------------------
  2432 x 17024       258.13     390.0724     2.22e-16     PASS

================================= TRSM测试 ================================
     M       N     Time(ms)       GFLOPS 最大误差   校验
---------------------------------------------------------------------------
 17024 x   512       498.55     297.6352     1.11e-15     PASS
All three official cases PASS. Logs: results/run-20260908-092541-CT1GDt

BENCH_REPEAT 3/3 BEGIN COHORT=trsm-cohort-7a6db13b50a3 MEMBER=T1-panel-r2
Compiler: gcc (GCC) 10.3.1
CPUs=228-265 NUMA=6 threads=38
Reference BLAS override: /CLUSTER_USER_HOME/other-20260907/blas-verified/libopenblas.a (与官方 KML 配置不同)

================================= TRSM测试 ================================
     M       N     Time(ms)       GFLOPS 最大误差   校验
---------------------------------------------------------------------------
   512 x 19968        22.54     232.2690     1.67e-16     PASS

================================= TRSM测试 ================================
     M       N     Time(ms)       GFLOPS 最大误差   校验
---------------------------------------------------------------------------
  2432 x 17024       255.04     394.8000     2.22e-16     PASS

================================= TRSM测试 ================================
     M       N     Time(ms)       GFLOPS 最大误差   校验
---------------------------------------------------------------------------
 17024 x   512       480.38     308.8963     1.11e-15     PASS
All three official cases PASS. Logs: results/run-20260908-092549-mheLEI
