LINKAGE_REPEAT 1/3 BEGIN
JOB_ID=1579401
BINARY=/CLUSTER_USER_HOME/kunpeng-experiments/trsm-kml251-6a6402c96ae7/T10-lhistbarrier/source/trsm_test
LDD_EXIT_CODE=0
	linux-vdso.so.1 (0x0000400035371000)
	libm.so.6 => /usr/lib64/libm.so.6 (0x0000400035390000)
	libkblas.so.25.1.0 => /opt/donaudata/donau/HPCKit_25.1.0_Linux-aarch64/package/KunpengHPCKit-kml.25.1.0/gcclib/sme/kblas/multi/libkblas.so.25.1.0 (0x0000400035440000)
	libgomp.so.1 => /CLUSTER_USER_HOME/kunpeng-experiments/trsm-kml251-f6110e522b93/compiler-private/gcc-12.3.1-2025.03-aarch64-linux/lib64/libgomp.so.1 (0x000040003b580000)
	libc.so.6 => /usr/lib64/libc.so.6 (0x000040003b5f0000)
	/lib/ld-linux-aarch64.so.1 (0x0000400035347000)
	libdl.so.2 => /usr/lib64/libdl.so.2 (0x000040003b7b0000)
	libpthread.so.0 => /usr/lib64/libpthread.so.0 (0x000040003b7e0000)
KML251_LINKED_LIBRARY=/opt/donaudata/donau/HPCKit_25.1.0_Linux-aarch64/package/KunpengHPCKit-kml.25.1.0/gcclib/sme/kblas/multi/libkblas.so.25.1.0
GOMP_LINKED_LIBRARY=/CLUSTER_USER_HOME/kunpeng-experiments/trsm-kml251-f6110e522b93/compiler-private/gcc-12.3.1-2025.03-aarch64-linux/lib64/libgomp.so.1.0.0
KML251_DEPENDENCY_AUDIT_PASS=1
LINKAGE_REPEAT 1/3 END
LINKAGE_REPEAT 2/3 BEGIN
JOB_ID=1579401
BINARY=/CLUSTER_USER_HOME/kunpeng-experiments/trsm-kml251-6a6402c96ae7/T10-lhistbarrier/source/trsm_test
LDD_EXIT_CODE=0
	linux-vdso.so.1 (0x00004000126b1000)
	libm.so.6 => /usr/lib64/libm.so.6 (0x00004000126d0000)
	libkblas.so.25.1.0 => /opt/donaudata/donau/HPCKit_25.1.0_Linux-aarch64/package/KunpengHPCKit-kml.25.1.0/gcclib/sme/kblas/multi/libkblas.so.25.1.0 (0x0000400012780000)
	libgomp.so.1 => /CLUSTER_USER_HOME/kunpeng-experiments/trsm-kml251-f6110e522b93/compiler-private/gcc-12.3.1-2025.03-aarch64-linux/lib64/libgomp.so.1 (0x00004000188c0000)
	libc.so.6 => /usr/lib64/libc.so.6 (0x0000400018930000)
	/lib/ld-linux-aarch64.so.1 (0x0000400012687000)
	libdl.so.2 => /usr/lib64/libdl.so.2 (0x0000400018af0000)
	libpthread.so.0 => /usr/lib64/libpthread.so.0 (0x0000400018b20000)
KML251_LINKED_LIBRARY=/opt/donaudata/donau/HPCKit_25.1.0_Linux-aarch64/package/KunpengHPCKit-kml.25.1.0/gcclib/sme/kblas/multi/libkblas.so.25.1.0
GOMP_LINKED_LIBRARY=/CLUSTER_USER_HOME/kunpeng-experiments/trsm-kml251-f6110e522b93/compiler-private/gcc-12.3.1-2025.03-aarch64-linux/lib64/libgomp.so.1.0.0
KML251_DEPENDENCY_AUDIT_PASS=1
LINKAGE_REPEAT 2/3 END
LINKAGE_REPEAT 3/3 BEGIN
JOB_ID=1579401
BINARY=/CLUSTER_USER_HOME/kunpeng-experiments/trsm-kml251-6a6402c96ae7/T10-lhistbarrier/source/trsm_test
LDD_EXIT_CODE=0
	linux-vdso.so.1 (0x00004000090ef000)
	libm.so.6 => /usr/lib64/libm.so.6 (0x0000400009110000)
	libkblas.so.25.1.0 => /opt/donaudata/donau/HPCKit_25.1.0_Linux-aarch64/package/KunpengHPCKit-kml.25.1.0/gcclib/sme/kblas/multi/libkblas.so.25.1.0 (0x00004000091c0000)
	libgomp.so.1 => /CLUSTER_USER_HOME/kunpeng-experiments/trsm-kml251-f6110e522b93/compiler-private/gcc-12.3.1-2025.03-aarch64-linux/lib64/libgomp.so.1 (0x000040000f300000)
	libc.so.6 => /usr/lib64/libc.so.6 (0x000040000f370000)
	/lib/ld-linux-aarch64.so.1 (0x00004000090c5000)
	libdl.so.2 => /usr/lib64/libdl.so.2 (0x000040000f530000)
	libpthread.so.0 => /usr/lib64/libpthread.so.0 (0x000040000f560000)
KML251_LINKED_LIBRARY=/opt/donaudata/donau/HPCKit_25.1.0_Linux-aarch64/package/KunpengHPCKit-kml.25.1.0/gcclib/sme/kblas/multi/libkblas.so.25.1.0
GOMP_LINKED_LIBRARY=/CLUSTER_USER_HOME/kunpeng-experiments/trsm-kml251-f6110e522b93/compiler-private/gcc-12.3.1-2025.03-aarch64-linux/lib64/libgomp.so.1.0.0
KML251_DEPENDENCY_AUDIT_PASS=1
LINKAGE_REPEAT 3/3 END
