LINKAGE_REPEAT 1/3 BEGIN
JOB_ID=1582526
BINARY=/CLUSTER_USER_HOME/kunpeng-experiments/trsm-kml251-f478c9adbe2b/T19-control13-repeat-r22/source/trsm_test
LDD_EXIT_CODE=0
	linux-vdso.so.1 (0x0000400029c85000)
	libm.so.6 => /usr/lib64/libm.so.6 (0x0000400029ca0000)
	libkblas.so.25.1.0 => /opt/donaudata/donau/HPCKit_25.1.0_Linux-aarch64/package/KunpengHPCKit-kml.25.1.0/gcclib/sme/kblas/multi/libkblas.so.25.1.0 (0x0000400029d50000)
	libgomp.so.1 => /CLUSTER_USER_HOME/kunpeng-experiments/trsm-kml251-f6110e522b93/compiler-private/gcc-12.3.1-2025.03-aarch64-linux/lib64/libgomp.so.1 (0x000040002fe90000)
	libc.so.6 => /usr/lib64/libc.so.6 (0x000040002ff00000)
	/lib/ld-linux-aarch64.so.1 (0x0000400029c5b000)
	libdl.so.2 => /usr/lib64/libdl.so.2 (0x00004000300c0000)
	libpthread.so.0 => /usr/lib64/libpthread.so.0 (0x00004000300f0000)
KML251_LINKED_LIBRARY=/opt/donaudata/donau/HPCKit_25.1.0_Linux-aarch64/package/KunpengHPCKit-kml.25.1.0/gcclib/sme/kblas/multi/libkblas.so.25.1.0
GOMP_LINKED_LIBRARY=/CLUSTER_USER_HOME/kunpeng-experiments/trsm-kml251-f6110e522b93/compiler-private/gcc-12.3.1-2025.03-aarch64-linux/lib64/libgomp.so.1.0.0
KML251_DEPENDENCY_AUDIT_PASS=1
LINKAGE_REPEAT 1/3 END
LINKAGE_REPEAT 2/3 BEGIN
JOB_ID=1582526
BINARY=/CLUSTER_USER_HOME/kunpeng-experiments/trsm-kml251-f478c9adbe2b/T19-control13-repeat-r22/source/trsm_test
LDD_EXIT_CODE=0
	linux-vdso.so.1 (0x0000400023f72000)
	libm.so.6 => /usr/lib64/libm.so.6 (0x0000400023f90000)
	libkblas.so.25.1.0 => /opt/donaudata/donau/HPCKit_25.1.0_Linux-aarch64/package/KunpengHPCKit-kml.25.1.0/gcclib/sme/kblas/multi/libkblas.so.25.1.0 (0x0000400024040000)
	libgomp.so.1 => /CLUSTER_USER_HOME/kunpeng-experiments/trsm-kml251-f6110e522b93/compiler-private/gcc-12.3.1-2025.03-aarch64-linux/lib64/libgomp.so.1 (0x000040002a180000)
	libc.so.6 => /usr/lib64/libc.so.6 (0x000040002a1f0000)
	/lib/ld-linux-aarch64.so.1 (0x0000400023f48000)
	libdl.so.2 => /usr/lib64/libdl.so.2 (0x000040002a3b0000)
	libpthread.so.0 => /usr/lib64/libpthread.so.0 (0x000040002a3e0000)
KML251_LINKED_LIBRARY=/opt/donaudata/donau/HPCKit_25.1.0_Linux-aarch64/package/KunpengHPCKit-kml.25.1.0/gcclib/sme/kblas/multi/libkblas.so.25.1.0
GOMP_LINKED_LIBRARY=/CLUSTER_USER_HOME/kunpeng-experiments/trsm-kml251-f6110e522b93/compiler-private/gcc-12.3.1-2025.03-aarch64-linux/lib64/libgomp.so.1.0.0
KML251_DEPENDENCY_AUDIT_PASS=1
LINKAGE_REPEAT 2/3 END
LINKAGE_REPEAT 3/3 BEGIN
JOB_ID=1582526
BINARY=/CLUSTER_USER_HOME/kunpeng-experiments/trsm-kml251-f478c9adbe2b/T19-control13-repeat-r22/source/trsm_test
LDD_EXIT_CODE=0
	linux-vdso.so.1 (0x000040001dbee000)
	libm.so.6 => /usr/lib64/libm.so.6 (0x000040001dc10000)
	libkblas.so.25.1.0 => /opt/donaudata/donau/HPCKit_25.1.0_Linux-aarch64/package/KunpengHPCKit-kml.25.1.0/gcclib/sme/kblas/multi/libkblas.so.25.1.0 (0x000040001dcc0000)
	libgomp.so.1 => /CLUSTER_USER_HOME/kunpeng-experiments/trsm-kml251-f6110e522b93/compiler-private/gcc-12.3.1-2025.03-aarch64-linux/lib64/libgomp.so.1 (0x0000400023e00000)
	libc.so.6 => /usr/lib64/libc.so.6 (0x0000400023e70000)
	/lib/ld-linux-aarch64.so.1 (0x000040001dbc4000)
	libdl.so.2 => /usr/lib64/libdl.so.2 (0x0000400024030000)
	libpthread.so.0 => /usr/lib64/libpthread.so.0 (0x0000400024060000)
KML251_LINKED_LIBRARY=/opt/donaudata/donau/HPCKit_25.1.0_Linux-aarch64/package/KunpengHPCKit-kml.25.1.0/gcclib/sme/kblas/multi/libkblas.so.25.1.0
GOMP_LINKED_LIBRARY=/CLUSTER_USER_HOME/kunpeng-experiments/trsm-kml251-f6110e522b93/compiler-private/gcc-12.3.1-2025.03-aarch64-linux/lib64/libgomp.so.1.0.0
KML251_DEPENDENCY_AUDIT_PASS=1
LINKAGE_REPEAT 3/3 END
