{"allowed_cpu_count": 38, "allowed_cpus": [114, 115, 116, 117, 118, 119, 120, 121, 122, 123, 124, 125, 126, 127, 128, 129, 130, 131, 132, 133, 134, 135, 136, 137, 138, 139, 140, 141, 142, 143, 144, 145, 146, 147, 148, 149, 150, 151], "guard_pass": true, "host": "COMPUTE_NODE_1", "numa_nodes": ["node3"], "scheduler_job_id": "1579444"}
gcc (gcc for openEuler 3.0.2) 12.3.1
Copyright (C) 2022 Free Software Foundation, Inc.
This is free software; see the source for copying conditions.  There is NO
warranty; not even for MERCHANTABILITY or FITNESS FOR A PARTICULAR PURPOSE.

DISPATCH workers=1 hwcap_sve=1 min_vl=64 max_vl=64 expected_wide=1
MICRO_PASS count=0 lda=3 layout=strided calls=1
MICRO_PASS count=0 lda=3 layout=packed calls=1
MICRO_PASS count=0 lda=11 layout=strided calls=1
MICRO_PASS count=0 lda=11 layout=packed calls=1
MICRO_PASS count=1 lda=4 layout=strided calls=1
MICRO_PASS count=1 lda=4 layout=packed calls=1
MICRO_PASS count=1 lda=12 layout=strided calls=1
MICRO_PASS count=1 lda=12 layout=packed calls=1
MICRO_PASS count=2 lda=5 layout=strided calls=1
MICRO_PASS count=2 lda=5 layout=packed calls=1
MICRO_PASS count=2 lda=13 layout=strided calls=1
MICRO_PASS count=2 lda=13 layout=packed calls=1
MICRO_PASS count=7 lda=10 layout=strided calls=1
MICRO_PASS count=7 lda=10 layout=packed calls=1
MICRO_PASS count=7 lda=18 layout=strided calls=1
MICRO_PASS count=7 lda=18 layout=packed calls=1
MICRO_PASS count=31 lda=34 layout=strided calls=1
MICRO_PASS count=31 lda=34 layout=packed calls=1
MICRO_PASS count=31 lda=42 layout=strided calls=1
MICRO_PASS count=31 lda=42 layout=packed calls=1
MICRO_PASS count=255 lda=258 layout=strided calls=1
MICRO_PASS count=255 lda=258 layout=packed calls=1
MICRO_PASS count=255 lda=266 layout=strided calls=1
MICRO_PASS count=255 lda=266 layout=packed calls=1
MICRO_PASS count=256 lda=259 layout=strided calls=1
MICRO_PASS count=256 lda=259 layout=packed calls=1
MICRO_PASS count=256 lda=267 layout=strided calls=1
MICRO_PASS count=256 lda=267 layout=packed calls=1
PASS micro_cases=28 ordered_FMA_bitwise=1 L_X_guards_unchanged=1
DISPATCH workers=1 hwcap_sve=1 min_vl=64 max_vl=64 expected_wide=1
FIXTURE dense_structured_lower=1 independent_long_double_prefix=1 supplement_only=1
CASE_PASS m=4105 n=25 threads=1 calls=3856 expected=3856 max_error=3.3306690738754696e-16 max_residual=7.2873025123941424e-16 padding_L_unchanged=1 shared_fail=0
CASE_PASS m=4111 n=31 threads=1 calls=3856 expected=3856 max_error=3.3306690738754696e-16 max_residual=7.2873025123941424e-16 padding_L_unchanged=1 shared_fail=0
PASS whole_cases=2 padding_L_unchanged=1 actual_entry_counts=1
DISPATCH workers=4 hwcap_sve=1 min_vl=64 max_vl=64 expected_wide=1
FIXTURE dense_structured_lower=1 independent_long_double_prefix=1 supplement_only=1
CASE_PASS m=4105 n=25 threads=4 calls=3856 expected=3856 max_error=3.3306690738754696e-16 max_residual=7.2873025123941424e-16 padding_L_unchanged=1 shared_fail=0
CASE_PASS m=4111 n=31 threads=4 calls=3856 expected=3856 max_error=3.3306690738754696e-16 max_residual=7.2873025123941424e-16 padding_L_unchanged=1 shared_fail=0
PASS whole_cases=2 padding_L_unchanged=1 actual_entry_counts=1
DISPATCH workers=38 hwcap_sve=1 min_vl=64 max_vl=64 expected_wide=1
FIXTURE dense_structured_lower=1 independent_long_double_prefix=1 supplement_only=1
CASE_PASS m=4105 n=25 threads=38 calls=3856 expected=3856 max_error=3.3306690738754696e-16 max_residual=7.2873025123941424e-16 padding_L_unchanged=1 shared_fail=0
PASS whole_cases=1 padding_L_unchanged=1 actual_entry_counts=1
DISPATCH workers=4 hwcap_sve=1 min_vl=64 max_vl=64 expected_wide=1
FIXTURE dense_structured_lower=1 independent_long_double_prefix=1 supplement_only=1
CASE_PASS m=4105 n=25 threads=4 calls=3856 expected=3856 max_error=3.3306690738754696e-16 max_residual=7.2873025121346131e-16 padding_L_unchanged=1 shared_fail=1
SHARED_ALLOC_PASS calls=1 injected=1
PASS whole_cases=1 padding_L_unchanged=1 actual_entry_counts=1
DISPATCH workers=4 hwcap_sve=0 min_vl=64 max_vl=64 expected_wide=0
FIXTURE dense_structured_lower=1 independent_long_double_prefix=1 supplement_only=1
CASE_PASS m=4105 n=25 threads=4 calls=0 expected=0 max_error=3.3306690738754696e-16 max_residual=7.2873025123941424e-16 padding_L_unchanged=1 shared_fail=0
PASS whole_cases=1 padding_L_unchanged=1 actual_entry_counts=1
NARROW_VL_PASS requested=16 actual=16
DISPATCH workers=4 hwcap_sve=1 min_vl=16 max_vl=16 expected_wide=0
FIXTURE dense_structured_lower=1 independent_long_double_prefix=1 supplement_only=1
CASE_PASS m=4105 n=25 threads=4 calls=0 expected=0 max_error=3.3306690738754696e-16 max_residual=7.2873025123941424e-16 padding_L_unchanged=1 shared_fail=0
PASS whole_cases=1 padding_L_unchanged=1 actual_entry_counts=1
TRSM_WIDE_PREFLIGHT_COMPLETE=1 MICRO_CASES=28 WHOLE_CASES=8 SHARED_FAIL_CASES=1 NO_SVE_CASES=1 NARROW_VL_CASES=1
