LINKAGE_REPEAT 1/3 BEGIN
JOB_ID=1582392
BINARY=/CLUSTER_USER_HOME/kunpeng-experiments/trsm-kml251-6b3de88e03f5/T19-control13-repeat-r21/source/trsm_test
LDD_EXIT_CODE=0
	linux-vdso.so.1 (0x0000400031556000)
	libm.so.6 => /usr/lib64/libm.so.6 (0x0000400031570000)
	libkblas.so.25.1.0 => /opt/donaudata/donau/HPCKit_25.1.0_Linux-aarch64/package/KunpengHPCKit-kml.25.1.0/gcclib/sme/kblas/multi/libkblas.so.25.1.0 (0x0000400031620000)
	libgomp.so.1 => /CLUSTER_USER_HOME/kunpeng-experiments/trsm-kml251-f6110e522b93/compiler-private/gcc-12.3.1-2025.03-aarch64-linux/lib64/libgomp.so.1 (0x0000400037760000)
	libc.so.6 => /usr/lib64/libc.so.6 (0x00004000377d0000)
	/lib/ld-linux-aarch64.so.1 (0x000040003152c000)
	libdl.so.2 => /usr/lib64/libdl.so.2 (0x0000400037990000)
	libpthread.so.0 => /usr/lib64/libpthread.so.0 (0x00004000379c0000)
KML251_LINKED_LIBRARY=/opt/donaudata/donau/HPCKit_25.1.0_Linux-aarch64/package/KunpengHPCKit-kml.25.1.0/gcclib/sme/kblas/multi/libkblas.so.25.1.0
GOMP_LINKED_LIBRARY=/CLUSTER_USER_HOME/kunpeng-experiments/trsm-kml251-f6110e522b93/compiler-private/gcc-12.3.1-2025.03-aarch64-linux/lib64/libgomp.so.1.0.0
KML251_DEPENDENCY_AUDIT_PASS=1
LINKAGE_REPEAT 1/3 END
LINKAGE_REPEAT 2/3 BEGIN
JOB_ID=1582392
BINARY=/CLUSTER_USER_HOME/kunpeng-experiments/trsm-kml251-6b3de88e03f5/T19-control13-repeat-r21/source/trsm_test
LDD_EXIT_CODE=0
	linux-vdso.so.1 (0x0000400037259000)
	libm.so.6 => /usr/lib64/libm.so.6 (0x0000400037280000)
	libkblas.so.25.1.0 => /opt/donaudata/donau/HPCKit_25.1.0_Linux-aarch64/package/KunpengHPCKit-kml.25.1.0/gcclib/sme/kblas/multi/libkblas.so.25.1.0 (0x0000400037330000)
	libgomp.so.1 => /CLUSTER_USER_HOME/kunpeng-experiments/trsm-kml251-f6110e522b93/compiler-private/gcc-12.3.1-2025.03-aarch64-linux/lib64/libgomp.so.1 (0x000040003d460000)
	libc.so.6 => /usr/lib64/libc.so.6 (0x000040003d4d0000)
	/lib/ld-linux-aarch64.so.1 (0x000040003722f000)
	libdl.so.2 => /usr/lib64/libdl.so.2 (0x000040003d690000)
	libpthread.so.0 => /usr/lib64/libpthread.so.0 (0x000040003d6c0000)
KML251_LINKED_LIBRARY=/opt/donaudata/donau/HPCKit_25.1.0_Linux-aarch64/package/KunpengHPCKit-kml.25.1.0/gcclib/sme/kblas/multi/libkblas.so.25.1.0
GOMP_LINKED_LIBRARY=/CLUSTER_USER_HOME/kunpeng-experiments/trsm-kml251-f6110e522b93/compiler-private/gcc-12.3.1-2025.03-aarch64-linux/lib64/libgomp.so.1.0.0
KML251_DEPENDENCY_AUDIT_PASS=1
LINKAGE_REPEAT 2/3 END
LINKAGE_REPEAT 3/3 BEGIN
JOB_ID=1582392
BINARY=/CLUSTER_USER_HOME/kunpeng-experiments/trsm-kml251-6b3de88e03f5/T19-control13-repeat-r21/source/trsm_test
LDD_EXIT_CODE=0
	linux-vdso.so.1 (0x000040002a863000)
	libm.so.6 => /usr/lib64/libm.so.6 (0x000040002a880000)
	libkblas.so.25.1.0 => /opt/donaudata/donau/HPCKit_25.1.0_Linux-aarch64/package/KunpengHPCKit-kml.25.1.0/gcclib/sme/kblas/multi/libkblas.so.25.1.0 (0x000040002a930000)
	libgomp.so.1 => /CLUSTER_USER_HOME/kunpeng-experiments/trsm-kml251-f6110e522b93/compiler-private/gcc-12.3.1-2025.03-aarch64-linux/lib64/libgomp.so.1 (0x0000400030a70000)
	libc.so.6 => /usr/lib64/libc.so.6 (0x0000400030ae0000)
	/lib/ld-linux-aarch64.so.1 (0x000040002a839000)
	libdl.so.2 => /usr/lib64/libdl.so.2 (0x0000400030ca0000)
	libpthread.so.0 => /usr/lib64/libpthread.so.0 (0x0000400030cd0000)
KML251_LINKED_LIBRARY=/opt/donaudata/donau/HPCKit_25.1.0_Linux-aarch64/package/KunpengHPCKit-kml.25.1.0/gcclib/sme/kblas/multi/libkblas.so.25.1.0
GOMP_LINKED_LIBRARY=/CLUSTER_USER_HOME/kunpeng-experiments/trsm-kml251-f6110e522b93/compiler-private/gcc-12.3.1-2025.03-aarch64-linux/lib64/libgomp.so.1.0.0
KML251_DEPENDENCY_AUDIT_PASS=1
LINKAGE_REPEAT 3/3 END
