Basic Details:
    jobId                               	1579401                                           	
    name                                	trsm-kml251-6a6402c96ae7                          	
    state                               	SUCCEEDED                                         	
    user                                	REDACTED_USER                                       	
    queue                               	q_kunpeng                                         	
    account                             	CLUSTER_ACCOUNT                                            	
    cmd                                 	/bin/bash -l /CLUSTER_USER_HOME/kunpeng-experiments/trsm-kml251-6a6402c96ae7/remote_job.sh	
    submitNode                          	LOGIN_NODE_5                                           	
    createTime                          	2026/09/12 16:50:09                               	
    startTime                           	2026/09/12 16:52:59                               	
    lastModifiedTime                    	-                                                 	
    endTime                             	2026/09/12 16:55:35                               	
    currentOperation                    	EMPTY                                             	
    jobRequeueMaxCnt                    	0                                                 	
    jobRequeueCurrentCnt                	0                                                 	
    mpiType                             	DEFAULT                                           	
    interactionMode                     	DEFAULT                                           	
    assistJob                           	DEFAULT                                           	
    x11ForwardEnabled                   	false                                             	
    description                         	-                                                 	
    transferType                        	LOCAL                                             	
    forwardTime                         	-                                                 	
    recallTime                          	-                                                 	
    autoResize                          	false                                             	
Scheduling Details:
    exclusive                           	false                                             	
    priority                            	1                                                 	
    adminPriority                       	-1                                                	
    expectSchedTime                     	-                                                 	
    startTimeEstimated                  	-                                                 	
    reserveRes                          	-                                                 	
    backfillRes                         	-                                                 	
    backfilledRes                       	-                                                 	
Resource Details:
    reqJobLicense                       	-
    allocJobLicense                     	-
    resGroup[0]:
        minReplica                      	1                                                 	
        replica                         	1                                                 	
        labels                          	queue_q_kunpeng aarch64                           	
        preferNodes                     	-                                                 	
        reqNodeSelectPolicy             	-                                                 	
        effNodeSelectPolicy             	SEQUENCE                                          	
        reqCPU                          	38                                                	
        reqMem                          	24576                                             	
        reqGPU                          	gpu:0
        reqNPU                          	0
        allocCPU                        	38                                                	
        allocMem                        	24576                                             	
        allocGPU                        	gpu:0
        allocNPU                        	0
        reqTaskLicense                  	-
        allocTaskLicense                	-
        reqAffinity                     	numa[count=1, distribution=pack]                  	
    allocAffinity                       	
        execNode             resGroup resIndex hwThreads        gpuIds           npuIds          
        COMPUTE_NODE_1              0        0/1      76-113           -                -               
Runtime Details:
    execNodes                           	COMPUTE_NODE_1                                           	
    execNodeCnt                         	1                                                 	
    execPath                            	/CLUSTER_USER_HOME                           	
    resizeCmd                           	-                                                 	
    timeout                             	1800                                              	
    stderrRedirectPath                  	-                                                 	
    stderrRedirectType                  	append                                            	
    stdoutRedirectPath                  	/CLUSTER_USER_HOME/kunpeng-experiments/trsm-kml251-6a6402c96ae7/wrapper.stdout.log	
    stdoutRedirectType                  	append                                            	
    totalUtime                          	787                                               	
    totalStime                          	50                                                	
    totalMaxMemSwp                      	75                                                	
    totalMaxMem                         	75                                                	
    hostPreHookRunTime                  	0                                                 	
    preHookRunTime                      	0                                                 	
    jobWallclockDuration                	151                                               	
    postHookRunTime                     	0                                                 	
    hostPostHookRunTime                 	0                                                 	
    jobSstoppedTime                     	0                                                 	
    coreHours                           	5738                                              	
    jobExitCode                         	0                                                 	
    systemExitCode                      	0                                                 	
    exitMessage                         	Job execution succeeded                           	
    stderrRedirectOutputPath            	-                                                 	
    stdoutRedirectOutputPath            	/CLUSTER_USER_HOME/kunpeng-experiments/trsm-kml251-6a6402c96ae7/wrapper.stdout.log	
    nodeUsages                          	
        execNode             resGroup resIndex utime    stime    wallclockDuration    sstoppedTime     cpuUtil          gpuUtil          npuUtil          memResource                     
        COMPUTE_NODE_1              0        0/1      787      50       151                  0                555/1211         -                -                0/2/0/0/2761/2761/29/0          
    nodePids                            	
        execNode             pids    
        COMPUTE_NODE_1              -       
    traceMessages                       	2026/09/12 16:50:09    :    [JOB_ADD] Job 1579401 is submitted by REDACTED_USER, job state is PENDING.	
                                        	2026/09/12 16:52:59    :    [JOB_START] Job 1579401 start message has been sent.	
                                        	2026/09/12 16:52:59    :    [JOB_START_ACK] Job 1579401 start message has been received by agent COMPUTE_NODE_1.	
                                        	2026/09/12 16:52:59    :    [JOB_EXECUTION] Job 1579401 state is from PENDING to RUNNING, execution path: /CLUSTER_USER_HOME.	
                                        	2026/09/12 16:55:35    :    [JOB_FINISH] Job 1579401 state is from RUNNING to SUCCEEDED.	

Collected raw evidence; register explicitly with records-kml.py after inspecting diagnostics
