{"allowed_cpu_count": 38, "allowed_cpus": [76, 77, 78, 79, 80, 81, 82, 83, 84, 85, 86, 87, 88, 89, 90, 91, 92, 93, 94, 95, 96, 97, 98, 99, 100, 101, 102, 103, 104, 105, 106, 107, 108, 109, 110, 111, 112, 113], "guard_pass": true, "host": "COMPUTE_NODE_1", "numa_nodes": ["node2"], "scheduler_job_id": "1576028"}
gcc (gcc for openEuler 3.0.2) 12.3.1
Copyright (C) 2022 Free Software Foundation, Inc.
This is free software; see the source for copying conditions.  There is NO
warranty; not even for MERCHANTABILITY or FITNESS FOR A PARTICULAR PURPOSE.

MODE=full THREADS=1 NARROW_VL=0 EXPECT_SVE16=0
CASE_PASS m=1 n=1 sve16_entries=0 expected=0
CASE_PASS m=1 n=7 sve16_entries=0 expected=0
CASE_PASS m=1 n=8 sve16_entries=0 expected=0
CASE_PASS m=1 n=9 sve16_entries=0 expected=0
CASE_PASS m=1 n=17 sve16_entries=0 expected=0
CASE_PASS m=3 n=1 sve16_entries=0 expected=0
CASE_PASS m=3 n=7 sve16_entries=0 expected=0
CASE_PASS m=3 n=8 sve16_entries=0 expected=0
CASE_PASS m=3 n=9 sve16_entries=0 expected=0
CASE_PASS m=3 n=17 sve16_entries=0 expected=0
CASE_PASS m=4 n=1 sve16_entries=0 expected=0
CASE_PASS m=4 n=7 sve16_entries=0 expected=0
CASE_PASS m=4 n=8 sve16_entries=0 expected=0
CASE_PASS m=4 n=9 sve16_entries=0 expected=0
CASE_PASS m=4 n=17 sve16_entries=0 expected=0
CASE_PASS m=5 n=1 sve16_entries=0 expected=0
CASE_PASS m=5 n=7 sve16_entries=0 expected=0
CASE_PASS m=5 n=8 sve16_entries=0 expected=0
CASE_PASS m=5 n=9 sve16_entries=0 expected=0
CASE_PASS m=5 n=17 sve16_entries=0 expected=0
CASE_PASS m=15 n=1 sve16_entries=0 expected=0
CASE_PASS m=15 n=7 sve16_entries=0 expected=0
CASE_PASS m=15 n=8 sve16_entries=0 expected=0
CASE_PASS m=15 n=9 sve16_entries=0 expected=0
CASE_PASS m=15 n=17 sve16_entries=0 expected=0
CASE_PASS m=16 n=1 sve16_entries=0 expected=0
CASE_PASS m=16 n=7 sve16_entries=0 expected=0
CASE_PASS m=16 n=8 sve16_entries=0 expected=0
CASE_PASS m=16 n=9 sve16_entries=0 expected=0
CASE_PASS m=16 n=17 sve16_entries=0 expected=0
CASE_PASS m=17 n=1 sve16_entries=0 expected=0
CASE_PASS m=17 n=7 sve16_entries=0 expected=0
CASE_PASS m=17 n=8 sve16_entries=0 expected=0
CASE_PASS m=17 n=9 sve16_entries=0 expected=0
CASE_PASS m=17 n=17 sve16_entries=0 expected=0
CASE_PASS m=31 n=1 sve16_entries=0 expected=0
CASE_PASS m=31 n=7 sve16_entries=0 expected=0
CASE_PASS m=31 n=8 sve16_entries=0 expected=0
CASE_PASS m=31 n=9 sve16_entries=0 expected=0
CASE_PASS m=31 n=17 sve16_entries=0 expected=0
CASE_PASS m=32 n=1 sve16_entries=0 expected=0
CASE_PASS m=32 n=7 sve16_entries=0 expected=0
CASE_PASS m=32 n=8 sve16_entries=0 expected=0
CASE_PASS m=32 n=9 sve16_entries=0 expected=0
CASE_PASS m=32 n=17 sve16_entries=0 expected=0
CASE_PASS m=33 n=1 sve16_entries=0 expected=0
CASE_PASS m=33 n=7 sve16_entries=0 expected=0
CASE_PASS m=33 n=8 sve16_entries=0 expected=0
CASE_PASS m=33 n=9 sve16_entries=0 expected=0
CASE_PASS m=33 n=17 sve16_entries=0 expected=0
CASE_PASS m=63 n=1 sve16_entries=0 expected=0
CASE_PASS m=63 n=7 sve16_entries=0 expected=0
CASE_PASS m=63 n=8 sve16_entries=0 expected=0
CASE_PASS m=63 n=9 sve16_entries=0 expected=0
CASE_PASS m=63 n=17 sve16_entries=0 expected=0
CASE_PASS m=64 n=1 sve16_entries=0 expected=0
CASE_PASS m=64 n=7 sve16_entries=0 expected=0
CASE_PASS m=64 n=8 sve16_entries=0 expected=0
CASE_PASS m=64 n=9 sve16_entries=0 expected=0
CASE_PASS m=64 n=17 sve16_entries=0 expected=0
CASE_PASS m=65 n=1 sve16_entries=0 expected=0
CASE_PASS m=65 n=7 sve16_entries=0 expected=0
CASE_PASS m=65 n=8 sve16_entries=0 expected=0
CASE_PASS m=65 n=9 sve16_entries=0 expected=0
CASE_PASS m=65 n=17 sve16_entries=0 expected=0
CASE_PASS m=255 n=1 sve16_entries=0 expected=0
CASE_PASS m=255 n=7 sve16_entries=0 expected=0
CASE_PASS m=255 n=8 sve16_entries=0 expected=0
CASE_PASS m=255 n=9 sve16_entries=0 expected=0
CASE_PASS m=255 n=17 sve16_entries=0 expected=0
CASE_PASS m=256 n=1 sve16_entries=0 expected=0
CASE_PASS m=256 n=7 sve16_entries=0 expected=0
CASE_PASS m=256 n=8 sve16_entries=0 expected=0
CASE_PASS m=256 n=9 sve16_entries=0 expected=0
CASE_PASS m=256 n=17 sve16_entries=0 expected=0
CASE_PASS m=257 n=1 sve16_entries=0 expected=0
CASE_PASS m=257 n=7 sve16_entries=0 expected=0
CASE_PASS m=257 n=8 sve16_entries=0 expected=0
CASE_PASS m=257 n=9 sve16_entries=0 expected=0
CASE_PASS m=257 n=17 sve16_entries=0 expected=0
PASS whole_cases=80 noop_cases=4 non_dyadic_long_double_RHS=1 padding_L_unchanged=1 max_error=1.1102230246251565e-16
MODE=full THREADS=4 NARROW_VL=0 EXPECT_SVE16=0
CASE_PASS m=1 n=1 sve16_entries=0 expected=0
CASE_PASS m=1 n=7 sve16_entries=0 expected=0
CASE_PASS m=1 n=8 sve16_entries=0 expected=0
CASE_PASS m=1 n=9 sve16_entries=0 expected=0
CASE_PASS m=1 n=17 sve16_entries=0 expected=0
CASE_PASS m=3 n=1 sve16_entries=0 expected=0
CASE_PASS m=3 n=7 sve16_entries=0 expected=0
CASE_PASS m=3 n=8 sve16_entries=0 expected=0
CASE_PASS m=3 n=9 sve16_entries=0 expected=0
CASE_PASS m=3 n=17 sve16_entries=0 expected=0
CASE_PASS m=4 n=1 sve16_entries=0 expected=0
CASE_PASS m=4 n=7 sve16_entries=0 expected=0
CASE_PASS m=4 n=8 sve16_entries=0 expected=0
CASE_PASS m=4 n=9 sve16_entries=0 expected=0
CASE_PASS m=4 n=17 sve16_entries=0 expected=0
CASE_PASS m=5 n=1 sve16_entries=0 expected=0
CASE_PASS m=5 n=7 sve16_entries=0 expected=0
CASE_PASS m=5 n=8 sve16_entries=0 expected=0
CASE_PASS m=5 n=9 sve16_entries=0 expected=0
CASE_PASS m=5 n=17 sve16_entries=0 expected=0
CASE_PASS m=15 n=1 sve16_entries=0 expected=0
CASE_PASS m=15 n=7 sve16_entries=0 expected=0
CASE_PASS m=15 n=8 sve16_entries=0 expected=0
CASE_PASS m=15 n=9 sve16_entries=0 expected=0
CASE_PASS m=15 n=17 sve16_entries=0 expected=0
CASE_PASS m=16 n=1 sve16_entries=0 expected=0
CASE_PASS m=16 n=7 sve16_entries=0 expected=0
CASE_PASS m=16 n=8 sve16_entries=0 expected=0
CASE_PASS m=16 n=9 sve16_entries=0 expected=0
CASE_PASS m=16 n=17 sve16_entries=0 expected=0
CASE_PASS m=17 n=1 sve16_entries=0 expected=0
CASE_PASS m=17 n=7 sve16_entries=0 expected=0
CASE_PASS m=17 n=8 sve16_entries=0 expected=0
CASE_PASS m=17 n=9 sve16_entries=0 expected=0
CASE_PASS m=17 n=17 sve16_entries=0 expected=0
CASE_PASS m=31 n=1 sve16_entries=0 expected=0
CASE_PASS m=31 n=7 sve16_entries=0 expected=0
CASE_PASS m=31 n=8 sve16_entries=0 expected=0
CASE_PASS m=31 n=9 sve16_entries=0 expected=0
CASE_PASS m=31 n=17 sve16_entries=0 expected=0
CASE_PASS m=32 n=1 sve16_entries=0 expected=0
CASE_PASS m=32 n=7 sve16_entries=0 expected=0
CASE_PASS m=32 n=8 sve16_entries=0 expected=0
CASE_PASS m=32 n=9 sve16_entries=0 expected=0
CASE_PASS m=32 n=17 sve16_entries=0 expected=0
CASE_PASS m=33 n=1 sve16_entries=0 expected=0
CASE_PASS m=33 n=7 sve16_entries=0 expected=0
CASE_PASS m=33 n=8 sve16_entries=0 expected=0
CASE_PASS m=33 n=9 sve16_entries=0 expected=0
CASE_PASS m=33 n=17 sve16_entries=0 expected=0
CASE_PASS m=63 n=1 sve16_entries=0 expected=0
CASE_PASS m=63 n=7 sve16_entries=0 expected=0
CASE_PASS m=63 n=8 sve16_entries=0 expected=0
CASE_PASS m=63 n=9 sve16_entries=0 expected=0
CASE_PASS m=63 n=17 sve16_entries=0 expected=0
CASE_PASS m=64 n=1 sve16_entries=0 expected=0
CASE_PASS m=64 n=7 sve16_entries=0 expected=0
CASE_PASS m=64 n=8 sve16_entries=0 expected=0
CASE_PASS m=64 n=9 sve16_entries=0 expected=0
CASE_PASS m=64 n=17 sve16_entries=0 expected=0
CASE_PASS m=65 n=1 sve16_entries=0 expected=0
CASE_PASS m=65 n=7 sve16_entries=0 expected=0
CASE_PASS m=65 n=8 sve16_entries=0 expected=0
CASE_PASS m=65 n=9 sve16_entries=0 expected=0
CASE_PASS m=65 n=17 sve16_entries=0 expected=0
CASE_PASS m=255 n=1 sve16_entries=0 expected=0
CASE_PASS m=255 n=7 sve16_entries=0 expected=0
CASE_PASS m=255 n=8 sve16_entries=0 expected=0
CASE_PASS m=255 n=9 sve16_entries=0 expected=0
CASE_PASS m=255 n=17 sve16_entries=0 expected=0
CASE_PASS m=256 n=1 sve16_entries=0 expected=0
CASE_PASS m=256 n=7 sve16_entries=0 expected=0
CASE_PASS m=256 n=8 sve16_entries=0 expected=0
CASE_PASS m=256 n=9 sve16_entries=0 expected=0
CASE_PASS m=256 n=17 sve16_entries=0 expected=0
CASE_PASS m=257 n=1 sve16_entries=0 expected=0
CASE_PASS m=257 n=7 sve16_entries=0 expected=0
CASE_PASS m=257 n=8 sve16_entries=0 expected=0
CASE_PASS m=257 n=9 sve16_entries=0 expected=0
CASE_PASS m=257 n=17 sve16_entries=0 expected=0
PASS whole_cases=80 noop_cases=4 non_dyadic_long_double_RHS=1 padding_L_unchanged=1 max_error=1.1102230246251565e-16
MODE=smoke THREADS=38 NARROW_VL=0 EXPECT_SVE16=0
CASE_PASS m=15 n=9 sve16_entries=0 expected=0
CASE_PASS m=16 n=17 sve16_entries=0 expected=0
CASE_PASS m=33 n=313 sve16_entries=0 expected=0
CASE_PASS m=257 n=313 sve16_entries=0 expected=0
PASS whole_cases=4 noop_cases=4 non_dyadic_long_double_RHS=1 padding_L_unchanged=1 max_error=1.1102230246251565e-16
MODE=boundary THREADS=1 NARROW_VL=0 EXPECT_SVE16=0
CASE_PASS m=4095 n=9 sve16_entries=0 expected=0
CASE_PASS m=4097 n=9 sve16_entries=0 expected=0
PASS whole_cases=2 noop_cases=4 non_dyadic_long_double_RHS=1 padding_L_unchanged=1 max_error=3.8857805861880479e-16
MODE=full THREADS=4 NARROW_VL=0 EXPECT_SVE16=0
CASE_PASS m=1 n=1 sve16_entries=0 expected=0
CASE_PASS m=1 n=7 sve16_entries=0 expected=0
CASE_PASS m=1 n=8 sve16_entries=0 expected=0
CASE_PASS m=1 n=9 sve16_entries=0 expected=0
CASE_PASS m=1 n=17 sve16_entries=0 expected=0
CASE_PASS m=3 n=1 sve16_entries=0 expected=0
CASE_PASS m=3 n=7 sve16_entries=0 expected=0
CASE_PASS m=3 n=8 sve16_entries=0 expected=0
CASE_PASS m=3 n=9 sve16_entries=0 expected=0
CASE_PASS m=3 n=17 sve16_entries=0 expected=0
CASE_PASS m=4 n=1 sve16_entries=0 expected=0
CASE_PASS m=4 n=7 sve16_entries=0 expected=0
CASE_PASS m=4 n=8 sve16_entries=0 expected=0
CASE_PASS m=4 n=9 sve16_entries=0 expected=0
CASE_PASS m=4 n=17 sve16_entries=0 expected=0
CASE_PASS m=5 n=1 sve16_entries=0 expected=0
CASE_PASS m=5 n=7 sve16_entries=0 expected=0
CASE_PASS m=5 n=8 sve16_entries=0 expected=0
CASE_PASS m=5 n=9 sve16_entries=0 expected=0
CASE_PASS m=5 n=17 sve16_entries=0 expected=0
CASE_PASS m=15 n=1 sve16_entries=0 expected=0
CASE_PASS m=15 n=7 sve16_entries=0 expected=0
CASE_PASS m=15 n=8 sve16_entries=0 expected=0
CASE_PASS m=15 n=9 sve16_entries=0 expected=0
CASE_PASS m=15 n=17 sve16_entries=0 expected=0
CASE_PASS m=16 n=1 sve16_entries=0 expected=0
CASE_PASS m=16 n=7 sve16_entries=0 expected=0
CASE_PASS m=16 n=8 sve16_entries=0 expected=0
CASE_PASS m=16 n=9 sve16_entries=0 expected=0
CASE_PASS m=16 n=17 sve16_entries=0 expected=0
CASE_PASS m=17 n=1 sve16_entries=0 expected=0
CASE_PASS m=17 n=7 sve16_entries=0 expected=0
CASE_PASS m=17 n=8 sve16_entries=0 expected=0
CASE_PASS m=17 n=9 sve16_entries=0 expected=0
CASE_PASS m=17 n=17 sve16_entries=0 expected=0
CASE_PASS m=31 n=1 sve16_entries=0 expected=0
CASE_PASS m=31 n=7 sve16_entries=0 expected=0
CASE_PASS m=31 n=8 sve16_entries=0 expected=0
CASE_PASS m=31 n=9 sve16_entries=0 expected=0
CASE_PASS m=31 n=17 sve16_entries=0 expected=0
CASE_PASS m=32 n=1 sve16_entries=0 expected=0
CASE_PASS m=32 n=7 sve16_entries=0 expected=0
CASE_PASS m=32 n=8 sve16_entries=0 expected=0
CASE_PASS m=32 n=9 sve16_entries=0 expected=0
CASE_PASS m=32 n=17 sve16_entries=0 expected=0
CASE_PASS m=33 n=1 sve16_entries=0 expected=0
CASE_PASS m=33 n=7 sve16_entries=0 expected=0
CASE_PASS m=33 n=8 sve16_entries=0 expected=0
CASE_PASS m=33 n=9 sve16_entries=0 expected=0
CASE_PASS m=33 n=17 sve16_entries=0 expected=0
CASE_PASS m=63 n=1 sve16_entries=0 expected=0
CASE_PASS m=63 n=7 sve16_entries=0 expected=0
CASE_PASS m=63 n=8 sve16_entries=0 expected=0
CASE_PASS m=63 n=9 sve16_entries=0 expected=0
CASE_PASS m=63 n=17 sve16_entries=0 expected=0
CASE_PASS m=64 n=1 sve16_entries=0 expected=0
CASE_PASS m=64 n=7 sve16_entries=0 expected=0
CASE_PASS m=64 n=8 sve16_entries=0 expected=0
CASE_PASS m=64 n=9 sve16_entries=0 expected=0
CASE_PASS m=64 n=17 sve16_entries=0 expected=0
CASE_PASS m=65 n=1 sve16_entries=0 expected=0
CASE_PASS m=65 n=7 sve16_entries=0 expected=0
CASE_PASS m=65 n=8 sve16_entries=0 expected=0
CASE_PASS m=65 n=9 sve16_entries=0 expected=0
CASE_PASS m=65 n=17 sve16_entries=0 expected=0
CASE_PASS m=255 n=1 sve16_entries=0 expected=0
CASE_PASS m=255 n=7 sve16_entries=0 expected=0
CASE_PASS m=255 n=8 sve16_entries=0 expected=0
CASE_PASS m=255 n=9 sve16_entries=0 expected=0
CASE_PASS m=255 n=17 sve16_entries=0 expected=0
CASE_PASS m=256 n=1 sve16_entries=0 expected=0
CASE_PASS m=256 n=7 sve16_entries=0 expected=0
CASE_PASS m=256 n=8 sve16_entries=0 expected=0
CASE_PASS m=256 n=9 sve16_entries=0 expected=0
CASE_PASS m=256 n=17 sve16_entries=0 expected=0
CASE_PASS m=257 n=1 sve16_entries=0 expected=0
CASE_PASS m=257 n=7 sve16_entries=0 expected=0
CASE_PASS m=257 n=8 sve16_entries=0 expected=0
CASE_PASS m=257 n=9 sve16_entries=0 expected=0
CASE_PASS m=257 n=17 sve16_entries=0 expected=0
PASS whole_cases=80 noop_cases=4 non_dyadic_long_double_RHS=1 padding_L_unchanged=1 max_error=1.1102230246251565e-16
MODE=full THREADS=4 NARROW_VL=0 EXPECT_SVE16=0
CASE_PASS m=1 n=1 sve16_entries=0 expected=0
CASE_PASS m=1 n=7 sve16_entries=0 expected=0
CASE_PASS m=1 n=8 sve16_entries=0 expected=0
CASE_PASS m=1 n=9 sve16_entries=0 expected=0
CASE_PASS m=1 n=17 sve16_entries=0 expected=0
CASE_PASS m=3 n=1 sve16_entries=0 expected=0
CASE_PASS m=3 n=7 sve16_entries=0 expected=0
CASE_PASS m=3 n=8 sve16_entries=0 expected=0
CASE_PASS m=3 n=9 sve16_entries=0 expected=0
CASE_PASS m=3 n=17 sve16_entries=0 expected=0
CASE_PASS m=4 n=1 sve16_entries=0 expected=0
CASE_PASS m=4 n=7 sve16_entries=0 expected=0
CASE_PASS m=4 n=8 sve16_entries=0 expected=0
CASE_PASS m=4 n=9 sve16_entries=0 expected=0
CASE_PASS m=4 n=17 sve16_entries=0 expected=0
CASE_PASS m=5 n=1 sve16_entries=0 expected=0
CASE_PASS m=5 n=7 sve16_entries=0 expected=0
CASE_PASS m=5 n=8 sve16_entries=0 expected=0
CASE_PASS m=5 n=9 sve16_entries=0 expected=0
CASE_PASS m=5 n=17 sve16_entries=0 expected=0
CASE_PASS m=15 n=1 sve16_entries=0 expected=0
CASE_PASS m=15 n=7 sve16_entries=0 expected=0
CASE_PASS m=15 n=8 sve16_entries=0 expected=0
CASE_PASS m=15 n=9 sve16_entries=0 expected=0
CASE_PASS m=15 n=17 sve16_entries=0 expected=0
CASE_PASS m=16 n=1 sve16_entries=0 expected=0
CASE_PASS m=16 n=7 sve16_entries=0 expected=0
CASE_PASS m=16 n=8 sve16_entries=0 expected=0
CASE_PASS m=16 n=9 sve16_entries=0 expected=0
CASE_PASS m=16 n=17 sve16_entries=0 expected=0
CASE_PASS m=17 n=1 sve16_entries=0 expected=0
CASE_PASS m=17 n=7 sve16_entries=0 expected=0
CASE_PASS m=17 n=8 sve16_entries=0 expected=0
CASE_PASS m=17 n=9 sve16_entries=0 expected=0
CASE_PASS m=17 n=17 sve16_entries=0 expected=0
CASE_PASS m=31 n=1 sve16_entries=0 expected=0
CASE_PASS m=31 n=7 sve16_entries=0 expected=0
CASE_PASS m=31 n=8 sve16_entries=0 expected=0
CASE_PASS m=31 n=9 sve16_entries=0 expected=0
CASE_PASS m=31 n=17 sve16_entries=0 expected=0
CASE_PASS m=32 n=1 sve16_entries=0 expected=0
CASE_PASS m=32 n=7 sve16_entries=0 expected=0
CASE_PASS m=32 n=8 sve16_entries=0 expected=0
CASE_PASS m=32 n=9 sve16_entries=0 expected=0
CASE_PASS m=32 n=17 sve16_entries=0 expected=0
CASE_PASS m=33 n=1 sve16_entries=0 expected=0
CASE_PASS m=33 n=7 sve16_entries=0 expected=0
CASE_PASS m=33 n=8 sve16_entries=0 expected=0
CASE_PASS m=33 n=9 sve16_entries=0 expected=0
CASE_PASS m=33 n=17 sve16_entries=0 expected=0
CASE_PASS m=63 n=1 sve16_entries=0 expected=0
CASE_PASS m=63 n=7 sve16_entries=0 expected=0
CASE_PASS m=63 n=8 sve16_entries=0 expected=0
CASE_PASS m=63 n=9 sve16_entries=0 expected=0
CASE_PASS m=63 n=17 sve16_entries=0 expected=0
CASE_PASS m=64 n=1 sve16_entries=0 expected=0
CASE_PASS m=64 n=7 sve16_entries=0 expected=0
CASE_PASS m=64 n=8 sve16_entries=0 expected=0
CASE_PASS m=64 n=9 sve16_entries=0 expected=0
CASE_PASS m=64 n=17 sve16_entries=0 expected=0
CASE_PASS m=65 n=1 sve16_entries=0 expected=0
CASE_PASS m=65 n=7 sve16_entries=0 expected=0
CASE_PASS m=65 n=8 sve16_entries=0 expected=0
CASE_PASS m=65 n=9 sve16_entries=0 expected=0
CASE_PASS m=65 n=17 sve16_entries=0 expected=0
CASE_PASS m=255 n=1 sve16_entries=0 expected=0
CASE_PASS m=255 n=7 sve16_entries=0 expected=0
CASE_PASS m=255 n=8 sve16_entries=0 expected=0
CASE_PASS m=255 n=9 sve16_entries=0 expected=0
CASE_PASS m=255 n=17 sve16_entries=0 expected=0
CASE_PASS m=256 n=1 sve16_entries=0 expected=0
CASE_PASS m=256 n=7 sve16_entries=0 expected=0
CASE_PASS m=256 n=8 sve16_entries=0 expected=0
CASE_PASS m=256 n=9 sve16_entries=0 expected=0
CASE_PASS m=256 n=17 sve16_entries=0 expected=0
CASE_PASS m=257 n=1 sve16_entries=0 expected=0
CASE_PASS m=257 n=7 sve16_entries=0 expected=0
CASE_PASS m=257 n=8 sve16_entries=0 expected=0
CASE_PASS m=257 n=9 sve16_entries=0 expected=0
CASE_PASS m=257 n=17 sve16_entries=0 expected=0
PASS whole_cases=80 noop_cases=4 non_dyadic_long_double_RHS=1 padding_L_unchanged=1 max_error=1.1102230246251565e-16
MODE=full THREADS=4 NARROW_VL=1 EXPECT_SVE16=0
CASE_PASS m=1 n=1 sve16_entries=0 expected=0
CASE_PASS m=1 n=7 sve16_entries=0 expected=0
CASE_PASS m=1 n=8 sve16_entries=0 expected=0
CASE_PASS m=1 n=9 sve16_entries=0 expected=0
CASE_PASS m=1 n=17 sve16_entries=0 expected=0
CASE_PASS m=3 n=1 sve16_entries=0 expected=0
CASE_PASS m=3 n=7 sve16_entries=0 expected=0
CASE_PASS m=3 n=8 sve16_entries=0 expected=0
CASE_PASS m=3 n=9 sve16_entries=0 expected=0
CASE_PASS m=3 n=17 sve16_entries=0 expected=0
CASE_PASS m=4 n=1 sve16_entries=0 expected=0
CASE_PASS m=4 n=7 sve16_entries=0 expected=0
CASE_PASS m=4 n=8 sve16_entries=0 expected=0
CASE_PASS m=4 n=9 sve16_entries=0 expected=0
CASE_PASS m=4 n=17 sve16_entries=0 expected=0
CASE_PASS m=5 n=1 sve16_entries=0 expected=0
CASE_PASS m=5 n=7 sve16_entries=0 expected=0
CASE_PASS m=5 n=8 sve16_entries=0 expected=0
CASE_PASS m=5 n=9 sve16_entries=0 expected=0
CASE_PASS m=5 n=17 sve16_entries=0 expected=0
CASE_PASS m=15 n=1 sve16_entries=0 expected=0
CASE_PASS m=15 n=7 sve16_entries=0 expected=0
CASE_PASS m=15 n=8 sve16_entries=0 expected=0
CASE_PASS m=15 n=9 sve16_entries=0 expected=0
CASE_PASS m=15 n=17 sve16_entries=0 expected=0
CASE_PASS m=16 n=1 sve16_entries=0 expected=0
CASE_PASS m=16 n=7 sve16_entries=0 expected=0
CASE_PASS m=16 n=8 sve16_entries=0 expected=0
CASE_PASS m=16 n=9 sve16_entries=0 expected=0
CASE_PASS m=16 n=17 sve16_entries=0 expected=0
CASE_PASS m=17 n=1 sve16_entries=0 expected=0
CASE_PASS m=17 n=7 sve16_entries=0 expected=0
CASE_PASS m=17 n=8 sve16_entries=0 expected=0
CASE_PASS m=17 n=9 sve16_entries=0 expected=0
CASE_PASS m=17 n=17 sve16_entries=0 expected=0
CASE_PASS m=31 n=1 sve16_entries=0 expected=0
CASE_PASS m=31 n=7 sve16_entries=0 expected=0
CASE_PASS m=31 n=8 sve16_entries=0 expected=0
CASE_PASS m=31 n=9 sve16_entries=0 expected=0
CASE_PASS m=31 n=17 sve16_entries=0 expected=0
CASE_PASS m=32 n=1 sve16_entries=0 expected=0
CASE_PASS m=32 n=7 sve16_entries=0 expected=0
CASE_PASS m=32 n=8 sve16_entries=0 expected=0
CASE_PASS m=32 n=9 sve16_entries=0 expected=0
CASE_PASS m=32 n=17 sve16_entries=0 expected=0
CASE_PASS m=33 n=1 sve16_entries=0 expected=0
CASE_PASS m=33 n=7 sve16_entries=0 expected=0
CASE_PASS m=33 n=8 sve16_entries=0 expected=0
CASE_PASS m=33 n=9 sve16_entries=0 expected=0
CASE_PASS m=33 n=17 sve16_entries=0 expected=0
CASE_PASS m=63 n=1 sve16_entries=0 expected=0
CASE_PASS m=63 n=7 sve16_entries=0 expected=0
CASE_PASS m=63 n=8 sve16_entries=0 expected=0
CASE_PASS m=63 n=9 sve16_entries=0 expected=0
CASE_PASS m=63 n=17 sve16_entries=0 expected=0
CASE_PASS m=64 n=1 sve16_entries=0 expected=0
CASE_PASS m=64 n=7 sve16_entries=0 expected=0
CASE_PASS m=64 n=8 sve16_entries=0 expected=0
CASE_PASS m=64 n=9 sve16_entries=0 expected=0
CASE_PASS m=64 n=17 sve16_entries=0 expected=0
CASE_PASS m=65 n=1 sve16_entries=0 expected=0
CASE_PASS m=65 n=7 sve16_entries=0 expected=0
CASE_PASS m=65 n=8 sve16_entries=0 expected=0
CASE_PASS m=65 n=9 sve16_entries=0 expected=0
CASE_PASS m=65 n=17 sve16_entries=0 expected=0
CASE_PASS m=255 n=1 sve16_entries=0 expected=0
CASE_PASS m=255 n=7 sve16_entries=0 expected=0
CASE_PASS m=255 n=8 sve16_entries=0 expected=0
CASE_PASS m=255 n=9 sve16_entries=0 expected=0
CASE_PASS m=255 n=17 sve16_entries=0 expected=0
CASE_PASS m=256 n=1 sve16_entries=0 expected=0
CASE_PASS m=256 n=7 sve16_entries=0 expected=0
CASE_PASS m=256 n=8 sve16_entries=0 expected=0
CASE_PASS m=256 n=9 sve16_entries=0 expected=0
CASE_PASS m=256 n=17 sve16_entries=0 expected=0
CASE_PASS m=257 n=1 sve16_entries=0 expected=0
CASE_PASS m=257 n=7 sve16_entries=0 expected=0
CASE_PASS m=257 n=8 sve16_entries=0 expected=0
CASE_PASS m=257 n=9 sve16_entries=0 expected=0
CASE_PASS m=257 n=17 sve16_entries=0 expected=0
PASS whole_cases=80 noop_cases=4 non_dyadic_long_double_RHS=1 padding_L_unchanged=1 max_error=1.1102230246251565e-16
TRSM_PREFLIGHT_COMPLETE=1 MICRO_CASES=0 WHOLE_CASES=406 NOOP_CASES=28
{"allowed_cpu_count": 38, "allowed_cpus": [76, 77, 78, 79, 80, 81, 82, 83, 84, 85, 86, 87, 88, 89, 90, 91, 92, 93, 94, 95, 96, 97, 98, 99, 100, 101, 102, 103, 104, 105, 106, 107, 108, 109, 110, 111, 112, 113], "guard_pass": true, "host": "COMPUTE_NODE_1", "numa_nodes": ["node2"], "scheduler_job_id": "1576028"}
gcc (gcc for openEuler 3.0.2) 12.3.1
Copyright (C) 2022 Free Software Foundation, Inc.
This is free software; see the source for copying conditions.  There is NO
warranty; not even for MERCHANTABILITY or FITNESS FOR A PARTICULAR PURPOSE.

MODE=micro THREADS=1 NARROW_VL=0 EXPECT_SVE16=1
PASS micro_cases=14 ordered_FMA_bitwise=1 prefix_padding_L_unchanged=1
MODE=full THREADS=1 NARROW_VL=0 EXPECT_SVE16=1
CASE_PASS m=1 n=1 sve16_entries=0 expected=0
CASE_PASS m=1 n=7 sve16_entries=0 expected=0
CASE_PASS m=1 n=8 sve16_entries=0 expected=0
CASE_PASS m=1 n=9 sve16_entries=0 expected=0
CASE_PASS m=1 n=17 sve16_entries=0 expected=0
CASE_PASS m=3 n=1 sve16_entries=0 expected=0
CASE_PASS m=3 n=7 sve16_entries=0 expected=0
CASE_PASS m=3 n=8 sve16_entries=0 expected=0
CASE_PASS m=3 n=9 sve16_entries=0 expected=0
CASE_PASS m=3 n=17 sve16_entries=0 expected=0
CASE_PASS m=4 n=1 sve16_entries=0 expected=0
CASE_PASS m=4 n=7 sve16_entries=0 expected=0
CASE_PASS m=4 n=8 sve16_entries=0 expected=0
CASE_PASS m=4 n=9 sve16_entries=0 expected=0
CASE_PASS m=4 n=17 sve16_entries=0 expected=0
CASE_PASS m=5 n=1 sve16_entries=0 expected=0
CASE_PASS m=5 n=7 sve16_entries=0 expected=0
CASE_PASS m=5 n=8 sve16_entries=0 expected=0
CASE_PASS m=5 n=9 sve16_entries=0 expected=0
CASE_PASS m=5 n=17 sve16_entries=0 expected=0
CASE_PASS m=15 n=1 sve16_entries=0 expected=0
CASE_PASS m=15 n=7 sve16_entries=0 expected=0
CASE_PASS m=15 n=8 sve16_entries=0 expected=0
CASE_PASS m=15 n=9 sve16_entries=0 expected=0
CASE_PASS m=15 n=17 sve16_entries=0 expected=0
CASE_PASS m=16 n=1 sve16_entries=1 expected=1
CASE_PASS m=16 n=7 sve16_entries=1 expected=1
CASE_PASS m=16 n=8 sve16_entries=1 expected=1
CASE_PASS m=16 n=9 sve16_entries=2 expected=2
CASE_PASS m=16 n=17 sve16_entries=3 expected=3
CASE_PASS m=17 n=1 sve16_entries=1 expected=1
CASE_PASS m=17 n=7 sve16_entries=1 expected=1
CASE_PASS m=17 n=8 sve16_entries=1 expected=1
CASE_PASS m=17 n=9 sve16_entries=2 expected=2
CASE_PASS m=17 n=17 sve16_entries=3 expected=3
CASE_PASS m=31 n=1 sve16_entries=1 expected=1
CASE_PASS m=31 n=7 sve16_entries=1 expected=1
CASE_PASS m=31 n=8 sve16_entries=1 expected=1
CASE_PASS m=31 n=9 sve16_entries=2 expected=2
CASE_PASS m=31 n=17 sve16_entries=3 expected=3
CASE_PASS m=32 n=1 sve16_entries=2 expected=2
CASE_PASS m=32 n=7 sve16_entries=2 expected=2
CASE_PASS m=32 n=8 sve16_entries=2 expected=2
CASE_PASS m=32 n=9 sve16_entries=4 expected=4
CASE_PASS m=32 n=17 sve16_entries=6 expected=6
CASE_PASS m=33 n=1 sve16_entries=2 expected=2
CASE_PASS m=33 n=7 sve16_entries=2 expected=2
CASE_PASS m=33 n=8 sve16_entries=2 expected=2
CASE_PASS m=33 n=9 sve16_entries=4 expected=4
CASE_PASS m=33 n=17 sve16_entries=6 expected=6
CASE_PASS m=63 n=1 sve16_entries=3 expected=3
CASE_PASS m=63 n=7 sve16_entries=3 expected=3
CASE_PASS m=63 n=8 sve16_entries=3 expected=3
CASE_PASS m=63 n=9 sve16_entries=6 expected=6
CASE_PASS m=63 n=17 sve16_entries=9 expected=9
CASE_PASS m=64 n=1 sve16_entries=4 expected=4
CASE_PASS m=64 n=7 sve16_entries=4 expected=4
CASE_PASS m=64 n=8 sve16_entries=4 expected=4
CASE_PASS m=64 n=9 sve16_entries=8 expected=8
CASE_PASS m=64 n=17 sve16_entries=12 expected=12
CASE_PASS m=65 n=1 sve16_entries=4 expected=4
CASE_PASS m=65 n=7 sve16_entries=4 expected=4
CASE_PASS m=65 n=8 sve16_entries=4 expected=4
CASE_PASS m=65 n=9 sve16_entries=8 expected=8
CASE_PASS m=65 n=17 sve16_entries=12 expected=12
CASE_PASS m=255 n=1 sve16_entries=15 expected=15
CASE_PASS m=255 n=7 sve16_entries=15 expected=15
CASE_PASS m=255 n=8 sve16_entries=15 expected=15
CASE_PASS m=255 n=9 sve16_entries=30 expected=30
CASE_PASS m=255 n=17 sve16_entries=45 expected=45
CASE_PASS m=256 n=1 sve16_entries=16 expected=16
CASE_PASS m=256 n=7 sve16_entries=16 expected=16
CASE_PASS m=256 n=8 sve16_entries=16 expected=16
CASE_PASS m=256 n=9 sve16_entries=32 expected=32
CASE_PASS m=256 n=17 sve16_entries=48 expected=48
CASE_PASS m=257 n=1 sve16_entries=16 expected=16
CASE_PASS m=257 n=7 sve16_entries=16 expected=16
CASE_PASS m=257 n=8 sve16_entries=16 expected=16
CASE_PASS m=257 n=9 sve16_entries=32 expected=32
CASE_PASS m=257 n=17 sve16_entries=48 expected=48
PASS whole_cases=80 noop_cases=4 non_dyadic_long_double_RHS=1 padding_L_unchanged=1 max_error=1.1102230246251565e-16
MODE=full THREADS=4 NARROW_VL=0 EXPECT_SVE16=1
CASE_PASS m=1 n=1 sve16_entries=0 expected=0
CASE_PASS m=1 n=7 sve16_entries=0 expected=0
CASE_PASS m=1 n=8 sve16_entries=0 expected=0
CASE_PASS m=1 n=9 sve16_entries=0 expected=0
CASE_PASS m=1 n=17 sve16_entries=0 expected=0
CASE_PASS m=3 n=1 sve16_entries=0 expected=0
CASE_PASS m=3 n=7 sve16_entries=0 expected=0
CASE_PASS m=3 n=8 sve16_entries=0 expected=0
CASE_PASS m=3 n=9 sve16_entries=0 expected=0
CASE_PASS m=3 n=17 sve16_entries=0 expected=0
CASE_PASS m=4 n=1 sve16_entries=0 expected=0
CASE_PASS m=4 n=7 sve16_entries=0 expected=0
CASE_PASS m=4 n=8 sve16_entries=0 expected=0
CASE_PASS m=4 n=9 sve16_entries=0 expected=0
CASE_PASS m=4 n=17 sve16_entries=0 expected=0
CASE_PASS m=5 n=1 sve16_entries=0 expected=0
CASE_PASS m=5 n=7 sve16_entries=0 expected=0
CASE_PASS m=5 n=8 sve16_entries=0 expected=0
CASE_PASS m=5 n=9 sve16_entries=0 expected=0
CASE_PASS m=5 n=17 sve16_entries=0 expected=0
CASE_PASS m=15 n=1 sve16_entries=0 expected=0
CASE_PASS m=15 n=7 sve16_entries=0 expected=0
CASE_PASS m=15 n=8 sve16_entries=0 expected=0
CASE_PASS m=15 n=9 sve16_entries=0 expected=0
CASE_PASS m=15 n=17 sve16_entries=0 expected=0
CASE_PASS m=16 n=1 sve16_entries=1 expected=1
CASE_PASS m=16 n=7 sve16_entries=1 expected=1
CASE_PASS m=16 n=8 sve16_entries=1 expected=1
CASE_PASS m=16 n=9 sve16_entries=2 expected=2
CASE_PASS m=16 n=17 sve16_entries=3 expected=3
CASE_PASS m=17 n=1 sve16_entries=1 expected=1
CASE_PASS m=17 n=7 sve16_entries=1 expected=1
CASE_PASS m=17 n=8 sve16_entries=1 expected=1
CASE_PASS m=17 n=9 sve16_entries=2 expected=2
CASE_PASS m=17 n=17 sve16_entries=3 expected=3
CASE_PASS m=31 n=1 sve16_entries=1 expected=1
CASE_PASS m=31 n=7 sve16_entries=1 expected=1
CASE_PASS m=31 n=8 sve16_entries=1 expected=1
CASE_PASS m=31 n=9 sve16_entries=2 expected=2
CASE_PASS m=31 n=17 sve16_entries=3 expected=3
CASE_PASS m=32 n=1 sve16_entries=2 expected=2
CASE_PASS m=32 n=7 sve16_entries=2 expected=2
CASE_PASS m=32 n=8 sve16_entries=2 expected=2
CASE_PASS m=32 n=9 sve16_entries=4 expected=4
CASE_PASS m=32 n=17 sve16_entries=6 expected=6
CASE_PASS m=33 n=1 sve16_entries=2 expected=2
CASE_PASS m=33 n=7 sve16_entries=2 expected=2
CASE_PASS m=33 n=8 sve16_entries=2 expected=2
CASE_PASS m=33 n=9 sve16_entries=4 expected=4
CASE_PASS m=33 n=17 sve16_entries=6 expected=6
CASE_PASS m=63 n=1 sve16_entries=3 expected=3
CASE_PASS m=63 n=7 sve16_entries=3 expected=3
CASE_PASS m=63 n=8 sve16_entries=3 expected=3
CASE_PASS m=63 n=9 sve16_entries=6 expected=6
CASE_PASS m=63 n=17 sve16_entries=9 expected=9
CASE_PASS m=64 n=1 sve16_entries=4 expected=4
CASE_PASS m=64 n=7 sve16_entries=4 expected=4
CASE_PASS m=64 n=8 sve16_entries=4 expected=4
CASE_PASS m=64 n=9 sve16_entries=8 expected=8
CASE_PASS m=64 n=17 sve16_entries=12 expected=12
CASE_PASS m=65 n=1 sve16_entries=4 expected=4
CASE_PASS m=65 n=7 sve16_entries=4 expected=4
CASE_PASS m=65 n=8 sve16_entries=4 expected=4
CASE_PASS m=65 n=9 sve16_entries=8 expected=8
CASE_PASS m=65 n=17 sve16_entries=12 expected=12
CASE_PASS m=255 n=1 sve16_entries=15 expected=15
CASE_PASS m=255 n=7 sve16_entries=15 expected=15
CASE_PASS m=255 n=8 sve16_entries=15 expected=15
CASE_PASS m=255 n=9 sve16_entries=30 expected=30
CASE_PASS m=255 n=17 sve16_entries=45 expected=45
CASE_PASS m=256 n=1 sve16_entries=16 expected=16
CASE_PASS m=256 n=7 sve16_entries=16 expected=16
CASE_PASS m=256 n=8 sve16_entries=16 expected=16
CASE_PASS m=256 n=9 sve16_entries=32 expected=32
CASE_PASS m=256 n=17 sve16_entries=48 expected=48
CASE_PASS m=257 n=1 sve16_entries=16 expected=16
CASE_PASS m=257 n=7 sve16_entries=16 expected=16
CASE_PASS m=257 n=8 sve16_entries=16 expected=16
CASE_PASS m=257 n=9 sve16_entries=32 expected=32
CASE_PASS m=257 n=17 sve16_entries=48 expected=48
PASS whole_cases=80 noop_cases=4 non_dyadic_long_double_RHS=1 padding_L_unchanged=1 max_error=1.1102230246251565e-16
MODE=smoke THREADS=38 NARROW_VL=0 EXPECT_SVE16=1
CASE_PASS m=15 n=9 sve16_entries=0 expected=0
CASE_PASS m=16 n=17 sve16_entries=3 expected=3
CASE_PASS m=33 n=313 sve16_entries=80 expected=80
CASE_PASS m=257 n=313 sve16_entries=640 expected=640
PASS whole_cases=4 noop_cases=4 non_dyadic_long_double_RHS=1 padding_L_unchanged=1 max_error=1.1102230246251565e-16
MODE=boundary THREADS=1 NARROW_VL=0 EXPECT_SVE16=1
CASE_PASS m=4095 n=9 sve16_entries=510 expected=510
CASE_PASS m=4097 n=9 sve16_entries=0 expected=0
PASS whole_cases=2 noop_cases=4 non_dyadic_long_double_RHS=1 padding_L_unchanged=1 max_error=3.8857805861880479e-16
MODE=full THREADS=4 NARROW_VL=0 EXPECT_SVE16=0
CASE_PASS m=1 n=1 sve16_entries=0 expected=0
CASE_PASS m=1 n=7 sve16_entries=0 expected=0
CASE_PASS m=1 n=8 sve16_entries=0 expected=0
CASE_PASS m=1 n=9 sve16_entries=0 expected=0
CASE_PASS m=1 n=17 sve16_entries=0 expected=0
CASE_PASS m=3 n=1 sve16_entries=0 expected=0
CASE_PASS m=3 n=7 sve16_entries=0 expected=0
CASE_PASS m=3 n=8 sve16_entries=0 expected=0
CASE_PASS m=3 n=9 sve16_entries=0 expected=0
CASE_PASS m=3 n=17 sve16_entries=0 expected=0
CASE_PASS m=4 n=1 sve16_entries=0 expected=0
CASE_PASS m=4 n=7 sve16_entries=0 expected=0
CASE_PASS m=4 n=8 sve16_entries=0 expected=0
CASE_PASS m=4 n=9 sve16_entries=0 expected=0
CASE_PASS m=4 n=17 sve16_entries=0 expected=0
CASE_PASS m=5 n=1 sve16_entries=0 expected=0
CASE_PASS m=5 n=7 sve16_entries=0 expected=0
CASE_PASS m=5 n=8 sve16_entries=0 expected=0
CASE_PASS m=5 n=9 sve16_entries=0 expected=0
CASE_PASS m=5 n=17 sve16_entries=0 expected=0
CASE_PASS m=15 n=1 sve16_entries=0 expected=0
CASE_PASS m=15 n=7 sve16_entries=0 expected=0
CASE_PASS m=15 n=8 sve16_entries=0 expected=0
CASE_PASS m=15 n=9 sve16_entries=0 expected=0
CASE_PASS m=15 n=17 sve16_entries=0 expected=0
CASE_PASS m=16 n=1 sve16_entries=0 expected=0
CASE_PASS m=16 n=7 sve16_entries=0 expected=0
CASE_PASS m=16 n=8 sve16_entries=0 expected=0
CASE_PASS m=16 n=9 sve16_entries=0 expected=0
CASE_PASS m=16 n=17 sve16_entries=0 expected=0
CASE_PASS m=17 n=1 sve16_entries=0 expected=0
CASE_PASS m=17 n=7 sve16_entries=0 expected=0
CASE_PASS m=17 n=8 sve16_entries=0 expected=0
CASE_PASS m=17 n=9 sve16_entries=0 expected=0
CASE_PASS m=17 n=17 sve16_entries=0 expected=0
CASE_PASS m=31 n=1 sve16_entries=0 expected=0
CASE_PASS m=31 n=7 sve16_entries=0 expected=0
CASE_PASS m=31 n=8 sve16_entries=0 expected=0
CASE_PASS m=31 n=9 sve16_entries=0 expected=0
CASE_PASS m=31 n=17 sve16_entries=0 expected=0
CASE_PASS m=32 n=1 sve16_entries=0 expected=0
CASE_PASS m=32 n=7 sve16_entries=0 expected=0
CASE_PASS m=32 n=8 sve16_entries=0 expected=0
CASE_PASS m=32 n=9 sve16_entries=0 expected=0
CASE_PASS m=32 n=17 sve16_entries=0 expected=0
CASE_PASS m=33 n=1 sve16_entries=0 expected=0
CASE_PASS m=33 n=7 sve16_entries=0 expected=0
CASE_PASS m=33 n=8 sve16_entries=0 expected=0
CASE_PASS m=33 n=9 sve16_entries=0 expected=0
CASE_PASS m=33 n=17 sve16_entries=0 expected=0
CASE_PASS m=63 n=1 sve16_entries=0 expected=0
CASE_PASS m=63 n=7 sve16_entries=0 expected=0
CASE_PASS m=63 n=8 sve16_entries=0 expected=0
CASE_PASS m=63 n=9 sve16_entries=0 expected=0
CASE_PASS m=63 n=17 sve16_entries=0 expected=0
CASE_PASS m=64 n=1 sve16_entries=0 expected=0
CASE_PASS m=64 n=7 sve16_entries=0 expected=0
CASE_PASS m=64 n=8 sve16_entries=0 expected=0
CASE_PASS m=64 n=9 sve16_entries=0 expected=0
CASE_PASS m=64 n=17 sve16_entries=0 expected=0
CASE_PASS m=65 n=1 sve16_entries=0 expected=0
CASE_PASS m=65 n=7 sve16_entries=0 expected=0
CASE_PASS m=65 n=8 sve16_entries=0 expected=0
CASE_PASS m=65 n=9 sve16_entries=0 expected=0
CASE_PASS m=65 n=17 sve16_entries=0 expected=0
CASE_PASS m=255 n=1 sve16_entries=0 expected=0
CASE_PASS m=255 n=7 sve16_entries=0 expected=0
CASE_PASS m=255 n=8 sve16_entries=0 expected=0
CASE_PASS m=255 n=9 sve16_entries=0 expected=0
CASE_PASS m=255 n=17 sve16_entries=0 expected=0
CASE_PASS m=256 n=1 sve16_entries=0 expected=0
CASE_PASS m=256 n=7 sve16_entries=0 expected=0
CASE_PASS m=256 n=8 sve16_entries=0 expected=0
CASE_PASS m=256 n=9 sve16_entries=0 expected=0
CASE_PASS m=256 n=17 sve16_entries=0 expected=0
CASE_PASS m=257 n=1 sve16_entries=0 expected=0
CASE_PASS m=257 n=7 sve16_entries=0 expected=0
CASE_PASS m=257 n=8 sve16_entries=0 expected=0
CASE_PASS m=257 n=9 sve16_entries=0 expected=0
CASE_PASS m=257 n=17 sve16_entries=0 expected=0
PASS whole_cases=80 noop_cases=4 non_dyadic_long_double_RHS=1 padding_L_unchanged=1 max_error=1.1102230246251565e-16
MODE=full THREADS=4 NARROW_VL=0 EXPECT_SVE16=0
CASE_PASS m=1 n=1 sve16_entries=0 expected=0
CASE_PASS m=1 n=7 sve16_entries=0 expected=0
CASE_PASS m=1 n=8 sve16_entries=0 expected=0
CASE_PASS m=1 n=9 sve16_entries=0 expected=0
CASE_PASS m=1 n=17 sve16_entries=0 expected=0
CASE_PASS m=3 n=1 sve16_entries=0 expected=0
CASE_PASS m=3 n=7 sve16_entries=0 expected=0
CASE_PASS m=3 n=8 sve16_entries=0 expected=0
CASE_PASS m=3 n=9 sve16_entries=0 expected=0
CASE_PASS m=3 n=17 sve16_entries=0 expected=0
CASE_PASS m=4 n=1 sve16_entries=0 expected=0
CASE_PASS m=4 n=7 sve16_entries=0 expected=0
CASE_PASS m=4 n=8 sve16_entries=0 expected=0
CASE_PASS m=4 n=9 sve16_entries=0 expected=0
CASE_PASS m=4 n=17 sve16_entries=0 expected=0
CASE_PASS m=5 n=1 sve16_entries=0 expected=0
CASE_PASS m=5 n=7 sve16_entries=0 expected=0
CASE_PASS m=5 n=8 sve16_entries=0 expected=0
CASE_PASS m=5 n=9 sve16_entries=0 expected=0
CASE_PASS m=5 n=17 sve16_entries=0 expected=0
CASE_PASS m=15 n=1 sve16_entries=0 expected=0
CASE_PASS m=15 n=7 sve16_entries=0 expected=0
CASE_PASS m=15 n=8 sve16_entries=0 expected=0
CASE_PASS m=15 n=9 sve16_entries=0 expected=0
CASE_PASS m=15 n=17 sve16_entries=0 expected=0
CASE_PASS m=16 n=1 sve16_entries=0 expected=0
CASE_PASS m=16 n=7 sve16_entries=0 expected=0
CASE_PASS m=16 n=8 sve16_entries=0 expected=0
CASE_PASS m=16 n=9 sve16_entries=0 expected=0
CASE_PASS m=16 n=17 sve16_entries=0 expected=0
CASE_PASS m=17 n=1 sve16_entries=0 expected=0
CASE_PASS m=17 n=7 sve16_entries=0 expected=0
CASE_PASS m=17 n=8 sve16_entries=0 expected=0
CASE_PASS m=17 n=9 sve16_entries=0 expected=0
CASE_PASS m=17 n=17 sve16_entries=0 expected=0
CASE_PASS m=31 n=1 sve16_entries=0 expected=0
CASE_PASS m=31 n=7 sve16_entries=0 expected=0
CASE_PASS m=31 n=8 sve16_entries=0 expected=0
CASE_PASS m=31 n=9 sve16_entries=0 expected=0
CASE_PASS m=31 n=17 sve16_entries=0 expected=0
CASE_PASS m=32 n=1 sve16_entries=0 expected=0
CASE_PASS m=32 n=7 sve16_entries=0 expected=0
CASE_PASS m=32 n=8 sve16_entries=0 expected=0
CASE_PASS m=32 n=9 sve16_entries=0 expected=0
CASE_PASS m=32 n=17 sve16_entries=0 expected=0
CASE_PASS m=33 n=1 sve16_entries=0 expected=0
CASE_PASS m=33 n=7 sve16_entries=0 expected=0
CASE_PASS m=33 n=8 sve16_entries=0 expected=0
CASE_PASS m=33 n=9 sve16_entries=0 expected=0
CASE_PASS m=33 n=17 sve16_entries=0 expected=0
CASE_PASS m=63 n=1 sve16_entries=0 expected=0
CASE_PASS m=63 n=7 sve16_entries=0 expected=0
CASE_PASS m=63 n=8 sve16_entries=0 expected=0
CASE_PASS m=63 n=9 sve16_entries=0 expected=0
CASE_PASS m=63 n=17 sve16_entries=0 expected=0
CASE_PASS m=64 n=1 sve16_entries=0 expected=0
CASE_PASS m=64 n=7 sve16_entries=0 expected=0
CASE_PASS m=64 n=8 sve16_entries=0 expected=0
CASE_PASS m=64 n=9 sve16_entries=0 expected=0
CASE_PASS m=64 n=17 sve16_entries=0 expected=0
CASE_PASS m=65 n=1 sve16_entries=0 expected=0
CASE_PASS m=65 n=7 sve16_entries=0 expected=0
CASE_PASS m=65 n=8 sve16_entries=0 expected=0
CASE_PASS m=65 n=9 sve16_entries=0 expected=0
CASE_PASS m=65 n=17 sve16_entries=0 expected=0
CASE_PASS m=255 n=1 sve16_entries=0 expected=0
CASE_PASS m=255 n=7 sve16_entries=0 expected=0
CASE_PASS m=255 n=8 sve16_entries=0 expected=0
CASE_PASS m=255 n=9 sve16_entries=0 expected=0
CASE_PASS m=255 n=17 sve16_entries=0 expected=0
CASE_PASS m=256 n=1 sve16_entries=0 expected=0
CASE_PASS m=256 n=7 sve16_entries=0 expected=0
CASE_PASS m=256 n=8 sve16_entries=0 expected=0
CASE_PASS m=256 n=9 sve16_entries=0 expected=0
CASE_PASS m=256 n=17 sve16_entries=0 expected=0
CASE_PASS m=257 n=1 sve16_entries=0 expected=0
CASE_PASS m=257 n=7 sve16_entries=0 expected=0
CASE_PASS m=257 n=8 sve16_entries=0 expected=0
CASE_PASS m=257 n=9 sve16_entries=0 expected=0
CASE_PASS m=257 n=17 sve16_entries=0 expected=0
PASS whole_cases=80 noop_cases=4 non_dyadic_long_double_RHS=1 padding_L_unchanged=1 max_error=1.1102230246251565e-16
MODE=full THREADS=4 NARROW_VL=1 EXPECT_SVE16=0
CASE_PASS m=1 n=1 sve16_entries=0 expected=0
CASE_PASS m=1 n=7 sve16_entries=0 expected=0
CASE_PASS m=1 n=8 sve16_entries=0 expected=0
CASE_PASS m=1 n=9 sve16_entries=0 expected=0
CASE_PASS m=1 n=17 sve16_entries=0 expected=0
CASE_PASS m=3 n=1 sve16_entries=0 expected=0
CASE_PASS m=3 n=7 sve16_entries=0 expected=0
CASE_PASS m=3 n=8 sve16_entries=0 expected=0
CASE_PASS m=3 n=9 sve16_entries=0 expected=0
CASE_PASS m=3 n=17 sve16_entries=0 expected=0
CASE_PASS m=4 n=1 sve16_entries=0 expected=0
CASE_PASS m=4 n=7 sve16_entries=0 expected=0
CASE_PASS m=4 n=8 sve16_entries=0 expected=0
CASE_PASS m=4 n=9 sve16_entries=0 expected=0
CASE_PASS m=4 n=17 sve16_entries=0 expected=0
CASE_PASS m=5 n=1 sve16_entries=0 expected=0
CASE_PASS m=5 n=7 sve16_entries=0 expected=0
CASE_PASS m=5 n=8 sve16_entries=0 expected=0
CASE_PASS m=5 n=9 sve16_entries=0 expected=0
CASE_PASS m=5 n=17 sve16_entries=0 expected=0
CASE_PASS m=15 n=1 sve16_entries=0 expected=0
CASE_PASS m=15 n=7 sve16_entries=0 expected=0
CASE_PASS m=15 n=8 sve16_entries=0 expected=0
CASE_PASS m=15 n=9 sve16_entries=0 expected=0
CASE_PASS m=15 n=17 sve16_entries=0 expected=0
CASE_PASS m=16 n=1 sve16_entries=0 expected=0
CASE_PASS m=16 n=7 sve16_entries=0 expected=0
CASE_PASS m=16 n=8 sve16_entries=0 expected=0
CASE_PASS m=16 n=9 sve16_entries=0 expected=0
CASE_PASS m=16 n=17 sve16_entries=0 expected=0
CASE_PASS m=17 n=1 sve16_entries=0 expected=0
CASE_PASS m=17 n=7 sve16_entries=0 expected=0
CASE_PASS m=17 n=8 sve16_entries=0 expected=0
CASE_PASS m=17 n=9 sve16_entries=0 expected=0
CASE_PASS m=17 n=17 sve16_entries=0 expected=0
CASE_PASS m=31 n=1 sve16_entries=0 expected=0
CASE_PASS m=31 n=7 sve16_entries=0 expected=0
CASE_PASS m=31 n=8 sve16_entries=0 expected=0
CASE_PASS m=31 n=9 sve16_entries=0 expected=0
CASE_PASS m=31 n=17 sve16_entries=0 expected=0
CASE_PASS m=32 n=1 sve16_entries=0 expected=0
CASE_PASS m=32 n=7 sve16_entries=0 expected=0
CASE_PASS m=32 n=8 sve16_entries=0 expected=0
CASE_PASS m=32 n=9 sve16_entries=0 expected=0
CASE_PASS m=32 n=17 sve16_entries=0 expected=0
CASE_PASS m=33 n=1 sve16_entries=0 expected=0
CASE_PASS m=33 n=7 sve16_entries=0 expected=0
CASE_PASS m=33 n=8 sve16_entries=0 expected=0
CASE_PASS m=33 n=9 sve16_entries=0 expected=0
CASE_PASS m=33 n=17 sve16_entries=0 expected=0
CASE_PASS m=63 n=1 sve16_entries=0 expected=0
CASE_PASS m=63 n=7 sve16_entries=0 expected=0
CASE_PASS m=63 n=8 sve16_entries=0 expected=0
CASE_PASS m=63 n=9 sve16_entries=0 expected=0
CASE_PASS m=63 n=17 sve16_entries=0 expected=0
CASE_PASS m=64 n=1 sve16_entries=0 expected=0
CASE_PASS m=64 n=7 sve16_entries=0 expected=0
CASE_PASS m=64 n=8 sve16_entries=0 expected=0
CASE_PASS m=64 n=9 sve16_entries=0 expected=0
CASE_PASS m=64 n=17 sve16_entries=0 expected=0
CASE_PASS m=65 n=1 sve16_entries=0 expected=0
CASE_PASS m=65 n=7 sve16_entries=0 expected=0
CASE_PASS m=65 n=8 sve16_entries=0 expected=0
CASE_PASS m=65 n=9 sve16_entries=0 expected=0
CASE_PASS m=65 n=17 sve16_entries=0 expected=0
CASE_PASS m=255 n=1 sve16_entries=0 expected=0
CASE_PASS m=255 n=7 sve16_entries=0 expected=0
CASE_PASS m=255 n=8 sve16_entries=0 expected=0
CASE_PASS m=255 n=9 sve16_entries=0 expected=0
CASE_PASS m=255 n=17 sve16_entries=0 expected=0
CASE_PASS m=256 n=1 sve16_entries=0 expected=0
CASE_PASS m=256 n=7 sve16_entries=0 expected=0
CASE_PASS m=256 n=8 sve16_entries=0 expected=0
CASE_PASS m=256 n=9 sve16_entries=0 expected=0
CASE_PASS m=256 n=17 sve16_entries=0 expected=0
CASE_PASS m=257 n=1 sve16_entries=0 expected=0
CASE_PASS m=257 n=7 sve16_entries=0 expected=0
CASE_PASS m=257 n=8 sve16_entries=0 expected=0
CASE_PASS m=257 n=9 sve16_entries=0 expected=0
CASE_PASS m=257 n=17 sve16_entries=0 expected=0
PASS whole_cases=80 noop_cases=4 non_dyadic_long_double_RHS=1 padding_L_unchanged=1 max_error=1.1102230246251565e-16
TRSM_PREFLIGHT_COMPLETE=1 MICRO_CASES=14 WHOLE_CASES=406 NOOP_CASES=28
{"allowed_cpu_count": 38, "allowed_cpus": [76, 77, 78, 79, 80, 81, 82, 83, 84, 85, 86, 87, 88, 89, 90, 91, 92, 93, 94, 95, 96, 97, 98, 99, 100, 101, 102, 103, 104, 105, 106, 107, 108, 109, 110, 111, 112, 113], "guard_pass": true, "host": "COMPUTE_NODE_1", "numa_nodes": ["node2"], "scheduler_job_id": "1576028"}
gcc (gcc for openEuler 3.0.2) 12.3.1
Copyright (C) 2022 Free Software Foundation, Inc.
This is free software; see the source for copying conditions.  There is NO
warranty; not even for MERCHANTABILITY or FITNESS FOR A PARTICULAR PURPOSE.

MODE=full THREADS=1 NARROW_VL=0 EXPECT_SVE16=0
CASE_PASS m=1 n=1 sve16_entries=0 expected=0
CASE_PASS m=1 n=7 sve16_entries=0 expected=0
CASE_PASS m=1 n=8 sve16_entries=0 expected=0
CASE_PASS m=1 n=9 sve16_entries=0 expected=0
CASE_PASS m=1 n=17 sve16_entries=0 expected=0
CASE_PASS m=3 n=1 sve16_entries=0 expected=0
CASE_PASS m=3 n=7 sve16_entries=0 expected=0
CASE_PASS m=3 n=8 sve16_entries=0 expected=0
CASE_PASS m=3 n=9 sve16_entries=0 expected=0
CASE_PASS m=3 n=17 sve16_entries=0 expected=0
CASE_PASS m=4 n=1 sve16_entries=0 expected=0
CASE_PASS m=4 n=7 sve16_entries=0 expected=0
CASE_PASS m=4 n=8 sve16_entries=0 expected=0
CASE_PASS m=4 n=9 sve16_entries=0 expected=0
CASE_PASS m=4 n=17 sve16_entries=0 expected=0
CASE_PASS m=5 n=1 sve16_entries=0 expected=0
CASE_PASS m=5 n=7 sve16_entries=0 expected=0
CASE_PASS m=5 n=8 sve16_entries=0 expected=0
CASE_PASS m=5 n=9 sve16_entries=0 expected=0
CASE_PASS m=5 n=17 sve16_entries=0 expected=0
CASE_PASS m=15 n=1 sve16_entries=0 expected=0
CASE_PASS m=15 n=7 sve16_entries=0 expected=0
CASE_PASS m=15 n=8 sve16_entries=0 expected=0
CASE_PASS m=15 n=9 sve16_entries=0 expected=0
CASE_PASS m=15 n=17 sve16_entries=0 expected=0
CASE_PASS m=16 n=1 sve16_entries=0 expected=0
CASE_PASS m=16 n=7 sve16_entries=0 expected=0
CASE_PASS m=16 n=8 sve16_entries=0 expected=0
CASE_PASS m=16 n=9 sve16_entries=0 expected=0
CASE_PASS m=16 n=17 sve16_entries=0 expected=0
CASE_PASS m=17 n=1 sve16_entries=0 expected=0
CASE_PASS m=17 n=7 sve16_entries=0 expected=0
CASE_PASS m=17 n=8 sve16_entries=0 expected=0
CASE_PASS m=17 n=9 sve16_entries=0 expected=0
CASE_PASS m=17 n=17 sve16_entries=0 expected=0
CASE_PASS m=31 n=1 sve16_entries=0 expected=0
CASE_PASS m=31 n=7 sve16_entries=0 expected=0
CASE_PASS m=31 n=8 sve16_entries=0 expected=0
CASE_PASS m=31 n=9 sve16_entries=0 expected=0
CASE_PASS m=31 n=17 sve16_entries=0 expected=0
CASE_PASS m=32 n=1 sve16_entries=0 expected=0
CASE_PASS m=32 n=7 sve16_entries=0 expected=0
CASE_PASS m=32 n=8 sve16_entries=0 expected=0
CASE_PASS m=32 n=9 sve16_entries=0 expected=0
CASE_PASS m=32 n=17 sve16_entries=0 expected=0
CASE_PASS m=33 n=1 sve16_entries=0 expected=0
CASE_PASS m=33 n=7 sve16_entries=0 expected=0
CASE_PASS m=33 n=8 sve16_entries=0 expected=0
CASE_PASS m=33 n=9 sve16_entries=0 expected=0
CASE_PASS m=33 n=17 sve16_entries=0 expected=0
CASE_PASS m=63 n=1 sve16_entries=0 expected=0
CASE_PASS m=63 n=7 sve16_entries=0 expected=0
CASE_PASS m=63 n=8 sve16_entries=0 expected=0
CASE_PASS m=63 n=9 sve16_entries=0 expected=0
CASE_PASS m=63 n=17 sve16_entries=0 expected=0
CASE_PASS m=64 n=1 sve16_entries=0 expected=0
CASE_PASS m=64 n=7 sve16_entries=0 expected=0
CASE_PASS m=64 n=8 sve16_entries=0 expected=0
CASE_PASS m=64 n=9 sve16_entries=0 expected=0
CASE_PASS m=64 n=17 sve16_entries=0 expected=0
CASE_PASS m=65 n=1 sve16_entries=0 expected=0
CASE_PASS m=65 n=7 sve16_entries=0 expected=0
CASE_PASS m=65 n=8 sve16_entries=0 expected=0
CASE_PASS m=65 n=9 sve16_entries=0 expected=0
CASE_PASS m=65 n=17 sve16_entries=0 expected=0
CASE_PASS m=255 n=1 sve16_entries=0 expected=0
CASE_PASS m=255 n=7 sve16_entries=0 expected=0
CASE_PASS m=255 n=8 sve16_entries=0 expected=0
CASE_PASS m=255 n=9 sve16_entries=0 expected=0
CASE_PASS m=255 n=17 sve16_entries=0 expected=0
CASE_PASS m=256 n=1 sve16_entries=0 expected=0
CASE_PASS m=256 n=7 sve16_entries=0 expected=0
CASE_PASS m=256 n=8 sve16_entries=0 expected=0
CASE_PASS m=256 n=9 sve16_entries=0 expected=0
CASE_PASS m=256 n=17 sve16_entries=0 expected=0
CASE_PASS m=257 n=1 sve16_entries=0 expected=0
CASE_PASS m=257 n=7 sve16_entries=0 expected=0
CASE_PASS m=257 n=8 sve16_entries=0 expected=0
CASE_PASS m=257 n=9 sve16_entries=0 expected=0
CASE_PASS m=257 n=17 sve16_entries=0 expected=0
PASS whole_cases=80 noop_cases=4 non_dyadic_long_double_RHS=1 padding_L_unchanged=1 max_error=1.1102230246251565e-16
MODE=full THREADS=4 NARROW_VL=0 EXPECT_SVE16=0
CASE_PASS m=1 n=1 sve16_entries=0 expected=0
CASE_PASS m=1 n=7 sve16_entries=0 expected=0
CASE_PASS m=1 n=8 sve16_entries=0 expected=0
CASE_PASS m=1 n=9 sve16_entries=0 expected=0
CASE_PASS m=1 n=17 sve16_entries=0 expected=0
CASE_PASS m=3 n=1 sve16_entries=0 expected=0
CASE_PASS m=3 n=7 sve16_entries=0 expected=0
CASE_PASS m=3 n=8 sve16_entries=0 expected=0
CASE_PASS m=3 n=9 sve16_entries=0 expected=0
CASE_PASS m=3 n=17 sve16_entries=0 expected=0
CASE_PASS m=4 n=1 sve16_entries=0 expected=0
CASE_PASS m=4 n=7 sve16_entries=0 expected=0
CASE_PASS m=4 n=8 sve16_entries=0 expected=0
CASE_PASS m=4 n=9 sve16_entries=0 expected=0
CASE_PASS m=4 n=17 sve16_entries=0 expected=0
CASE_PASS m=5 n=1 sve16_entries=0 expected=0
CASE_PASS m=5 n=7 sve16_entries=0 expected=0
CASE_PASS m=5 n=8 sve16_entries=0 expected=0
CASE_PASS m=5 n=9 sve16_entries=0 expected=0
CASE_PASS m=5 n=17 sve16_entries=0 expected=0
CASE_PASS m=15 n=1 sve16_entries=0 expected=0
CASE_PASS m=15 n=7 sve16_entries=0 expected=0
CASE_PASS m=15 n=8 sve16_entries=0 expected=0
CASE_PASS m=15 n=9 sve16_entries=0 expected=0
CASE_PASS m=15 n=17 sve16_entries=0 expected=0
CASE_PASS m=16 n=1 sve16_entries=0 expected=0
CASE_PASS m=16 n=7 sve16_entries=0 expected=0
CASE_PASS m=16 n=8 sve16_entries=0 expected=0
CASE_PASS m=16 n=9 sve16_entries=0 expected=0
CASE_PASS m=16 n=17 sve16_entries=0 expected=0
CASE_PASS m=17 n=1 sve16_entries=0 expected=0
CASE_PASS m=17 n=7 sve16_entries=0 expected=0
CASE_PASS m=17 n=8 sve16_entries=0 expected=0
CASE_PASS m=17 n=9 sve16_entries=0 expected=0
CASE_PASS m=17 n=17 sve16_entries=0 expected=0
CASE_PASS m=31 n=1 sve16_entries=0 expected=0
CASE_PASS m=31 n=7 sve16_entries=0 expected=0
CASE_PASS m=31 n=8 sve16_entries=0 expected=0
CASE_PASS m=31 n=9 sve16_entries=0 expected=0
CASE_PASS m=31 n=17 sve16_entries=0 expected=0
CASE_PASS m=32 n=1 sve16_entries=0 expected=0
CASE_PASS m=32 n=7 sve16_entries=0 expected=0
CASE_PASS m=32 n=8 sve16_entries=0 expected=0
CASE_PASS m=32 n=9 sve16_entries=0 expected=0
CASE_PASS m=32 n=17 sve16_entries=0 expected=0
CASE_PASS m=33 n=1 sve16_entries=0 expected=0
CASE_PASS m=33 n=7 sve16_entries=0 expected=0
CASE_PASS m=33 n=8 sve16_entries=0 expected=0
CASE_PASS m=33 n=9 sve16_entries=0 expected=0
CASE_PASS m=33 n=17 sve16_entries=0 expected=0
CASE_PASS m=63 n=1 sve16_entries=0 expected=0
CASE_PASS m=63 n=7 sve16_entries=0 expected=0
CASE_PASS m=63 n=8 sve16_entries=0 expected=0
CASE_PASS m=63 n=9 sve16_entries=0 expected=0
CASE_PASS m=63 n=17 sve16_entries=0 expected=0
CASE_PASS m=64 n=1 sve16_entries=0 expected=0
CASE_PASS m=64 n=7 sve16_entries=0 expected=0
CASE_PASS m=64 n=8 sve16_entries=0 expected=0
CASE_PASS m=64 n=9 sve16_entries=0 expected=0
CASE_PASS m=64 n=17 sve16_entries=0 expected=0
CASE_PASS m=65 n=1 sve16_entries=0 expected=0
CASE_PASS m=65 n=7 sve16_entries=0 expected=0
CASE_PASS m=65 n=8 sve16_entries=0 expected=0
CASE_PASS m=65 n=9 sve16_entries=0 expected=0
CASE_PASS m=65 n=17 sve16_entries=0 expected=0
CASE_PASS m=255 n=1 sve16_entries=0 expected=0
CASE_PASS m=255 n=7 sve16_entries=0 expected=0
CASE_PASS m=255 n=8 sve16_entries=0 expected=0
CASE_PASS m=255 n=9 sve16_entries=0 expected=0
CASE_PASS m=255 n=17 sve16_entries=0 expected=0
CASE_PASS m=256 n=1 sve16_entries=0 expected=0
CASE_PASS m=256 n=7 sve16_entries=0 expected=0
CASE_PASS m=256 n=8 sve16_entries=0 expected=0
CASE_PASS m=256 n=9 sve16_entries=0 expected=0
CASE_PASS m=256 n=17 sve16_entries=0 expected=0
CASE_PASS m=257 n=1 sve16_entries=0 expected=0
CASE_PASS m=257 n=7 sve16_entries=0 expected=0
CASE_PASS m=257 n=8 sve16_entries=0 expected=0
CASE_PASS m=257 n=9 sve16_entries=0 expected=0
CASE_PASS m=257 n=17 sve16_entries=0 expected=0
PASS whole_cases=80 noop_cases=4 non_dyadic_long_double_RHS=1 padding_L_unchanged=1 max_error=1.1102230246251565e-16
MODE=smoke THREADS=38 NARROW_VL=0 EXPECT_SVE16=0
CASE_PASS m=15 n=9 sve16_entries=0 expected=0
CASE_PASS m=16 n=17 sve16_entries=0 expected=0
CASE_PASS m=33 n=313 sve16_entries=0 expected=0
CASE_PASS m=257 n=313 sve16_entries=0 expected=0
PASS whole_cases=4 noop_cases=4 non_dyadic_long_double_RHS=1 padding_L_unchanged=1 max_error=1.1102230246251565e-16
MODE=boundary THREADS=1 NARROW_VL=0 EXPECT_SVE16=0
CASE_PASS m=4095 n=9 sve16_entries=0 expected=0
CASE_PASS m=4097 n=9 sve16_entries=0 expected=0
PASS whole_cases=2 noop_cases=4 non_dyadic_long_double_RHS=1 padding_L_unchanged=1 max_error=3.8857805861880479e-16
MODE=full THREADS=4 NARROW_VL=0 EXPECT_SVE16=0
CASE_PASS m=1 n=1 sve16_entries=0 expected=0
CASE_PASS m=1 n=7 sve16_entries=0 expected=0
CASE_PASS m=1 n=8 sve16_entries=0 expected=0
CASE_PASS m=1 n=9 sve16_entries=0 expected=0
CASE_PASS m=1 n=17 sve16_entries=0 expected=0
CASE_PASS m=3 n=1 sve16_entries=0 expected=0
CASE_PASS m=3 n=7 sve16_entries=0 expected=0
CASE_PASS m=3 n=8 sve16_entries=0 expected=0
CASE_PASS m=3 n=9 sve16_entries=0 expected=0
CASE_PASS m=3 n=17 sve16_entries=0 expected=0
CASE_PASS m=4 n=1 sve16_entries=0 expected=0
CASE_PASS m=4 n=7 sve16_entries=0 expected=0
CASE_PASS m=4 n=8 sve16_entries=0 expected=0
CASE_PASS m=4 n=9 sve16_entries=0 expected=0
CASE_PASS m=4 n=17 sve16_entries=0 expected=0
CASE_PASS m=5 n=1 sve16_entries=0 expected=0
CASE_PASS m=5 n=7 sve16_entries=0 expected=0
CASE_PASS m=5 n=8 sve16_entries=0 expected=0
CASE_PASS m=5 n=9 sve16_entries=0 expected=0
CASE_PASS m=5 n=17 sve16_entries=0 expected=0
CASE_PASS m=15 n=1 sve16_entries=0 expected=0
CASE_PASS m=15 n=7 sve16_entries=0 expected=0
CASE_PASS m=15 n=8 sve16_entries=0 expected=0
CASE_PASS m=15 n=9 sve16_entries=0 expected=0
CASE_PASS m=15 n=17 sve16_entries=0 expected=0
CASE_PASS m=16 n=1 sve16_entries=0 expected=0
CASE_PASS m=16 n=7 sve16_entries=0 expected=0
CASE_PASS m=16 n=8 sve16_entries=0 expected=0
CASE_PASS m=16 n=9 sve16_entries=0 expected=0
CASE_PASS m=16 n=17 sve16_entries=0 expected=0
CASE_PASS m=17 n=1 sve16_entries=0 expected=0
CASE_PASS m=17 n=7 sve16_entries=0 expected=0
CASE_PASS m=17 n=8 sve16_entries=0 expected=0
CASE_PASS m=17 n=9 sve16_entries=0 expected=0
CASE_PASS m=17 n=17 sve16_entries=0 expected=0
CASE_PASS m=31 n=1 sve16_entries=0 expected=0
CASE_PASS m=31 n=7 sve16_entries=0 expected=0
CASE_PASS m=31 n=8 sve16_entries=0 expected=0
CASE_PASS m=31 n=9 sve16_entries=0 expected=0
CASE_PASS m=31 n=17 sve16_entries=0 expected=0
CASE_PASS m=32 n=1 sve16_entries=0 expected=0
CASE_PASS m=32 n=7 sve16_entries=0 expected=0
CASE_PASS m=32 n=8 sve16_entries=0 expected=0
CASE_PASS m=32 n=9 sve16_entries=0 expected=0
CASE_PASS m=32 n=17 sve16_entries=0 expected=0
CASE_PASS m=33 n=1 sve16_entries=0 expected=0
CASE_PASS m=33 n=7 sve16_entries=0 expected=0
CASE_PASS m=33 n=8 sve16_entries=0 expected=0
CASE_PASS m=33 n=9 sve16_entries=0 expected=0
CASE_PASS m=33 n=17 sve16_entries=0 expected=0
CASE_PASS m=63 n=1 sve16_entries=0 expected=0
CASE_PASS m=63 n=7 sve16_entries=0 expected=0
CASE_PASS m=63 n=8 sve16_entries=0 expected=0
CASE_PASS m=63 n=9 sve16_entries=0 expected=0
CASE_PASS m=63 n=17 sve16_entries=0 expected=0
CASE_PASS m=64 n=1 sve16_entries=0 expected=0
CASE_PASS m=64 n=7 sve16_entries=0 expected=0
CASE_PASS m=64 n=8 sve16_entries=0 expected=0
CASE_PASS m=64 n=9 sve16_entries=0 expected=0
CASE_PASS m=64 n=17 sve16_entries=0 expected=0
CASE_PASS m=65 n=1 sve16_entries=0 expected=0
CASE_PASS m=65 n=7 sve16_entries=0 expected=0
CASE_PASS m=65 n=8 sve16_entries=0 expected=0
CASE_PASS m=65 n=9 sve16_entries=0 expected=0
CASE_PASS m=65 n=17 sve16_entries=0 expected=0
CASE_PASS m=255 n=1 sve16_entries=0 expected=0
CASE_PASS m=255 n=7 sve16_entries=0 expected=0
CASE_PASS m=255 n=8 sve16_entries=0 expected=0
CASE_PASS m=255 n=9 sve16_entries=0 expected=0
CASE_PASS m=255 n=17 sve16_entries=0 expected=0
CASE_PASS m=256 n=1 sve16_entries=0 expected=0
CASE_PASS m=256 n=7 sve16_entries=0 expected=0
CASE_PASS m=256 n=8 sve16_entries=0 expected=0
CASE_PASS m=256 n=9 sve16_entries=0 expected=0
CASE_PASS m=256 n=17 sve16_entries=0 expected=0
CASE_PASS m=257 n=1 sve16_entries=0 expected=0
CASE_PASS m=257 n=7 sve16_entries=0 expected=0
CASE_PASS m=257 n=8 sve16_entries=0 expected=0
CASE_PASS m=257 n=9 sve16_entries=0 expected=0
CASE_PASS m=257 n=17 sve16_entries=0 expected=0
PASS whole_cases=80 noop_cases=4 non_dyadic_long_double_RHS=1 padding_L_unchanged=1 max_error=1.1102230246251565e-16
MODE=full THREADS=4 NARROW_VL=0 EXPECT_SVE16=0
CASE_PASS m=1 n=1 sve16_entries=0 expected=0
CASE_PASS m=1 n=7 sve16_entries=0 expected=0
CASE_PASS m=1 n=8 sve16_entries=0 expected=0
CASE_PASS m=1 n=9 sve16_entries=0 expected=0
CASE_PASS m=1 n=17 sve16_entries=0 expected=0
CASE_PASS m=3 n=1 sve16_entries=0 expected=0
CASE_PASS m=3 n=7 sve16_entries=0 expected=0
CASE_PASS m=3 n=8 sve16_entries=0 expected=0
CASE_PASS m=3 n=9 sve16_entries=0 expected=0
CASE_PASS m=3 n=17 sve16_entries=0 expected=0
CASE_PASS m=4 n=1 sve16_entries=0 expected=0
CASE_PASS m=4 n=7 sve16_entries=0 expected=0
CASE_PASS m=4 n=8 sve16_entries=0 expected=0
CASE_PASS m=4 n=9 sve16_entries=0 expected=0
CASE_PASS m=4 n=17 sve16_entries=0 expected=0
CASE_PASS m=5 n=1 sve16_entries=0 expected=0
CASE_PASS m=5 n=7 sve16_entries=0 expected=0
CASE_PASS m=5 n=8 sve16_entries=0 expected=0
CASE_PASS m=5 n=9 sve16_entries=0 expected=0
CASE_PASS m=5 n=17 sve16_entries=0 expected=0
CASE_PASS m=15 n=1 sve16_entries=0 expected=0
CASE_PASS m=15 n=7 sve16_entries=0 expected=0
CASE_PASS m=15 n=8 sve16_entries=0 expected=0
CASE_PASS m=15 n=9 sve16_entries=0 expected=0
CASE_PASS m=15 n=17 sve16_entries=0 expected=0
CASE_PASS m=16 n=1 sve16_entries=0 expected=0
CASE_PASS m=16 n=7 sve16_entries=0 expected=0
CASE_PASS m=16 n=8 sve16_entries=0 expected=0
CASE_PASS m=16 n=9 sve16_entries=0 expected=0
CASE_PASS m=16 n=17 sve16_entries=0 expected=0
CASE_PASS m=17 n=1 sve16_entries=0 expected=0
CASE_PASS m=17 n=7 sve16_entries=0 expected=0
CASE_PASS m=17 n=8 sve16_entries=0 expected=0
CASE_PASS m=17 n=9 sve16_entries=0 expected=0
CASE_PASS m=17 n=17 sve16_entries=0 expected=0
CASE_PASS m=31 n=1 sve16_entries=0 expected=0
CASE_PASS m=31 n=7 sve16_entries=0 expected=0
CASE_PASS m=31 n=8 sve16_entries=0 expected=0
CASE_PASS m=31 n=9 sve16_entries=0 expected=0
CASE_PASS m=31 n=17 sve16_entries=0 expected=0
CASE_PASS m=32 n=1 sve16_entries=0 expected=0
CASE_PASS m=32 n=7 sve16_entries=0 expected=0
CASE_PASS m=32 n=8 sve16_entries=0 expected=0
CASE_PASS m=32 n=9 sve16_entries=0 expected=0
CASE_PASS m=32 n=17 sve16_entries=0 expected=0
CASE_PASS m=33 n=1 sve16_entries=0 expected=0
CASE_PASS m=33 n=7 sve16_entries=0 expected=0
CASE_PASS m=33 n=8 sve16_entries=0 expected=0
CASE_PASS m=33 n=9 sve16_entries=0 expected=0
CASE_PASS m=33 n=17 sve16_entries=0 expected=0
CASE_PASS m=63 n=1 sve16_entries=0 expected=0
CASE_PASS m=63 n=7 sve16_entries=0 expected=0
CASE_PASS m=63 n=8 sve16_entries=0 expected=0
CASE_PASS m=63 n=9 sve16_entries=0 expected=0
CASE_PASS m=63 n=17 sve16_entries=0 expected=0
CASE_PASS m=64 n=1 sve16_entries=0 expected=0
CASE_PASS m=64 n=7 sve16_entries=0 expected=0
CASE_PASS m=64 n=8 sve16_entries=0 expected=0
CASE_PASS m=64 n=9 sve16_entries=0 expected=0
CASE_PASS m=64 n=17 sve16_entries=0 expected=0
CASE_PASS m=65 n=1 sve16_entries=0 expected=0
CASE_PASS m=65 n=7 sve16_entries=0 expected=0
CASE_PASS m=65 n=8 sve16_entries=0 expected=0
CASE_PASS m=65 n=9 sve16_entries=0 expected=0
CASE_PASS m=65 n=17 sve16_entries=0 expected=0
CASE_PASS m=255 n=1 sve16_entries=0 expected=0
CASE_PASS m=255 n=7 sve16_entries=0 expected=0
CASE_PASS m=255 n=8 sve16_entries=0 expected=0
CASE_PASS m=255 n=9 sve16_entries=0 expected=0
CASE_PASS m=255 n=17 sve16_entries=0 expected=0
CASE_PASS m=256 n=1 sve16_entries=0 expected=0
CASE_PASS m=256 n=7 sve16_entries=0 expected=0
CASE_PASS m=256 n=8 sve16_entries=0 expected=0
CASE_PASS m=256 n=9 sve16_entries=0 expected=0
CASE_PASS m=256 n=17 sve16_entries=0 expected=0
CASE_PASS m=257 n=1 sve16_entries=0 expected=0
CASE_PASS m=257 n=7 sve16_entries=0 expected=0
CASE_PASS m=257 n=8 sve16_entries=0 expected=0
CASE_PASS m=257 n=9 sve16_entries=0 expected=0
CASE_PASS m=257 n=17 sve16_entries=0 expected=0
PASS whole_cases=80 noop_cases=4 non_dyadic_long_double_RHS=1 padding_L_unchanged=1 max_error=1.1102230246251565e-16
MODE=full THREADS=4 NARROW_VL=1 EXPECT_SVE16=0
CASE_PASS m=1 n=1 sve16_entries=0 expected=0
CASE_PASS m=1 n=7 sve16_entries=0 expected=0
CASE_PASS m=1 n=8 sve16_entries=0 expected=0
CASE_PASS m=1 n=9 sve16_entries=0 expected=0
CASE_PASS m=1 n=17 sve16_entries=0 expected=0
CASE_PASS m=3 n=1 sve16_entries=0 expected=0
CASE_PASS m=3 n=7 sve16_entries=0 expected=0
CASE_PASS m=3 n=8 sve16_entries=0 expected=0
CASE_PASS m=3 n=9 sve16_entries=0 expected=0
CASE_PASS m=3 n=17 sve16_entries=0 expected=0
CASE_PASS m=4 n=1 sve16_entries=0 expected=0
CASE_PASS m=4 n=7 sve16_entries=0 expected=0
CASE_PASS m=4 n=8 sve16_entries=0 expected=0
CASE_PASS m=4 n=9 sve16_entries=0 expected=0
CASE_PASS m=4 n=17 sve16_entries=0 expected=0
CASE_PASS m=5 n=1 sve16_entries=0 expected=0
CASE_PASS m=5 n=7 sve16_entries=0 expected=0
CASE_PASS m=5 n=8 sve16_entries=0 expected=0
CASE_PASS m=5 n=9 sve16_entries=0 expected=0
CASE_PASS m=5 n=17 sve16_entries=0 expected=0
CASE_PASS m=15 n=1 sve16_entries=0 expected=0
CASE_PASS m=15 n=7 sve16_entries=0 expected=0
CASE_PASS m=15 n=8 sve16_entries=0 expected=0
CASE_PASS m=15 n=9 sve16_entries=0 expected=0
CASE_PASS m=15 n=17 sve16_entries=0 expected=0
CASE_PASS m=16 n=1 sve16_entries=0 expected=0
CASE_PASS m=16 n=7 sve16_entries=0 expected=0
CASE_PASS m=16 n=8 sve16_entries=0 expected=0
CASE_PASS m=16 n=9 sve16_entries=0 expected=0
CASE_PASS m=16 n=17 sve16_entries=0 expected=0
CASE_PASS m=17 n=1 sve16_entries=0 expected=0
CASE_PASS m=17 n=7 sve16_entries=0 expected=0
CASE_PASS m=17 n=8 sve16_entries=0 expected=0
CASE_PASS m=17 n=9 sve16_entries=0 expected=0
CASE_PASS m=17 n=17 sve16_entries=0 expected=0
CASE_PASS m=31 n=1 sve16_entries=0 expected=0
CASE_PASS m=31 n=7 sve16_entries=0 expected=0
CASE_PASS m=31 n=8 sve16_entries=0 expected=0
CASE_PASS m=31 n=9 sve16_entries=0 expected=0
CASE_PASS m=31 n=17 sve16_entries=0 expected=0
CASE_PASS m=32 n=1 sve16_entries=0 expected=0
CASE_PASS m=32 n=7 sve16_entries=0 expected=0
CASE_PASS m=32 n=8 sve16_entries=0 expected=0
CASE_PASS m=32 n=9 sve16_entries=0 expected=0
CASE_PASS m=32 n=17 sve16_entries=0 expected=0
CASE_PASS m=33 n=1 sve16_entries=0 expected=0
CASE_PASS m=33 n=7 sve16_entries=0 expected=0
CASE_PASS m=33 n=8 sve16_entries=0 expected=0
CASE_PASS m=33 n=9 sve16_entries=0 expected=0
CASE_PASS m=33 n=17 sve16_entries=0 expected=0
CASE_PASS m=63 n=1 sve16_entries=0 expected=0
CASE_PASS m=63 n=7 sve16_entries=0 expected=0
CASE_PASS m=63 n=8 sve16_entries=0 expected=0
CASE_PASS m=63 n=9 sve16_entries=0 expected=0
CASE_PASS m=63 n=17 sve16_entries=0 expected=0
CASE_PASS m=64 n=1 sve16_entries=0 expected=0
CASE_PASS m=64 n=7 sve16_entries=0 expected=0
CASE_PASS m=64 n=8 sve16_entries=0 expected=0
CASE_PASS m=64 n=9 sve16_entries=0 expected=0
CASE_PASS m=64 n=17 sve16_entries=0 expected=0
CASE_PASS m=65 n=1 sve16_entries=0 expected=0
CASE_PASS m=65 n=7 sve16_entries=0 expected=0
CASE_PASS m=65 n=8 sve16_entries=0 expected=0
CASE_PASS m=65 n=9 sve16_entries=0 expected=0
CASE_PASS m=65 n=17 sve16_entries=0 expected=0
CASE_PASS m=255 n=1 sve16_entries=0 expected=0
CASE_PASS m=255 n=7 sve16_entries=0 expected=0
CASE_PASS m=255 n=8 sve16_entries=0 expected=0
CASE_PASS m=255 n=9 sve16_entries=0 expected=0
CASE_PASS m=255 n=17 sve16_entries=0 expected=0
CASE_PASS m=256 n=1 sve16_entries=0 expected=0
CASE_PASS m=256 n=7 sve16_entries=0 expected=0
CASE_PASS m=256 n=8 sve16_entries=0 expected=0
CASE_PASS m=256 n=9 sve16_entries=0 expected=0
CASE_PASS m=256 n=17 sve16_entries=0 expected=0
CASE_PASS m=257 n=1 sve16_entries=0 expected=0
CASE_PASS m=257 n=7 sve16_entries=0 expected=0
CASE_PASS m=257 n=8 sve16_entries=0 expected=0
CASE_PASS m=257 n=9 sve16_entries=0 expected=0
CASE_PASS m=257 n=17 sve16_entries=0 expected=0
PASS whole_cases=80 noop_cases=4 non_dyadic_long_double_RHS=1 padding_L_unchanged=1 max_error=1.1102230246251565e-16
TRSM_PREFLIGHT_COMPLETE=1 MICRO_CASES=0 WHOLE_CASES=406 NOOP_CASES=28
Compiler: gcc (gcc for openEuler 3.0.2) 12.3.1
CPUs=76-113 NUMA=2 threads=38
Reference BLAS: official kblas

================================= TRSM测试 ================================
     M       N     Time(ms)       GFLOPS 最大误差   校验
---------------------------------------------------------------------------
   512 x 19968        24.19     216.3656     1.67e-16     PASS

================================= TRSM测试 ================================
     M       N     Time(ms)       GFLOPS 最大误差   校验
---------------------------------------------------------------------------
  2432 x 17024       290.75     346.3143     2.22e-16     PASS

================================= TRSM测试 ================================
     M       N     Time(ms)       GFLOPS 最大误差   校验
---------------------------------------------------------------------------
 17024 x   512       207.38     715.5437     1.11e-15     PASS
All three official cases PASS. Logs: results/run-20260912-103028-XBpe3Q
Compiler: gcc (gcc for openEuler 3.0.2) 12.3.1
CPUs=76-113 NUMA=2 threads=38
Reference BLAS: official kblas

================================= TRSM测试 ================================
     M       N     Time(ms)       GFLOPS 最大误差   校验
---------------------------------------------------------------------------
   512 x 19968        18.50     282.9638     1.67e-16     PASS

================================= TRSM测试 ================================
     M       N     Time(ms)       GFLOPS 最大误差   校验
---------------------------------------------------------------------------
  2432 x 17024       236.86     425.1079     2.22e-16     PASS

================================= TRSM测试 ================================
     M       N     Time(ms)       GFLOPS 最大误差   校验
---------------------------------------------------------------------------
 17024 x   512       192.69     770.0780     1.11e-15     PASS
All three official cases PASS. Logs: results/run-20260912-103037-xLTbK9
Compiler: gcc (gcc for openEuler 3.0.2) 12.3.1
CPUs=76-113 NUMA=2 threads=38
Reference BLAS: official kblas

================================= TRSM测试 ================================
     M       N     Time(ms)       GFLOPS 最大误差   校验
---------------------------------------------------------------------------
   512 x 19968        22.95     228.0340     1.67e-16     PASS

================================= TRSM测试 ================================
     M       N     Time(ms)       GFLOPS 最大误差   校验
---------------------------------------------------------------------------
  2432 x 17024       290.95     346.0693     2.22e-16     PASS

================================= TRSM测试 ================================
     M       N     Time(ms)       GFLOPS 最大误差   校验
---------------------------------------------------------------------------
 17024 x   512       194.65     762.3176     1.11e-15     PASS
All three official cases PASS. Logs: results/run-20260912-103046-mGBVhp
Compiler: gcc (gcc for openEuler 3.0.2) 12.3.1
CPUs=76-113 NUMA=2 threads=38
Reference BLAS: official kblas

================================= TRSM测试 ================================
     M       N     Time(ms)       GFLOPS 最大误差   校验
---------------------------------------------------------------------------
   512 x 19968        18.79     278.5587     1.67e-16     PASS

================================= TRSM测试 ================================
     M       N     Time(ms)       GFLOPS 最大误差   校验
---------------------------------------------------------------------------
  2432 x 17024       227.23     443.1209     2.22e-16     PASS

================================= TRSM测试 ================================
     M       N     Time(ms)       GFLOPS 最大误差   校验
---------------------------------------------------------------------------
 17024 x   512       193.56     766.6186     1.11e-15     PASS
All three official cases PASS. Logs: results/run-20260912-103054-mbFHsR
Compiler: gcc (gcc for openEuler 3.0.2) 12.3.1
CPUs=76-113 NUMA=2 threads=38
Reference BLAS: official kblas

================================= TRSM测试 ================================
     M       N     Time(ms)       GFLOPS 最大误差   校验
---------------------------------------------------------------------------
   512 x 19968        23.30     224.6804     1.67e-16     PASS

================================= TRSM测试 ================================
     M       N     Time(ms)       GFLOPS 最大误差   校验
---------------------------------------------------------------------------
  2432 x 17024       290.26     346.9025     2.22e-16     PASS

================================= TRSM测试 ================================
     M       N     Time(ms)       GFLOPS 最大误差   校验
---------------------------------------------------------------------------
 17024 x   512       194.08     764.5426     1.11e-15     PASS
All three official cases PASS. Logs: results/run-20260912-103105-TY7tUo
Compiler: gcc (gcc for openEuler 3.0.2) 12.3.1
CPUs=76-113 NUMA=2 threads=38
Reference BLAS: official kblas

================================= TRSM测试 ================================
     M       N     Time(ms)       GFLOPS 最大误差   校验
---------------------------------------------------------------------------
   512 x 19968        23.86     219.4020     1.67e-16     PASS

================================= TRSM测试 ================================
     M       N     Time(ms)       GFLOPS 最大误差   校验
---------------------------------------------------------------------------
  2432 x 17024       291.12     345.8671     2.22e-16     PASS

================================= TRSM测试 ================================
     M       N     Time(ms)       GFLOPS 最大误差   校验
---------------------------------------------------------------------------
 17024 x   512       192.54     770.6733     1.11e-15     PASS
All three official cases PASS. Logs: results/run-20260912-103113-hcXjYe
Compiler: gcc (gcc for openEuler 3.0.2) 12.3.1
CPUs=76-113 NUMA=2 threads=38
Reference BLAS: official kblas

================================= TRSM测试 ================================
     M       N     Time(ms)       GFLOPS 最大误差   校验
---------------------------------------------------------------------------
   512 x 19968        24.21     216.2272     1.67e-16     PASS

================================= TRSM测试 ================================
     M       N     Time(ms)       GFLOPS 最大误差   校验
---------------------------------------------------------------------------
  2432 x 17024       291.30     345.6643     2.22e-16     PASS

================================= TRSM测试 ================================
     M       N     Time(ms)       GFLOPS 最大误差   校验
---------------------------------------------------------------------------
 17024 x   512       194.76     761.9106     1.11e-15     PASS
All three official cases PASS. Logs: results/run-20260912-103121-9scUYR
Compiler: gcc (gcc for openEuler 3.0.2) 12.3.1
CPUs=76-113 NUMA=2 threads=38
Reference BLAS: official kblas

================================= TRSM测试 ================================
     M       N     Time(ms)       GFLOPS 最大误差   校验
---------------------------------------------------------------------------
   512 x 19968        23.42     223.4867     1.67e-16     PASS

================================= TRSM测试 ================================
     M       N     Time(ms)       GFLOPS 最大误差   校验
---------------------------------------------------------------------------
  2432 x 17024       292.08     344.7367     2.22e-16     PASS

================================= TRSM测试 ================================
     M       N     Time(ms)       GFLOPS 最大误差   校验
---------------------------------------------------------------------------
 17024 x   512       193.58     766.5211     1.11e-15     PASS
All three official cases PASS. Logs: results/run-20260912-103132-tzyzAp
Compiler: gcc (gcc for openEuler 3.0.2) 12.3.1
CPUs=76-113 NUMA=2 threads=38
Reference BLAS: official kblas

================================= TRSM测试 ================================
     M       N     Time(ms)       GFLOPS 最大误差   校验
---------------------------------------------------------------------------
   512 x 19968        18.74     279.3739     1.67e-16     PASS

================================= TRSM测试 ================================
     M       N     Time(ms)       GFLOPS 最大误差   校验
---------------------------------------------------------------------------
  2432 x 17024       236.16     426.3657     2.22e-16     PASS

================================= TRSM测试 ================================
     M       N     Time(ms)       GFLOPS 最大误差   校验
---------------------------------------------------------------------------
 17024 x   512       192.11     772.4030     1.11e-15     PASS
All three official cases PASS. Logs: results/run-20260912-103140-EMxIwo
