LINKAGE_REPEAT 1/3 BEGIN
JOB_ID=1579600
BINARY=/CLUSTER_USER_HOME/kunpeng-experiments/trsm-kml251-21d15d9cc18c/T13-sve4x32-repeat-r11/source/trsm_test
LDD_EXIT_CODE=0
	linux-vdso.so.1 (0x000040000ab57000)
	libm.so.6 => /usr/lib64/libm.so.6 (0x000040000ab70000)
	libkblas.so.25.1.0 => /opt/donaudata/donau/HPCKit_25.1.0_Linux-aarch64/package/KunpengHPCKit-kml.25.1.0/gcclib/sme/kblas/multi/libkblas.so.25.1.0 (0x000040000ac20000)
	libgomp.so.1 => /CLUSTER_USER_HOME/kunpeng-experiments/trsm-kml251-f6110e522b93/compiler-private/gcc-12.3.1-2025.03-aarch64-linux/lib64/libgomp.so.1 (0x0000400010d60000)
	libc.so.6 => /usr/lib64/libc.so.6 (0x0000400010dd0000)
	/lib/ld-linux-aarch64.so.1 (0x000040000ab2d000)
	libdl.so.2 => /usr/lib64/libdl.so.2 (0x0000400010f90000)
	libpthread.so.0 => /usr/lib64/libpthread.so.0 (0x0000400010fc0000)
KML251_LINKED_LIBRARY=/opt/donaudata/donau/HPCKit_25.1.0_Linux-aarch64/package/KunpengHPCKit-kml.25.1.0/gcclib/sme/kblas/multi/libkblas.so.25.1.0
GOMP_LINKED_LIBRARY=/CLUSTER_USER_HOME/kunpeng-experiments/trsm-kml251-f6110e522b93/compiler-private/gcc-12.3.1-2025.03-aarch64-linux/lib64/libgomp.so.1.0.0
KML251_DEPENDENCY_AUDIT_PASS=1
LINKAGE_REPEAT 1/3 END
LINKAGE_REPEAT 2/3 BEGIN
JOB_ID=1579600
BINARY=/CLUSTER_USER_HOME/kunpeng-experiments/trsm-kml251-21d15d9cc18c/T13-sve4x32-repeat-r11/source/trsm_test
LDD_EXIT_CODE=0
	linux-vdso.so.1 (0x000040002d52a000)
	libm.so.6 => /usr/lib64/libm.so.6 (0x000040002d550000)
	libkblas.so.25.1.0 => /opt/donaudata/donau/HPCKit_25.1.0_Linux-aarch64/package/KunpengHPCKit-kml.25.1.0/gcclib/sme/kblas/multi/libkblas.so.25.1.0 (0x000040002d600000)
	libgomp.so.1 => /CLUSTER_USER_HOME/kunpeng-experiments/trsm-kml251-f6110e522b93/compiler-private/gcc-12.3.1-2025.03-aarch64-linux/lib64/libgomp.so.1 (0x0000400033730000)
	libc.so.6 => /usr/lib64/libc.so.6 (0x00004000337a0000)
	/lib/ld-linux-aarch64.so.1 (0x000040002d500000)
	libdl.so.2 => /usr/lib64/libdl.so.2 (0x0000400033960000)
	libpthread.so.0 => /usr/lib64/libpthread.so.0 (0x0000400033990000)
KML251_LINKED_LIBRARY=/opt/donaudata/donau/HPCKit_25.1.0_Linux-aarch64/package/KunpengHPCKit-kml.25.1.0/gcclib/sme/kblas/multi/libkblas.so.25.1.0
GOMP_LINKED_LIBRARY=/CLUSTER_USER_HOME/kunpeng-experiments/trsm-kml251-f6110e522b93/compiler-private/gcc-12.3.1-2025.03-aarch64-linux/lib64/libgomp.so.1.0.0
KML251_DEPENDENCY_AUDIT_PASS=1
LINKAGE_REPEAT 2/3 END
LINKAGE_REPEAT 3/3 BEGIN
JOB_ID=1579600
BINARY=/CLUSTER_USER_HOME/kunpeng-experiments/trsm-kml251-21d15d9cc18c/T13-sve4x32-repeat-r11/source/trsm_test
LDD_EXIT_CODE=0
	linux-vdso.so.1 (0x0000400029470000)
	libm.so.6 => /usr/lib64/libm.so.6 (0x0000400029490000)
	libkblas.so.25.1.0 => /opt/donaudata/donau/HPCKit_25.1.0_Linux-aarch64/package/KunpengHPCKit-kml.25.1.0/gcclib/sme/kblas/multi/libkblas.so.25.1.0 (0x0000400029540000)
	libgomp.so.1 => /CLUSTER_USER_HOME/kunpeng-experiments/trsm-kml251-f6110e522b93/compiler-private/gcc-12.3.1-2025.03-aarch64-linux/lib64/libgomp.so.1 (0x000040002f680000)
	libc.so.6 => /usr/lib64/libc.so.6 (0x000040002f6f0000)
	/lib/ld-linux-aarch64.so.1 (0x0000400029446000)
	libdl.so.2 => /usr/lib64/libdl.so.2 (0x000040002f8b0000)
	libpthread.so.0 => /usr/lib64/libpthread.so.0 (0x000040002f8e0000)
KML251_LINKED_LIBRARY=/opt/donaudata/donau/HPCKit_25.1.0_Linux-aarch64/package/KunpengHPCKit-kml.25.1.0/gcclib/sme/kblas/multi/libkblas.so.25.1.0
GOMP_LINKED_LIBRARY=/CLUSTER_USER_HOME/kunpeng-experiments/trsm-kml251-f6110e522b93/compiler-private/gcc-12.3.1-2025.03-aarch64-linux/lib64/libgomp.so.1.0.0
KML251_DEPENDENCY_AUDIT_PASS=1
LINKAGE_REPEAT 3/3 END
