LINKAGE_REPEAT 1/3 BEGIN
JOB_ID=1579645
BINARY=/CLUSTER_USER_HOME/kunpeng-experiments/trsm-kml251-b9ae2bf8464f/T8-control12-repeat-r12/source/trsm_test
LDD_EXIT_CODE=0
	linux-vdso.so.1 (0x000040002f681000)
	libm.so.6 => /usr/lib64/libm.so.6 (0x000040002f6a0000)
	libkblas.so.25.1.0 => /opt/donaudata/donau/HPCKit_25.1.0_Linux-aarch64/package/KunpengHPCKit-kml.25.1.0/gcclib/sme/kblas/multi/libkblas.so.25.1.0 (0x000040002f750000)
	libgomp.so.1 => /CLUSTER_USER_HOME/kunpeng-experiments/trsm-kml251-f6110e522b93/compiler-private/gcc-12.3.1-2025.03-aarch64-linux/lib64/libgomp.so.1 (0x0000400035890000)
	libc.so.6 => /usr/lib64/libc.so.6 (0x0000400035900000)
	/lib/ld-linux-aarch64.so.1 (0x000040002f657000)
	libdl.so.2 => /usr/lib64/libdl.so.2 (0x0000400035ac0000)
	libpthread.so.0 => /usr/lib64/libpthread.so.0 (0x0000400035af0000)
KML251_LINKED_LIBRARY=/opt/donaudata/donau/HPCKit_25.1.0_Linux-aarch64/package/KunpengHPCKit-kml.25.1.0/gcclib/sme/kblas/multi/libkblas.so.25.1.0
GOMP_LINKED_LIBRARY=/CLUSTER_USER_HOME/kunpeng-experiments/trsm-kml251-f6110e522b93/compiler-private/gcc-12.3.1-2025.03-aarch64-linux/lib64/libgomp.so.1.0.0
KML251_DEPENDENCY_AUDIT_PASS=1
LINKAGE_REPEAT 1/3 END
LINKAGE_REPEAT 2/3 BEGIN
JOB_ID=1579645
BINARY=/CLUSTER_USER_HOME/kunpeng-experiments/trsm-kml251-b9ae2bf8464f/T8-control12-repeat-r12/source/trsm_test
LDD_EXIT_CODE=0
	linux-vdso.so.1 (0x0000400014ab5000)
	libm.so.6 => /usr/lib64/libm.so.6 (0x0000400014ad0000)
	libkblas.so.25.1.0 => /opt/donaudata/donau/HPCKit_25.1.0_Linux-aarch64/package/KunpengHPCKit-kml.25.1.0/gcclib/sme/kblas/multi/libkblas.so.25.1.0 (0x0000400014b80000)
	libgomp.so.1 => /CLUSTER_USER_HOME/kunpeng-experiments/trsm-kml251-f6110e522b93/compiler-private/gcc-12.3.1-2025.03-aarch64-linux/lib64/libgomp.so.1 (0x000040001acc0000)
	libc.so.6 => /usr/lib64/libc.so.6 (0x000040001ad30000)
	/lib/ld-linux-aarch64.so.1 (0x0000400014a8b000)
	libdl.so.2 => /usr/lib64/libdl.so.2 (0x000040001aef0000)
	libpthread.so.0 => /usr/lib64/libpthread.so.0 (0x000040001af20000)
KML251_LINKED_LIBRARY=/opt/donaudata/donau/HPCKit_25.1.0_Linux-aarch64/package/KunpengHPCKit-kml.25.1.0/gcclib/sme/kblas/multi/libkblas.so.25.1.0
GOMP_LINKED_LIBRARY=/CLUSTER_USER_HOME/kunpeng-experiments/trsm-kml251-f6110e522b93/compiler-private/gcc-12.3.1-2025.03-aarch64-linux/lib64/libgomp.so.1.0.0
KML251_DEPENDENCY_AUDIT_PASS=1
LINKAGE_REPEAT 2/3 END
LINKAGE_REPEAT 3/3 BEGIN
JOB_ID=1579645
BINARY=/CLUSTER_USER_HOME/kunpeng-experiments/trsm-kml251-b9ae2bf8464f/T8-control12-repeat-r12/source/trsm_test
LDD_EXIT_CODE=0
	linux-vdso.so.1 (0x000040002168d000)
	libm.so.6 => /usr/lib64/libm.so.6 (0x00004000216b0000)
	libkblas.so.25.1.0 => /opt/donaudata/donau/HPCKit_25.1.0_Linux-aarch64/package/KunpengHPCKit-kml.25.1.0/gcclib/sme/kblas/multi/libkblas.so.25.1.0 (0x0000400021760000)
	libgomp.so.1 => /CLUSTER_USER_HOME/kunpeng-experiments/trsm-kml251-f6110e522b93/compiler-private/gcc-12.3.1-2025.03-aarch64-linux/lib64/libgomp.so.1 (0x00004000278a0000)
	libc.so.6 => /usr/lib64/libc.so.6 (0x0000400027910000)
	/lib/ld-linux-aarch64.so.1 (0x0000400021663000)
	libdl.so.2 => /usr/lib64/libdl.so.2 (0x0000400027ad0000)
	libpthread.so.0 => /usr/lib64/libpthread.so.0 (0x0000400027b00000)
KML251_LINKED_LIBRARY=/opt/donaudata/donau/HPCKit_25.1.0_Linux-aarch64/package/KunpengHPCKit-kml.25.1.0/gcclib/sme/kblas/multi/libkblas.so.25.1.0
GOMP_LINKED_LIBRARY=/CLUSTER_USER_HOME/kunpeng-experiments/trsm-kml251-f6110e522b93/compiler-private/gcc-12.3.1-2025.03-aarch64-linux/lib64/libgomp.so.1.0.0
KML251_DEPENDENCY_AUDIT_PASS=1
LINKAGE_REPEAT 3/3 END
