LINKAGE_REPEAT 1/3 BEGIN
JOB_ID=1581862
BINARY=/CLUSTER_USER_HOME/kunpeng-experiments/trsm-kml251-37c4ced6b4bd/T19-control13-repeat-r17/source/trsm_test
LDD_EXIT_CODE=0
	linux-vdso.so.1 (0x0000400001f90000)
	libm.so.6 => /usr/lib64/libm.so.6 (0x0000400001fb0000)
	libkblas.so.25.1.0 => /opt/donaudata/donau/HPCKit_25.1.0_Linux-aarch64/package/KunpengHPCKit-kml.25.1.0/gcclib/sme/kblas/multi/libkblas.so.25.1.0 (0x0000400002060000)
	libgomp.so.1 => /CLUSTER_USER_HOME/kunpeng-experiments/trsm-kml251-f6110e522b93/compiler-private/gcc-12.3.1-2025.03-aarch64-linux/lib64/libgomp.so.1 (0x00004000081a0000)
	libc.so.6 => /usr/lib64/libc.so.6 (0x0000400008210000)
	/lib/ld-linux-aarch64.so.1 (0x0000400001f66000)
	libdl.so.2 => /usr/lib64/libdl.so.2 (0x00004000083d0000)
	libpthread.so.0 => /usr/lib64/libpthread.so.0 (0x0000400008400000)
KML251_LINKED_LIBRARY=/opt/donaudata/donau/HPCKit_25.1.0_Linux-aarch64/package/KunpengHPCKit-kml.25.1.0/gcclib/sme/kblas/multi/libkblas.so.25.1.0
GOMP_LINKED_LIBRARY=/CLUSTER_USER_HOME/kunpeng-experiments/trsm-kml251-f6110e522b93/compiler-private/gcc-12.3.1-2025.03-aarch64-linux/lib64/libgomp.so.1.0.0
KML251_DEPENDENCY_AUDIT_PASS=1
LINKAGE_REPEAT 1/3 END
LINKAGE_REPEAT 2/3 BEGIN
JOB_ID=1581862
BINARY=/CLUSTER_USER_HOME/kunpeng-experiments/trsm-kml251-37c4ced6b4bd/T19-control13-repeat-r17/source/trsm_test
LDD_EXIT_CODE=0
	linux-vdso.so.1 (0x0000400023cc7000)
	libm.so.6 => /usr/lib64/libm.so.6 (0x0000400023ce0000)
	libkblas.so.25.1.0 => /opt/donaudata/donau/HPCKit_25.1.0_Linux-aarch64/package/KunpengHPCKit-kml.25.1.0/gcclib/sme/kblas/multi/libkblas.so.25.1.0 (0x0000400023d90000)
	libgomp.so.1 => /CLUSTER_USER_HOME/kunpeng-experiments/trsm-kml251-f6110e522b93/compiler-private/gcc-12.3.1-2025.03-aarch64-linux/lib64/libgomp.so.1 (0x0000400029ed0000)
	libc.so.6 => /usr/lib64/libc.so.6 (0x0000400029f40000)
	/lib/ld-linux-aarch64.so.1 (0x0000400023c9d000)
	libdl.so.2 => /usr/lib64/libdl.so.2 (0x000040002a100000)
	libpthread.so.0 => /usr/lib64/libpthread.so.0 (0x000040002a130000)
KML251_LINKED_LIBRARY=/opt/donaudata/donau/HPCKit_25.1.0_Linux-aarch64/package/KunpengHPCKit-kml.25.1.0/gcclib/sme/kblas/multi/libkblas.so.25.1.0
GOMP_LINKED_LIBRARY=/CLUSTER_USER_HOME/kunpeng-experiments/trsm-kml251-f6110e522b93/compiler-private/gcc-12.3.1-2025.03-aarch64-linux/lib64/libgomp.so.1.0.0
KML251_DEPENDENCY_AUDIT_PASS=1
LINKAGE_REPEAT 2/3 END
LINKAGE_REPEAT 3/3 BEGIN
JOB_ID=1581862
BINARY=/CLUSTER_USER_HOME/kunpeng-experiments/trsm-kml251-37c4ced6b4bd/T19-control13-repeat-r17/source/trsm_test
LDD_EXIT_CODE=0
	linux-vdso.so.1 (0x000040003e7bf000)
	libm.so.6 => /usr/lib64/libm.so.6 (0x000040003e7e0000)
	libkblas.so.25.1.0 => /opt/donaudata/donau/HPCKit_25.1.0_Linux-aarch64/package/KunpengHPCKit-kml.25.1.0/gcclib/sme/kblas/multi/libkblas.so.25.1.0 (0x000040003e890000)
	libgomp.so.1 => /CLUSTER_USER_HOME/kunpeng-experiments/trsm-kml251-f6110e522b93/compiler-private/gcc-12.3.1-2025.03-aarch64-linux/lib64/libgomp.so.1 (0x00004000449d0000)
	libc.so.6 => /usr/lib64/libc.so.6 (0x0000400044a40000)
	/lib/ld-linux-aarch64.so.1 (0x000040003e795000)
	libdl.so.2 => /usr/lib64/libdl.so.2 (0x0000400044c00000)
	libpthread.so.0 => /usr/lib64/libpthread.so.0 (0x0000400044c30000)
KML251_LINKED_LIBRARY=/opt/donaudata/donau/HPCKit_25.1.0_Linux-aarch64/package/KunpengHPCKit-kml.25.1.0/gcclib/sme/kblas/multi/libkblas.so.25.1.0
GOMP_LINKED_LIBRARY=/CLUSTER_USER_HOME/kunpeng-experiments/trsm-kml251-f6110e522b93/compiler-private/gcc-12.3.1-2025.03-aarch64-linux/lib64/libgomp.so.1.0.0
KML251_DEPENDENCY_AUDIT_PASS=1
LINKAGE_REPEAT 3/3 END
