LINKAGE_REPEAT 1/3 BEGIN
JOB_ID=1579444
BINARY=/CLUSTER_USER_HOME/kunpeng-experiments/trsm-kml251-92ddf5fc3998/T11-sve8x16/source/trsm_test
LDD_EXIT_CODE=0
	linux-vdso.so.1 (0x000040003fa27000)
	libm.so.6 => /usr/lib64/libm.so.6 (0x000040003fa40000)
	libkblas.so.25.1.0 => /opt/donaudata/donau/HPCKit_25.1.0_Linux-aarch64/package/KunpengHPCKit-kml.25.1.0/gcclib/sme/kblas/multi/libkblas.so.25.1.0 (0x000040003faf0000)
	libgomp.so.1 => /CLUSTER_USER_HOME/kunpeng-experiments/trsm-kml251-f6110e522b93/compiler-private/gcc-12.3.1-2025.03-aarch64-linux/lib64/libgomp.so.1 (0x0000400045c30000)
	libc.so.6 => /usr/lib64/libc.so.6 (0x0000400045ca0000)
	/lib/ld-linux-aarch64.so.1 (0x000040003f9fd000)
	libdl.so.2 => /usr/lib64/libdl.so.2 (0x0000400045e60000)
	libpthread.so.0 => /usr/lib64/libpthread.so.0 (0x0000400045e90000)
KML251_LINKED_LIBRARY=/opt/donaudata/donau/HPCKit_25.1.0_Linux-aarch64/package/KunpengHPCKit-kml.25.1.0/gcclib/sme/kblas/multi/libkblas.so.25.1.0
GOMP_LINKED_LIBRARY=/CLUSTER_USER_HOME/kunpeng-experiments/trsm-kml251-f6110e522b93/compiler-private/gcc-12.3.1-2025.03-aarch64-linux/lib64/libgomp.so.1.0.0
KML251_DEPENDENCY_AUDIT_PASS=1
LINKAGE_REPEAT 1/3 END
LINKAGE_REPEAT 2/3 BEGIN
JOB_ID=1579444
BINARY=/CLUSTER_USER_HOME/kunpeng-experiments/trsm-kml251-92ddf5fc3998/T11-sve8x16/source/trsm_test
LDD_EXIT_CODE=0
	linux-vdso.so.1 (0x00004000117c9000)
	libm.so.6 => /usr/lib64/libm.so.6 (0x00004000117f0000)
	libkblas.so.25.1.0 => /opt/donaudata/donau/HPCKit_25.1.0_Linux-aarch64/package/KunpengHPCKit-kml.25.1.0/gcclib/sme/kblas/multi/libkblas.so.25.1.0 (0x00004000118a0000)
	libgomp.so.1 => /CLUSTER_USER_HOME/kunpeng-experiments/trsm-kml251-f6110e522b93/compiler-private/gcc-12.3.1-2025.03-aarch64-linux/lib64/libgomp.so.1 (0x00004000179d0000)
	libc.so.6 => /usr/lib64/libc.so.6 (0x0000400017a40000)
	/lib/ld-linux-aarch64.so.1 (0x000040001179f000)
	libdl.so.2 => /usr/lib64/libdl.so.2 (0x0000400017c00000)
	libpthread.so.0 => /usr/lib64/libpthread.so.0 (0x0000400017c30000)
KML251_LINKED_LIBRARY=/opt/donaudata/donau/HPCKit_25.1.0_Linux-aarch64/package/KunpengHPCKit-kml.25.1.0/gcclib/sme/kblas/multi/libkblas.so.25.1.0
GOMP_LINKED_LIBRARY=/CLUSTER_USER_HOME/kunpeng-experiments/trsm-kml251-f6110e522b93/compiler-private/gcc-12.3.1-2025.03-aarch64-linux/lib64/libgomp.so.1.0.0
KML251_DEPENDENCY_AUDIT_PASS=1
LINKAGE_REPEAT 2/3 END
LINKAGE_REPEAT 3/3 BEGIN
JOB_ID=1579444
BINARY=/CLUSTER_USER_HOME/kunpeng-experiments/trsm-kml251-92ddf5fc3998/T11-sve8x16/source/trsm_test
LDD_EXIT_CODE=0
	linux-vdso.so.1 (0x0000400001788000)
	libm.so.6 => /usr/lib64/libm.so.6 (0x00004000017a0000)
	libkblas.so.25.1.0 => /opt/donaudata/donau/HPCKit_25.1.0_Linux-aarch64/package/KunpengHPCKit-kml.25.1.0/gcclib/sme/kblas/multi/libkblas.so.25.1.0 (0x0000400001860000)
	libgomp.so.1 => /CLUSTER_USER_HOME/kunpeng-experiments/trsm-kml251-f6110e522b93/compiler-private/gcc-12.3.1-2025.03-aarch64-linux/lib64/libgomp.so.1 (0x0000400007990000)
	libc.so.6 => /usr/lib64/libc.so.6 (0x0000400007a00000)
	/lib/ld-linux-aarch64.so.1 (0x000040000175e000)
	libdl.so.2 => /usr/lib64/libdl.so.2 (0x0000400007bc0000)
	libpthread.so.0 => /usr/lib64/libpthread.so.0 (0x0000400007bf0000)
KML251_LINKED_LIBRARY=/opt/donaudata/donau/HPCKit_25.1.0_Linux-aarch64/package/KunpengHPCKit-kml.25.1.0/gcclib/sme/kblas/multi/libkblas.so.25.1.0
GOMP_LINKED_LIBRARY=/CLUSTER_USER_HOME/kunpeng-experiments/trsm-kml251-f6110e522b93/compiler-private/gcc-12.3.1-2025.03-aarch64-linux/lib64/libgomp.so.1.0.0
KML251_DEPENDENCY_AUDIT_PASS=1
LINKAGE_REPEAT 3/3 END
