LINKAGE_REPEAT 1/3 BEGIN
JOB_ID=1579645
BINARY=/CLUSTER_USER_HOME/kunpeng-experiments/trsm-kml251-b9ae2bf8464f/T16-svetile32/source/trsm_test
LDD_EXIT_CODE=0
	linux-vdso.so.1 (0x0000400036a0b000)
	libm.so.6 => /usr/lib64/libm.so.6 (0x0000400036a30000)
	libkblas.so.25.1.0 => /opt/donaudata/donau/HPCKit_25.1.0_Linux-aarch64/package/KunpengHPCKit-kml.25.1.0/gcclib/sme/kblas/multi/libkblas.so.25.1.0 (0x0000400036ae0000)
	libgomp.so.1 => /CLUSTER_USER_HOME/kunpeng-experiments/trsm-kml251-f6110e522b93/compiler-private/gcc-12.3.1-2025.03-aarch64-linux/lib64/libgomp.so.1 (0x000040003cc10000)
	libc.so.6 => /usr/lib64/libc.so.6 (0x000040003cc90000)
	/lib/ld-linux-aarch64.so.1 (0x00004000369e1000)
	libdl.so.2 => /usr/lib64/libdl.so.2 (0x000040003ce40000)
	libpthread.so.0 => /usr/lib64/libpthread.so.0 (0x000040003ce80000)
KML251_LINKED_LIBRARY=/opt/donaudata/donau/HPCKit_25.1.0_Linux-aarch64/package/KunpengHPCKit-kml.25.1.0/gcclib/sme/kblas/multi/libkblas.so.25.1.0
GOMP_LINKED_LIBRARY=/CLUSTER_USER_HOME/kunpeng-experiments/trsm-kml251-f6110e522b93/compiler-private/gcc-12.3.1-2025.03-aarch64-linux/lib64/libgomp.so.1.0.0
KML251_DEPENDENCY_AUDIT_PASS=1
LINKAGE_REPEAT 1/3 END
LINKAGE_REPEAT 2/3 BEGIN
JOB_ID=1579645
BINARY=/CLUSTER_USER_HOME/kunpeng-experiments/trsm-kml251-b9ae2bf8464f/T16-svetile32/source/trsm_test
LDD_EXIT_CODE=0
	linux-vdso.so.1 (0x00004000146fa000)
	libm.so.6 => /usr/lib64/libm.so.6 (0x0000400014720000)
	libkblas.so.25.1.0 => /opt/donaudata/donau/HPCKit_25.1.0_Linux-aarch64/package/KunpengHPCKit-kml.25.1.0/gcclib/sme/kblas/multi/libkblas.so.25.1.0 (0x00004000147d0000)
	libgomp.so.1 => /CLUSTER_USER_HOME/kunpeng-experiments/trsm-kml251-f6110e522b93/compiler-private/gcc-12.3.1-2025.03-aarch64-linux/lib64/libgomp.so.1 (0x000040001a900000)
	libc.so.6 => /usr/lib64/libc.so.6 (0x000040001a970000)
	/lib/ld-linux-aarch64.so.1 (0x00004000146d0000)
	libdl.so.2 => /usr/lib64/libdl.so.2 (0x000040001ab30000)
	libpthread.so.0 => /usr/lib64/libpthread.so.0 (0x000040001ab60000)
KML251_LINKED_LIBRARY=/opt/donaudata/donau/HPCKit_25.1.0_Linux-aarch64/package/KunpengHPCKit-kml.25.1.0/gcclib/sme/kblas/multi/libkblas.so.25.1.0
GOMP_LINKED_LIBRARY=/CLUSTER_USER_HOME/kunpeng-experiments/trsm-kml251-f6110e522b93/compiler-private/gcc-12.3.1-2025.03-aarch64-linux/lib64/libgomp.so.1.0.0
KML251_DEPENDENCY_AUDIT_PASS=1
LINKAGE_REPEAT 2/3 END
LINKAGE_REPEAT 3/3 BEGIN
JOB_ID=1579645
BINARY=/CLUSTER_USER_HOME/kunpeng-experiments/trsm-kml251-b9ae2bf8464f/T16-svetile32/source/trsm_test
LDD_EXIT_CODE=0
	linux-vdso.so.1 (0x00004000192db000)
	libm.so.6 => /usr/lib64/libm.so.6 (0x0000400019300000)
	libkblas.so.25.1.0 => /opt/donaudata/donau/HPCKit_25.1.0_Linux-aarch64/package/KunpengHPCKit-kml.25.1.0/gcclib/sme/kblas/multi/libkblas.so.25.1.0 (0x00004000193b0000)
	libgomp.so.1 => /CLUSTER_USER_HOME/kunpeng-experiments/trsm-kml251-f6110e522b93/compiler-private/gcc-12.3.1-2025.03-aarch64-linux/lib64/libgomp.so.1 (0x000040001f4e0000)
	libc.so.6 => /usr/lib64/libc.so.6 (0x000040001f560000)
	/lib/ld-linux-aarch64.so.1 (0x00004000192b1000)
	libdl.so.2 => /usr/lib64/libdl.so.2 (0x000040001f710000)
	libpthread.so.0 => /usr/lib64/libpthread.so.0 (0x000040001f750000)
KML251_LINKED_LIBRARY=/opt/donaudata/donau/HPCKit_25.1.0_Linux-aarch64/package/KunpengHPCKit-kml.25.1.0/gcclib/sme/kblas/multi/libkblas.so.25.1.0
GOMP_LINKED_LIBRARY=/CLUSTER_USER_HOME/kunpeng-experiments/trsm-kml251-f6110e522b93/compiler-private/gcc-12.3.1-2025.03-aarch64-linux/lib64/libgomp.so.1.0.0
KML251_DEPENDENCY_AUDIT_PASS=1
LINKAGE_REPEAT 3/3 END
