LINKAGE_REPEAT 1/3 BEGIN
JOB_ID=1579401
BINARY=/CLUSTER_USER_HOME/kunpeng-experiments/trsm-kml251-6a6402c96ae7/T8-control12-repeat-r7/source/trsm_test
LDD_EXIT_CODE=0
	linux-vdso.so.1 (0x0000400034d6a000)
	libm.so.6 => /usr/lib64/libm.so.6 (0x0000400034d90000)
	libkblas.so.25.1.0 => /opt/donaudata/donau/HPCKit_25.1.0_Linux-aarch64/package/KunpengHPCKit-kml.25.1.0/gcclib/sme/kblas/multi/libkblas.so.25.1.0 (0x0000400034e40000)
	libgomp.so.1 => /CLUSTER_USER_HOME/kunpeng-experiments/trsm-kml251-f6110e522b93/compiler-private/gcc-12.3.1-2025.03-aarch64-linux/lib64/libgomp.so.1 (0x000040003af70000)
	libc.so.6 => /usr/lib64/libc.so.6 (0x000040003afe0000)
	/lib/ld-linux-aarch64.so.1 (0x0000400034d40000)
	libdl.so.2 => /usr/lib64/libdl.so.2 (0x000040003b1a0000)
	libpthread.so.0 => /usr/lib64/libpthread.so.0 (0x000040003b1d0000)
KML251_LINKED_LIBRARY=/opt/donaudata/donau/HPCKit_25.1.0_Linux-aarch64/package/KunpengHPCKit-kml.25.1.0/gcclib/sme/kblas/multi/libkblas.so.25.1.0
GOMP_LINKED_LIBRARY=/CLUSTER_USER_HOME/kunpeng-experiments/trsm-kml251-f6110e522b93/compiler-private/gcc-12.3.1-2025.03-aarch64-linux/lib64/libgomp.so.1.0.0
KML251_DEPENDENCY_AUDIT_PASS=1
LINKAGE_REPEAT 1/3 END
LINKAGE_REPEAT 2/3 BEGIN
JOB_ID=1579401
BINARY=/CLUSTER_USER_HOME/kunpeng-experiments/trsm-kml251-6a6402c96ae7/T8-control12-repeat-r7/source/trsm_test
LDD_EXIT_CODE=0
	linux-vdso.so.1 (0x0000400023c3a000)
	libm.so.6 => /usr/lib64/libm.so.6 (0x0000400023c60000)
	libkblas.so.25.1.0 => /opt/donaudata/donau/HPCKit_25.1.0_Linux-aarch64/package/KunpengHPCKit-kml.25.1.0/gcclib/sme/kblas/multi/libkblas.so.25.1.0 (0x0000400023d10000)
	libgomp.so.1 => /CLUSTER_USER_HOME/kunpeng-experiments/trsm-kml251-f6110e522b93/compiler-private/gcc-12.3.1-2025.03-aarch64-linux/lib64/libgomp.so.1 (0x0000400029e40000)
	libc.so.6 => /usr/lib64/libc.so.6 (0x0000400029eb0000)
	/lib/ld-linux-aarch64.so.1 (0x0000400023c10000)
	libdl.so.2 => /usr/lib64/libdl.so.2 (0x000040002a070000)
	libpthread.so.0 => /usr/lib64/libpthread.so.0 (0x000040002a0a0000)
KML251_LINKED_LIBRARY=/opt/donaudata/donau/HPCKit_25.1.0_Linux-aarch64/package/KunpengHPCKit-kml.25.1.0/gcclib/sme/kblas/multi/libkblas.so.25.1.0
GOMP_LINKED_LIBRARY=/CLUSTER_USER_HOME/kunpeng-experiments/trsm-kml251-f6110e522b93/compiler-private/gcc-12.3.1-2025.03-aarch64-linux/lib64/libgomp.so.1.0.0
KML251_DEPENDENCY_AUDIT_PASS=1
LINKAGE_REPEAT 2/3 END
LINKAGE_REPEAT 3/3 BEGIN
JOB_ID=1579401
BINARY=/CLUSTER_USER_HOME/kunpeng-experiments/trsm-kml251-6a6402c96ae7/T8-control12-repeat-r7/source/trsm_test
LDD_EXIT_CODE=0
	linux-vdso.so.1 (0x0000400023f0b000)
	libm.so.6 => /usr/lib64/libm.so.6 (0x0000400023f30000)
	libkblas.so.25.1.0 => /opt/donaudata/donau/HPCKit_25.1.0_Linux-aarch64/package/KunpengHPCKit-kml.25.1.0/gcclib/sme/kblas/multi/libkblas.so.25.1.0 (0x0000400023fe0000)
	libgomp.so.1 => /CLUSTER_USER_HOME/kunpeng-experiments/trsm-kml251-f6110e522b93/compiler-private/gcc-12.3.1-2025.03-aarch64-linux/lib64/libgomp.so.1 (0x000040002a110000)
	libc.so.6 => /usr/lib64/libc.so.6 (0x000040002a190000)
	/lib/ld-linux-aarch64.so.1 (0x0000400023ee1000)
	libdl.so.2 => /usr/lib64/libdl.so.2 (0x000040002a340000)
	libpthread.so.0 => /usr/lib64/libpthread.so.0 (0x000040002a380000)
KML251_LINKED_LIBRARY=/opt/donaudata/donau/HPCKit_25.1.0_Linux-aarch64/package/KunpengHPCKit-kml.25.1.0/gcclib/sme/kblas/multi/libkblas.so.25.1.0
GOMP_LINKED_LIBRARY=/CLUSTER_USER_HOME/kunpeng-experiments/trsm-kml251-f6110e522b93/compiler-private/gcc-12.3.1-2025.03-aarch64-linux/lib64/libgomp.so.1.0.0
KML251_DEPENDENCY_AUDIT_PASS=1
LINKAGE_REPEAT 3/3 END
