SVE_BYTES=32 SVE_LANES=8 BLOCK_OUTPUTS=32 THREADS=4
PASS: 168 convolution cases; readonly input/kernel, guarded allocation edges, poisoned/guarded output, bitwise scalar reference
PREFETCH_CASE kh=5 ow=31 oh=4 hints=0 expected=0
PREFETCH_CASE kh=5 ow=31 oh=16 hints=0 expected=0
PREFETCH_CASE kh=5 ow=32 oh=4 hints=0 expected=0
PREFETCH_CASE kh=5 ow=32 oh=16 hints=0 expected=0
PREFETCH_CASE kh=5 ow=33 oh=4 hints=0 expected=0
PREFETCH_CASE kh=5 ow=33 oh=16 hints=0 expected=0
PREFETCH_CASE kh=6 ow=31 oh=4 hints=0 expected=0
PREFETCH_CASE kh=6 ow=31 oh=16 hints=0 expected=0
PREFETCH_CASE kh=6 ow=32 oh=4 hints=4 expected=4
PREFETCH_CASE kh=6 ow=32 oh=16 hints=16 expected=16
PREFETCH_CASE kh=6 ow=33 oh=4 hints=4 expected=4
PREFETCH_CASE kh=6 ow=33 oh=16 hints=16 expected=16
PREFETCH_CASE kh=7 ow=31 oh=4 hints=0 expected=0
PREFETCH_CASE kh=7 ow=31 oh=16 hints=0 expected=0
PREFETCH_CASE kh=7 ow=32 oh=4 hints=8 expected=8
PREFETCH_CASE kh=7 ow=32 oh=16 hints=32 expected=32
PREFETCH_CASE kh=7 ow=33 oh=4 hints=8 expected=8
PREFETCH_CASE kh=7 ow=33 oh=16 hints=32 expected=32
PREFETCH_PROBE_PASS cases=18 total_hints=120
SVE_PREFIX_ACTUAL_ENTRIES=960 SVE_TAIL_ACTUAL_ENTRIES=960
SVE_ROWPAIR_ACTUAL_ENTRIES=48
SVE_ROWTRIPLE_ACTUAL_ENTRIES=198
SVE_ROWQUAD_ACTUAL_ENTRIES=213
