+ python3 -
ALLOWED_CPUS=76,77,78,79,80,81,82,83,84,85,86,87,88,89,90,91,92,93,94,95,96,97,98,99,100,101,102,103,104,105,106,107,108,109,110,111,112,113
NUMA_NODE=node2
+ source candidate.env
++ EXPECTED_ACC=4
++ CHECK_ROWTRIPLE=1
++ CHECK_ROWQUAD=1
+ [[ 4 == 4 ]]
+ [[ 1 == 0 ]]
+ [[ 1 == 1 ]]
+ [[ 1 == 0 ]]
+ [[ 1 == 1 ]]
+ date -u
Sat Sep 12 08:47:31 UTC 2026
+ hostname
COMPUTE_NODE_1
+ gcc --version
gcc (GCC) 10.3.1
Copyright (C) 2020 Free Software Foundation, Inc.
This is free software; see the source for copying conditions.  There is NO
warranty; not even for MERCHANTABILITY or FITNESS FOR A PARTICULAR PURPOSE.

+ sha256sum conv2d.c check_conv_guard.c check_sve_dispatch.c remote_job.sh candidate.env
+ cat source-sha256.txt
f3869bd86297223921129ca98ee7a7c0835c9b0b28403747271bc88ab84e65cb  conv2d.c
8e5d5927ba4dcf274e09063829f4ad556ff336d4b695e9fd488b576a9baf2fa5  check_conv_guard.c
b3cb5823d16ef73e63701a973d7929027d08b75150771fc846307bcb4695410c  check_sve_dispatch.c
976747d9c8faab641a65cd5bb77f0a1f8e61e01acdc02daef706c273f5184a0a  remote_job.sh
1608433218ec6e2ce9dda9da46810774696d7f877dbc6cfdd44cdc31bf19a841  candidate.env
+ export OMP_DYNAMIC=FALSE OMP_PROC_BIND=close OMP_PLACES=cores
+ OMP_DYNAMIC=FALSE
+ OMP_PROC_BIND=close
+ OMP_PLACES=cores
+ flags=(-O3 -std=c11 -D_DEFAULT_SOURCE -Wall -Wextra -fno-fast-math -ffp-contract=off -mcpu=generic -fopenmp "-DEXPECTED_ACC=$EXPECTED_ACC" "-DCHECK_ROWTRIPLE=$CHECK_ROWTRIPLE" "-DCHECK_ROWQUAD=$CHECK_ROWQUAD")
+ gcc -O3 -std=c11 -D_DEFAULT_SOURCE -Wall -Wextra -fno-fast-math -ffp-contract=off -mcpu=generic -fopenmp -DEXPECTED_ACC=4 -DCHECK_ROWTRIPLE=1 -DCHECK_ROWQUAD=1 check_conv_guard.c conv2d.c -o check_conv_guard
+ for bytes in 16 32 64
+ for threads in 1 4
+ tee guard-vl16-t1.log
+ OMP_NUM_THREADS=1
+ ./check_conv_guard 16
SVE_BYTES=16 SVE_LANES=4 BLOCK_OUTPUTS=16 THREADS=1
PASS: 29668 convolution cases; readonly input/kernel, guarded allocation edges, poisoned/guarded output, bitwise scalar reference
+ for threads in 1 4
+ tee guard-vl16-t4.log
+ OMP_NUM_THREADS=4
+ ./check_conv_guard 16
SVE_BYTES=16 SVE_LANES=4 BLOCK_OUTPUTS=16 THREADS=4
PASS: 29668 convolution cases; readonly input/kernel, guarded allocation edges, poisoned/guarded output, bitwise scalar reference
+ for bytes in 16 32 64
+ for threads in 1 4
+ tee guard-vl32-t1.log
+ OMP_NUM_THREADS=1
+ ./check_conv_guard 32
SVE_BYTES=32 SVE_LANES=8 BLOCK_OUTPUTS=32 THREADS=1
PASS: 29668 convolution cases; readonly input/kernel, guarded allocation edges, poisoned/guarded output, bitwise scalar reference
+ for threads in 1 4
+ tee guard-vl32-t4.log
+ OMP_NUM_THREADS=4
+ ./check_conv_guard 32
SVE_BYTES=32 SVE_LANES=8 BLOCK_OUTPUTS=32 THREADS=4
PASS: 29668 convolution cases; readonly input/kernel, guarded allocation edges, poisoned/guarded output, bitwise scalar reference
+ for bytes in 16 32 64
+ for threads in 1 4
+ tee guard-vl64-t1.log
+ OMP_NUM_THREADS=1
+ ./check_conv_guard 64
SVE_BYTES=64 SVE_LANES=16 BLOCK_OUTPUTS=64 THREADS=1
PASS: 29668 convolution cases; readonly input/kernel, guarded allocation edges, poisoned/guarded output, bitwise scalar reference
+ for threads in 1 4
+ tee guard-vl64-t4.log
+ OMP_NUM_THREADS=4
+ ./check_conv_guard 64
SVE_BYTES=64 SVE_LANES=16 BLOCK_OUTPUTS=64 THREADS=4
PASS: 29668 convolution cases; readonly input/kernel, guarded allocation edges, poisoned/guarded output, bitwise scalar reference
+ gcc -O3 -std=c11 -D_DEFAULT_SOURCE -Wall -Wextra -fno-fast-math -ffp-contract=off -mcpu=generic -fopenmp -DEXPECTED_ACC=4 -DCHECK_ROWTRIPLE=1 -DCHECK_ROWQUAD=1 -finstrument-functions check_sve_dispatch.c -o check_sve_dispatch
+ for bytes in 16 32 64
+ for threads in 1 4
+ tee dispatch-vl16-t1.log
+ OMP_NUM_THREADS=1
+ ./check_sve_dispatch 16 smoke
SVE_BYTES=16 SVE_LANES=4 BLOCK_OUTPUTS=16 THREADS=1
PASS: 168 convolution cases; readonly input/kernel, guarded allocation edges, poisoned/guarded output, bitwise scalar reference
PREFETCH_CASE kh=5 ow=15 oh=4 hints=0 expected=0
PREFETCH_CASE kh=5 ow=15 oh=16 hints=0 expected=0
PREFETCH_CASE kh=5 ow=16 oh=4 hints=0 expected=0
PREFETCH_CASE kh=5 ow=16 oh=16 hints=0 expected=0
PREFETCH_CASE kh=5 ow=17 oh=4 hints=0 expected=0
PREFETCH_CASE kh=5 ow=17 oh=16 hints=0 expected=0
PREFETCH_CASE kh=6 ow=15 oh=4 hints=0 expected=0
PREFETCH_CASE kh=6 ow=15 oh=16 hints=0 expected=0
PREFETCH_CASE kh=6 ow=16 oh=4 hints=4 expected=4
PREFETCH_CASE kh=6 ow=16 oh=16 hints=16 expected=16
PREFETCH_CASE kh=6 ow=17 oh=4 hints=4 expected=4
PREFETCH_CASE kh=6 ow=17 oh=16 hints=16 expected=16
PREFETCH_CASE kh=7 ow=15 oh=4 hints=0 expected=0
PREFETCH_CASE kh=7 ow=15 oh=16 hints=0 expected=0
PREFETCH_CASE kh=7 ow=16 oh=4 hints=8 expected=8
PREFETCH_CASE kh=7 ow=16 oh=16 hints=32 expected=32
PREFETCH_CASE kh=7 ow=17 oh=4 hints=8 expected=8
PREFETCH_CASE kh=7 ow=17 oh=16 hints=32 expected=32
PREFETCH_PROBE_PASS cases=18 total_hints=120
SVE_PREFIX_ACTUAL_ENTRIES=960 SVE_TAIL_ACTUAL_ENTRIES=960
SVE_ROWPAIR_ACTUAL_ENTRIES=48
SVE_ROWTRIPLE_ACTUAL_ENTRIES=198
SVE_ROWQUAD_ACTUAL_ENTRIES=213
+ for threads in 1 4
+ tee dispatch-vl16-t4.log
+ OMP_NUM_THREADS=4
+ ./check_sve_dispatch 16 smoke
SVE_BYTES=16 SVE_LANES=4 BLOCK_OUTPUTS=16 THREADS=4
PASS: 168 convolution cases; readonly input/kernel, guarded allocation edges, poisoned/guarded output, bitwise scalar reference
PREFETCH_CASE kh=5 ow=15 oh=4 hints=0 expected=0
PREFETCH_CASE kh=5 ow=15 oh=16 hints=0 expected=0
PREFETCH_CASE kh=5 ow=16 oh=4 hints=0 expected=0
PREFETCH_CASE kh=5 ow=16 oh=16 hints=0 expected=0
PREFETCH_CASE kh=5 ow=17 oh=4 hints=0 expected=0
PREFETCH_CASE kh=5 ow=17 oh=16 hints=0 expected=0
PREFETCH_CASE kh=6 ow=15 oh=4 hints=0 expected=0
PREFETCH_CASE kh=6 ow=15 oh=16 hints=0 expected=0
PREFETCH_CASE kh=6 ow=16 oh=4 hints=4 expected=4
PREFETCH_CASE kh=6 ow=16 oh=16 hints=16 expected=16
PREFETCH_CASE kh=6 ow=17 oh=4 hints=4 expected=4
PREFETCH_CASE kh=6 ow=17 oh=16 hints=16 expected=16
PREFETCH_CASE kh=7 ow=15 oh=4 hints=0 expected=0
PREFETCH_CASE kh=7 ow=15 oh=16 hints=0 expected=0
PREFETCH_CASE kh=7 ow=16 oh=4 hints=8 expected=8
PREFETCH_CASE kh=7 ow=16 oh=16 hints=32 expected=32
PREFETCH_CASE kh=7 ow=17 oh=4 hints=8 expected=8
PREFETCH_CASE kh=7 ow=17 oh=16 hints=32 expected=32
PREFETCH_PROBE_PASS cases=18 total_hints=120
SVE_PREFIX_ACTUAL_ENTRIES=960 SVE_TAIL_ACTUAL_ENTRIES=960
SVE_ROWPAIR_ACTUAL_ENTRIES=48
SVE_ROWTRIPLE_ACTUAL_ENTRIES=198
SVE_ROWQUAD_ACTUAL_ENTRIES=213
+ for bytes in 16 32 64
+ for threads in 1 4
+ tee dispatch-vl32-t1.log
+ OMP_NUM_THREADS=1
+ ./check_sve_dispatch 32 smoke
SVE_BYTES=32 SVE_LANES=8 BLOCK_OUTPUTS=32 THREADS=1
PASS: 168 convolution cases; readonly input/kernel, guarded allocation edges, poisoned/guarded output, bitwise scalar reference
PREFETCH_CASE kh=5 ow=31 oh=4 hints=0 expected=0
PREFETCH_CASE kh=5 ow=31 oh=16 hints=0 expected=0
PREFETCH_CASE kh=5 ow=32 oh=4 hints=0 expected=0
PREFETCH_CASE kh=5 ow=32 oh=16 hints=0 expected=0
PREFETCH_CASE kh=5 ow=33 oh=4 hints=0 expected=0
PREFETCH_CASE kh=5 ow=33 oh=16 hints=0 expected=0
PREFETCH_CASE kh=6 ow=31 oh=4 hints=0 expected=0
PREFETCH_CASE kh=6 ow=31 oh=16 hints=0 expected=0
PREFETCH_CASE kh=6 ow=32 oh=4 hints=4 expected=4
PREFETCH_CASE kh=6 ow=32 oh=16 hints=16 expected=16
PREFETCH_CASE kh=6 ow=33 oh=4 hints=4 expected=4
PREFETCH_CASE kh=6 ow=33 oh=16 hints=16 expected=16
PREFETCH_CASE kh=7 ow=31 oh=4 hints=0 expected=0
PREFETCH_CASE kh=7 ow=31 oh=16 hints=0 expected=0
PREFETCH_CASE kh=7 ow=32 oh=4 hints=8 expected=8
PREFETCH_CASE kh=7 ow=32 oh=16 hints=32 expected=32
PREFETCH_CASE kh=7 ow=33 oh=4 hints=8 expected=8
PREFETCH_CASE kh=7 ow=33 oh=16 hints=32 expected=32
PREFETCH_PROBE_PASS cases=18 total_hints=120
SVE_PREFIX_ACTUAL_ENTRIES=960 SVE_TAIL_ACTUAL_ENTRIES=960
SVE_ROWPAIR_ACTUAL_ENTRIES=48
SVE_ROWTRIPLE_ACTUAL_ENTRIES=198
SVE_ROWQUAD_ACTUAL_ENTRIES=213
+ for threads in 1 4
+ tee dispatch-vl32-t4.log
+ OMP_NUM_THREADS=4
+ ./check_sve_dispatch 32 smoke
SVE_BYTES=32 SVE_LANES=8 BLOCK_OUTPUTS=32 THREADS=4
PASS: 168 convolution cases; readonly input/kernel, guarded allocation edges, poisoned/guarded output, bitwise scalar reference
PREFETCH_CASE kh=5 ow=31 oh=4 hints=0 expected=0
PREFETCH_CASE kh=5 ow=31 oh=16 hints=0 expected=0
PREFETCH_CASE kh=5 ow=32 oh=4 hints=0 expected=0
PREFETCH_CASE kh=5 ow=32 oh=16 hints=0 expected=0
PREFETCH_CASE kh=5 ow=33 oh=4 hints=0 expected=0
PREFETCH_CASE kh=5 ow=33 oh=16 hints=0 expected=0
PREFETCH_CASE kh=6 ow=31 oh=4 hints=0 expected=0
PREFETCH_CASE kh=6 ow=31 oh=16 hints=0 expected=0
PREFETCH_CASE kh=6 ow=32 oh=4 hints=4 expected=4
PREFETCH_CASE kh=6 ow=32 oh=16 hints=16 expected=16
PREFETCH_CASE kh=6 ow=33 oh=4 hints=4 expected=4
PREFETCH_CASE kh=6 ow=33 oh=16 hints=16 expected=16
PREFETCH_CASE kh=7 ow=31 oh=4 hints=0 expected=0
PREFETCH_CASE kh=7 ow=31 oh=16 hints=0 expected=0
PREFETCH_CASE kh=7 ow=32 oh=4 hints=8 expected=8
PREFETCH_CASE kh=7 ow=32 oh=16 hints=32 expected=32
PREFETCH_CASE kh=7 ow=33 oh=4 hints=8 expected=8
PREFETCH_CASE kh=7 ow=33 oh=16 hints=32 expected=32
PREFETCH_PROBE_PASS cases=18 total_hints=120
SVE_PREFIX_ACTUAL_ENTRIES=960 SVE_TAIL_ACTUAL_ENTRIES=960
SVE_ROWPAIR_ACTUAL_ENTRIES=48
SVE_ROWTRIPLE_ACTUAL_ENTRIES=198
SVE_ROWQUAD_ACTUAL_ENTRIES=213
+ for bytes in 16 32 64
+ for threads in 1 4
+ tee dispatch-vl64-t1.log
+ OMP_NUM_THREADS=1
+ ./check_sve_dispatch 64 smoke
SVE_BYTES=64 SVE_LANES=16 BLOCK_OUTPUTS=64 THREADS=1
PASS: 168 convolution cases; readonly input/kernel, guarded allocation edges, poisoned/guarded output, bitwise scalar reference
PREFETCH_CASE kh=5 ow=63 oh=4 hints=0 expected=0
PREFETCH_CASE kh=5 ow=63 oh=16 hints=0 expected=0
PREFETCH_CASE kh=5 ow=64 oh=4 hints=0 expected=0
PREFETCH_CASE kh=5 ow=64 oh=16 hints=0 expected=0
PREFETCH_CASE kh=5 ow=65 oh=4 hints=0 expected=0
PREFETCH_CASE kh=5 ow=65 oh=16 hints=0 expected=0
PREFETCH_CASE kh=6 ow=63 oh=4 hints=0 expected=0
PREFETCH_CASE kh=6 ow=63 oh=16 hints=0 expected=0
PREFETCH_CASE kh=6 ow=64 oh=4 hints=4 expected=4
PREFETCH_CASE kh=6 ow=64 oh=16 hints=16 expected=16
PREFETCH_CASE kh=6 ow=65 oh=4 hints=4 expected=4
PREFETCH_CASE kh=6 ow=65 oh=16 hints=16 expected=16
PREFETCH_CASE kh=7 ow=63 oh=4 hints=0 expected=0
PREFETCH_CASE kh=7 ow=63 oh=16 hints=0 expected=0
PREFETCH_CASE kh=7 ow=64 oh=4 hints=8 expected=8
PREFETCH_CASE kh=7 ow=64 oh=16 hints=32 expected=32
PREFETCH_CASE kh=7 ow=65 oh=4 hints=8 expected=8
PREFETCH_CASE kh=7 ow=65 oh=16 hints=32 expected=32
PREFETCH_PROBE_PASS cases=18 total_hints=120
SVE_PREFIX_ACTUAL_ENTRIES=960 SVE_TAIL_ACTUAL_ENTRIES=960
SVE_ROWPAIR_ACTUAL_ENTRIES=48
SVE_ROWTRIPLE_ACTUAL_ENTRIES=198
SVE_ROWQUAD_ACTUAL_ENTRIES=213
+ for threads in 1 4
+ tee dispatch-vl64-t4.log
+ OMP_NUM_THREADS=4
+ ./check_sve_dispatch 64 smoke
SVE_BYTES=64 SVE_LANES=16 BLOCK_OUTPUTS=64 THREADS=4
PASS: 168 convolution cases; readonly input/kernel, guarded allocation edges, poisoned/guarded output, bitwise scalar reference
PREFETCH_CASE kh=5 ow=63 oh=4 hints=0 expected=0
PREFETCH_CASE kh=5 ow=63 oh=16 hints=0 expected=0
PREFETCH_CASE kh=5 ow=64 oh=4 hints=0 expected=0
PREFETCH_CASE kh=5 ow=64 oh=16 hints=0 expected=0
PREFETCH_CASE kh=5 ow=65 oh=4 hints=0 expected=0
PREFETCH_CASE kh=5 ow=65 oh=16 hints=0 expected=0
PREFETCH_CASE kh=6 ow=63 oh=4 hints=0 expected=0
PREFETCH_CASE kh=6 ow=63 oh=16 hints=0 expected=0
PREFETCH_CASE kh=6 ow=64 oh=4 hints=4 expected=4
PREFETCH_CASE kh=6 ow=64 oh=16 hints=16 expected=16
PREFETCH_CASE kh=6 ow=65 oh=4 hints=4 expected=4
PREFETCH_CASE kh=6 ow=65 oh=16 hints=16 expected=16
PREFETCH_CASE kh=7 ow=63 oh=4 hints=0 expected=0
PREFETCH_CASE kh=7 ow=63 oh=16 hints=0 expected=0
PREFETCH_CASE kh=7 ow=64 oh=4 hints=8 expected=8
PREFETCH_CASE kh=7 ow=64 oh=16 hints=32 expected=32
PREFETCH_CASE kh=7 ow=65 oh=4 hints=8 expected=8
PREFETCH_CASE kh=7 ow=65 oh=16 hints=32 expected=32
PREFETCH_PROBE_PASS cases=18 total_hints=120
SVE_PREFIX_ACTUAL_ENTRIES=960 SVE_TAIL_ACTUAL_ENTRIES=960
SVE_ROWPAIR_ACTUAL_ENTRIES=48
SVE_ROWTRIPLE_ACTUAL_ENTRIES=198
SVE_ROWQUAD_ACTUAL_ENTRIES=213
+ gcc -O3 -std=c11 -D_DEFAULT_SOURCE -Wall -Wextra -fno-fast-math -ffp-contract=off -mcpu=generic -fopenmp -DEXPECTED_ACC=4 -DCHECK_ROWTRIPLE=1 -DCHECK_ROWQUAD=1 -S conv2d.c -o conv2d-sve.s
+ printf 'SANITIZER_STATUS=NOT_RUN; this job uses guard pages and bitwise reference checks\n'
SANITIZER_STATUS=NOT_RUN; this job uses guard pages and bitwise reference checks
+ printf 'PROBE_COMPLETE=1\n'
PROBE_COMPLETE=1
+ finish
+ local code=0 log_code=0
+ trap - EXIT
+ exec
