SOURCE_FEATURES_PASS panel16=1 packedL16=1 has_budget=1 history_budget_bytes=4194304 panel8x16=1
MODE=shared-fail THREADS=4 NARROW_VL=0 EXPECT_SVE16=1 EXPECT_PACKEDL16=0
ALLOC_PASS m=32 n=1 small=1 wide_path=0 history_expected=1 history_calls=1 history_bytes=2048 history_success=0 history_fail=1 x_calls=4 x_bytes=8192 x_success=4 x_fail=0 kb_calls=0 kb_bytes=0 kb_success=0 kb_fail=0 total=5 injected=1 history_level=0 x_level=1 kb_level=-1 shape_bad=0 x_each_worker_once=1
CASE_PASS m=32 n=1 sve16_entries=2 expected=2 old_entries=2 packed_entries=0 packed_expected=0 wide_entries=0 wide_expected=0 wrapper_entries=0 wrapper_expected=0
ARGUMENTS_PASS m=32 n=1 calls=0 bad=0 expected_panel_stride=256
SHARED_ALLOC_PASS m=32 n=1 calls=5 injected=1 shared_first=1 later_X_success=4
ALLOC_PASS m=32 n=7 small=1 wide_path=0 history_expected=1 history_calls=1 history_bytes=2048 history_success=0 history_fail=1 x_calls=4 x_bytes=8192 x_success=4 x_fail=0 kb_calls=0 kb_bytes=0 kb_success=0 kb_fail=0 total=5 injected=1 history_level=0 x_level=1 kb_level=-1 shape_bad=0 x_each_worker_once=1
CASE_PASS m=32 n=7 sve16_entries=2 expected=2 old_entries=2 packed_entries=0 packed_expected=0 wide_entries=0 wide_expected=0 wrapper_entries=0 wrapper_expected=0
ARGUMENTS_PASS m=32 n=7 calls=0 bad=0 expected_panel_stride=256
SHARED_ALLOC_PASS m=32 n=7 calls=5 injected=1 shared_first=1 later_X_success=4
ALLOC_PASS m=32 n=8 small=1 wide_path=0 history_expected=1 history_calls=1 history_bytes=2048 history_success=0 history_fail=1 x_calls=4 x_bytes=8192 x_success=4 x_fail=0 kb_calls=0 kb_bytes=0 kb_success=0 kb_fail=0 total=5 injected=1 history_level=0 x_level=1 kb_level=-1 shape_bad=0 x_each_worker_once=1
CASE_PASS m=32 n=8 sve16_entries=2 expected=2 old_entries=2 packed_entries=0 packed_expected=0 wide_entries=0 wide_expected=0 wrapper_entries=0 wrapper_expected=0
ARGUMENTS_PASS m=32 n=8 calls=0 bad=0 expected_panel_stride=256
SHARED_ALLOC_PASS m=32 n=8 calls=5 injected=1 shared_first=1 later_X_success=4
ALLOC_PASS m=32 n=9 small=1 wide_path=0 history_expected=1 history_calls=1 history_bytes=2048 history_success=0 history_fail=1 x_calls=4 x_bytes=8192 x_success=4 x_fail=0 kb_calls=0 kb_bytes=0 kb_success=0 kb_fail=0 total=5 injected=1 history_level=0 x_level=1 kb_level=-1 shape_bad=0 x_each_worker_once=1
CASE_PASS m=32 n=9 sve16_entries=4 expected=4 old_entries=4 packed_entries=0 packed_expected=0 wide_entries=0 wide_expected=0 wrapper_entries=0 wrapper_expected=0
ARGUMENTS_PASS m=32 n=9 calls=0 bad=0 expected_panel_stride=256
SHARED_ALLOC_PASS m=32 n=9 calls=5 injected=1 shared_first=1 later_X_success=4
ALLOC_PASS m=32 n=17 small=1 wide_path=0 history_expected=1 history_calls=1 history_bytes=2048 history_success=0 history_fail=1 x_calls=4 x_bytes=8192 x_success=4 x_fail=0 kb_calls=0 kb_bytes=0 kb_success=0 kb_fail=0 total=5 injected=1 history_level=0 x_level=1 kb_level=-1 shape_bad=0 x_each_worker_once=1
CASE_PASS m=32 n=17 sve16_entries=6 expected=6 old_entries=6 packed_entries=0 packed_expected=0 wide_entries=0 wide_expected=0 wrapper_entries=0 wrapper_expected=0
ARGUMENTS_PASS m=32 n=17 calls=0 bad=0 expected_panel_stride=256
SHARED_ALLOC_PASS m=32 n=17 calls=5 injected=1 shared_first=1 later_X_success=4
ALLOC_PASS m=33 n=1 small=1 wide_path=0 history_expected=1 history_calls=1 history_bytes=2048 history_success=0 history_fail=1 x_calls=4 x_bytes=8448 x_success=4 x_fail=0 kb_calls=0 kb_bytes=0 kb_success=0 kb_fail=0 total=5 injected=1 history_level=0 x_level=1 kb_level=-1 shape_bad=0 x_each_worker_once=1
CASE_PASS m=33 n=1 sve16_entries=2 expected=2 old_entries=2 packed_entries=0 packed_expected=0 wide_entries=0 wide_expected=0 wrapper_entries=0 wrapper_expected=0
ARGUMENTS_PASS m=33 n=1 calls=0 bad=0 expected_panel_stride=264
SHARED_ALLOC_PASS m=33 n=1 calls=5 injected=1 shared_first=1 later_X_success=4
ALLOC_PASS m=33 n=7 small=1 wide_path=0 history_expected=1 history_calls=1 history_bytes=2048 history_success=0 history_fail=1 x_calls=4 x_bytes=8448 x_success=4 x_fail=0 kb_calls=0 kb_bytes=0 kb_success=0 kb_fail=0 total=5 injected=1 history_level=0 x_level=1 kb_level=-1 shape_bad=0 x_each_worker_once=1
CASE_PASS m=33 n=7 sve16_entries=2 expected=2 old_entries=2 packed_entries=0 packed_expected=0 wide_entries=0 wide_expected=0 wrapper_entries=0 wrapper_expected=0
ARGUMENTS_PASS m=33 n=7 calls=0 bad=0 expected_panel_stride=264
SHARED_ALLOC_PASS m=33 n=7 calls=5 injected=1 shared_first=1 later_X_success=4
ALLOC_PASS m=33 n=8 small=1 wide_path=0 history_expected=1 history_calls=1 history_bytes=2048 history_success=0 history_fail=1 x_calls=4 x_bytes=8448 x_success=4 x_fail=0 kb_calls=0 kb_bytes=0 kb_success=0 kb_fail=0 total=5 injected=1 history_level=0 x_level=1 kb_level=-1 shape_bad=0 x_each_worker_once=1
CASE_PASS m=33 n=8 sve16_entries=2 expected=2 old_entries=2 packed_entries=0 packed_expected=0 wide_entries=0 wide_expected=0 wrapper_entries=0 wrapper_expected=0
ARGUMENTS_PASS m=33 n=8 calls=0 bad=0 expected_panel_stride=264
SHARED_ALLOC_PASS m=33 n=8 calls=5 injected=1 shared_first=1 later_X_success=4
ALLOC_PASS m=33 n=9 small=1 wide_path=0 history_expected=1 history_calls=1 history_bytes=2048 history_success=0 history_fail=1 x_calls=4 x_bytes=8448 x_success=4 x_fail=0 kb_calls=0 kb_bytes=0 kb_success=0 kb_fail=0 total=5 injected=1 history_level=0 x_level=1 kb_level=-1 shape_bad=0 x_each_worker_once=1
CASE_PASS m=33 n=9 sve16_entries=4 expected=4 old_entries=4 packed_entries=0 packed_expected=0 wide_entries=0 wide_expected=0 wrapper_entries=0 wrapper_expected=0
ARGUMENTS_PASS m=33 n=9 calls=0 bad=0 expected_panel_stride=264
SHARED_ALLOC_PASS m=33 n=9 calls=5 injected=1 shared_first=1 later_X_success=4
ALLOC_PASS m=33 n=17 small=1 wide_path=0 history_expected=1 history_calls=1 history_bytes=2048 history_success=0 history_fail=1 x_calls=4 x_bytes=8448 x_success=4 x_fail=0 kb_calls=0 kb_bytes=0 kb_success=0 kb_fail=0 total=5 injected=1 history_level=0 x_level=1 kb_level=-1 shape_bad=0 x_each_worker_once=1
CASE_PASS m=33 n=17 sve16_entries=6 expected=6 old_entries=6 packed_entries=0 packed_expected=0 wide_entries=0 wide_expected=0 wrapper_entries=0 wrapper_expected=0
ARGUMENTS_PASS m=33 n=17 calls=0 bad=0 expected_panel_stride=264
SHARED_ALLOC_PASS m=33 n=17 calls=5 injected=1 shared_first=1 later_X_success=4
ALLOC_PASS m=63 n=1 small=1 wide_path=0 history_expected=1 history_calls=1 history_bytes=6144 history_success=0 history_fail=1 x_calls=4 x_bytes=16128 x_success=4 x_fail=0 kb_calls=0 kb_bytes=0 kb_success=0 kb_fail=0 total=5 injected=1 history_level=0 x_level=1 kb_level=-1 shape_bad=0 x_each_worker_once=1
CASE_PASS m=63 n=1 sve16_entries=3 expected=3 old_entries=3 packed_entries=0 packed_expected=0 wide_entries=0 wide_expected=0 wrapper_entries=0 wrapper_expected=0
ARGUMENTS_PASS m=63 n=1 calls=0 bad=0 expected_panel_stride=504
SHARED_ALLOC_PASS m=63 n=1 calls=5 injected=1 shared_first=1 later_X_success=4
ALLOC_PASS m=63 n=7 small=1 wide_path=0 history_expected=1 history_calls=1 history_bytes=6144 history_success=0 history_fail=1 x_calls=4 x_bytes=16128 x_success=4 x_fail=0 kb_calls=0 kb_bytes=0 kb_success=0 kb_fail=0 total=5 injected=1 history_level=0 x_level=1 kb_level=-1 shape_bad=0 x_each_worker_once=1
CASE_PASS m=63 n=7 sve16_entries=3 expected=3 old_entries=3 packed_entries=0 packed_expected=0 wide_entries=0 wide_expected=0 wrapper_entries=0 wrapper_expected=0
ARGUMENTS_PASS m=63 n=7 calls=0 bad=0 expected_panel_stride=504
SHARED_ALLOC_PASS m=63 n=7 calls=5 injected=1 shared_first=1 later_X_success=4
ALLOC_PASS m=63 n=8 small=1 wide_path=0 history_expected=1 history_calls=1 history_bytes=6144 history_success=0 history_fail=1 x_calls=4 x_bytes=16128 x_success=4 x_fail=0 kb_calls=0 kb_bytes=0 kb_success=0 kb_fail=0 total=5 injected=1 history_level=0 x_level=1 kb_level=-1 shape_bad=0 x_each_worker_once=1
CASE_PASS m=63 n=8 sve16_entries=3 expected=3 old_entries=3 packed_entries=0 packed_expected=0 wide_entries=0 wide_expected=0 wrapper_entries=0 wrapper_expected=0
ARGUMENTS_PASS m=63 n=8 calls=0 bad=0 expected_panel_stride=504
SHARED_ALLOC_PASS m=63 n=8 calls=5 injected=1 shared_first=1 later_X_success=4
ALLOC_PASS m=63 n=9 small=1 wide_path=0 history_expected=1 history_calls=1 history_bytes=6144 history_success=0 history_fail=1 x_calls=4 x_bytes=16128 x_success=4 x_fail=0 kb_calls=0 kb_bytes=0 kb_success=0 kb_fail=0 total=5 injected=1 history_level=0 x_level=1 kb_level=-1 shape_bad=0 x_each_worker_once=1
CASE_PASS m=63 n=9 sve16_entries=6 expected=6 old_entries=6 packed_entries=0 packed_expected=0 wide_entries=0 wide_expected=0 wrapper_entries=0 wrapper_expected=0
ARGUMENTS_PASS m=63 n=9 calls=0 bad=0 expected_panel_stride=504
SHARED_ALLOC_PASS m=63 n=9 calls=5 injected=1 shared_first=1 later_X_success=4
ALLOC_PASS m=63 n=17 small=1 wide_path=0 history_expected=1 history_calls=1 history_bytes=6144 history_success=0 history_fail=1 x_calls=4 x_bytes=16128 x_success=4 x_fail=0 kb_calls=0 kb_bytes=0 kb_success=0 kb_fail=0 total=5 injected=1 history_level=0 x_level=1 kb_level=-1 shape_bad=0 x_each_worker_once=1
CASE_PASS m=63 n=17 sve16_entries=9 expected=9 old_entries=9 packed_entries=0 packed_expected=0 wide_entries=0 wide_expected=0 wrapper_entries=0 wrapper_expected=0
ARGUMENTS_PASS m=63 n=17 calls=0 bad=0 expected_panel_stride=504
SHARED_ALLOC_PASS m=63 n=17 calls=5 injected=1 shared_first=1 later_X_success=4
ALLOC_PASS m=64 n=1 small=1 wide_path=0 history_expected=1 history_calls=1 history_bytes=12288 history_success=0 history_fail=1 x_calls=4 x_bytes=16384 x_success=4 x_fail=0 kb_calls=0 kb_bytes=0 kb_success=0 kb_fail=0 total=5 injected=1 history_level=0 x_level=1 kb_level=-1 shape_bad=0 x_each_worker_once=1
CASE_PASS m=64 n=1 sve16_entries=4 expected=4 old_entries=4 packed_entries=0 packed_expected=0 wide_entries=0 wide_expected=0 wrapper_entries=0 wrapper_expected=0
ARGUMENTS_PASS m=64 n=1 calls=0 bad=0 expected_panel_stride=512
SHARED_ALLOC_PASS m=64 n=1 calls=5 injected=1 shared_first=1 later_X_success=4
ALLOC_PASS m=64 n=7 small=1 wide_path=0 history_expected=1 history_calls=1 history_bytes=12288 history_success=0 history_fail=1 x_calls=4 x_bytes=16384 x_success=4 x_fail=0 kb_calls=0 kb_bytes=0 kb_success=0 kb_fail=0 total=5 injected=1 history_level=0 x_level=1 kb_level=-1 shape_bad=0 x_each_worker_once=1
CASE_PASS m=64 n=7 sve16_entries=4 expected=4 old_entries=4 packed_entries=0 packed_expected=0 wide_entries=0 wide_expected=0 wrapper_entries=0 wrapper_expected=0
ARGUMENTS_PASS m=64 n=7 calls=0 bad=0 expected_panel_stride=512
SHARED_ALLOC_PASS m=64 n=7 calls=5 injected=1 shared_first=1 later_X_success=4
ALLOC_PASS m=64 n=8 small=1 wide_path=0 history_expected=1 history_calls=1 history_bytes=12288 history_success=0 history_fail=1 x_calls=4 x_bytes=16384 x_success=4 x_fail=0 kb_calls=0 kb_bytes=0 kb_success=0 kb_fail=0 total=5 injected=1 history_level=0 x_level=1 kb_level=-1 shape_bad=0 x_each_worker_once=1
CASE_PASS m=64 n=8 sve16_entries=4 expected=4 old_entries=4 packed_entries=0 packed_expected=0 wide_entries=0 wide_expected=0 wrapper_entries=0 wrapper_expected=0
ARGUMENTS_PASS m=64 n=8 calls=0 bad=0 expected_panel_stride=512
SHARED_ALLOC_PASS m=64 n=8 calls=5 injected=1 shared_first=1 later_X_success=4
ALLOC_PASS m=64 n=9 small=1 wide_path=0 history_expected=1 history_calls=1 history_bytes=12288 history_success=0 history_fail=1 x_calls=4 x_bytes=16384 x_success=4 x_fail=0 kb_calls=0 kb_bytes=0 kb_success=0 kb_fail=0 total=5 injected=1 history_level=0 x_level=1 kb_level=-1 shape_bad=0 x_each_worker_once=1
CASE_PASS m=64 n=9 sve16_entries=8 expected=8 old_entries=8 packed_entries=0 packed_expected=0 wide_entries=0 wide_expected=0 wrapper_entries=0 wrapper_expected=0
ARGUMENTS_PASS m=64 n=9 calls=0 bad=0 expected_panel_stride=512
SHARED_ALLOC_PASS m=64 n=9 calls=5 injected=1 shared_first=1 later_X_success=4
ALLOC_PASS m=64 n=17 small=1 wide_path=0 history_expected=1 history_calls=1 history_bytes=12288 history_success=0 history_fail=1 x_calls=4 x_bytes=16384 x_success=4 x_fail=0 kb_calls=0 kb_bytes=0 kb_success=0 kb_fail=0 total=5 injected=1 history_level=0 x_level=1 kb_level=-1 shape_bad=0 x_each_worker_once=1
CASE_PASS m=64 n=17 sve16_entries=12 expected=12 old_entries=12 packed_entries=0 packed_expected=0 wide_entries=0 wide_expected=0 wrapper_entries=0 wrapper_expected=0
ARGUMENTS_PASS m=64 n=17 calls=0 bad=0 expected_panel_stride=512
SHARED_ALLOC_PASS m=64 n=17 calls=5 injected=1 shared_first=1 later_X_success=4
ALLOC_PASS m=65 n=1 small=1 wide_path=0 history_expected=1 history_calls=1 history_bytes=12288 history_success=0 history_fail=1 x_calls=4 x_bytes=16640 x_success=4 x_fail=0 kb_calls=0 kb_bytes=0 kb_success=0 kb_fail=0 total=5 injected=1 history_level=0 x_level=1 kb_level=-1 shape_bad=0 x_each_worker_once=1
CASE_PASS m=65 n=1 sve16_entries=4 expected=4 old_entries=4 packed_entries=0 packed_expected=0 wide_entries=0 wide_expected=0 wrapper_entries=0 wrapper_expected=0
ARGUMENTS_PASS m=65 n=1 calls=0 bad=0 expected_panel_stride=520
SHARED_ALLOC_PASS m=65 n=1 calls=5 injected=1 shared_first=1 later_X_success=4
ALLOC_PASS m=65 n=7 small=1 wide_path=0 history_expected=1 history_calls=1 history_bytes=12288 history_success=0 history_fail=1 x_calls=4 x_bytes=16640 x_success=4 x_fail=0 kb_calls=0 kb_bytes=0 kb_success=0 kb_fail=0 total=5 injected=1 history_level=0 x_level=1 kb_level=-1 shape_bad=0 x_each_worker_once=1
CASE_PASS m=65 n=7 sve16_entries=4 expected=4 old_entries=4 packed_entries=0 packed_expected=0 wide_entries=0 wide_expected=0 wrapper_entries=0 wrapper_expected=0
ARGUMENTS_PASS m=65 n=7 calls=0 bad=0 expected_panel_stride=520
SHARED_ALLOC_PASS m=65 n=7 calls=5 injected=1 shared_first=1 later_X_success=4
ALLOC_PASS m=65 n=8 small=1 wide_path=0 history_expected=1 history_calls=1 history_bytes=12288 history_success=0 history_fail=1 x_calls=4 x_bytes=16640 x_success=4 x_fail=0 kb_calls=0 kb_bytes=0 kb_success=0 kb_fail=0 total=5 injected=1 history_level=0 x_level=1 kb_level=-1 shape_bad=0 x_each_worker_once=1
CASE_PASS m=65 n=8 sve16_entries=4 expected=4 old_entries=4 packed_entries=0 packed_expected=0 wide_entries=0 wide_expected=0 wrapper_entries=0 wrapper_expected=0
ARGUMENTS_PASS m=65 n=8 calls=0 bad=0 expected_panel_stride=520
SHARED_ALLOC_PASS m=65 n=8 calls=5 injected=1 shared_first=1 later_X_success=4
ALLOC_PASS m=65 n=9 small=1 wide_path=0 history_expected=1 history_calls=1 history_bytes=12288 history_success=0 history_fail=1 x_calls=4 x_bytes=16640 x_success=4 x_fail=0 kb_calls=0 kb_bytes=0 kb_success=0 kb_fail=0 total=5 injected=1 history_level=0 x_level=1 kb_level=-1 shape_bad=0 x_each_worker_once=1
CASE_PASS m=65 n=9 sve16_entries=8 expected=8 old_entries=8 packed_entries=0 packed_expected=0 wide_entries=0 wide_expected=0 wrapper_entries=0 wrapper_expected=0
ARGUMENTS_PASS m=65 n=9 calls=0 bad=0 expected_panel_stride=520
SHARED_ALLOC_PASS m=65 n=9 calls=5 injected=1 shared_first=1 later_X_success=4
ALLOC_PASS m=65 n=17 small=1 wide_path=0 history_expected=1 history_calls=1 history_bytes=12288 history_success=0 history_fail=1 x_calls=4 x_bytes=16640 x_success=4 x_fail=0 kb_calls=0 kb_bytes=0 kb_success=0 kb_fail=0 total=5 injected=1 history_level=0 x_level=1 kb_level=-1 shape_bad=0 x_each_worker_once=1
CASE_PASS m=65 n=17 sve16_entries=12 expected=12 old_entries=12 packed_entries=0 packed_expected=0 wide_entries=0 wide_expected=0 wrapper_entries=0 wrapper_expected=0
ARGUMENTS_PASS m=65 n=17 calls=0 bad=0 expected_panel_stride=520
SHARED_ALLOC_PASS m=65 n=17 calls=5 injected=1 shared_first=1 later_X_success=4
ALLOC_PASS m=255 n=1 small=1 wide_path=0 history_expected=1 history_calls=1 history_bytes=215040 history_success=0 history_fail=1 x_calls=4 x_bytes=65280 x_success=4 x_fail=0 kb_calls=0 kb_bytes=0 kb_success=0 kb_fail=0 total=5 injected=1 history_level=0 x_level=1 kb_level=-1 shape_bad=0 x_each_worker_once=1
CASE_PASS m=255 n=1 sve16_entries=15 expected=15 old_entries=15 packed_entries=0 packed_expected=0 wide_entries=0 wide_expected=0 wrapper_entries=0 wrapper_expected=0
ARGUMENTS_PASS m=255 n=1 calls=0 bad=0 expected_panel_stride=2040
SHARED_ALLOC_PASS m=255 n=1 calls=5 injected=1 shared_first=1 later_X_success=4
ALLOC_PASS m=255 n=7 small=1 wide_path=0 history_expected=1 history_calls=1 history_bytes=215040 history_success=0 history_fail=1 x_calls=4 x_bytes=65280 x_success=4 x_fail=0 kb_calls=0 kb_bytes=0 kb_success=0 kb_fail=0 total=5 injected=1 history_level=0 x_level=1 kb_level=-1 shape_bad=0 x_each_worker_once=1
CASE_PASS m=255 n=7 sve16_entries=15 expected=15 old_entries=15 packed_entries=0 packed_expected=0 wide_entries=0 wide_expected=0 wrapper_entries=0 wrapper_expected=0
ARGUMENTS_PASS m=255 n=7 calls=0 bad=0 expected_panel_stride=2040
SHARED_ALLOC_PASS m=255 n=7 calls=5 injected=1 shared_first=1 later_X_success=4
ALLOC_PASS m=255 n=8 small=1 wide_path=0 history_expected=1 history_calls=1 history_bytes=215040 history_success=0 history_fail=1 x_calls=4 x_bytes=65280 x_success=4 x_fail=0 kb_calls=0 kb_bytes=0 kb_success=0 kb_fail=0 total=5 injected=1 history_level=0 x_level=1 kb_level=-1 shape_bad=0 x_each_worker_once=1
CASE_PASS m=255 n=8 sve16_entries=15 expected=15 old_entries=15 packed_entries=0 packed_expected=0 wide_entries=0 wide_expected=0 wrapper_entries=0 wrapper_expected=0
ARGUMENTS_PASS m=255 n=8 calls=0 bad=0 expected_panel_stride=2040
SHARED_ALLOC_PASS m=255 n=8 calls=5 injected=1 shared_first=1 later_X_success=4
ALLOC_PASS m=255 n=9 small=1 wide_path=0 history_expected=1 history_calls=1 history_bytes=215040 history_success=0 history_fail=1 x_calls=4 x_bytes=65280 x_success=4 x_fail=0 kb_calls=0 kb_bytes=0 kb_success=0 kb_fail=0 total=5 injected=1 history_level=0 x_level=1 kb_level=-1 shape_bad=0 x_each_worker_once=1
CASE_PASS m=255 n=9 sve16_entries=30 expected=30 old_entries=30 packed_entries=0 packed_expected=0 wide_entries=0 wide_expected=0 wrapper_entries=0 wrapper_expected=0
ARGUMENTS_PASS m=255 n=9 calls=0 bad=0 expected_panel_stride=2040
SHARED_ALLOC_PASS m=255 n=9 calls=5 injected=1 shared_first=1 later_X_success=4
ALLOC_PASS m=255 n=17 small=1 wide_path=0 history_expected=1 history_calls=1 history_bytes=215040 history_success=0 history_fail=1 x_calls=4 x_bytes=65280 x_success=4 x_fail=0 kb_calls=0 kb_bytes=0 kb_success=0 kb_fail=0 total=5 injected=1 history_level=0 x_level=1 kb_level=-1 shape_bad=0 x_each_worker_once=1
CASE_PASS m=255 n=17 sve16_entries=45 expected=45 old_entries=45 packed_entries=0 packed_expected=0 wide_entries=0 wide_expected=0 wrapper_entries=0 wrapper_expected=0
ARGUMENTS_PASS m=255 n=17 calls=0 bad=0 expected_panel_stride=2040
SHARED_ALLOC_PASS m=255 n=17 calls=5 injected=1 shared_first=1 later_X_success=4
ALLOC_PASS m=256 n=1 small=1 wide_path=0 history_expected=1 history_calls=1 history_bytes=245760 history_success=0 history_fail=1 x_calls=4 x_bytes=65536 x_success=4 x_fail=0 kb_calls=0 kb_bytes=0 kb_success=0 kb_fail=0 total=5 injected=1 history_level=0 x_level=1 kb_level=-1 shape_bad=0 x_each_worker_once=1
CASE_PASS m=256 n=1 sve16_entries=16 expected=16 old_entries=16 packed_entries=0 packed_expected=0 wide_entries=0 wide_expected=0 wrapper_entries=0 wrapper_expected=0
ARGUMENTS_PASS m=256 n=1 calls=0 bad=0 expected_panel_stride=2048
SHARED_ALLOC_PASS m=256 n=1 calls=5 injected=1 shared_first=1 later_X_success=4
ALLOC_PASS m=256 n=7 small=1 wide_path=0 history_expected=1 history_calls=1 history_bytes=245760 history_success=0 history_fail=1 x_calls=4 x_bytes=65536 x_success=4 x_fail=0 kb_calls=0 kb_bytes=0 kb_success=0 kb_fail=0 total=5 injected=1 history_level=0 x_level=1 kb_level=-1 shape_bad=0 x_each_worker_once=1
CASE_PASS m=256 n=7 sve16_entries=16 expected=16 old_entries=16 packed_entries=0 packed_expected=0 wide_entries=0 wide_expected=0 wrapper_entries=0 wrapper_expected=0
ARGUMENTS_PASS m=256 n=7 calls=0 bad=0 expected_panel_stride=2048
SHARED_ALLOC_PASS m=256 n=7 calls=5 injected=1 shared_first=1 later_X_success=4
ALLOC_PASS m=256 n=8 small=1 wide_path=0 history_expected=1 history_calls=1 history_bytes=245760 history_success=0 history_fail=1 x_calls=4 x_bytes=65536 x_success=4 x_fail=0 kb_calls=0 kb_bytes=0 kb_success=0 kb_fail=0 total=5 injected=1 history_level=0 x_level=1 kb_level=-1 shape_bad=0 x_each_worker_once=1
CASE_PASS m=256 n=8 sve16_entries=16 expected=16 old_entries=16 packed_entries=0 packed_expected=0 wide_entries=0 wide_expected=0 wrapper_entries=0 wrapper_expected=0
ARGUMENTS_PASS m=256 n=8 calls=0 bad=0 expected_panel_stride=2048
SHARED_ALLOC_PASS m=256 n=8 calls=5 injected=1 shared_first=1 later_X_success=4
ALLOC_PASS m=256 n=9 small=1 wide_path=0 history_expected=1 history_calls=1 history_bytes=245760 history_success=0 history_fail=1 x_calls=4 x_bytes=65536 x_success=4 x_fail=0 kb_calls=0 kb_bytes=0 kb_success=0 kb_fail=0 total=5 injected=1 history_level=0 x_level=1 kb_level=-1 shape_bad=0 x_each_worker_once=1
CASE_PASS m=256 n=9 sve16_entries=32 expected=32 old_entries=32 packed_entries=0 packed_expected=0 wide_entries=0 wide_expected=0 wrapper_entries=0 wrapper_expected=0
ARGUMENTS_PASS m=256 n=9 calls=0 bad=0 expected_panel_stride=2048
SHARED_ALLOC_PASS m=256 n=9 calls=5 injected=1 shared_first=1 later_X_success=4
ALLOC_PASS m=256 n=17 small=1 wide_path=0 history_expected=1 history_calls=1 history_bytes=245760 history_success=0 history_fail=1 x_calls=4 x_bytes=65536 x_success=4 x_fail=0 kb_calls=0 kb_bytes=0 kb_success=0 kb_fail=0 total=5 injected=1 history_level=0 x_level=1 kb_level=-1 shape_bad=0 x_each_worker_once=1
CASE_PASS m=256 n=17 sve16_entries=48 expected=48 old_entries=48 packed_entries=0 packed_expected=0 wide_entries=0 wide_expected=0 wrapper_entries=0 wrapper_expected=0
ARGUMENTS_PASS m=256 n=17 calls=0 bad=0 expected_panel_stride=2048
SHARED_ALLOC_PASS m=256 n=17 calls=5 injected=1 shared_first=1 later_X_success=4
ALLOC_PASS m=257 n=1 small=1 wide_path=0 history_expected=1 history_calls=1 history_bytes=245760 history_success=0 history_fail=1 x_calls=4 x_bytes=65792 x_success=4 x_fail=0 kb_calls=0 kb_bytes=0 kb_success=0 kb_fail=0 total=5 injected=1 history_level=0 x_level=1 kb_level=-1 shape_bad=0 x_each_worker_once=1
CASE_PASS m=257 n=1 sve16_entries=16 expected=16 old_entries=16 packed_entries=0 packed_expected=0 wide_entries=0 wide_expected=0 wrapper_entries=0 wrapper_expected=0
ARGUMENTS_PASS m=257 n=1 calls=0 bad=0 expected_panel_stride=2056
SHARED_ALLOC_PASS m=257 n=1 calls=5 injected=1 shared_first=1 later_X_success=4
ALLOC_PASS m=257 n=7 small=1 wide_path=0 history_expected=1 history_calls=1 history_bytes=245760 history_success=0 history_fail=1 x_calls=4 x_bytes=65792 x_success=4 x_fail=0 kb_calls=0 kb_bytes=0 kb_success=0 kb_fail=0 total=5 injected=1 history_level=0 x_level=1 kb_level=-1 shape_bad=0 x_each_worker_once=1
CASE_PASS m=257 n=7 sve16_entries=16 expected=16 old_entries=16 packed_entries=0 packed_expected=0 wide_entries=0 wide_expected=0 wrapper_entries=0 wrapper_expected=0
ARGUMENTS_PASS m=257 n=7 calls=0 bad=0 expected_panel_stride=2056
SHARED_ALLOC_PASS m=257 n=7 calls=5 injected=1 shared_first=1 later_X_success=4
ALLOC_PASS m=257 n=8 small=1 wide_path=0 history_expected=1 history_calls=1 history_bytes=245760 history_success=0 history_fail=1 x_calls=4 x_bytes=65792 x_success=4 x_fail=0 kb_calls=0 kb_bytes=0 kb_success=0 kb_fail=0 total=5 injected=1 history_level=0 x_level=1 kb_level=-1 shape_bad=0 x_each_worker_once=1
CASE_PASS m=257 n=8 sve16_entries=16 expected=16 old_entries=16 packed_entries=0 packed_expected=0 wide_entries=0 wide_expected=0 wrapper_entries=0 wrapper_expected=0
ARGUMENTS_PASS m=257 n=8 calls=0 bad=0 expected_panel_stride=2056
SHARED_ALLOC_PASS m=257 n=8 calls=5 injected=1 shared_first=1 later_X_success=4
ALLOC_PASS m=257 n=9 small=1 wide_path=0 history_expected=1 history_calls=1 history_bytes=245760 history_success=0 history_fail=1 x_calls=4 x_bytes=65792 x_success=4 x_fail=0 kb_calls=0 kb_bytes=0 kb_success=0 kb_fail=0 total=5 injected=1 history_level=0 x_level=1 kb_level=-1 shape_bad=0 x_each_worker_once=1
CASE_PASS m=257 n=9 sve16_entries=32 expected=32 old_entries=32 packed_entries=0 packed_expected=0 wide_entries=0 wide_expected=0 wrapper_entries=0 wrapper_expected=0
ARGUMENTS_PASS m=257 n=9 calls=0 bad=0 expected_panel_stride=2056
SHARED_ALLOC_PASS m=257 n=9 calls=5 injected=1 shared_first=1 later_X_success=4
ALLOC_PASS m=257 n=17 small=1 wide_path=0 history_expected=1 history_calls=1 history_bytes=245760 history_success=0 history_fail=1 x_calls=4 x_bytes=65792 x_success=4 x_fail=0 kb_calls=0 kb_bytes=0 kb_success=0 kb_fail=0 total=5 injected=1 history_level=0 x_level=1 kb_level=-1 shape_bad=0 x_each_worker_once=1
CASE_PASS m=257 n=17 sve16_entries=48 expected=48 old_entries=48 packed_entries=0 packed_expected=0 wide_entries=0 wide_expected=0 wrapper_entries=0 wrapper_expected=0
ARGUMENTS_PASS m=257 n=17 calls=0 bad=0 expected_panel_stride=2056
SHARED_ALLOC_PASS m=257 n=17 calls=5 injected=1 shared_first=1 later_X_success=4
ALLOCATION_SUMMARY_PASS cases=40 budget_cases=0 shared_injection_cases=40
PASS whole_cases=40 noop_cases=4 non_dyadic_long_double_RHS=1 padding_L_unchanged=1 max_error=1.1102230246251565e-16
