Basic Details:
    jobId                               	1582256                                           	
    name                                	kp-conv-group-e492763abbbe                        	
    state                               	RUNNING                                           	
    user                                	REDACTED_USER                                       	
    queue                               	q_kunpeng                                         	
    account                             	common                                            	
    cmd                                 	/bin/bash -l CLUSTER_USER_HOME/kunpeng-experiments/kp-conv-group-e492763abbbe/remote_job.sh	
    submitNode                          	LOGIN_NODE_1                                           	
    createTime                          	2026/09/13 01:22:15                               	
    startTime                           	2026/09/13 01:22:20                               	
    lastModifiedTime                    	-                                                 	
    endTime                             	-                                                 	
    currentOperation                    	EMPTY                                             	
    jobRequeueMaxCnt                    	0                                                 	
    jobRequeueCurrentCnt                	0                                                 	
    mpiType                             	DEFAULT                                           	
    interactionMode                     	DEFAULT                                           	
    assistJob                           	DEFAULT                                           	
    x11ForwardEnabled                   	false                                             	
    description                         	-                                                 	
    transferType                        	LOCAL                                             	
    forwardTime                         	-                                                 	
    recallTime                          	-                                                 	
    autoResize                          	false                                             	
Scheduling Details:
    exclusive                           	false                                             	
    priority                            	1                                                 	
    adminPriority                       	-1                                                	
    expectSchedTime                     	-                                                 	
    startTimeEstimated                  	-                                                 	
    reserveRes                          	-                                                 	
    backfillRes                         	-                                                 	
    backfilledRes                       	-                                                 	
Resource Details:
    reqJobLicense                       	-
    allocJobLicense                     	-
    resGroup[0]:
        minReplica                      	1                                                 	
        replica                         	1                                                 	
        labels                          	queue_q_kunpeng aarch64                           	
        preferNodes                     	-                                                 	
        reqNodeSelectPolicy             	-                                                 	
        effNodeSelectPolicy             	SEQUENCE                                          	
        reqCPU                          	38                                                	
        reqMem                          	24576                                             	
        reqGPU                          	gpu:0
        reqNPU                          	0
        allocCPU                        	38                                                	
        allocMem                        	24576                                             	
        allocGPU                        	gpu:0
        allocNPU                        	0
        reqTaskLicense                  	-
        allocTaskLicense                	-
        reqAffinity                     	numa[count=1, distribution=pack]                  	
    allocAffinity                       	
        execNode             resGroup resIndex hwThreads        gpuIds           npuIds          
        COMPUTE_NODE_1              0        0/1      114-151          -                -               
Runtime Details:
    execNodes                           	COMPUTE_NODE_1                                           	
    execNodeCnt                         	1                                                 	
    execPath                            	CLUSTER_USER_HOME                           	
    resizeCmd                           	-                                                 	
    timeout                             	1800                                              	
    stderrRedirectPath                  	-                                                 	
    stderrRedirectType                  	append                                            	
    stdoutRedirectPath                  	CLUSTER_USER_HOME/kunpeng-experiments/kp-conv-group-e492763abbbe/wrapper.stdout.log	
    stdoutRedirectType                  	append                                            	
    totalUtime                          	6849                                              	
    totalStime                          	16                                                	
    totalMaxMemSwp                      	412                                               	
    totalMaxMem                         	412                                               	
    hostPreHookRunTime                  	0                                                 	
    preHookRunTime                      	0                                                 	
    jobWallclockDuration                	240                                               	
    postHookRunTime                     	0                                                 	
    hostPostHookRunTime                 	0                                                 	
    jobSstoppedTime                     	0                                                 	
    coreHours                           	9120                                              	
    stderrRedirectOutputPath            	-                                                 	
    stdoutRedirectOutputPath            	CLUSTER_USER_HOME/kunpeng-experiments/kp-conv-group-e492763abbbe/wrapper.stdout.log	
    nodeUsages                          	
        execNode             resGroup resIndex utime    stime    wallclockDuration    sstoppedTime     cpuUtil          gpuUtil          npuUtil          memResource                     
        COMPUTE_NODE_1              0        0/1      6849     16       240                  0                2860/2753        -                -                381/1/0/0/415/415/318/384       
    nodePids                            	
        execNode             pids    
        COMPUTE_NODE_1              3240058,3262018,3262159,3262162,3266533,3267733,3267734
    traceMessages                       	2026/09/13 01:22:15    :    [JOB_ADD] Job 1582256 is submitted by REDACTED_USER, job state is PENDING.	
                                        	2026/09/13 01:22:19    :    [JOB_START] Job 1582256 start message has been sent.	
                                        	2026/09/13 01:22:19    :    [JOB_START_ACK] Job 1582256 start message has been received by agent COMPUTE_NODE_1.	
                                        	2026/09/13 01:22:20    :    [JOB_EXECUTION] Job 1582256 state is from PENDING to RUNNING, execution path: CLUSTER_USER_HOME	
