Basic Details:
    jobId                               	1582410                                           	
    name                                	kp-conv-group-643f10609c47                        	
    state                               	RUNNING                                           	
    user                                	REDACTED_USER                                       	
    queue                               	q_kunpeng                                         	
    account                             	common                                            	
    cmd                                 	/bin/bash -l CLUSTER_USER_HOME/kunpeng-experiments/kp-conv-group-643f10609c47/remote_job.sh	
    submitNode                          	LOGIN_NODE_1                                           	
    createTime                          	2026/09/13 01:41:28                               	
    startTime                           	2026/09/13 01:41:32                               	
    lastModifiedTime                    	-                                                 	
    endTime                             	-                                                 	
    currentOperation                    	EMPTY                                             	
    jobRequeueMaxCnt                    	0                                                 	
    jobRequeueCurrentCnt                	0                                                 	
    mpiType                             	DEFAULT                                           	
    interactionMode                     	DEFAULT                                           	
    assistJob                           	DEFAULT                                           	
    x11ForwardEnabled                   	false                                             	
    description                         	-                                                 	
    transferType                        	LOCAL                                             	
    forwardTime                         	-                                                 	
    recallTime                          	-                                                 	
    autoResize                          	false                                             	
Scheduling Details:
    exclusive                           	false                                             	
    priority                            	1                                                 	
    adminPriority                       	-1                                                	
    expectSchedTime                     	-                                                 	
    startTimeEstimated                  	-                                                 	
    reserveRes                          	-                                                 	
    backfillRes                         	-                                                 	
    backfilledRes                       	-                                                 	
Resource Details:
    reqJobLicense                       	-
    allocJobLicense                     	-
    resGroup[0]:
        minReplica                      	1                                                 	
        replica                         	1                                                 	
        labels                          	queue_q_kunpeng aarch64                           	
        preferNodes                     	-                                                 	
        reqNodeSelectPolicy             	-                                                 	
        effNodeSelectPolicy             	SEQUENCE                                          	
        reqCPU                          	38                                                	
        reqMem                          	24576                                             	
        reqGPU                          	gpu:0
        reqNPU                          	0
        allocCPU                        	38                                                	
        allocMem                        	24576                                             	
        allocGPU                        	gpu:0
        allocNPU                        	0
        reqTaskLicense                  	-
        allocTaskLicense                	-
        reqAffinity                     	numa[count=1, distribution=pack]                  	
    allocAffinity                       	
        execNode             resGroup resIndex hwThreads        gpuIds           npuIds          
        COMPUTE_NODE_1              0        0/1      114-151          -                -               
Runtime Details:
    execNodes                           	COMPUTE_NODE_1                                           	
    execNodeCnt                         	1                                                 	
    execPath                            	CLUSTER_USER_HOME                           	
    resizeCmd                           	-                                                 	
    timeout                             	1800                                              	
    stderrRedirectPath                  	-                                                 	
    stderrRedirectType                  	append                                            	
    stdoutRedirectPath                  	CLUSTER_USER_HOME/kunpeng-experiments/kp-conv-group-643f10609c47/wrapper.stdout.log	
    stdoutRedirectType                  	append                                            	
    totalUtime                          	1643                                              	
    totalStime                          	4                                                 	
    totalMaxMemSwp                      	0                                                 	
    totalMaxMem                         	0                                                 	
    hostPreHookRunTime                  	0                                                 	
    preHookRunTime                      	0                                                 	
    jobWallclockDuration                	60                                                	
    postHookRunTime                     	0                                                 	
    hostPostHookRunTime                 	0                                                 	
    jobSstoppedTime                     	0                                                 	
    coreHours                           	2280                                              	
    stderrRedirectOutputPath            	-                                                 	
    stdoutRedirectOutputPath            	CLUSTER_USER_HOME/kunpeng-experiments/kp-conv-group-643f10609c47/wrapper.stdout.log	
    nodeUsages                          	
        execNode             resGroup resIndex utime    stime    wallclockDuration    sstoppedTime     cpuUtil          gpuUtil          npuUtil          memResource                     
        COMPUTE_NODE_1              0        0/1      1643     4        60                   0                2746/2746        -                -                381/0/0/0/414/414/192/385       
    nodePids                            	
        execNode             pids    
        COMPUTE_NODE_1              3354185,3360985,3361251,3361254,3361306,3362751,3362752
    traceMessages                       	2026/09/13 01:41:28    :    [JOB_ADD] Job 1582410 is submitted by REDACTED_USER, job state is PENDING.	
                                        	2026/09/13 01:41:31    :    [JOB_START] Job 1582410 start message has been sent.	
                                        	2026/09/13 01:41:31    :    [JOB_START_ACK] Job 1582410 start message has been received by agent COMPUTE_NODE_1.	
                                        	2026/09/13 01:41:32    :    [JOB_EXECUTION] Job 1582410 state is from PENDING to RUNNING, execution path: CLUSTER_USER_HOME	
