{
  "round": "sep13y",
  "confirmation_passed": false,
  "results": [
    {
      "version": "C26-r28",
      "total_median_ms": 452.4,
      "cases_ms": [
        51.43,
        61.98,
        107.3,
        231.69
      ],
      "all_samples_ms": [
        [
          51.43,
          51.56,
          51.43
        ],
        [
          62.16,
          61.98,
          61.96
        ],
        [
          107.3,
          107.3,
          107.3
        ],
        [
          231.73,
          231.63,
          231.69
        ]
      ],
      "case_spreads_pct": [
        0.25277075636788365,
        0.32268473701193245,
        0.0,
        0.043161120462684756
      ],
      "max_spread_pct": 0.32268473701193245,
      "gain_pct": 0.03535442814213141,
      "confirmation_passed": null,
      "qualified_for_confirmation": false,
      "decision_note": "Unchanged C6 confirmation control; not a candidate.",
      "comparison": null,
      "opening_control_comparison": null
    },
    {
      "version": "C52-r1",
      "total_median_ms": 436.67999999999995,
      "cases_ms": [
        51.6,
        58.44,
        103.88,
        222.76
      ],
      "all_samples_ms": [
        [
          51.55,
          51.6,
          51.7
        ],
        [
          58.44,
          58.43,
          58.46
        ],
        [
          103.88,
          103.88,
          104.01
        ],
        [
          222.76,
          222.76,
          222.85
        ]
      ],
      "case_spreads_pct": [
        0.29069767441861566,
        0.05133470225872884,
        0.12514439738160346,
        0.04040222661160146
      ],
      "max_spread_pct": 0.29069767441861566,
      "gain_pct": 3.5089269931058986,
      "confirmation_passed": false,
      "qualified_for_confirmation": false,
      "decision_note": "Independent Y confirmation failed at least one current Y C6 gate. Preserve every original sample and C6; do not repeat failed confirmation or combine W/Y samples.",
      "comparison": {
        "baseline": "C26-r29",
        "eligible": false,
        "reasons": [
          "提速 3.51% 未超过测量波动/最低1%门槛 18.95%"
        ],
        "cases": [
          {
            "dims": [
              4096,
              6144,
              39,
              39
            ],
            "base_ms": 51.5,
            "candidate_ms": 51.6,
            "gain_pct": -0.19417475728155617
          },
          {
            "dims": [
              6144,
              4096,
              41,
              41
            ],
            "base_ms": 61.96,
            "candidate_ms": 58.44,
            "gain_pct": 5.681084570690773
          },
          {
            "dims": [
              4256,
              6390,
              55,
              55
            ],
            "base_ms": 107.46,
            "candidate_ms": 103.88,
            "gain_pct": 3.33147217569328
          },
          {
            "dims": [
              6390,
              4256,
              81,
              81
            ],
            "base_ms": 231.64,
            "candidate_ms": 222.76,
            "gain_pct": 3.8335347953721275
          }
        ],
        "metric": "sum of per-case median ms; not official score",
        "total_gain_pct": 3.5089269931058977,
        "threshold_pct": 18.95145631067962
      },
      "opening_control_comparison": {
        "baseline": "C26-r28",
        "eligible": true,
        "reasons": [],
        "cases": [
          {
            "dims": [
              4096,
              6144,
              39,
              39
            ],
            "base_ms": 51.43,
            "candidate_ms": 51.6,
            "gain_pct": -0.33054637371184464
          },
          {
            "dims": [
              6144,
              4096,
              41,
              41
            ],
            "base_ms": 61.98,
            "candidate_ms": 58.44,
            "gain_pct": 5.711519845111325
          },
          {
            "dims": [
              4256,
              6390,
              55,
              55
            ],
            "base_ms": 107.3,
            "candidate_ms": 103.88,
            "gain_pct": 3.1873252562907752
          },
          {
            "dims": [
              6390,
              4256,
              81,
              81
            ],
            "base_ms": 231.69,
            "candidate_ms": 222.76,
            "gain_pct": 3.8542880573179708
          }
        ],
        "metric": "sum of per-case median ms; not official score",
        "total_gain_pct": 3.4748010610079634,
        "threshold_pct": 1.0
      }
    },
    {
      "version": "C26-r29",
      "total_median_ms": 452.56,
      "cases_ms": [
        51.5,
        61.96,
        107.46,
        231.64
      ],
      "all_samples_ms": [
        [
          51.48,
          61.24,
          51.5
        ],
        [
          61.96,
          62.0,
          61.93
        ],
        [
          107.46,
          107.33,
          107.48
        ],
        [
          231.74,
          231.6,
          231.64
        ]
      ],
      "case_spreads_pct": [
        18.95145631067962,
        0.11297611362169188,
        0.13958682300391373,
        0.06043861163875616
      ],
      "max_spread_pct": 18.95145631067962,
      "gain_pct": 0.0,
      "confirmation_passed": null,
      "qualified_for_confirmation": false,
      "decision_note": "Unchanged C6 confirmation control; not a candidate.",
      "comparison": null,
      "opening_control_comparison": null
    }
  ],
  "samples_mixed_with_initial_round": false,
  "prior_decisions_unchanged": true
}
