+ date -u
Tue Sep  8 01:44:33 UTC 2026
+ python3 -
ALLOWED_CPUS=228,229,230,231,232,233,234,235,236,237,238,239,240,241,242,243,244,245,246,247,248,249,250,251,252,253,254,255,256,257,258,259,260,261,262,263,264,265
NUMA_NODE=node6
+ gcc --version
gcc (GCC) 10.3.1
Copyright (C) 2020 Free Software Foundation, Inc.
This is free software; see the source for copying conditions.  There is NO
warranty; not even for MERCHANTABILITY or FITNESS FOR A PARTICULAR PURPOSE.

+ sha256sum conv2d.c check_conv_guard.c check_sve_dispatch.c remote_job.sh
3a583d6fa7d907c0238a9ae2ef87fee5b1e7f3fd130b6505f0e46a5e87883cd6  conv2d.c
0933292376c2175e0ecfeea27ea417b8550506cd38d954fbc2f05f24360a87c7  check_conv_guard.c
432bb83aaef674880ab8232bfef55a669a4c51991c536fab10627d1570579795  check_sve_dispatch.c
7b9de99876397285a66422b4f442dba44e47394a85f8daf4ff36ce05a9762939  remote_job.sh
+ export OMP_DYNAMIC=FALSE OMP_PROC_BIND=close OMP_PLACES=cores
+ OMP_DYNAMIC=FALSE
+ OMP_PROC_BIND=close
+ OMP_PLACES=cores
+ gcc -O3 -std=c11 -D_DEFAULT_SOURCE -Wall -Wextra -fno-fast-math -ffp-contract=off -mcpu=generic -fopenmp check_conv_guard.c conv2d.c -o check_conv_guard
+ OMP_NUM_THREADS=1
+ ./check_conv_guard
PASS: 682 convolution cases, guarded input/output; bitwise equal to scalar reference
+ OMP_NUM_THREADS=4
+ ./check_conv_guard
PASS: 682 convolution cases, guarded input/output; bitwise equal to scalar reference
+ gcc -O3 -std=c11 -D_DEFAULT_SOURCE -Wall -Wextra -fno-fast-math -ffp-contract=off -mcpu=generic -fopenmp -finstrument-functions check_sve_dispatch.c -o check_sve_dispatch
+ OMP_NUM_THREADS=4
+ ./check_sve_dispatch
SVE_LANES=16 BLOCK_OUTPUTS=256
PASS: 682 convolution cases, guarded input/output; bitwise equal to scalar reference
SVE_HELPER_ACTUAL_ENTRIES=2046
+ gcc -O3 -std=c11 -fno-fast-math -ffp-contract=off -mcpu=generic -fopenmp -S conv2d.c -o conv2d-sve.s
+ wait 2676360
+ printf 'PROBE_COMPLETE=1\n'
PROBE_COMPLETE=1
+ finish
+ local code=0 log_code=0
+ trap - EXIT
+ exec
+ ((  code == 0 && log_code != 0  ))
+ printf '%s\n' 0
+ exit 0
