LINKAGE_REPEAT 1/3 BEGIN
JOB_ID=1582526
BINARY=/CLUSTER_USER_HOME/kunpeng-experiments/trsm-kml251-f478c9adbe2b/T24-smallbroadcast/source/trsm_test
LDD_EXIT_CODE=0
	linux-vdso.so.1 (0x000040001633f000)
	libm.so.6 => /usr/lib64/libm.so.6 (0x0000400016360000)
	libkblas.so.25.1.0 => /opt/donaudata/donau/HPCKit_25.1.0_Linux-aarch64/package/KunpengHPCKit-kml.25.1.0/gcclib/sme/kblas/multi/libkblas.so.25.1.0 (0x0000400016410000)
	libgomp.so.1 => /CLUSTER_USER_HOME/kunpeng-experiments/trsm-kml251-f6110e522b93/compiler-private/gcc-12.3.1-2025.03-aarch64-linux/lib64/libgomp.so.1 (0x000040001c550000)
	libc.so.6 => /usr/lib64/libc.so.6 (0x000040001c5c0000)
	/lib/ld-linux-aarch64.so.1 (0x0000400016315000)
	libdl.so.2 => /usr/lib64/libdl.so.2 (0x000040001c780000)
	libpthread.so.0 => /usr/lib64/libpthread.so.0 (0x000040001c7b0000)
KML251_LINKED_LIBRARY=/opt/donaudata/donau/HPCKit_25.1.0_Linux-aarch64/package/KunpengHPCKit-kml.25.1.0/gcclib/sme/kblas/multi/libkblas.so.25.1.0
GOMP_LINKED_LIBRARY=/CLUSTER_USER_HOME/kunpeng-experiments/trsm-kml251-f6110e522b93/compiler-private/gcc-12.3.1-2025.03-aarch64-linux/lib64/libgomp.so.1.0.0
KML251_DEPENDENCY_AUDIT_PASS=1
LINKAGE_REPEAT 1/3 END
LINKAGE_REPEAT 2/3 BEGIN
JOB_ID=1582526
BINARY=/CLUSTER_USER_HOME/kunpeng-experiments/trsm-kml251-f478c9adbe2b/T24-smallbroadcast/source/trsm_test
LDD_EXIT_CODE=0
	linux-vdso.so.1 (0x000040003364c000)
	libm.so.6 => /usr/lib64/libm.so.6 (0x0000400033670000)
	libkblas.so.25.1.0 => /opt/donaudata/donau/HPCKit_25.1.0_Linux-aarch64/package/KunpengHPCKit-kml.25.1.0/gcclib/sme/kblas/multi/libkblas.so.25.1.0 (0x0000400033720000)
	libgomp.so.1 => /CLUSTER_USER_HOME/kunpeng-experiments/trsm-kml251-f6110e522b93/compiler-private/gcc-12.3.1-2025.03-aarch64-linux/lib64/libgomp.so.1 (0x0000400039860000)
	libc.so.6 => /usr/lib64/libc.so.6 (0x00004000398d0000)
	/lib/ld-linux-aarch64.so.1 (0x0000400033622000)
	libdl.so.2 => /usr/lib64/libdl.so.2 (0x0000400039a90000)
	libpthread.so.0 => /usr/lib64/libpthread.so.0 (0x0000400039ac0000)
KML251_LINKED_LIBRARY=/opt/donaudata/donau/HPCKit_25.1.0_Linux-aarch64/package/KunpengHPCKit-kml.25.1.0/gcclib/sme/kblas/multi/libkblas.so.25.1.0
GOMP_LINKED_LIBRARY=/CLUSTER_USER_HOME/kunpeng-experiments/trsm-kml251-f6110e522b93/compiler-private/gcc-12.3.1-2025.03-aarch64-linux/lib64/libgomp.so.1.0.0
KML251_DEPENDENCY_AUDIT_PASS=1
LINKAGE_REPEAT 2/3 END
LINKAGE_REPEAT 3/3 BEGIN
JOB_ID=1582526
BINARY=/CLUSTER_USER_HOME/kunpeng-experiments/trsm-kml251-f478c9adbe2b/T24-smallbroadcast/source/trsm_test
LDD_EXIT_CODE=0
	linux-vdso.so.1 (0x000040002c3be000)
	libm.so.6 => /usr/lib64/libm.so.6 (0x000040002c3e0000)
	libkblas.so.25.1.0 => /opt/donaudata/donau/HPCKit_25.1.0_Linux-aarch64/package/KunpengHPCKit-kml.25.1.0/gcclib/sme/kblas/multi/libkblas.so.25.1.0 (0x000040002c490000)
	libgomp.so.1 => /CLUSTER_USER_HOME/kunpeng-experiments/trsm-kml251-f6110e522b93/compiler-private/gcc-12.3.1-2025.03-aarch64-linux/lib64/libgomp.so.1 (0x00004000325d0000)
	libc.so.6 => /usr/lib64/libc.so.6 (0x0000400032640000)
	/lib/ld-linux-aarch64.so.1 (0x000040002c394000)
	libdl.so.2 => /usr/lib64/libdl.so.2 (0x0000400032800000)
	libpthread.so.0 => /usr/lib64/libpthread.so.0 (0x0000400032830000)
KML251_LINKED_LIBRARY=/opt/donaudata/donau/HPCKit_25.1.0_Linux-aarch64/package/KunpengHPCKit-kml.25.1.0/gcclib/sme/kblas/multi/libkblas.so.25.1.0
GOMP_LINKED_LIBRARY=/CLUSTER_USER_HOME/kunpeng-experiments/trsm-kml251-f6110e522b93/compiler-private/gcc-12.3.1-2025.03-aarch64-linux/lib64/libgomp.so.1.0.0
KML251_DEPENDENCY_AUDIT_PASS=1
LINKAGE_REPEAT 3/3 END
