PASS 30 direct SVE microkernel count/stride combinations; bitwise ordered-FMA match and output padding preserved
TRSM m=1 n=1 PASS known-solution max-error=0.000e+00; padding and L unchanged
TRSM m=3 n=7 PASS known-solution max-error=0.000e+00; padding and L unchanged
TRSM m=4 n=8 PASS known-solution max-error=0.000e+00; padding and L unchanged
TRSM m=5 n=9 PASS known-solution max-error=0.000e+00; padding and L unchanged
TRSM m=65 n=17 PASS known-solution max-error=0.000e+00; padding and L unchanged
TRSM m=257 n=1 PASS known-solution max-error=0.000e+00; padding and L unchanged
TRSM m=4095 n=9 PASS known-solution max-error=0.000e+00; padding and L unchanged
TRSM m=4096 n=7 PASS known-solution max-error=0.000e+00; padding and L unchanged
TRSM m=4096 n=8 PASS known-solution max-error=0.000e+00; padding and L unchanged
TRSM m=4097 n=9 PASS known-solution max-error=0.000e+00; padding and L unchanged
TRSM m=4099 n=7 PASS known-solution max-error=0.000e+00; padding and L unchanged
TRSM m=4100 n=15 PASS known-solution max-error=0.000e+00; padding and L unchanged
TRSM m=4103 n=17 PASS known-solution max-error=0.000e+00; padding and L unchanged
TRSM m=4119 n=9 PASS known-solution max-error=0.000e+00; padding and L unchanged
TRSM m=4120 n=8 PASS known-solution max-error=0.000e+00; padding and L unchanged
TRSM m=4121 n=7 PASS known-solution max-error=0.000e+00; padding and L unchanged
TRSM m=4135 n=9 PASS known-solution max-error=0.000e+00; padding and L unchanged
TRSM m=4136 n=8 PASS known-solution max-error=0.000e+00; padding and L unchanged
TRSM m=4137 n=7 PASS known-solution max-error=0.000e+00; padding and L unchanged
TRSM m=4143 n=9 PASS known-solution max-error=0.000e+00; padding and L unchanged
TRSM m=4144 n=8 PASS known-solution max-error=0.000e+00; padding and L unchanged
TRSM m=4145 n=7 PASS known-solution max-error=0.000e+00; padding and L unchanged
TRSM m=4151 n=9 PASS known-solution max-error=0.000e+00; padding and L unchanged
TRSM m=4152 n=8 PASS known-solution max-error=0.000e+00; padding and L unchanged
TRSM m=4153 n=7 PASS known-solution max-error=0.000e+00; padding and L unchanged
TRSM m=4159 n=63 PASS known-solution max-error=0.000e+00; padding and L unchanged
TRSM m=4160 n=64 PASS known-solution max-error=0.000e+00; padding and L unchanged
TRSM m=4161 n=65 PASS known-solution max-error=0.000e+00; padding and L unchanged
TRSM m=4355 n=65 PASS known-solution max-error=0.000e+00; padding and L unchanged
TRSM 29 known-solution cases and 4 no-op boundaries PASS; max-error=0.000e+00
SVE_KERNEL_ACTUAL_ENTRIES=44160
PASS actual SVE dispatch preflight
PASS 30 direct SVE microkernel count/stride combinations; bitwise ordered-FMA match and output padding preserved
TRSM m=1 n=1 PASS known-solution max-error=0.000e+00; padding and L unchanged
TRSM m=3 n=7 PASS known-solution max-error=0.000e+00; padding and L unchanged
TRSM m=4 n=8 PASS known-solution max-error=0.000e+00; padding and L unchanged
TRSM m=5 n=9 PASS known-solution max-error=0.000e+00; padding and L unchanged
TRSM m=65 n=17 PASS known-solution max-error=0.000e+00; padding and L unchanged
TRSM m=257 n=1 PASS known-solution max-error=0.000e+00; padding and L unchanged
TRSM m=4095 n=9 PASS known-solution max-error=0.000e+00; padding and L unchanged
TRSM m=4096 n=7 PASS known-solution max-error=0.000e+00; padding and L unchanged
TRSM m=4096 n=8 PASS known-solution max-error=0.000e+00; padding and L unchanged
TRSM m=4097 n=9 PASS known-solution max-error=0.000e+00; padding and L unchanged
TRSM m=4099 n=7 PASS known-solution max-error=0.000e+00; padding and L unchanged
TRSM m=4100 n=15 PASS known-solution max-error=0.000e+00; padding and L unchanged
TRSM m=4103 n=17 PASS known-solution max-error=0.000e+00; padding and L unchanged
TRSM m=4119 n=9 PASS known-solution max-error=0.000e+00; padding and L unchanged
TRSM m=4120 n=8 PASS known-solution max-error=0.000e+00; padding and L unchanged
TRSM m=4121 n=7 PASS known-solution max-error=0.000e+00; padding and L unchanged
TRSM m=4135 n=9 PASS known-solution max-error=0.000e+00; padding and L unchanged
TRSM m=4136 n=8 PASS known-solution max-error=0.000e+00; padding and L unchanged
TRSM m=4137 n=7 PASS known-solution max-error=0.000e+00; padding and L unchanged
TRSM m=4143 n=9 PASS known-solution max-error=0.000e+00; padding and L unchanged
TRSM m=4144 n=8 PASS known-solution max-error=0.000e+00; padding and L unchanged
TRSM m=4145 n=7 PASS known-solution max-error=0.000e+00; padding and L unchanged
TRSM m=4151 n=9 PASS known-solution max-error=0.000e+00; padding and L unchanged
TRSM m=4152 n=8 PASS known-solution max-error=0.000e+00; padding and L unchanged
TRSM m=4153 n=7 PASS known-solution max-error=0.000e+00; padding and L unchanged
TRSM m=4159 n=63 PASS known-solution max-error=0.000e+00; padding and L unchanged
TRSM m=4160 n=64 PASS known-solution max-error=0.000e+00; padding and L unchanged
TRSM m=4161 n=65 PASS known-solution max-error=0.000e+00; padding and L unchanged
TRSM m=4355 n=65 PASS known-solution max-error=0.000e+00; padding and L unchanged
TRSM 29 known-solution cases and 4 no-op boundaries PASS; max-error=0.000e+00
SVE_KERNEL_ACTUAL_ENTRIES=44160
PASS actual SVE dispatch preflight
TRSM m=1 n=1 PASS known-solution max-error=0.000e+00; padding and L unchanged
TRSM m=3 n=7 PASS known-solution max-error=0.000e+00; padding and L unchanged
TRSM m=4 n=8 PASS known-solution max-error=0.000e+00; padding and L unchanged
TRSM m=5 n=9 PASS known-solution max-error=0.000e+00; padding and L unchanged
TRSM m=65 n=17 PASS known-solution max-error=0.000e+00; padding and L unchanged
TRSM m=257 n=1 PASS known-solution max-error=0.000e+00; padding and L unchanged
TRSM m=4095 n=9 PASS known-solution max-error=0.000e+00; padding and L unchanged
TRSM m=4096 n=7 PASS known-solution max-error=0.000e+00; padding and L unchanged
TRSM m=4096 n=8 PASS known-solution max-error=0.000e+00; padding and L unchanged
TRSM m=4097 n=9 PASS known-solution max-error=0.000e+00; padding and L unchanged
TRSM m=4099 n=7 PASS known-solution max-error=0.000e+00; padding and L unchanged
TRSM m=4100 n=15 PASS known-solution max-error=0.000e+00; padding and L unchanged
TRSM m=4103 n=17 PASS known-solution max-error=0.000e+00; padding and L unchanged
TRSM m=4119 n=9 PASS known-solution max-error=0.000e+00; padding and L unchanged
TRSM m=4120 n=8 PASS known-solution max-error=0.000e+00; padding and L unchanged
TRSM m=4121 n=7 PASS known-solution max-error=0.000e+00; padding and L unchanged
TRSM m=4135 n=9 PASS known-solution max-error=0.000e+00; padding and L unchanged
TRSM m=4136 n=8 PASS known-solution max-error=0.000e+00; padding and L unchanged
TRSM m=4137 n=7 PASS known-solution max-error=0.000e+00; padding and L unchanged
TRSM m=4143 n=9 PASS known-solution max-error=0.000e+00; padding and L unchanged
TRSM m=4144 n=8 PASS known-solution max-error=0.000e+00; padding and L unchanged
TRSM m=4145 n=7 PASS known-solution max-error=0.000e+00; padding and L unchanged
TRSM m=4151 n=9 PASS known-solution max-error=0.000e+00; padding and L unchanged
TRSM m=4152 n=8 PASS known-solution max-error=0.000e+00; padding and L unchanged
TRSM m=4153 n=7 PASS known-solution max-error=0.000e+00; padding and L unchanged
TRSM m=4159 n=63 PASS known-solution max-error=0.000e+00; padding and L unchanged
TRSM m=4160 n=64 PASS known-solution max-error=0.000e+00; padding and L unchanged
TRSM m=4161 n=65 PASS known-solution max-error=0.000e+00; padding and L unchanged
TRSM m=4355 n=65 PASS known-solution max-error=0.000e+00; padding and L unchanged
TRSM 29 known-solution cases and 4 no-op boundaries PASS; max-error=0.000e+00
TRSM m=1 n=1 PASS known-solution max-error=0.000e+00; padding and L unchanged
TRSM m=3 n=7 PASS known-solution max-error=0.000e+00; padding and L unchanged
TRSM m=4 n=8 PASS known-solution max-error=0.000e+00; padding and L unchanged
TRSM m=5 n=9 PASS known-solution max-error=0.000e+00; padding and L unchanged
TRSM m=65 n=17 PASS known-solution max-error=0.000e+00; padding and L unchanged
TRSM m=257 n=1 PASS known-solution max-error=0.000e+00; padding and L unchanged
TRSM m=4095 n=9 PASS known-solution max-error=0.000e+00; padding and L unchanged
TRSM m=4096 n=7 PASS known-solution max-error=0.000e+00; padding and L unchanged
TRSM m=4096 n=8 PASS known-solution max-error=0.000e+00; padding and L unchanged
TRSM m=4097 n=9 PASS known-solution max-error=0.000e+00; padding and L unchanged
TRSM m=4099 n=7 PASS known-solution max-error=0.000e+00; padding and L unchanged
TRSM m=4100 n=15 PASS known-solution max-error=0.000e+00; padding and L unchanged
TRSM m=4103 n=17 PASS known-solution max-error=0.000e+00; padding and L unchanged
TRSM m=4119 n=9 PASS known-solution max-error=0.000e+00; padding and L unchanged
TRSM m=4120 n=8 PASS known-solution max-error=0.000e+00; padding and L unchanged
TRSM m=4121 n=7 PASS known-solution max-error=0.000e+00; padding and L unchanged
TRSM m=4135 n=9 PASS known-solution max-error=0.000e+00; padding and L unchanged
TRSM m=4136 n=8 PASS known-solution max-error=0.000e+00; padding and L unchanged
TRSM m=4137 n=7 PASS known-solution max-error=0.000e+00; padding and L unchanged
TRSM m=4143 n=9 PASS known-solution max-error=0.000e+00; padding and L unchanged
TRSM m=4144 n=8 PASS known-solution max-error=0.000e+00; padding and L unchanged
TRSM m=4145 n=7 PASS known-solution max-error=0.000e+00; padding and L unchanged
TRSM m=4151 n=9 PASS known-solution max-error=0.000e+00; padding and L unchanged
TRSM m=4152 n=8 PASS known-solution max-error=0.000e+00; padding and L unchanged
TRSM m=4153 n=7 PASS known-solution max-error=0.000e+00; padding and L unchanged
TRSM m=4159 n=63 PASS known-solution max-error=0.000e+00; padding and L unchanged
TRSM m=4160 n=64 PASS known-solution max-error=0.000e+00; padding and L unchanged
TRSM m=4161 n=65 PASS known-solution max-error=0.000e+00; padding and L unchanged
TRSM m=4355 n=65 PASS known-solution max-error=0.000e+00; padding and L unchanged
TRSM 29 known-solution cases and 4 no-op boundaries PASS; max-error=0.000e+00
TRSM m=1 n=1 PASS known-solution max-error=0.000e+00; padding and L unchanged
TRSM m=3 n=7 PASS known-solution max-error=0.000e+00; padding and L unchanged
TRSM m=4 n=8 PASS known-solution max-error=0.000e+00; padding and L unchanged
TRSM m=5 n=9 PASS known-solution max-error=0.000e+00; padding and L unchanged
TRSM m=65 n=17 PASS known-solution max-error=0.000e+00; padding and L unchanged
TRSM m=257 n=1 PASS known-solution max-error=0.000e+00; padding and L unchanged
TRSM m=4095 n=9 PASS known-solution max-error=0.000e+00; padding and L unchanged
TRSM m=4096 n=7 PASS known-solution max-error=0.000e+00; padding and L unchanged
TRSM m=4096 n=8 PASS known-solution max-error=0.000e+00; padding and L unchanged
TRSM m=4097 n=9 PASS known-solution max-error=0.000e+00; padding and L unchanged
TRSM m=4099 n=7 PASS known-solution max-error=0.000e+00; padding and L unchanged
TRSM m=4100 n=15 PASS known-solution max-error=0.000e+00; padding and L unchanged
TRSM m=4103 n=17 PASS known-solution max-error=0.000e+00; padding and L unchanged
TRSM m=4119 n=9 PASS known-solution max-error=0.000e+00; padding and L unchanged
TRSM m=4120 n=8 PASS known-solution max-error=0.000e+00; padding and L unchanged
TRSM m=4121 n=7 PASS known-solution max-error=0.000e+00; padding and L unchanged
TRSM m=4135 n=9 PASS known-solution max-error=0.000e+00; padding and L unchanged
TRSM m=4136 n=8 PASS known-solution max-error=0.000e+00; padding and L unchanged
TRSM m=4137 n=7 PASS known-solution max-error=0.000e+00; padding and L unchanged
TRSM m=4143 n=9 PASS known-solution max-error=0.000e+00; padding and L unchanged
TRSM m=4144 n=8 PASS known-solution max-error=0.000e+00; padding and L unchanged
TRSM m=4145 n=7 PASS known-solution max-error=0.000e+00; padding and L unchanged
TRSM m=4151 n=9 PASS known-solution max-error=0.000e+00; padding and L unchanged
TRSM m=4152 n=8 PASS known-solution max-error=0.000e+00; padding and L unchanged
TRSM m=4153 n=7 PASS known-solution max-error=0.000e+00; padding and L unchanged
TRSM m=4159 n=63 PASS known-solution max-error=0.000e+00; padding and L unchanged
TRSM m=4160 n=64 PASS known-solution max-error=0.000e+00; padding and L unchanged
TRSM m=4161 n=65 PASS known-solution max-error=0.000e+00; padding and L unchanged
TRSM m=4355 n=65 PASS known-solution max-error=0.000e+00; padding and L unchanged
TRSM 29 known-solution cases and 4 no-op boundaries PASS; max-error=0.000e+00
TRSM m=1 n=1 PASS known-solution max-error=0.000e+00; padding and L unchanged
TRSM m=3 n=7 PASS known-solution max-error=0.000e+00; padding and L unchanged
TRSM m=4 n=8 PASS known-solution max-error=0.000e+00; padding and L unchanged
TRSM m=5 n=9 PASS known-solution max-error=0.000e+00; padding and L unchanged
TRSM m=65 n=17 PASS known-solution max-error=0.000e+00; padding and L unchanged
TRSM m=257 n=1 PASS known-solution max-error=0.000e+00; padding and L unchanged
TRSM m=4095 n=9 PASS known-solution max-error=0.000e+00; padding and L unchanged
TRSM m=4096 n=7 PASS known-solution max-error=0.000e+00; padding and L unchanged
TRSM m=4096 n=8 PASS known-solution max-error=0.000e+00; padding and L unchanged
TRSM m=4097 n=9 PASS known-solution max-error=0.000e+00; padding and L unchanged
TRSM m=4099 n=7 PASS known-solution max-error=0.000e+00; padding and L unchanged
TRSM m=4100 n=15 PASS known-solution max-error=0.000e+00; padding and L unchanged
TRSM m=4103 n=17 PASS known-solution max-error=0.000e+00; padding and L unchanged
TRSM m=4119 n=9 PASS known-solution max-error=0.000e+00; padding and L unchanged
TRSM m=4120 n=8 PASS known-solution max-error=0.000e+00; padding and L unchanged
TRSM m=4121 n=7 PASS known-solution max-error=0.000e+00; padding and L unchanged
TRSM m=4135 n=9 PASS known-solution max-error=0.000e+00; padding and L unchanged
TRSM m=4136 n=8 PASS known-solution max-error=0.000e+00; padding and L unchanged
TRSM m=4137 n=7 PASS known-solution max-error=0.000e+00; padding and L unchanged
TRSM m=4143 n=9 PASS known-solution max-error=0.000e+00; padding and L unchanged
TRSM m=4144 n=8 PASS known-solution max-error=0.000e+00; padding and L unchanged
TRSM m=4145 n=7 PASS known-solution max-error=0.000e+00; padding and L unchanged
TRSM m=4151 n=9 PASS known-solution max-error=0.000e+00; padding and L unchanged
TRSM m=4152 n=8 PASS known-solution max-error=0.000e+00; padding and L unchanged
TRSM m=4153 n=7 PASS known-solution max-error=0.000e+00; padding and L unchanged
TRSM m=4159 n=63 PASS known-solution max-error=0.000e+00; padding and L unchanged
TRSM m=4160 n=64 PASS known-solution max-error=0.000e+00; padding and L unchanged
TRSM m=4161 n=65 PASS known-solution max-error=0.000e+00; padding and L unchanged
TRSM m=4355 n=65 PASS known-solution max-error=0.000e+00; padding and L unchanged
TRSM 29 known-solution cases and 4 no-op boundaries PASS; max-error=0.000e+00
TRSM m=1 n=1 PASS known-solution max-error=0.000e+00; padding and L unchanged
TRSM m=3 n=7 PASS known-solution max-error=0.000e+00; padding and L unchanged
TRSM m=4 n=8 PASS known-solution max-error=0.000e+00; padding and L unchanged
TRSM m=5 n=9 PASS known-solution max-error=0.000e+00; padding and L unchanged
TRSM m=65 n=17 PASS known-solution max-error=0.000e+00; padding and L unchanged
TRSM m=257 n=1 PASS known-solution max-error=0.000e+00; padding and L unchanged
TRSM m=4095 n=9 PASS known-solution max-error=0.000e+00; padding and L unchanged
TRSM m=4096 n=7 PASS known-solution max-error=0.000e+00; padding and L unchanged
TRSM m=4096 n=8 PASS known-solution max-error=0.000e+00; padding and L unchanged
TRSM m=4097 n=9 PASS known-solution max-error=0.000e+00; padding and L unchanged
TRSM m=4099 n=7 PASS known-solution max-error=0.000e+00; padding and L unchanged
TRSM m=4100 n=15 PASS known-solution max-error=0.000e+00; padding and L unchanged
TRSM m=4103 n=17 PASS known-solution max-error=0.000e+00; padding and L unchanged
TRSM m=4119 n=9 PASS known-solution max-error=0.000e+00; padding and L unchanged
TRSM m=4120 n=8 PASS known-solution max-error=0.000e+00; padding and L unchanged
TRSM m=4121 n=7 PASS known-solution max-error=0.000e+00; padding and L unchanged
TRSM m=4135 n=9 PASS known-solution max-error=0.000e+00; padding and L unchanged
TRSM m=4136 n=8 PASS known-solution max-error=0.000e+00; padding and L unchanged
TRSM m=4137 n=7 PASS known-solution max-error=0.000e+00; padding and L unchanged
TRSM m=4143 n=9 PASS known-solution max-error=0.000e+00; padding and L unchanged
TRSM m=4144 n=8 PASS known-solution max-error=0.000e+00; padding and L unchanged
TRSM m=4145 n=7 PASS known-solution max-error=0.000e+00; padding and L unchanged
TRSM m=4151 n=9 PASS known-solution max-error=0.000e+00; padding and L unchanged
TRSM m=4152 n=8 PASS known-solution max-error=0.000e+00; padding and L unchanged
TRSM m=4153 n=7 PASS known-solution max-error=0.000e+00; padding and L unchanged
TRSM m=4159 n=63 PASS known-solution max-error=0.000e+00; padding and L unchanged
TRSM m=4160 n=64 PASS known-solution max-error=0.000e+00; padding and L unchanged
TRSM m=4161 n=65 PASS known-solution max-error=0.000e+00; padding and L unchanged
TRSM m=4355 n=65 PASS known-solution max-error=0.000e+00; padding and L unchanged
TRSM 29 known-solution cases and 4 no-op boundaries PASS; max-error=0.000e+00
TRSM m=1 n=1 PASS known-solution max-error=0.000e+00; padding and L unchanged
TRSM m=3 n=7 PASS known-solution max-error=0.000e+00; padding and L unchanged
TRSM m=4 n=8 PASS known-solution max-error=0.000e+00; padding and L unchanged
TRSM m=5 n=9 PASS known-solution max-error=0.000e+00; padding and L unchanged
TRSM m=65 n=17 PASS known-solution max-error=0.000e+00; padding and L unchanged
TRSM m=257 n=1 PASS known-solution max-error=0.000e+00; padding and L unchanged
TRSM m=4095 n=9 PASS known-solution max-error=0.000e+00; padding and L unchanged
TRSM m=4096 n=7 PASS known-solution max-error=0.000e+00; padding and L unchanged
TRSM m=4096 n=8 PASS known-solution max-error=0.000e+00; padding and L unchanged
TRSM m=4097 n=9 PASS known-solution max-error=0.000e+00; padding and L unchanged
TRSM m=4099 n=7 PASS known-solution max-error=0.000e+00; padding and L unchanged
TRSM m=4100 n=15 PASS known-solution max-error=0.000e+00; padding and L unchanged
TRSM m=4103 n=17 PASS known-solution max-error=0.000e+00; padding and L unchanged
TRSM m=4119 n=9 PASS known-solution max-error=0.000e+00; padding and L unchanged
TRSM m=4120 n=8 PASS known-solution max-error=0.000e+00; padding and L unchanged
TRSM m=4121 n=7 PASS known-solution max-error=0.000e+00; padding and L unchanged
TRSM m=4135 n=9 PASS known-solution max-error=0.000e+00; padding and L unchanged
TRSM m=4136 n=8 PASS known-solution max-error=0.000e+00; padding and L unchanged
TRSM m=4137 n=7 PASS known-solution max-error=0.000e+00; padding and L unchanged
TRSM m=4143 n=9 PASS known-solution max-error=0.000e+00; padding and L unchanged
TRSM m=4144 n=8 PASS known-solution max-error=0.000e+00; padding and L unchanged
TRSM m=4145 n=7 PASS known-solution max-error=0.000e+00; padding and L unchanged
TRSM m=4151 n=9 PASS known-solution max-error=0.000e+00; padding and L unchanged
TRSM m=4152 n=8 PASS known-solution max-error=0.000e+00; padding and L unchanged
TRSM m=4153 n=7 PASS known-solution max-error=0.000e+00; padding and L unchanged
TRSM m=4159 n=63 PASS known-solution max-error=0.000e+00; padding and L unchanged
TRSM m=4160 n=64 PASS known-solution max-error=0.000e+00; padding and L unchanged
TRSM m=4161 n=65 PASS known-solution max-error=0.000e+00; padding and L unchanged
TRSM m=4355 n=65 PASS known-solution max-error=0.000e+00; padding and L unchanged
TRSM 29 known-solution cases and 4 no-op boundaries PASS; max-error=0.000e+00
TRSM m=1 n=1 PASS known-solution max-error=0.000e+00; padding and L unchanged
TRSM m=3 n=7 PASS known-solution max-error=0.000e+00; padding and L unchanged
TRSM m=4 n=8 PASS known-solution max-error=0.000e+00; padding and L unchanged
TRSM m=5 n=9 PASS known-solution max-error=0.000e+00; padding and L unchanged
TRSM m=65 n=17 PASS known-solution max-error=0.000e+00; padding and L unchanged
TRSM m=257 n=1 PASS known-solution max-error=0.000e+00; padding and L unchanged
TRSM m=4095 n=9 PASS known-solution max-error=0.000e+00; padding and L unchanged
TRSM m=4096 n=7 PASS known-solution max-error=0.000e+00; padding and L unchanged
TRSM m=4096 n=8 PASS known-solution max-error=0.000e+00; padding and L unchanged
TRSM m=4097 n=9 PASS known-solution max-error=0.000e+00; padding and L unchanged
TRSM m=4099 n=7 PASS known-solution max-error=0.000e+00; padding and L unchanged
TRSM m=4100 n=15 PASS known-solution max-error=0.000e+00; padding and L unchanged
TRSM m=4103 n=17 PASS known-solution max-error=0.000e+00; padding and L unchanged
TRSM m=4119 n=9 PASS known-solution max-error=0.000e+00; padding and L unchanged
TRSM m=4120 n=8 PASS known-solution max-error=0.000e+00; padding and L unchanged
TRSM m=4121 n=7 PASS known-solution max-error=0.000e+00; padding and L unchanged
TRSM m=4135 n=9 PASS known-solution max-error=0.000e+00; padding and L unchanged
TRSM m=4136 n=8 PASS known-solution max-error=0.000e+00; padding and L unchanged
TRSM m=4137 n=7 PASS known-solution max-error=0.000e+00; padding and L unchanged
TRSM m=4143 n=9 PASS known-solution max-error=0.000e+00; padding and L unchanged
TRSM m=4144 n=8 PASS known-solution max-error=0.000e+00; padding and L unchanged
TRSM m=4145 n=7 PASS known-solution max-error=0.000e+00; padding and L unchanged
TRSM m=4151 n=9 PASS known-solution max-error=0.000e+00; padding and L unchanged
TRSM m=4152 n=8 PASS known-solution max-error=0.000e+00; padding and L unchanged
TRSM m=4153 n=7 PASS known-solution max-error=0.000e+00; padding and L unchanged
TRSM m=4159 n=63 PASS known-solution max-error=0.000e+00; padding and L unchanged
TRSM m=4160 n=64 PASS known-solution max-error=0.000e+00; padding and L unchanged
TRSM m=4161 n=65 PASS known-solution max-error=0.000e+00; padding and L unchanged
TRSM m=4355 n=65 PASS known-solution max-error=0.000e+00; padding and L unchanged
TRSM 29 known-solution cases and 4 no-op boundaries PASS; max-error=0.000e+00
TRSM m=1 n=1 PASS known-solution max-error=0.000e+00; padding and L unchanged
TRSM m=3 n=7 PASS known-solution max-error=0.000e+00; padding and L unchanged
TRSM m=4 n=8 PASS known-solution max-error=0.000e+00; padding and L unchanged
TRSM m=5 n=9 PASS known-solution max-error=0.000e+00; padding and L unchanged
TRSM m=65 n=17 PASS known-solution max-error=0.000e+00; padding and L unchanged
TRSM m=257 n=1 PASS known-solution max-error=0.000e+00; padding and L unchanged
TRSM m=4095 n=9 PASS known-solution max-error=0.000e+00; padding and L unchanged
TRSM m=4096 n=7 PASS known-solution max-error=0.000e+00; padding and L unchanged
TRSM m=4096 n=8 PASS known-solution max-error=0.000e+00; padding and L unchanged
TRSM m=4097 n=9 PASS known-solution max-error=0.000e+00; padding and L unchanged
TRSM m=4099 n=7 PASS known-solution max-error=0.000e+00; padding and L unchanged
TRSM m=4100 n=15 PASS known-solution max-error=0.000e+00; padding and L unchanged
TRSM m=4103 n=17 PASS known-solution max-error=0.000e+00; padding and L unchanged
TRSM m=4119 n=9 PASS known-solution max-error=0.000e+00; padding and L unchanged
TRSM m=4120 n=8 PASS known-solution max-error=0.000e+00; padding and L unchanged
TRSM m=4121 n=7 PASS known-solution max-error=0.000e+00; padding and L unchanged
TRSM m=4135 n=9 PASS known-solution max-error=0.000e+00; padding and L unchanged
TRSM m=4136 n=8 PASS known-solution max-error=0.000e+00; padding and L unchanged
TRSM m=4137 n=7 PASS known-solution max-error=0.000e+00; padding and L unchanged
TRSM m=4143 n=9 PASS known-solution max-error=0.000e+00; padding and L unchanged
TRSM m=4144 n=8 PASS known-solution max-error=0.000e+00; padding and L unchanged
TRSM m=4145 n=7 PASS known-solution max-error=0.000e+00; padding and L unchanged
TRSM m=4151 n=9 PASS known-solution max-error=0.000e+00; padding and L unchanged
TRSM m=4152 n=8 PASS known-solution max-error=0.000e+00; padding and L unchanged
TRSM m=4153 n=7 PASS known-solution max-error=0.000e+00; padding and L unchanged
TRSM m=4159 n=63 PASS known-solution max-error=0.000e+00; padding and L unchanged
TRSM m=4160 n=64 PASS known-solution max-error=0.000e+00; padding and L unchanged
TRSM m=4161 n=65 PASS known-solution max-error=0.000e+00; padding and L unchanged
TRSM m=4355 n=65 PASS known-solution max-error=0.000e+00; padding and L unchanged
TRSM 29 known-solution cases and 4 no-op boundaries PASS; max-error=0.000e+00
PASS 50 non-dyadic direct-blocked cases, long-double RHS, padding and L unchanged; max-error=1.110e-16
PASS 50 non-dyadic direct-blocked cases, long-double RHS, padding and L unchanged; max-error=1.110e-16
TRSM_PREFLIGHT_COMPLETE=1
