TRSM m=1 n=1 PASS known-solution max-error=0.000e+00; padding and L unchanged
TRSM m=3 n=7 PASS known-solution max-error=0.000e+00; padding and L unchanged
TRSM m=4 n=8 PASS known-solution max-error=0.000e+00; padding and L unchanged
TRSM m=5 n=9 PASS known-solution max-error=0.000e+00; padding and L unchanged
TRSM m=3 n=15 PASS known-solution max-error=0.000e+00; padding and L unchanged
TRSM m=4 n=16 PASS known-solution max-error=0.000e+00; padding and L unchanged
TRSM m=5 n=17 PASS known-solution max-error=0.000e+00; padding and L unchanged
TRSM m=3 n=24 PASS known-solution max-error=0.000e+00; padding and L unchanged
TRSM m=4 n=25 PASS known-solution max-error=0.000e+00; padding and L unchanged
TRSM m=5 n=33 PASS known-solution max-error=0.000e+00; padding and L unchanged
TRSM m=3 n=56 PASS known-solution max-error=0.000e+00; padding and L unchanged
TRSM m=4 n=57 PASS known-solution max-error=0.000e+00; padding and L unchanged
TRSM m=5 n=65 PASS known-solution max-error=0.000e+00; padding and L unchanged
TRSM m=4 n=73 PASS known-solution max-error=0.000e+00; padding and L unchanged
TRSM m=5 n=81 PASS known-solution max-error=0.000e+00; padding and L unchanged
TRSM m=3 n=120 PASS known-solution max-error=0.000e+00; padding and L unchanged
TRSM m=4 n=121 PASS known-solution max-error=0.000e+00; padding and L unchanged
TRSM m=5 n=129 PASS known-solution max-error=0.000e+00; padding and L unchanged
TRSM m=3 n=248 PASS known-solution max-error=0.000e+00; padding and L unchanged
TRSM m=4 n=249 PASS known-solution max-error=0.000e+00; padding and L unchanged
TRSM m=5 n=257 PASS known-solution max-error=0.000e+00; padding and L unchanged
TRSM m=4 n=265 PASS known-solution max-error=0.000e+00; padding and L unchanged
TRSM m=5 n=273 PASS known-solution max-error=0.000e+00; padding and L unchanged
TRSM m=3 n=1208 PASS known-solution max-error=0.000e+00; padding and L unchanged
TRSM m=4 n=1209 PASS known-solution max-error=0.000e+00; padding and L unchanged
TRSM m=5 n=1217 PASS known-solution max-error=0.000e+00; padding and L unchanged
TRSM m=3 n=2424 PASS known-solution max-error=0.000e+00; padding and L unchanged
TRSM m=4 n=2425 PASS known-solution max-error=0.000e+00; padding and L unchanged
TRSM m=5 n=2433 PASS known-solution max-error=0.000e+00; padding and L unchanged
TRSM m=4 n=2441 PASS known-solution max-error=0.000e+00; padding and L unchanged
TRSM m=5 n=2449 PASS known-solution max-error=0.000e+00; padding and L unchanged
TRSM m=512 n=129 PASS known-solution max-error=0.000e+00; padding and L unchanged
TRSM m=910 n=257 PASS known-solution max-error=0.000e+00; padding and L unchanged
TRSM m=911 n=257 PASS known-solution max-error=0.000e+00; padding and L unchanged
TRSM m=1638 n=129 PASS known-solution max-error=0.000e+00; padding and L unchanged
TRSM m=1639 n=129 PASS known-solution max-error=0.000e+00; padding and L unchanged
TRSM m=4095 n=33 PASS known-solution max-error=0.000e+00; padding and L unchanged
TRSM m=4097 n=9 PASS known-solution max-error=0.000e+00; padding and L unchanged
TRSM 38 known-solution cases and 4 no-op boundaries PASS; max-error=0.000e+00
TRSM m=1 n=1 PASS known-solution max-error=0.000e+00; padding and L unchanged
TRSM m=3 n=7 PASS known-solution max-error=0.000e+00; padding and L unchanged
TRSM m=4 n=8 PASS known-solution max-error=0.000e+00; padding and L unchanged
TRSM m=5 n=9 PASS known-solution max-error=0.000e+00; padding and L unchanged
TRSM m=3 n=15 PASS known-solution max-error=0.000e+00; padding and L unchanged
TRSM m=4 n=16 PASS known-solution max-error=0.000e+00; padding and L unchanged
TRSM m=5 n=17 PASS known-solution max-error=0.000e+00; padding and L unchanged
TRSM m=3 n=24 PASS known-solution max-error=0.000e+00; padding and L unchanged
TRSM m=4 n=25 PASS known-solution max-error=0.000e+00; padding and L unchanged
TRSM m=5 n=33 PASS known-solution max-error=0.000e+00; padding and L unchanged
TRSM m=3 n=56 PASS known-solution max-error=0.000e+00; padding and L unchanged
TRSM m=4 n=57 PASS known-solution max-error=0.000e+00; padding and L unchanged
TRSM m=5 n=65 PASS known-solution max-error=0.000e+00; padding and L unchanged
TRSM m=4 n=73 PASS known-solution max-error=0.000e+00; padding and L unchanged
TRSM m=5 n=81 PASS known-solution max-error=0.000e+00; padding and L unchanged
TRSM m=3 n=120 PASS known-solution max-error=0.000e+00; padding and L unchanged
TRSM m=4 n=121 PASS known-solution max-error=0.000e+00; padding and L unchanged
TRSM m=5 n=129 PASS known-solution max-error=0.000e+00; padding and L unchanged
TRSM m=3 n=248 PASS known-solution max-error=0.000e+00; padding and L unchanged
TRSM m=4 n=249 PASS known-solution max-error=0.000e+00; padding and L unchanged
TRSM m=5 n=257 PASS known-solution max-error=0.000e+00; padding and L unchanged
TRSM m=4 n=265 PASS known-solution max-error=0.000e+00; padding and L unchanged
TRSM m=5 n=273 PASS known-solution max-error=0.000e+00; padding and L unchanged
TRSM m=3 n=1208 PASS known-solution max-error=0.000e+00; padding and L unchanged
TRSM m=4 n=1209 PASS known-solution max-error=0.000e+00; padding and L unchanged
TRSM m=5 n=1217 PASS known-solution max-error=0.000e+00; padding and L unchanged
TRSM m=3 n=2424 PASS known-solution max-error=0.000e+00; padding and L unchanged
TRSM m=4 n=2425 PASS known-solution max-error=0.000e+00; padding and L unchanged
TRSM m=5 n=2433 PASS known-solution max-error=0.000e+00; padding and L unchanged
TRSM m=4 n=2441 PASS known-solution max-error=0.000e+00; padding and L unchanged
TRSM m=5 n=2449 PASS known-solution max-error=0.000e+00; padding and L unchanged
TRSM m=512 n=129 PASS known-solution max-error=0.000e+00; padding and L unchanged
TRSM m=910 n=257 PASS known-solution max-error=0.000e+00; padding and L unchanged
TRSM m=911 n=257 PASS known-solution max-error=0.000e+00; padding and L unchanged
TRSM m=1638 n=129 PASS known-solution max-error=0.000e+00; padding and L unchanged
TRSM m=1639 n=129 PASS known-solution max-error=0.000e+00; padding and L unchanged
TRSM m=4095 n=33 PASS known-solution max-error=0.000e+00; padding and L unchanged
TRSM m=4097 n=9 PASS known-solution max-error=0.000e+00; padding and L unchanged
TRSM 38 known-solution cases and 4 no-op boundaries PASS; max-error=0.000e+00
TRSM m=1 n=1 PASS known-solution max-error=0.000e+00; padding and L unchanged
TRSM m=3 n=7 PASS known-solution max-error=0.000e+00; padding and L unchanged
TRSM m=4 n=8 PASS known-solution max-error=0.000e+00; padding and L unchanged
TRSM m=5 n=9 PASS known-solution max-error=0.000e+00; padding and L unchanged
TRSM m=3 n=15 PASS known-solution max-error=0.000e+00; padding and L unchanged
TRSM m=4 n=16 PASS known-solution max-error=0.000e+00; padding and L unchanged
TRSM m=5 n=17 PASS known-solution max-error=0.000e+00; padding and L unchanged
TRSM m=3 n=24 PASS known-solution max-error=0.000e+00; padding and L unchanged
TRSM m=4 n=25 PASS known-solution max-error=0.000e+00; padding and L unchanged
TRSM m=5 n=33 PASS known-solution max-error=0.000e+00; padding and L unchanged
TRSM m=3 n=56 PASS known-solution max-error=0.000e+00; padding and L unchanged
TRSM m=4 n=57 PASS known-solution max-error=0.000e+00; padding and L unchanged
TRSM m=5 n=65 PASS known-solution max-error=0.000e+00; padding and L unchanged
TRSM m=4 n=73 PASS known-solution max-error=0.000e+00; padding and L unchanged
TRSM m=5 n=81 PASS known-solution max-error=0.000e+00; padding and L unchanged
TRSM m=3 n=120 PASS known-solution max-error=0.000e+00; padding and L unchanged
TRSM m=4 n=121 PASS known-solution max-error=0.000e+00; padding and L unchanged
TRSM m=5 n=129 PASS known-solution max-error=0.000e+00; padding and L unchanged
TRSM m=3 n=248 PASS known-solution max-error=0.000e+00; padding and L unchanged
TRSM m=4 n=249 PASS known-solution max-error=0.000e+00; padding and L unchanged
TRSM m=5 n=257 PASS known-solution max-error=0.000e+00; padding and L unchanged
TRSM m=4 n=265 PASS known-solution max-error=0.000e+00; padding and L unchanged
TRSM m=5 n=273 PASS known-solution max-error=0.000e+00; padding and L unchanged
TRSM m=3 n=1208 PASS known-solution max-error=0.000e+00; padding and L unchanged
TRSM m=4 n=1209 PASS known-solution max-error=0.000e+00; padding and L unchanged
TRSM m=5 n=1217 PASS known-solution max-error=0.000e+00; padding and L unchanged
TRSM m=3 n=2424 PASS known-solution max-error=0.000e+00; padding and L unchanged
TRSM m=4 n=2425 PASS known-solution max-error=0.000e+00; padding and L unchanged
TRSM m=5 n=2433 PASS known-solution max-error=0.000e+00; padding and L unchanged
TRSM m=4 n=2441 PASS known-solution max-error=0.000e+00; padding and L unchanged
TRSM m=5 n=2449 PASS known-solution max-error=0.000e+00; padding and L unchanged
TRSM m=512 n=129 PASS known-solution max-error=0.000e+00; padding and L unchanged
TRSM m=910 n=257 PASS known-solution max-error=0.000e+00; padding and L unchanged
TRSM m=911 n=257 PASS known-solution max-error=0.000e+00; padding and L unchanged
TRSM m=1638 n=129 PASS known-solution max-error=0.000e+00; padding and L unchanged
TRSM m=1639 n=129 PASS known-solution max-error=0.000e+00; padding and L unchanged
TRSM m=4095 n=33 PASS known-solution max-error=0.000e+00; padding and L unchanged
TRSM m=4097 n=9 PASS known-solution max-error=0.000e+00; padding and L unchanged
TRSM 38 known-solution cases and 4 no-op boundaries PASS; max-error=0.000e+00
TRSM m=1 n=1 PASS known-solution max-error=0.000e+00; padding and L unchanged
TRSM m=3 n=7 PASS known-solution max-error=0.000e+00; padding and L unchanged
TRSM m=4 n=8 PASS known-solution max-error=0.000e+00; padding and L unchanged
TRSM m=5 n=9 PASS known-solution max-error=0.000e+00; padding and L unchanged
TRSM m=3 n=15 PASS known-solution max-error=0.000e+00; padding and L unchanged
TRSM m=4 n=16 PASS known-solution max-error=0.000e+00; padding and L unchanged
TRSM m=5 n=17 PASS known-solution max-error=0.000e+00; padding and L unchanged
TRSM m=3 n=24 PASS known-solution max-error=0.000e+00; padding and L unchanged
TRSM m=4 n=25 PASS known-solution max-error=0.000e+00; padding and L unchanged
TRSM m=5 n=33 PASS known-solution max-error=0.000e+00; padding and L unchanged
TRSM m=3 n=56 PASS known-solution max-error=0.000e+00; padding and L unchanged
TRSM m=4 n=57 PASS known-solution max-error=0.000e+00; padding and L unchanged
TRSM m=5 n=65 PASS known-solution max-error=0.000e+00; padding and L unchanged
TRSM m=4 n=73 PASS known-solution max-error=0.000e+00; padding and L unchanged
TRSM m=5 n=81 PASS known-solution max-error=0.000e+00; padding and L unchanged
TRSM m=3 n=120 PASS known-solution max-error=0.000e+00; padding and L unchanged
TRSM m=4 n=121 PASS known-solution max-error=0.000e+00; padding and L unchanged
TRSM m=5 n=129 PASS known-solution max-error=0.000e+00; padding and L unchanged
TRSM m=3 n=248 PASS known-solution max-error=0.000e+00; padding and L unchanged
TRSM m=4 n=249 PASS known-solution max-error=0.000e+00; padding and L unchanged
TRSM m=5 n=257 PASS known-solution max-error=0.000e+00; padding and L unchanged
TRSM m=4 n=265 PASS known-solution max-error=0.000e+00; padding and L unchanged
TRSM m=5 n=273 PASS known-solution max-error=0.000e+00; padding and L unchanged
TRSM m=3 n=1208 PASS known-solution max-error=0.000e+00; padding and L unchanged
TRSM m=4 n=1209 PASS known-solution max-error=0.000e+00; padding and L unchanged
TRSM m=5 n=1217 PASS known-solution max-error=0.000e+00; padding and L unchanged
TRSM m=3 n=2424 PASS known-solution max-error=0.000e+00; padding and L unchanged
TRSM m=4 n=2425 PASS known-solution max-error=0.000e+00; padding and L unchanged
TRSM m=5 n=2433 PASS known-solution max-error=0.000e+00; padding and L unchanged
TRSM m=4 n=2441 PASS known-solution max-error=0.000e+00; padding and L unchanged
TRSM m=5 n=2449 PASS known-solution max-error=0.000e+00; padding and L unchanged
TRSM m=512 n=129 PASS known-solution max-error=0.000e+00; padding and L unchanged
TRSM m=910 n=257 PASS known-solution max-error=0.000e+00; padding and L unchanged
TRSM m=911 n=257 PASS known-solution max-error=0.000e+00; padding and L unchanged
TRSM m=1638 n=129 PASS known-solution max-error=0.000e+00; padding and L unchanged
TRSM m=1639 n=129 PASS known-solution max-error=0.000e+00; padding and L unchanged
TRSM m=4095 n=33 PASS known-solution max-error=0.000e+00; padding and L unchanged
TRSM m=4097 n=9 PASS known-solution max-error=0.000e+00; padding and L unchanged
TRSM 38 known-solution cases and 4 no-op boundaries PASS; max-error=0.000e+00
TRSM m=1 n=1 PASS known-solution max-error=0.000e+00; padding and L unchanged
TRSM m=3 n=7 PASS known-solution max-error=0.000e+00; padding and L unchanged
TRSM m=4 n=8 PASS known-solution max-error=0.000e+00; padding and L unchanged
TRSM m=5 n=9 PASS known-solution max-error=0.000e+00; padding and L unchanged
TRSM m=3 n=15 PASS known-solution max-error=0.000e+00; padding and L unchanged
TRSM m=4 n=16 PASS known-solution max-error=0.000e+00; padding and L unchanged
TRSM m=5 n=17 PASS known-solution max-error=0.000e+00; padding and L unchanged
TRSM m=3 n=24 PASS known-solution max-error=0.000e+00; padding and L unchanged
TRSM m=4 n=25 PASS known-solution max-error=0.000e+00; padding and L unchanged
TRSM m=5 n=33 PASS known-solution max-error=0.000e+00; padding and L unchanged
TRSM m=3 n=56 PASS known-solution max-error=0.000e+00; padding and L unchanged
TRSM m=4 n=57 PASS known-solution max-error=0.000e+00; padding and L unchanged
TRSM m=5 n=65 PASS known-solution max-error=0.000e+00; padding and L unchanged
TRSM m=4 n=73 PASS known-solution max-error=0.000e+00; padding and L unchanged
TRSM m=5 n=81 PASS known-solution max-error=0.000e+00; padding and L unchanged
TRSM m=3 n=120 PASS known-solution max-error=0.000e+00; padding and L unchanged
TRSM m=4 n=121 PASS known-solution max-error=0.000e+00; padding and L unchanged
TRSM m=5 n=129 PASS known-solution max-error=0.000e+00; padding and L unchanged
TRSM m=3 n=248 PASS known-solution max-error=0.000e+00; padding and L unchanged
TRSM m=4 n=249 PASS known-solution max-error=0.000e+00; padding and L unchanged
TRSM m=5 n=257 PASS known-solution max-error=0.000e+00; padding and L unchanged
TRSM m=4 n=265 PASS known-solution max-error=0.000e+00; padding and L unchanged
TRSM m=5 n=273 PASS known-solution max-error=0.000e+00; padding and L unchanged
TRSM m=3 n=1208 PASS known-solution max-error=0.000e+00; padding and L unchanged
TRSM m=4 n=1209 PASS known-solution max-error=0.000e+00; padding and L unchanged
TRSM m=5 n=1217 PASS known-solution max-error=0.000e+00; padding and L unchanged
TRSM m=3 n=2424 PASS known-solution max-error=0.000e+00; padding and L unchanged
TRSM m=4 n=2425 PASS known-solution max-error=0.000e+00; padding and L unchanged
TRSM m=5 n=2433 PASS known-solution max-error=0.000e+00; padding and L unchanged
TRSM m=4 n=2441 PASS known-solution max-error=0.000e+00; padding and L unchanged
TRSM m=5 n=2449 PASS known-solution max-error=0.000e+00; padding and L unchanged
TRSM m=512 n=129 PASS known-solution max-error=0.000e+00; padding and L unchanged
TRSM m=910 n=257 PASS known-solution max-error=0.000e+00; padding and L unchanged
TRSM m=911 n=257 PASS known-solution max-error=0.000e+00; padding and L unchanged
TRSM m=1638 n=129 PASS known-solution max-error=0.000e+00; padding and L unchanged
TRSM m=1639 n=129 PASS known-solution max-error=0.000e+00; padding and L unchanged
TRSM m=4095 n=33 PASS known-solution max-error=0.000e+00; padding and L unchanged
TRSM m=4097 n=9 PASS known-solution max-error=0.000e+00; padding and L unchanged
TRSM 38 known-solution cases and 4 no-op boundaries PASS; max-error=0.000e+00
TRSM m=1 n=1 PASS known-solution max-error=0.000e+00; padding and L unchanged
TRSM m=3 n=7 PASS known-solution max-error=0.000e+00; padding and L unchanged
TRSM m=4 n=8 PASS known-solution max-error=0.000e+00; padding and L unchanged
TRSM m=5 n=9 PASS known-solution max-error=0.000e+00; padding and L unchanged
TRSM m=3 n=15 PASS known-solution max-error=0.000e+00; padding and L unchanged
TRSM m=4 n=16 PASS known-solution max-error=0.000e+00; padding and L unchanged
TRSM m=5 n=17 PASS known-solution max-error=0.000e+00; padding and L unchanged
TRSM m=3 n=24 PASS known-solution max-error=0.000e+00; padding and L unchanged
TRSM m=4 n=25 PASS known-solution max-error=0.000e+00; padding and L unchanged
TRSM m=5 n=33 PASS known-solution max-error=0.000e+00; padding and L unchanged
TRSM m=3 n=56 PASS known-solution max-error=0.000e+00; padding and L unchanged
TRSM m=4 n=57 PASS known-solution max-error=0.000e+00; padding and L unchanged
TRSM m=5 n=65 PASS known-solution max-error=0.000e+00; padding and L unchanged
TRSM m=4 n=73 PASS known-solution max-error=0.000e+00; padding and L unchanged
TRSM m=5 n=81 PASS known-solution max-error=0.000e+00; padding and L unchanged
TRSM m=3 n=120 PASS known-solution max-error=0.000e+00; padding and L unchanged
TRSM m=4 n=121 PASS known-solution max-error=0.000e+00; padding and L unchanged
TRSM m=5 n=129 PASS known-solution max-error=0.000e+00; padding and L unchanged
TRSM m=3 n=248 PASS known-solution max-error=0.000e+00; padding and L unchanged
TRSM m=4 n=249 PASS known-solution max-error=0.000e+00; padding and L unchanged
TRSM m=5 n=257 PASS known-solution max-error=0.000e+00; padding and L unchanged
TRSM m=4 n=265 PASS known-solution max-error=0.000e+00; padding and L unchanged
TRSM m=5 n=273 PASS known-solution max-error=0.000e+00; padding and L unchanged
TRSM m=3 n=1208 PASS known-solution max-error=0.000e+00; padding and L unchanged
TRSM m=4 n=1209 PASS known-solution max-error=0.000e+00; padding and L unchanged
TRSM m=5 n=1217 PASS known-solution max-error=0.000e+00; padding and L unchanged
TRSM m=3 n=2424 PASS known-solution max-error=0.000e+00; padding and L unchanged
TRSM m=4 n=2425 PASS known-solution max-error=0.000e+00; padding and L unchanged
TRSM m=5 n=2433 PASS known-solution max-error=0.000e+00; padding and L unchanged
TRSM m=4 n=2441 PASS known-solution max-error=0.000e+00; padding and L unchanged
TRSM m=5 n=2449 PASS known-solution max-error=0.000e+00; padding and L unchanged
TRSM m=512 n=129 PASS known-solution max-error=0.000e+00; padding and L unchanged
TRSM m=910 n=257 PASS known-solution max-error=0.000e+00; padding and L unchanged
TRSM m=911 n=257 PASS known-solution max-error=0.000e+00; padding and L unchanged
TRSM m=1638 n=129 PASS known-solution max-error=0.000e+00; padding and L unchanged
TRSM m=1639 n=129 PASS known-solution max-error=0.000e+00; padding and L unchanged
TRSM m=4095 n=33 PASS known-solution max-error=0.000e+00; padding and L unchanged
TRSM m=4097 n=9 PASS known-solution max-error=0.000e+00; padding and L unchanged
TRSM 38 known-solution cases and 4 no-op boundaries PASS; max-error=0.000e+00
TRSM m=1 n=1 PASS known-solution max-error=0.000e+00; padding and L unchanged
TRSM m=3 n=7 PASS known-solution max-error=0.000e+00; padding and L unchanged
TRSM m=4 n=8 PASS known-solution max-error=0.000e+00; padding and L unchanged
TRSM m=5 n=9 PASS known-solution max-error=0.000e+00; padding and L unchanged
TRSM m=3 n=15 PASS known-solution max-error=0.000e+00; padding and L unchanged
TRSM m=4 n=16 PASS known-solution max-error=0.000e+00; padding and L unchanged
TRSM m=5 n=17 PASS known-solution max-error=0.000e+00; padding and L unchanged
TRSM m=3 n=24 PASS known-solution max-error=0.000e+00; padding and L unchanged
TRSM m=4 n=25 PASS known-solution max-error=0.000e+00; padding and L unchanged
TRSM m=5 n=33 PASS known-solution max-error=0.000e+00; padding and L unchanged
TRSM m=3 n=56 PASS known-solution max-error=0.000e+00; padding and L unchanged
TRSM m=4 n=57 PASS known-solution max-error=0.000e+00; padding and L unchanged
TRSM m=5 n=65 PASS known-solution max-error=0.000e+00; padding and L unchanged
TRSM m=4 n=73 PASS known-solution max-error=0.000e+00; padding and L unchanged
TRSM m=5 n=81 PASS known-solution max-error=0.000e+00; padding and L unchanged
TRSM m=3 n=120 PASS known-solution max-error=0.000e+00; padding and L unchanged
TRSM m=4 n=121 PASS known-solution max-error=0.000e+00; padding and L unchanged
TRSM m=5 n=129 PASS known-solution max-error=0.000e+00; padding and L unchanged
TRSM m=3 n=248 PASS known-solution max-error=0.000e+00; padding and L unchanged
TRSM m=4 n=249 PASS known-solution max-error=0.000e+00; padding and L unchanged
TRSM m=5 n=257 PASS known-solution max-error=0.000e+00; padding and L unchanged
TRSM m=4 n=265 PASS known-solution max-error=0.000e+00; padding and L unchanged
TRSM m=5 n=273 PASS known-solution max-error=0.000e+00; padding and L unchanged
TRSM m=3 n=1208 PASS known-solution max-error=0.000e+00; padding and L unchanged
TRSM m=4 n=1209 PASS known-solution max-error=0.000e+00; padding and L unchanged
TRSM m=5 n=1217 PASS known-solution max-error=0.000e+00; padding and L unchanged
TRSM m=3 n=2424 PASS known-solution max-error=0.000e+00; padding and L unchanged
TRSM m=4 n=2425 PASS known-solution max-error=0.000e+00; padding and L unchanged
TRSM m=5 n=2433 PASS known-solution max-error=0.000e+00; padding and L unchanged
TRSM m=4 n=2441 PASS known-solution max-error=0.000e+00; padding and L unchanged
TRSM m=5 n=2449 PASS known-solution max-error=0.000e+00; padding and L unchanged
TRSM m=512 n=129 PASS known-solution max-error=0.000e+00; padding and L unchanged
TRSM m=910 n=257 PASS known-solution max-error=0.000e+00; padding and L unchanged
TRSM m=911 n=257 PASS known-solution max-error=0.000e+00; padding and L unchanged
TRSM m=1638 n=129 PASS known-solution max-error=0.000e+00; padding and L unchanged
TRSM m=1639 n=129 PASS known-solution max-error=0.000e+00; padding and L unchanged
TRSM m=4095 n=33 PASS known-solution max-error=0.000e+00; padding and L unchanged
TRSM m=4097 n=9 PASS known-solution max-error=0.000e+00; padding and L unchanged
TRSM 38 known-solution cases and 4 no-op boundaries PASS; max-error=0.000e+00
TRSM m=1 n=1 PASS known-solution max-error=0.000e+00; padding and L unchanged
TRSM m=3 n=7 PASS known-solution max-error=0.000e+00; padding and L unchanged
TRSM m=4 n=8 PASS known-solution max-error=0.000e+00; padding and L unchanged
TRSM m=5 n=9 PASS known-solution max-error=0.000e+00; padding and L unchanged
TRSM m=3 n=15 PASS known-solution max-error=0.000e+00; padding and L unchanged
TRSM m=4 n=16 PASS known-solution max-error=0.000e+00; padding and L unchanged
TRSM m=5 n=17 PASS known-solution max-error=0.000e+00; padding and L unchanged
TRSM m=3 n=24 PASS known-solution max-error=0.000e+00; padding and L unchanged
TRSM m=4 n=25 PASS known-solution max-error=0.000e+00; padding and L unchanged
TRSM m=5 n=33 PASS known-solution max-error=0.000e+00; padding and L unchanged
TRSM m=3 n=56 PASS known-solution max-error=0.000e+00; padding and L unchanged
TRSM m=4 n=57 PASS known-solution max-error=0.000e+00; padding and L unchanged
TRSM m=5 n=65 PASS known-solution max-error=0.000e+00; padding and L unchanged
TRSM m=4 n=73 PASS known-solution max-error=0.000e+00; padding and L unchanged
TRSM m=5 n=81 PASS known-solution max-error=0.000e+00; padding and L unchanged
TRSM m=3 n=120 PASS known-solution max-error=0.000e+00; padding and L unchanged
TRSM m=4 n=121 PASS known-solution max-error=0.000e+00; padding and L unchanged
TRSM m=5 n=129 PASS known-solution max-error=0.000e+00; padding and L unchanged
TRSM m=3 n=248 PASS known-solution max-error=0.000e+00; padding and L unchanged
TRSM m=4 n=249 PASS known-solution max-error=0.000e+00; padding and L unchanged
TRSM m=5 n=257 PASS known-solution max-error=0.000e+00; padding and L unchanged
TRSM m=4 n=265 PASS known-solution max-error=0.000e+00; padding and L unchanged
TRSM m=5 n=273 PASS known-solution max-error=0.000e+00; padding and L unchanged
TRSM m=3 n=1208 PASS known-solution max-error=0.000e+00; padding and L unchanged
TRSM m=4 n=1209 PASS known-solution max-error=0.000e+00; padding and L unchanged
TRSM m=5 n=1217 PASS known-solution max-error=0.000e+00; padding and L unchanged
TRSM m=3 n=2424 PASS known-solution max-error=0.000e+00; padding and L unchanged
TRSM m=4 n=2425 PASS known-solution max-error=0.000e+00; padding and L unchanged
TRSM m=5 n=2433 PASS known-solution max-error=0.000e+00; padding and L unchanged
TRSM m=4 n=2441 PASS known-solution max-error=0.000e+00; padding and L unchanged
TRSM m=5 n=2449 PASS known-solution max-error=0.000e+00; padding and L unchanged
TRSM m=512 n=129 PASS known-solution max-error=0.000e+00; padding and L unchanged
TRSM m=910 n=257 PASS known-solution max-error=0.000e+00; padding and L unchanged
TRSM m=911 n=257 PASS known-solution max-error=0.000e+00; padding and L unchanged
TRSM m=1638 n=129 PASS known-solution max-error=0.000e+00; padding and L unchanged
TRSM m=1639 n=129 PASS known-solution max-error=0.000e+00; padding and L unchanged
TRSM m=4095 n=33 PASS known-solution max-error=0.000e+00; padding and L unchanged
TRSM m=4097 n=9 PASS known-solution max-error=0.000e+00; padding and L unchanged
TRSM 38 known-solution cases and 4 no-op boundaries PASS; max-error=0.000e+00
TRSM_PREFLIGHT_COMPLETE=1

BENCH_REPEAT 1/3 BEGIN COHORT=trsm-nohash-9755b9e3a427 MEMBER=T5-control9
Compiler: gcc (GCC) 10.3.1
CPUs=114-151 NUMA=3 threads=38
Reference BLAS override: /CLUSTER_USER_HOME/other-20260907/blas-verified/libopenblas.a (与官方 KML 配置不同)

================================= TRSM测试 ================================
     M       N     Time(ms)       GFLOPS 最大误差   校验
---------------------------------------------------------------------------
   512 x 19968        23.00     227.6117     1.67e-16     PASS

================================= TRSM测试 ================================
     M       N     Time(ms)       GFLOPS 最大误差   校验
---------------------------------------------------------------------------
  2432 x 17024       254.64     395.4300     2.22e-16     PASS

================================= TRSM测试 ================================
     M       N     Time(ms)       GFLOPS 最大误差   校验
---------------------------------------------------------------------------
 17024 x   512       235.76     629.3822     1.11e-15     PASS
All three official cases PASS. Logs: results/run-20260911-183647-pYIXZi

BENCH_REPEAT 1/3 BEGIN COHORT=trsm-nohash-9755b9e3a427 MEMBER=T6-pair2budget
Compiler: gcc (GCC) 10.3.1
CPUs=114-151 NUMA=3 threads=38
Reference BLAS override: /CLUSTER_USER_HOME/other-20260907/blas-verified/libopenblas.a (与官方 KML 配置不同)

================================= TRSM测试 ================================
     M       N     Time(ms)       GFLOPS 最大误差   校验
---------------------------------------------------------------------------
   512 x 19968        17.34     301.8224     1.67e-16     PASS

================================= TRSM测试 ================================
     M       N     Time(ms)       GFLOPS 最大误差   校验
---------------------------------------------------------------------------
  2432 x 17024       255.16     394.6185     2.22e-16     PASS

================================= TRSM测试 ================================
     M       N     Time(ms)       GFLOPS 最大误差   校验
---------------------------------------------------------------------------
 17024 x   512       228.96     648.0804     1.11e-15     PASS
All three official cases PASS. Logs: results/run-20260911-183656-zImRgs

BENCH_REPEAT 1/3 BEGIN COHORT=trsm-nohash-9755b9e3a427 MEMBER=T6-pair4budget
Compiler: gcc (GCC) 10.3.1
CPUs=114-151 NUMA=3 threads=38
Reference BLAS override: /CLUSTER_USER_HOME/other-20260907/blas-verified/libopenblas.a (与官方 KML 配置不同)

================================= TRSM测试 ================================
     M       N     Time(ms)       GFLOPS 最大误差   校验
---------------------------------------------------------------------------
   512 x 19968        16.48     317.6367     1.67e-16     PASS

================================= TRSM测试 ================================
     M       N     Time(ms)       GFLOPS 最大误差   校验
---------------------------------------------------------------------------
  2432 x 17024       256.40     392.7067     2.22e-16     PASS

================================= TRSM测试 ================================
     M       N     Time(ms)       GFLOPS 最大误差   校验
---------------------------------------------------------------------------
 17024 x   512       230.36     644.1612     1.11e-15     PASS
All three official cases PASS. Logs: results/run-20260911-183704-sfxrJa

BENCH_REPEAT 2/3 BEGIN COHORT=trsm-nohash-9755b9e3a427 MEMBER=T6-pair2budget
Compiler: gcc (GCC) 10.3.1
CPUs=114-151 NUMA=3 threads=38
Reference BLAS override: /CLUSTER_USER_HOME/other-20260907/blas-verified/libopenblas.a (与官方 KML 配置不同)

================================= TRSM测试 ================================
     M       N     Time(ms)       GFLOPS 最大误差   校验
---------------------------------------------------------------------------
   512 x 19968        18.01     290.6713     1.67e-16     PASS

================================= TRSM测试 ================================
     M       N     Time(ms)       GFLOPS 最大误差   校验
---------------------------------------------------------------------------
  2432 x 17024       260.10     387.1174     2.22e-16     PASS

================================= TRSM测试 ================================
     M       N     Time(ms)       GFLOPS 最大误差   校验
---------------------------------------------------------------------------
 17024 x   512       228.87     648.3402     1.11e-15     PASS
All three official cases PASS. Logs: results/run-20260911-183713-SbrTpv

BENCH_REPEAT 2/3 BEGIN COHORT=trsm-nohash-9755b9e3a427 MEMBER=T6-pair4budget
Compiler: gcc (GCC) 10.3.1
CPUs=114-151 NUMA=3 threads=38
Reference BLAS override: /CLUSTER_USER_HOME/other-20260907/blas-verified/libopenblas.a (与官方 KML 配置不同)

================================= TRSM测试 ================================
     M       N     Time(ms)       GFLOPS 最大误差   校验
---------------------------------------------------------------------------
   512 x 19968        17.39     301.0064     1.67e-16     PASS

================================= TRSM测试 ================================
     M       N     Time(ms)       GFLOPS 最大误差   校验
---------------------------------------------------------------------------
  2432 x 17024       257.35     391.2556     2.22e-16     PASS

================================= TRSM测试 ================================
     M       N     Time(ms)       GFLOPS 最大误差   校验
---------------------------------------------------------------------------
 17024 x   512       229.24     647.3041     1.11e-15     PASS
All three official cases PASS. Logs: results/run-20260911-183722-NMWGi9

BENCH_REPEAT 2/3 BEGIN COHORT=trsm-nohash-9755b9e3a427 MEMBER=T5-control9
Compiler: gcc (GCC) 10.3.1
CPUs=114-151 NUMA=3 threads=38
Reference BLAS override: /CLUSTER_USER_HOME/other-20260907/blas-verified/libopenblas.a (与官方 KML 配置不同)

================================= TRSM测试 ================================
     M       N     Time(ms)       GFLOPS 最大误差   校验
---------------------------------------------------------------------------
   512 x 19968        22.93     228.2401     1.67e-16     PASS

================================= TRSM测试 ================================
     M       N     Time(ms)       GFLOPS 最大误差   校验
---------------------------------------------------------------------------
  2432 x 17024       254.29     395.9634     2.22e-16     PASS

================================= TRSM测试 ================================
     M       N     Time(ms)       GFLOPS 最大误差   校验
---------------------------------------------------------------------------
 17024 x   512       229.92     645.3739     1.11e-15     PASS
All three official cases PASS. Logs: results/run-20260911-183732-5tLrHg

BENCH_REPEAT 3/3 BEGIN COHORT=trsm-nohash-9755b9e3a427 MEMBER=T6-pair4budget
Compiler: gcc (GCC) 10.3.1
CPUs=114-151 NUMA=3 threads=38
Reference BLAS override: /CLUSTER_USER_HOME/other-20260907/blas-verified/libopenblas.a (与官方 KML 配置不同)

================================= TRSM测试 ================================
     M       N     Time(ms)       GFLOPS 最大误差   校验
---------------------------------------------------------------------------
   512 x 19968        16.44     318.3112     1.67e-16     PASS

================================= TRSM测试 ================================
     M       N     Time(ms)       GFLOPS 最大误差   校验
---------------------------------------------------------------------------
  2432 x 17024       256.38     392.7373     2.22e-16     PASS

================================= TRSM测试 ================================
     M       N     Time(ms)       GFLOPS 最大误差   校验
---------------------------------------------------------------------------
 17024 x   512       229.82     645.6536     1.11e-15     PASS
All three official cases PASS. Logs: results/run-20260911-183741-My7g25

BENCH_REPEAT 3/3 BEGIN COHORT=trsm-nohash-9755b9e3a427 MEMBER=T5-control9
Compiler: gcc (GCC) 10.3.1
CPUs=114-151 NUMA=3 threads=38
Reference BLAS override: /CLUSTER_USER_HOME/other-20260907/blas-verified/libopenblas.a (与官方 KML 配置不同)

================================= TRSM测试 ================================
     M       N     Time(ms)       GFLOPS 最大误差   校验
---------------------------------------------------------------------------
   512 x 19968        22.73     230.3133     1.67e-16     PASS

================================= TRSM测试 ================================
     M       N     Time(ms)       GFLOPS 最大误差   校验
---------------------------------------------------------------------------
  2432 x 17024       259.11     388.5994     2.22e-16     PASS

================================= TRSM测试 ================================
     M       N     Time(ms)       GFLOPS 最大误差   校验
---------------------------------------------------------------------------
 17024 x   512       229.64     646.1653     1.11e-15     PASS
All three official cases PASS. Logs: results/run-20260911-183749-jkaGAM

BENCH_REPEAT 3/3 BEGIN COHORT=trsm-nohash-9755b9e3a427 MEMBER=T6-pair2budget
Compiler: gcc (GCC) 10.3.1
CPUs=114-151 NUMA=3 threads=38
Reference BLAS override: /CLUSTER_USER_HOME/other-20260907/blas-verified/libopenblas.a (与官方 KML 配置不同)

================================= TRSM测试 ================================
     M       N     Time(ms)       GFLOPS 最大误差   校验
---------------------------------------------------------------------------
   512 x 19968        17.37     301.2761     1.67e-16     PASS

================================= TRSM测试 ================================
     M       N     Time(ms)       GFLOPS 最大误差   校验
---------------------------------------------------------------------------
  2432 x 17024       263.45     382.1973     2.22e-16     PASS

================================= TRSM测试 ================================
     M       N     Time(ms)       GFLOPS 最大误差   校验
---------------------------------------------------------------------------
 17024 x   512       229.06     647.7975     1.11e-15     PASS
All three official cases PASS. Logs: results/run-20260911-183757-wgnMw1
