LINKAGE_REPEAT 1/3 BEGIN
JOB_ID=1579585
BINARY=/CLUSTER_USER_HOME/kunpeng-experiments/trsm-kml251-2ead04533b42/T13-sve4x32/source/trsm_test
LDD_EXIT_CODE=0
	linux-vdso.so.1 (0x000040000f378000)
	libm.so.6 => /usr/lib64/libm.so.6 (0x000040000f390000)
	libkblas.so.25.1.0 => /opt/donaudata/donau/HPCKit_25.1.0_Linux-aarch64/package/KunpengHPCKit-kml.25.1.0/gcclib/sme/kblas/multi/libkblas.so.25.1.0 (0x000040000f450000)
	libgomp.so.1 => /CLUSTER_USER_HOME/kunpeng-experiments/trsm-kml251-f6110e522b93/compiler-private/gcc-12.3.1-2025.03-aarch64-linux/lib64/libgomp.so.1 (0x0000400015580000)
	libc.so.6 => /usr/lib64/libc.so.6 (0x00004000155f0000)
	/lib/ld-linux-aarch64.so.1 (0x000040000f34e000)
	libdl.so.2 => /usr/lib64/libdl.so.2 (0x00004000157b0000)
	libpthread.so.0 => /usr/lib64/libpthread.so.0 (0x00004000157e0000)
KML251_LINKED_LIBRARY=/opt/donaudata/donau/HPCKit_25.1.0_Linux-aarch64/package/KunpengHPCKit-kml.25.1.0/gcclib/sme/kblas/multi/libkblas.so.25.1.0
GOMP_LINKED_LIBRARY=/CLUSTER_USER_HOME/kunpeng-experiments/trsm-kml251-f6110e522b93/compiler-private/gcc-12.3.1-2025.03-aarch64-linux/lib64/libgomp.so.1.0.0
KML251_DEPENDENCY_AUDIT_PASS=1
LINKAGE_REPEAT 1/3 END
LINKAGE_REPEAT 2/3 BEGIN
JOB_ID=1579585
BINARY=/CLUSTER_USER_HOME/kunpeng-experiments/trsm-kml251-2ead04533b42/T13-sve4x32/source/trsm_test
LDD_EXIT_CODE=0
	linux-vdso.so.1 (0x0000400026602000)
	libm.so.6 => /usr/lib64/libm.so.6 (0x0000400026620000)
	libkblas.so.25.1.0 => /opt/donaudata/donau/HPCKit_25.1.0_Linux-aarch64/package/KunpengHPCKit-kml.25.1.0/gcclib/sme/kblas/multi/libkblas.so.25.1.0 (0x00004000266d0000)
	libgomp.so.1 => /CLUSTER_USER_HOME/kunpeng-experiments/trsm-kml251-f6110e522b93/compiler-private/gcc-12.3.1-2025.03-aarch64-linux/lib64/libgomp.so.1 (0x000040002c810000)
	libc.so.6 => /usr/lib64/libc.so.6 (0x000040002c880000)
	/lib/ld-linux-aarch64.so.1 (0x00004000265d8000)
	libdl.so.2 => /usr/lib64/libdl.so.2 (0x000040002ca40000)
	libpthread.so.0 => /usr/lib64/libpthread.so.0 (0x000040002ca70000)
KML251_LINKED_LIBRARY=/opt/donaudata/donau/HPCKit_25.1.0_Linux-aarch64/package/KunpengHPCKit-kml.25.1.0/gcclib/sme/kblas/multi/libkblas.so.25.1.0
GOMP_LINKED_LIBRARY=/CLUSTER_USER_HOME/kunpeng-experiments/trsm-kml251-f6110e522b93/compiler-private/gcc-12.3.1-2025.03-aarch64-linux/lib64/libgomp.so.1.0.0
KML251_DEPENDENCY_AUDIT_PASS=1
LINKAGE_REPEAT 2/3 END
LINKAGE_REPEAT 3/3 BEGIN
JOB_ID=1579585
BINARY=/CLUSTER_USER_HOME/kunpeng-experiments/trsm-kml251-2ead04533b42/T13-sve4x32/source/trsm_test
LDD_EXIT_CODE=0
	linux-vdso.so.1 (0x0000400002a97000)
	libm.so.6 => /usr/lib64/libm.so.6 (0x0000400002ab0000)
	libkblas.so.25.1.0 => /opt/donaudata/donau/HPCKit_25.1.0_Linux-aarch64/package/KunpengHPCKit-kml.25.1.0/gcclib/sme/kblas/multi/libkblas.so.25.1.0 (0x0000400002b60000)
	libgomp.so.1 => /CLUSTER_USER_HOME/kunpeng-experiments/trsm-kml251-f6110e522b93/compiler-private/gcc-12.3.1-2025.03-aarch64-linux/lib64/libgomp.so.1 (0x0000400008ca0000)
	libc.so.6 => /usr/lib64/libc.so.6 (0x0000400008d10000)
	/lib/ld-linux-aarch64.so.1 (0x0000400002a6d000)
	libdl.so.2 => /usr/lib64/libdl.so.2 (0x0000400008ed0000)
	libpthread.so.0 => /usr/lib64/libpthread.so.0 (0x0000400008f00000)
KML251_LINKED_LIBRARY=/opt/donaudata/donau/HPCKit_25.1.0_Linux-aarch64/package/KunpengHPCKit-kml.25.1.0/gcclib/sme/kblas/multi/libkblas.so.25.1.0
GOMP_LINKED_LIBRARY=/CLUSTER_USER_HOME/kunpeng-experiments/trsm-kml251-f6110e522b93/compiler-private/gcc-12.3.1-2025.03-aarch64-linux/lib64/libgomp.so.1.0.0
KML251_DEPENDENCY_AUDIT_PASS=1
LINKAGE_REPEAT 3/3 END
