LINKAGE_REPEAT 1/3 BEGIN
JOB_ID=1579788
BINARY=/CLUSTER_USER_HOME/kunpeng-experiments/trsm-kml251-7e4bb86bfa10/T8-control12-repeat-r15/source/trsm_test
LDD_EXIT_CODE=0
	linux-vdso.so.1 (0x000040001aa0b000)
	libm.so.6 => /usr/lib64/libm.so.6 (0x000040001aa30000)
	libkblas.so.25.1.0 => /opt/donaudata/donau/HPCKit_25.1.0_Linux-aarch64/package/KunpengHPCKit-kml.25.1.0/gcclib/sme/kblas/multi/libkblas.so.25.1.0 (0x000040001aae0000)
	libgomp.so.1 => /CLUSTER_USER_HOME/kunpeng-experiments/trsm-kml251-f6110e522b93/compiler-private/gcc-12.3.1-2025.03-aarch64-linux/lib64/libgomp.so.1 (0x0000400020c10000)
	libc.so.6 => /usr/lib64/libc.so.6 (0x0000400020c90000)
	/lib/ld-linux-aarch64.so.1 (0x000040001a9e1000)
	libdl.so.2 => /usr/lib64/libdl.so.2 (0x0000400020e40000)
	libpthread.so.0 => /usr/lib64/libpthread.so.0 (0x0000400020e80000)
KML251_LINKED_LIBRARY=/opt/donaudata/donau/HPCKit_25.1.0_Linux-aarch64/package/KunpengHPCKit-kml.25.1.0/gcclib/sme/kblas/multi/libkblas.so.25.1.0
GOMP_LINKED_LIBRARY=/CLUSTER_USER_HOME/kunpeng-experiments/trsm-kml251-f6110e522b93/compiler-private/gcc-12.3.1-2025.03-aarch64-linux/lib64/libgomp.so.1.0.0
KML251_DEPENDENCY_AUDIT_PASS=1
LINKAGE_REPEAT 1/3 END
LINKAGE_REPEAT 2/3 BEGIN
JOB_ID=1579788
BINARY=/CLUSTER_USER_HOME/kunpeng-experiments/trsm-kml251-7e4bb86bfa10/T8-control12-repeat-r15/source/trsm_test
LDD_EXIT_CODE=0
	linux-vdso.so.1 (0x000040003d70d000)
	libm.so.6 => /usr/lib64/libm.so.6 (0x000040003d730000)
	libkblas.so.25.1.0 => /opt/donaudata/donau/HPCKit_25.1.0_Linux-aarch64/package/KunpengHPCKit-kml.25.1.0/gcclib/sme/kblas/multi/libkblas.so.25.1.0 (0x000040003d7e0000)
	libgomp.so.1 => /CLUSTER_USER_HOME/kunpeng-experiments/trsm-kml251-f6110e522b93/compiler-private/gcc-12.3.1-2025.03-aarch64-linux/lib64/libgomp.so.1 (0x0000400043920000)
	libc.so.6 => /usr/lib64/libc.so.6 (0x0000400043990000)
	/lib/ld-linux-aarch64.so.1 (0x000040003d6e3000)
	libdl.so.2 => /usr/lib64/libdl.so.2 (0x0000400043b50000)
	libpthread.so.0 => /usr/lib64/libpthread.so.0 (0x0000400043b80000)
KML251_LINKED_LIBRARY=/opt/donaudata/donau/HPCKit_25.1.0_Linux-aarch64/package/KunpengHPCKit-kml.25.1.0/gcclib/sme/kblas/multi/libkblas.so.25.1.0
GOMP_LINKED_LIBRARY=/CLUSTER_USER_HOME/kunpeng-experiments/trsm-kml251-f6110e522b93/compiler-private/gcc-12.3.1-2025.03-aarch64-linux/lib64/libgomp.so.1.0.0
KML251_DEPENDENCY_AUDIT_PASS=1
LINKAGE_REPEAT 2/3 END
LINKAGE_REPEAT 3/3 BEGIN
JOB_ID=1579788
BINARY=/CLUSTER_USER_HOME/kunpeng-experiments/trsm-kml251-7e4bb86bfa10/T8-control12-repeat-r15/source/trsm_test
LDD_EXIT_CODE=0
	linux-vdso.so.1 (0x0000400033c21000)
	libm.so.6 => /usr/lib64/libm.so.6 (0x0000400033c40000)
	libkblas.so.25.1.0 => /opt/donaudata/donau/HPCKit_25.1.0_Linux-aarch64/package/KunpengHPCKit-kml.25.1.0/gcclib/sme/kblas/multi/libkblas.so.25.1.0 (0x0000400033cf0000)
	libgomp.so.1 => /CLUSTER_USER_HOME/kunpeng-experiments/trsm-kml251-f6110e522b93/compiler-private/gcc-12.3.1-2025.03-aarch64-linux/lib64/libgomp.so.1 (0x0000400039e30000)
	libc.so.6 => /usr/lib64/libc.so.6 (0x0000400039ea0000)
	/lib/ld-linux-aarch64.so.1 (0x0000400033bf7000)
	libdl.so.2 => /usr/lib64/libdl.so.2 (0x000040003a060000)
	libpthread.so.0 => /usr/lib64/libpthread.so.0 (0x000040003a090000)
KML251_LINKED_LIBRARY=/opt/donaudata/donau/HPCKit_25.1.0_Linux-aarch64/package/KunpengHPCKit-kml.25.1.0/gcclib/sme/kblas/multi/libkblas.so.25.1.0
GOMP_LINKED_LIBRARY=/CLUSTER_USER_HOME/kunpeng-experiments/trsm-kml251-f6110e522b93/compiler-private/gcc-12.3.1-2025.03-aarch64-linux/lib64/libgomp.so.1.0.0
KML251_DEPENDENCY_AUDIT_PASS=1
LINKAGE_REPEAT 3/3 END
