+ :
+ stage allocation python3 -
+ local name=allocation code
+ shift
+ set +e
+ python3 -
ALLOWED_CPUS=76,77,78,79,80,81,82,83,84,85,86,87,88,89,90,91,92,93,94,95,96,97,98,99,100,101,102,103,104,105,106,107,108,109,110,111,112,113
NUMA_NODE=node2
+ code=0
+ set -e
+ tee -a stage-exits.txt
+ printf 'STAGE=%s EXIT=%s\n' allocation 0
STAGE=allocation EXIT=0
+ return 0
+ source candidate.env
++ CANDIDATE=C48-row8x2u1
++ EXPECTED_ACC=2
++ EXPECTED_FULL=5360
++ EXPECTED_DISPATCH=1080
++ EXPECTED_DIRECT=504
++ EXPECTED_DISPATCH_ROWEIGHT_ENTRIES=792
++ EXPECTED_DIRECT_ROWEIGHT_ENTRIES=1260
++ EXPECTED_TOTAL=41664
+ [[ C48-row8x2u1 == C48-row8x2u1 ]]
+ [[ 2 == 2 ]]
+ [[ 5360 == 5360 ]]
+ [[ 1080 == 1080 ]]
+ [[ 504 == 504 ]]
+ [[ 41664 == 41664 ]]
+ [[ 792 == 792 ]]
+ [[ 1260 == 1260 ]]
+ printf 'CANDIDATE=%s\n' C48-row8x2u1
CANDIDATE=C48-row8x2u1
+ date -u
Sat Sep 12 12:16:00 UTC 2026
+ hostname
COMPUTE_NODE_1
+ stage compiler compiler_check
+ local name=compiler code
+ shift
+ set +e
+ compiler_check
+ gcc --version
gcc (GCC) 10.3.1
Copyright (C) 2020 Free Software Foundation, Inc.
This is free software; see the source for copying conditions.  There is NO
warranty; not even for MERCHANTABILITY or FITNESS FOR A PARTICULAR PURPOSE.

+ gcc -dumpfullversion -dumpversion
++ cat compiler-version.txt
+ [[ 10.3.1 == 10.3.1 ]]
+ code=0
+ set -e
+ tee -a stage-exits.txt
+ printf 'STAGE=%s EXIT=%s\n' compiler 0
STAGE=compiler EXIT=0
+ return 0
+ stage manifest write_manifest
+ local name=manifest code
+ shift
+ set +e
+ write_manifest
+ sha256sum conv2d.c check_conv_guard.c check_sve_dispatch.c remote_job.sh candidate.env
+ cat source-sha256.txt
8623781dc784547e31b07facd65507b56ff40f6b5da3e617c1ef53f4a4f7f7c3  conv2d.c
affdc6ff80c5e0ba8cbc2dddb6b96ebc2c2c6b1822528b5769ac04171e44de0d  check_conv_guard.c
a4108e2adba92df3da6f6ffedbef8ea1e9c0e262730de5f37ebfbc76cb549f4a  check_sve_dispatch.c
5e2bc5eb820bb6baea2a690ec55275ee8ccbb290641b5be2f1c9ca45c6639332  remote_job.sh
2bd53ab052acd30db6a78a9e458cf2fc8006bcf8659f8256da7b751afec4cc56  candidate.env
+ code=0
+ set -e
+ tee -a stage-exits.txt
+ printf 'STAGE=%s EXIT=%s\n' manifest 0
STAGE=manifest EXIT=0
+ return 0
+ export OMP_DYNAMIC=FALSE OMP_PROC_BIND=close OMP_PLACES=cores
+ OMP_DYNAMIC=FALSE
+ OMP_PROC_BIND=close
+ OMP_PLACES=cores
+ flags=(-O3 -std=c11 -D_DEFAULT_SOURCE -Wall -Wextra -fno-fast-math -ffp-contract=off -mcpu=generic -fopenmp "-DEXPECTED_ACC=$EXPECTED_ACC")
+ stage build-guard build_logged build-guard.log gcc -O3 -std=c11 -D_DEFAULT_SOURCE -Wall -Wextra -fno-fast-math -ffp-contract=off -mcpu=generic -fopenmp -DEXPECTED_ACC=2 check_conv_guard.c conv2d.c -o check_conv_guard
+ local name=build-guard code
+ shift
+ set +e
+ build_logged build-guard.log gcc -O3 -std=c11 -D_DEFAULT_SOURCE -Wall -Wextra -fno-fast-math -ffp-contract=off -mcpu=generic -fopenmp -DEXPECTED_ACC=2 check_conv_guard.c conv2d.c -o check_conv_guard
+ local logfile=build-guard.log
+ shift
+ printf BUILD_COMMAND:
BUILD_COMMAND:+ printf ' %q' gcc -O3 -std=c11 -D_DEFAULT_SOURCE -Wall -Wextra -fno-fast-math -ffp-contract=off -mcpu=generic -fopenmp -DEXPECTED_ACC=2 check_conv_guard.c conv2d.c -o check_conv_guard
 gcc -O3 -std=c11 -D_DEFAULT_SOURCE -Wall -Wextra -fno-fast-math -ffp-contract=off -mcpu=generic -fopenmp -DEXPECTED_ACC=2 check_conv_guard.c conv2d.c -o check_conv_guard+ printf '\n'

+ gcc -O3 -std=c11 -D_DEFAULT_SOURCE -Wall -Wextra -fno-fast-math -ffp-contract=off -mcpu=generic -fopenmp -DEXPECTED_ACC=2 check_conv_guard.c conv2d.c -o check_conv_guard
+ code=0
+ set -e
+ tee -a stage-exits.txt
+ printf 'STAGE=%s EXIT=%s\n' build-guard 0
STAGE=build-guard EXIT=0
+ return 0
+ for bytes in 16 32 64
+ for threads in 1 4
+ stage guard-vl16-t1 run_guard 16 1
+ local name=guard-vl16-t1 code
+ shift
+ set +e
+ run_guard 16 1
+ local bytes=16 threads=1
+ tee guard-vl16-t1.log
+ OMP_NUM_THREADS=1
+ ./check_conv_guard 16
SVE_BYTES=16 SVE_LANES=4 BLOCK_OUTPUTS=8 THREADS=1
FULL_MATRIX_COUNTS core=4320 narrow=144 small=864 larger=32
PASS: 5360 convolution cases; readonly input/kernel, guarded allocation edges, poisoned/guarded output, bitwise scalar reference
+ code=0
+ set -e
+ tee -a stage-exits.txt
+ printf 'STAGE=%s EXIT=%s\n' guard-vl16-t1 0
STAGE=guard-vl16-t1 EXIT=0
+ return 0
+ for threads in 1 4
+ stage guard-vl16-t4 run_guard 16 4
+ local name=guard-vl16-t4 code
+ shift
+ set +e
+ run_guard 16 4
+ local bytes=16 threads=4
+ tee guard-vl16-t4.log
+ OMP_NUM_THREADS=4
+ ./check_conv_guard 16
SVE_BYTES=16 SVE_LANES=4 BLOCK_OUTPUTS=8 THREADS=4
FULL_MATRIX_COUNTS core=4320 narrow=144 small=864 larger=32
PASS: 5360 convolution cases; readonly input/kernel, guarded allocation edges, poisoned/guarded output, bitwise scalar reference
+ code=0
+ set -e
+ tee -a stage-exits.txt
+ printf 'STAGE=%s EXIT=%s\n' guard-vl16-t4 0
STAGE=guard-vl16-t4 EXIT=0
+ return 0
+ for bytes in 16 32 64
+ for threads in 1 4
+ stage guard-vl32-t1 run_guard 32 1
+ local name=guard-vl32-t1 code
+ shift
+ set +e
+ run_guard 32 1
+ local bytes=32 threads=1
+ tee guard-vl32-t1.log
+ OMP_NUM_THREADS=1
+ ./check_conv_guard 32
SVE_BYTES=32 SVE_LANES=8 BLOCK_OUTPUTS=16 THREADS=1
FULL_MATRIX_COUNTS core=4320 narrow=144 small=864 larger=32
PASS: 5360 convolution cases; readonly input/kernel, guarded allocation edges, poisoned/guarded output, bitwise scalar reference
+ code=0
+ set -e
+ tee -a stage-exits.txt
+ printf 'STAGE=%s EXIT=%s\n' guard-vl32-t1 0
STAGE=guard-vl32-t1 EXIT=0
+ return 0
+ for threads in 1 4
+ stage guard-vl32-t4 run_guard 32 4
+ local name=guard-vl32-t4 code
+ shift
+ set +e
+ run_guard 32 4
+ local bytes=32 threads=4
+ tee guard-vl32-t4.log
+ OMP_NUM_THREADS=4
+ ./check_conv_guard 32
SVE_BYTES=32 SVE_LANES=8 BLOCK_OUTPUTS=16 THREADS=4
FULL_MATRIX_COUNTS core=4320 narrow=144 small=864 larger=32
PASS: 5360 convolution cases; readonly input/kernel, guarded allocation edges, poisoned/guarded output, bitwise scalar reference
+ code=0
+ set -e
+ tee -a stage-exits.txt
+ printf 'STAGE=%s EXIT=%s\n' guard-vl32-t4 0
STAGE=guard-vl32-t4 EXIT=0
+ return 0
+ for bytes in 16 32 64
+ for threads in 1 4
+ stage guard-vl64-t1 run_guard 64 1
+ local name=guard-vl64-t1 code
+ shift
+ set +e
+ run_guard 64 1
+ local bytes=64 threads=1
+ tee guard-vl64-t1.log
+ OMP_NUM_THREADS=1
+ ./check_conv_guard 64
SVE_BYTES=64 SVE_LANES=16 BLOCK_OUTPUTS=32 THREADS=1
FULL_MATRIX_COUNTS core=4320 narrow=144 small=864 larger=32
PASS: 5360 convolution cases; readonly input/kernel, guarded allocation edges, poisoned/guarded output, bitwise scalar reference
+ code=0
+ set -e
+ tee -a stage-exits.txt
+ printf 'STAGE=%s EXIT=%s\n' guard-vl64-t1 0
STAGE=guard-vl64-t1 EXIT=0
+ return 0
+ for threads in 1 4
+ stage guard-vl64-t4 run_guard 64 4
+ local name=guard-vl64-t4 code
+ shift
+ set +e
+ run_guard 64 4
+ local bytes=64 threads=4
+ tee guard-vl64-t4.log
+ OMP_NUM_THREADS=4
+ ./check_conv_guard 64
SVE_BYTES=64 SVE_LANES=16 BLOCK_OUTPUTS=32 THREADS=4
FULL_MATRIX_COUNTS core=4320 narrow=144 small=864 larger=32
PASS: 5360 convolution cases; readonly input/kernel, guarded allocation edges, poisoned/guarded output, bitwise scalar reference
+ code=0
+ set -e
+ tee -a stage-exits.txt
+ printf 'STAGE=%s EXIT=%s\n' guard-vl64-t4 0
STAGE=guard-vl64-t4 EXIT=0
+ return 0
+ stage build-dispatch build_logged build-dispatch.log gcc -O3 -std=c11 -D_DEFAULT_SOURCE -Wall -Wextra -fno-fast-math -ffp-contract=off -mcpu=generic -fopenmp -DEXPECTED_ACC=2 -finstrument-functions check_sve_dispatch.c -o check_sve_dispatch
+ local name=build-dispatch code
+ shift
+ set +e
+ build_logged build-dispatch.log gcc -O3 -std=c11 -D_DEFAULT_SOURCE -Wall -Wextra -fno-fast-math -ffp-contract=off -mcpu=generic -fopenmp -DEXPECTED_ACC=2 -finstrument-functions check_sve_dispatch.c -o check_sve_dispatch
+ local logfile=build-dispatch.log
+ shift
+ printf BUILD_COMMAND:
BUILD_COMMAND:+ printf ' %q' gcc -O3 -std=c11 -D_DEFAULT_SOURCE -Wall -Wextra -fno-fast-math -ffp-contract=off -mcpu=generic -fopenmp -DEXPECTED_ACC=2 -finstrument-functions check_sve_dispatch.c -o check_sve_dispatch
 gcc -O3 -std=c11 -D_DEFAULT_SOURCE -Wall -Wextra -fno-fast-math -ffp-contract=off -mcpu=generic -fopenmp -DEXPECTED_ACC=2 -finstrument-functions check_sve_dispatch.c -o check_sve_dispatch+ printf '\n'

+ gcc -O3 -std=c11 -D_DEFAULT_SOURCE -Wall -Wextra -fno-fast-math -ffp-contract=off -mcpu=generic -fopenmp -DEXPECTED_ACC=2 -finstrument-functions check_sve_dispatch.c -o check_sve_dispatch
+ code=0
+ set -e
+ tee -a stage-exits.txt
+ printf 'STAGE=%s EXIT=%s\n' build-dispatch 0
STAGE=build-dispatch EXIT=0
+ return 0
+ for bytes in 16 32 64
+ for threads in 1 4
+ stage dispatch-vl16-t1 run_dispatch 16 1
+ local name=dispatch-vl16-t1 code
+ shift
+ set +e
+ run_dispatch 16 1
+ local bytes=16 threads=1
+ tee dispatch-vl16-t1.log
+ OMP_NUM_THREADS=1
+ ./check_sve_dispatch 16
SVE_BYTES=16 SVE_LANES=4 BLOCK_OUTPUTS=8 THREADS=1
SVE_PREFIX_ACTUAL_ENTRIES=9528 SVE_TAIL_ACTUAL_ENTRIES=9528
SVE_ROWPAIR_ACTUAL_ENTRIES=216 SVE_ROWTRIPLE_ACTUAL_ENTRIES=2292 SVE_ROWQUAD_ACTUAL_ENTRIES=2280
DISPATCH_ROWEIGHT_ACTUAL_ENTRIES=792 EXPECTED=792 WORKER_MASK=1 EXPECTED_MASK=1
PASS: 1080 dispatch cases; exact per-case roweight entries and bitwise scalar reference
DIRECT_ROWEIGHT_ACTUAL_ENTRIES=1260 EXPECTED=1260 WORKER_MASK=1 EXPECTED_MASK=1
PASS: 504 direct fallback cases; kh1..7, readonly/guard/canary and bitwise scalar reference
+ code=0
+ set -e
+ tee -a stage-exits.txt
+ printf 'STAGE=%s EXIT=%s\n' dispatch-vl16-t1 0
STAGE=dispatch-vl16-t1 EXIT=0
+ return 0
+ for threads in 1 4
+ stage dispatch-vl16-t4 run_dispatch 16 4
+ local name=dispatch-vl16-t4 code
+ shift
+ set +e
+ run_dispatch 16 4
+ local bytes=16 threads=4
+ tee dispatch-vl16-t4.log
+ OMP_NUM_THREADS=4
+ ./check_sve_dispatch 16
SVE_BYTES=16 SVE_LANES=4 BLOCK_OUTPUTS=8 THREADS=4
SVE_PREFIX_ACTUAL_ENTRIES=9528 SVE_TAIL_ACTUAL_ENTRIES=9528
SVE_ROWPAIR_ACTUAL_ENTRIES=216 SVE_ROWTRIPLE_ACTUAL_ENTRIES=2292 SVE_ROWQUAD_ACTUAL_ENTRIES=2280
DISPATCH_ROWEIGHT_ACTUAL_ENTRIES=792 EXPECTED=792 WORKER_MASK=15 EXPECTED_MASK=15
PASS: 1080 dispatch cases; exact per-case roweight entries and bitwise scalar reference
DIRECT_ROWEIGHT_ACTUAL_ENTRIES=1260 EXPECTED=1260 WORKER_MASK=15 EXPECTED_MASK=15
PASS: 504 direct fallback cases; kh1..7, readonly/guard/canary and bitwise scalar reference
+ code=0
+ set -e
+ tee -a stage-exits.txt
+ printf 'STAGE=%s EXIT=%s\n' dispatch-vl16-t4 0
STAGE=dispatch-vl16-t4 EXIT=0
+ return 0
+ for bytes in 16 32 64
+ for threads in 1 4
+ stage dispatch-vl32-t1 run_dispatch 32 1
+ local name=dispatch-vl32-t1 code
+ shift
+ set +e
+ run_dispatch 32 1
+ local bytes=32 threads=1
+ tee dispatch-vl32-t1.log
+ OMP_NUM_THREADS=1
+ ./check_sve_dispatch 32
SVE_BYTES=32 SVE_LANES=8 BLOCK_OUTPUTS=16 THREADS=1
SVE_PREFIX_ACTUAL_ENTRIES=9528 SVE_TAIL_ACTUAL_ENTRIES=9528
SVE_ROWPAIR_ACTUAL_ENTRIES=216 SVE_ROWTRIPLE_ACTUAL_ENTRIES=2292 SVE_ROWQUAD_ACTUAL_ENTRIES=2280
DISPATCH_ROWEIGHT_ACTUAL_ENTRIES=792 EXPECTED=792 WORKER_MASK=1 EXPECTED_MASK=1
PASS: 1080 dispatch cases; exact per-case roweight entries and bitwise scalar reference
DIRECT_ROWEIGHT_ACTUAL_ENTRIES=1260 EXPECTED=1260 WORKER_MASK=1 EXPECTED_MASK=1
PASS: 504 direct fallback cases; kh1..7, readonly/guard/canary and bitwise scalar reference
+ code=0
+ set -e
+ tee -a stage-exits.txt
+ printf 'STAGE=%s EXIT=%s\n' dispatch-vl32-t1 0
STAGE=dispatch-vl32-t1 EXIT=0
+ return 0
+ for threads in 1 4
+ stage dispatch-vl32-t4 run_dispatch 32 4
+ local name=dispatch-vl32-t4 code
+ shift
+ set +e
+ run_dispatch 32 4
+ local bytes=32 threads=4
+ tee dispatch-vl32-t4.log
+ OMP_NUM_THREADS=4
+ ./check_sve_dispatch 32
SVE_BYTES=32 SVE_LANES=8 BLOCK_OUTPUTS=16 THREADS=4
SVE_PREFIX_ACTUAL_ENTRIES=9528 SVE_TAIL_ACTUAL_ENTRIES=9528
SVE_ROWPAIR_ACTUAL_ENTRIES=216 SVE_ROWTRIPLE_ACTUAL_ENTRIES=2292 SVE_ROWQUAD_ACTUAL_ENTRIES=2280
DISPATCH_ROWEIGHT_ACTUAL_ENTRIES=792 EXPECTED=792 WORKER_MASK=15 EXPECTED_MASK=15
PASS: 1080 dispatch cases; exact per-case roweight entries and bitwise scalar reference
DIRECT_ROWEIGHT_ACTUAL_ENTRIES=1260 EXPECTED=1260 WORKER_MASK=15 EXPECTED_MASK=15
PASS: 504 direct fallback cases; kh1..7, readonly/guard/canary and bitwise scalar reference
+ code=0
+ set -e
+ tee -a stage-exits.txt
+ printf 'STAGE=%s EXIT=%s\n' dispatch-vl32-t4 0
STAGE=dispatch-vl32-t4 EXIT=0
+ return 0
+ for bytes in 16 32 64
+ for threads in 1 4
+ stage dispatch-vl64-t1 run_dispatch 64 1
+ local name=dispatch-vl64-t1 code
+ shift
+ set +e
+ run_dispatch 64 1
+ local bytes=64 threads=1
+ tee dispatch-vl64-t1.log
+ OMP_NUM_THREADS=1
+ ./check_sve_dispatch 64
SVE_BYTES=64 SVE_LANES=16 BLOCK_OUTPUTS=32 THREADS=1
SVE_PREFIX_ACTUAL_ENTRIES=9528 SVE_TAIL_ACTUAL_ENTRIES=9528
SVE_ROWPAIR_ACTUAL_ENTRIES=216 SVE_ROWTRIPLE_ACTUAL_ENTRIES=2292 SVE_ROWQUAD_ACTUAL_ENTRIES=2280
DISPATCH_ROWEIGHT_ACTUAL_ENTRIES=792 EXPECTED=792 WORKER_MASK=1 EXPECTED_MASK=1
PASS: 1080 dispatch cases; exact per-case roweight entries and bitwise scalar reference
DIRECT_ROWEIGHT_ACTUAL_ENTRIES=1260 EXPECTED=1260 WORKER_MASK=1 EXPECTED_MASK=1
PASS: 504 direct fallback cases; kh1..7, readonly/guard/canary and bitwise scalar reference
+ code=0
+ set -e
+ tee -a stage-exits.txt
+ printf 'STAGE=%s EXIT=%s\n' dispatch-vl64-t1 0
STAGE=dispatch-vl64-t1 EXIT=0
+ return 0
+ for threads in 1 4
+ stage dispatch-vl64-t4 run_dispatch 64 4
+ local name=dispatch-vl64-t4 code
+ shift
+ set +e
+ run_dispatch 64 4
+ local bytes=64 threads=4
+ tee dispatch-vl64-t4.log
+ OMP_NUM_THREADS=4
+ ./check_sve_dispatch 64
SVE_BYTES=64 SVE_LANES=16 BLOCK_OUTPUTS=32 THREADS=4
SVE_PREFIX_ACTUAL_ENTRIES=9528 SVE_TAIL_ACTUAL_ENTRIES=9528
SVE_ROWPAIR_ACTUAL_ENTRIES=216 SVE_ROWTRIPLE_ACTUAL_ENTRIES=2292 SVE_ROWQUAD_ACTUAL_ENTRIES=2280
DISPATCH_ROWEIGHT_ACTUAL_ENTRIES=792 EXPECTED=792 WORKER_MASK=15 EXPECTED_MASK=15
PASS: 1080 dispatch cases; exact per-case roweight entries and bitwise scalar reference
DIRECT_ROWEIGHT_ACTUAL_ENTRIES=1260 EXPECTED=1260 WORKER_MASK=15 EXPECTED_MASK=15
PASS: 504 direct fallback cases; kh1..7, readonly/guard/canary and bitwise scalar reference
+ code=0
+ set -e
+ tee -a stage-exits.txt
+ printf 'STAGE=%s EXIT=%s\n' dispatch-vl64-t4 0
STAGE=dispatch-vl64-t4 EXIT=0
+ return 0
+ stage build-assembly build_logged build-assembly.log gcc -O3 -std=c11 -D_DEFAULT_SOURCE -Wall -Wextra -fno-fast-math -ffp-contract=off -mcpu=generic -fopenmp -DEXPECTED_ACC=2 -S conv2d.c -o conv2d-sve.s
+ local name=build-assembly code
+ shift
+ set +e
+ build_logged build-assembly.log gcc -O3 -std=c11 -D_DEFAULT_SOURCE -Wall -Wextra -fno-fast-math -ffp-contract=off -mcpu=generic -fopenmp -DEXPECTED_ACC=2 -S conv2d.c -o conv2d-sve.s
+ local logfile=build-assembly.log
+ shift
+ printf BUILD_COMMAND:
BUILD_COMMAND:+ printf ' %q' gcc -O3 -std=c11 -D_DEFAULT_SOURCE -Wall -Wextra -fno-fast-math -ffp-contract=off -mcpu=generic -fopenmp -DEXPECTED_ACC=2 -S conv2d.c -o conv2d-sve.s
 gcc -O3 -std=c11 -D_DEFAULT_SOURCE -Wall -Wextra -fno-fast-math -ffp-contract=off -mcpu=generic -fopenmp -DEXPECTED_ACC=2 -S conv2d.c -o conv2d-sve.s+ printf '\n'

+ gcc -O3 -std=c11 -D_DEFAULT_SOURCE -Wall -Wextra -fno-fast-math -ffp-contract=off -mcpu=generic -fopenmp -DEXPECTED_ACC=2 -S conv2d.c -o conv2d-sve.s
+ code=0
+ set -e
+ tee -a stage-exits.txt
+ printf 'STAGE=%s EXIT=%s\n' build-assembly 0
STAGE=build-assembly EXIT=0
+ return 0
+ printf 'SANITIZER_STATUS=NOT_RUN; guard pages and bitwise reference checks only\n'
SANITIZER_STATUS=NOT_RUN; guard pages and bitwise reference checks only
+ printf 'EXPECTED_TOTAL_CHECKS=%s\n' 41664
EXPECTED_TOTAL_CHECKS=41664
+ stage complete printf 'PROBE_COMPLETE=1\n'
+ local name=complete code
+ shift
+ set +e
+ printf 'PROBE_COMPLETE=1\n'
PROBE_COMPLETE=1
+ code=0
+ set -e
+ tee -a stage-exits.txt
+ printf 'STAGE=%s EXIT=%s\n' complete 0
STAGE=complete EXIT=0
+ wait 1407670
+ return 0
+ finish
+ local code=0 log_code=0
+ trap - EXIT
+ exec
+ ((  code == 0 && log_code != 0  ))
+ printf '%s\n' 0
+ exit 0
