LINKAGE_REPEAT 1/3 BEGIN
JOB_ID=1579861
BINARY=/CLUSTER_USER_HOME/kunpeng-experiments/trsm-kml251-e42ae792e299/T8-control12-repeat-r16/source/trsm_test
LDD_EXIT_CODE=0
	linux-vdso.so.1 (0x000040000ec6e000)
	libm.so.6 => /usr/lib64/libm.so.6 (0x000040000ec90000)
	libkblas.so.25.1.0 => /opt/donaudata/donau/HPCKit_25.1.0_Linux-aarch64/package/KunpengHPCKit-kml.25.1.0/gcclib/sme/kblas/multi/libkblas.so.25.1.0 (0x000040000ed40000)
	libgomp.so.1 => /CLUSTER_USER_HOME/kunpeng-experiments/trsm-kml251-f6110e522b93/compiler-private/gcc-12.3.1-2025.03-aarch64-linux/lib64/libgomp.so.1 (0x0000400014e80000)
	libc.so.6 => /usr/lib64/libc.so.6 (0x0000400014ef0000)
	/lib/ld-linux-aarch64.so.1 (0x000040000ec44000)
	libdl.so.2 => /usr/lib64/libdl.so.2 (0x00004000150b0000)
	libpthread.so.0 => /usr/lib64/libpthread.so.0 (0x00004000150e0000)
KML251_LINKED_LIBRARY=/opt/donaudata/donau/HPCKit_25.1.0_Linux-aarch64/package/KunpengHPCKit-kml.25.1.0/gcclib/sme/kblas/multi/libkblas.so.25.1.0
GOMP_LINKED_LIBRARY=/CLUSTER_USER_HOME/kunpeng-experiments/trsm-kml251-f6110e522b93/compiler-private/gcc-12.3.1-2025.03-aarch64-linux/lib64/libgomp.so.1.0.0
KML251_DEPENDENCY_AUDIT_PASS=1
LINKAGE_REPEAT 1/3 END
LINKAGE_REPEAT 2/3 BEGIN
JOB_ID=1579861
BINARY=/CLUSTER_USER_HOME/kunpeng-experiments/trsm-kml251-e42ae792e299/T8-control12-repeat-r16/source/trsm_test
LDD_EXIT_CODE=0
	linux-vdso.so.1 (0x00004000255ce000)
	libm.so.6 => /usr/lib64/libm.so.6 (0x00004000255f0000)
	libkblas.so.25.1.0 => /opt/donaudata/donau/HPCKit_25.1.0_Linux-aarch64/package/KunpengHPCKit-kml.25.1.0/gcclib/sme/kblas/multi/libkblas.so.25.1.0 (0x00004000256a0000)
	libgomp.so.1 => /CLUSTER_USER_HOME/kunpeng-experiments/trsm-kml251-f6110e522b93/compiler-private/gcc-12.3.1-2025.03-aarch64-linux/lib64/libgomp.so.1 (0x000040002b7e0000)
	libc.so.6 => /usr/lib64/libc.so.6 (0x000040002b850000)
	/lib/ld-linux-aarch64.so.1 (0x00004000255a4000)
	libdl.so.2 => /usr/lib64/libdl.so.2 (0x000040002ba10000)
	libpthread.so.0 => /usr/lib64/libpthread.so.0 (0x000040002ba40000)
KML251_LINKED_LIBRARY=/opt/donaudata/donau/HPCKit_25.1.0_Linux-aarch64/package/KunpengHPCKit-kml.25.1.0/gcclib/sme/kblas/multi/libkblas.so.25.1.0
GOMP_LINKED_LIBRARY=/CLUSTER_USER_HOME/kunpeng-experiments/trsm-kml251-f6110e522b93/compiler-private/gcc-12.3.1-2025.03-aarch64-linux/lib64/libgomp.so.1.0.0
KML251_DEPENDENCY_AUDIT_PASS=1
LINKAGE_REPEAT 2/3 END
LINKAGE_REPEAT 3/3 BEGIN
JOB_ID=1579861
BINARY=/CLUSTER_USER_HOME/kunpeng-experiments/trsm-kml251-e42ae792e299/T8-control12-repeat-r16/source/trsm_test
LDD_EXIT_CODE=0
	linux-vdso.so.1 (0x000040000bdad000)
	libm.so.6 => /usr/lib64/libm.so.6 (0x000040000bdd0000)
	libkblas.so.25.1.0 => /opt/donaudata/donau/HPCKit_25.1.0_Linux-aarch64/package/KunpengHPCKit-kml.25.1.0/gcclib/sme/kblas/multi/libkblas.so.25.1.0 (0x000040000be80000)
	libgomp.so.1 => /CLUSTER_USER_HOME/kunpeng-experiments/trsm-kml251-f6110e522b93/compiler-private/gcc-12.3.1-2025.03-aarch64-linux/lib64/libgomp.so.1 (0x0000400011fc0000)
	libc.so.6 => /usr/lib64/libc.so.6 (0x0000400012030000)
	/lib/ld-linux-aarch64.so.1 (0x000040000bd83000)
	libdl.so.2 => /usr/lib64/libdl.so.2 (0x00004000121f0000)
	libpthread.so.0 => /usr/lib64/libpthread.so.0 (0x0000400012220000)
KML251_LINKED_LIBRARY=/opt/donaudata/donau/HPCKit_25.1.0_Linux-aarch64/package/KunpengHPCKit-kml.25.1.0/gcclib/sme/kblas/multi/libkblas.so.25.1.0
GOMP_LINKED_LIBRARY=/CLUSTER_USER_HOME/kunpeng-experiments/trsm-kml251-f6110e522b93/compiler-private/gcc-12.3.1-2025.03-aarch64-linux/lib64/libgomp.so.1.0.0
KML251_DEPENDENCY_AUDIT_PASS=1
LINKAGE_REPEAT 3/3 END
