LINKAGE_REPEAT 1/3 BEGIN
JOB_ID=1582642
BINARY=/CLUSTER_USER_HOME/kunpeng-experiments/trsm-kml251-8fde9582beb3/T25-smallpairload/source/trsm_test
LDD_EXIT_CODE=0
	linux-vdso.so.1 (0x000040002c93b000)
	libm.so.6 => /usr/lib64/libm.so.6 (0x000040002c960000)
	libkblas.so.25.1.0 => /opt/donaudata/donau/HPCKit_25.1.0_Linux-aarch64/package/KunpengHPCKit-kml.25.1.0/gcclib/sme/kblas/multi/libkblas.so.25.1.0 (0x000040002ca10000)
	libgomp.so.1 => /CLUSTER_USER_HOME/kunpeng-experiments/trsm-kml251-f6110e522b93/compiler-private/gcc-12.3.1-2025.03-aarch64-linux/lib64/libgomp.so.1 (0x0000400032b40000)
	libc.so.6 => /usr/lib64/libc.so.6 (0x0000400032bc0000)
	/lib/ld-linux-aarch64.so.1 (0x000040002c911000)
	libdl.so.2 => /usr/lib64/libdl.so.2 (0x0000400032d70000)
	libpthread.so.0 => /usr/lib64/libpthread.so.0 (0x0000400032db0000)
KML251_LINKED_LIBRARY=/opt/donaudata/donau/HPCKit_25.1.0_Linux-aarch64/package/KunpengHPCKit-kml.25.1.0/gcclib/sme/kblas/multi/libkblas.so.25.1.0
GOMP_LINKED_LIBRARY=/CLUSTER_USER_HOME/kunpeng-experiments/trsm-kml251-f6110e522b93/compiler-private/gcc-12.3.1-2025.03-aarch64-linux/lib64/libgomp.so.1.0.0
KML251_DEPENDENCY_AUDIT_PASS=1
LINKAGE_REPEAT 1/3 END
LINKAGE_REPEAT 2/3 BEGIN
JOB_ID=1582642
BINARY=/CLUSTER_USER_HOME/kunpeng-experiments/trsm-kml251-8fde9582beb3/T25-smallpairload/source/trsm_test
LDD_EXIT_CODE=0
	linux-vdso.so.1 (0x000040003bc78000)
	libm.so.6 => /usr/lib64/libm.so.6 (0x000040003bc90000)
	libkblas.so.25.1.0 => /opt/donaudata/donau/HPCKit_25.1.0_Linux-aarch64/package/KunpengHPCKit-kml.25.1.0/gcclib/sme/kblas/multi/libkblas.so.25.1.0 (0x000040003bd50000)
	libgomp.so.1 => /CLUSTER_USER_HOME/kunpeng-experiments/trsm-kml251-f6110e522b93/compiler-private/gcc-12.3.1-2025.03-aarch64-linux/lib64/libgomp.so.1 (0x0000400041e80000)
	libc.so.6 => /usr/lib64/libc.so.6 (0x0000400041ef0000)
	/lib/ld-linux-aarch64.so.1 (0x000040003bc4e000)
	libdl.so.2 => /usr/lib64/libdl.so.2 (0x00004000420b0000)
	libpthread.so.0 => /usr/lib64/libpthread.so.0 (0x00004000420e0000)
KML251_LINKED_LIBRARY=/opt/donaudata/donau/HPCKit_25.1.0_Linux-aarch64/package/KunpengHPCKit-kml.25.1.0/gcclib/sme/kblas/multi/libkblas.so.25.1.0
GOMP_LINKED_LIBRARY=/CLUSTER_USER_HOME/kunpeng-experiments/trsm-kml251-f6110e522b93/compiler-private/gcc-12.3.1-2025.03-aarch64-linux/lib64/libgomp.so.1.0.0
KML251_DEPENDENCY_AUDIT_PASS=1
LINKAGE_REPEAT 2/3 END
LINKAGE_REPEAT 3/3 BEGIN
JOB_ID=1582642
BINARY=/CLUSTER_USER_HOME/kunpeng-experiments/trsm-kml251-8fde9582beb3/T25-smallpairload/source/trsm_test
LDD_EXIT_CODE=0
	linux-vdso.so.1 (0x000040000688b000)
	libm.so.6 => /usr/lib64/libm.so.6 (0x00004000068b0000)
	libkblas.so.25.1.0 => /opt/donaudata/donau/HPCKit_25.1.0_Linux-aarch64/package/KunpengHPCKit-kml.25.1.0/gcclib/sme/kblas/multi/libkblas.so.25.1.0 (0x0000400006960000)
	libgomp.so.1 => /CLUSTER_USER_HOME/kunpeng-experiments/trsm-kml251-f6110e522b93/compiler-private/gcc-12.3.1-2025.03-aarch64-linux/lib64/libgomp.so.1 (0x000040000ca90000)
	libc.so.6 => /usr/lib64/libc.so.6 (0x000040000cb10000)
	/lib/ld-linux-aarch64.so.1 (0x0000400006861000)
	libdl.so.2 => /usr/lib64/libdl.so.2 (0x000040000ccc0000)
	libpthread.so.0 => /usr/lib64/libpthread.so.0 (0x000040000cd00000)
KML251_LINKED_LIBRARY=/opt/donaudata/donau/HPCKit_25.1.0_Linux-aarch64/package/KunpengHPCKit-kml.25.1.0/gcclib/sme/kblas/multi/libkblas.so.25.1.0
GOMP_LINKED_LIBRARY=/CLUSTER_USER_HOME/kunpeng-experiments/trsm-kml251-f6110e522b93/compiler-private/gcc-12.3.1-2025.03-aarch64-linux/lib64/libgomp.so.1.0.0
KML251_DEPENDENCY_AUDIT_PASS=1
LINKAGE_REPEAT 3/3 END
