+ date -u
Tue Sep  8 01:38:28 UTC 2026
+ python3 -
ALLOWED_CPUS=228,229,230,231,232,233,234,235,236,237,238,239,240,241,242,243,244,245,246,247,248,249,250,251,252,253,254,255,256,257,258,259,260,261,262,263,264,265
NUMA_NODE=node6
+ gcc --version
gcc (GCC) 10.3.1
Copyright (C) 2020 Free Software Foundation, Inc.
This is free software; see the source for copying conditions.  There is NO
warranty; not even for MERCHANTABILITY or FITNESS FOR A PARTICULAR PURPOSE.

+ sha256sum conv2d.c check_conv_guard.c check_sve_dispatch.c remote_job.sh
e5c7d2fecc2acaf5476ba7579d60be88e6f140f190fe47e7434018f92e4456f8  conv2d.c
b5e0de077a560cc5a42b1e106f070dff10fc894405bb2d59c9532c92c4c0f22f  check_conv_guard.c
14e424e6ab2af0f14ab20a8572f795a4eefe39b6cc77f5d38f5a8c225aa2d6a7  check_sve_dispatch.c
7b9de99876397285a66422b4f442dba44e47394a85f8daf4ff36ce05a9762939  remote_job.sh
+ export OMP_DYNAMIC=FALSE OMP_PROC_BIND=close OMP_PLACES=cores
+ OMP_DYNAMIC=FALSE
+ OMP_PROC_BIND=close
+ OMP_PLACES=cores
+ gcc -O3 -std=c11 -D_DEFAULT_SOURCE -Wall -Wextra -fno-fast-math -ffp-contract=off -mcpu=generic -fopenmp check_conv_guard.c conv2d.c -o check_conv_guard
+ OMP_NUM_THREADS=1
+ ./check_conv_guard
PASS: 616 convolution cases, guarded input/output; bitwise equal to scalar reference
+ OMP_NUM_THREADS=4
+ ./check_conv_guard
PASS: 616 convolution cases, guarded input/output; bitwise equal to scalar reference
+ gcc -O3 -std=c11 -D_DEFAULT_SOURCE -Wall -Wextra -fno-fast-math -ffp-contract=off -mcpu=generic -fopenmp -finstrument-functions check_sve_dispatch.c -o check_sve_dispatch
+ OMP_NUM_THREADS=4
+ ./check_sve_dispatch
SVE_LANES=16 BLOCK_OUTPUTS=128
PASS: 616 convolution cases, guarded input/output; bitwise equal to scalar reference
SVE_HELPER_ACTUAL_ENTRIES=1848
+ gcc -O3 -std=c11 -fno-fast-math -ffp-contract=off -mcpu=generic -fopenmp -S conv2d.c -o conv2d-sve.s
+ printf 'PROBE_COMPLETE=1\n'
PROBE_COMPLETE=1
+ finish
+ local code=0 log_code=0
+ trap - EXIT
+ exec
