LINKAGE_REPEAT 1/3 BEGIN
JOB_ID=1579788
BINARY=/CLUSTER_USER_HOME/kunpeng-experiments/trsm-kml251-7e4bb86bfa10/T18-budgetwide-repeat-r15/source/trsm_test
LDD_EXIT_CODE=0
	linux-vdso.so.1 (0x0000400002392000)
	libm.so.6 => /usr/lib64/libm.so.6 (0x00004000023b0000)
	libkblas.so.25.1.0 => /opt/donaudata/donau/HPCKit_25.1.0_Linux-aarch64/package/KunpengHPCKit-kml.25.1.0/gcclib/sme/kblas/multi/libkblas.so.25.1.0 (0x0000400002460000)
	libgomp.so.1 => /CLUSTER_USER_HOME/kunpeng-experiments/trsm-kml251-f6110e522b93/compiler-private/gcc-12.3.1-2025.03-aarch64-linux/lib64/libgomp.so.1 (0x00004000085a0000)
	libc.so.6 => /usr/lib64/libc.so.6 (0x0000400008610000)
	/lib/ld-linux-aarch64.so.1 (0x0000400002368000)
	libdl.so.2 => /usr/lib64/libdl.so.2 (0x00004000087d0000)
	libpthread.so.0 => /usr/lib64/libpthread.so.0 (0x0000400008800000)
KML251_LINKED_LIBRARY=/opt/donaudata/donau/HPCKit_25.1.0_Linux-aarch64/package/KunpengHPCKit-kml.25.1.0/gcclib/sme/kblas/multi/libkblas.so.25.1.0
GOMP_LINKED_LIBRARY=/CLUSTER_USER_HOME/kunpeng-experiments/trsm-kml251-f6110e522b93/compiler-private/gcc-12.3.1-2025.03-aarch64-linux/lib64/libgomp.so.1.0.0
KML251_DEPENDENCY_AUDIT_PASS=1
LINKAGE_REPEAT 1/3 END
LINKAGE_REPEAT 2/3 BEGIN
JOB_ID=1579788
BINARY=/CLUSTER_USER_HOME/kunpeng-experiments/trsm-kml251-7e4bb86bfa10/T18-budgetwide-repeat-r15/source/trsm_test
LDD_EXIT_CODE=0
	linux-vdso.so.1 (0x00004000067b7000)
	libm.so.6 => /usr/lib64/libm.so.6 (0x00004000067d0000)
	libkblas.so.25.1.0 => /opt/donaudata/donau/HPCKit_25.1.0_Linux-aarch64/package/KunpengHPCKit-kml.25.1.0/gcclib/sme/kblas/multi/libkblas.so.25.1.0 (0x0000400006880000)
	libgomp.so.1 => /CLUSTER_USER_HOME/kunpeng-experiments/trsm-kml251-f6110e522b93/compiler-private/gcc-12.3.1-2025.03-aarch64-linux/lib64/libgomp.so.1 (0x000040000c9c0000)
	libc.so.6 => /usr/lib64/libc.so.6 (0x000040000ca30000)
	/lib/ld-linux-aarch64.so.1 (0x000040000678d000)
	libdl.so.2 => /usr/lib64/libdl.so.2 (0x000040000cbf0000)
	libpthread.so.0 => /usr/lib64/libpthread.so.0 (0x000040000cc20000)
KML251_LINKED_LIBRARY=/opt/donaudata/donau/HPCKit_25.1.0_Linux-aarch64/package/KunpengHPCKit-kml.25.1.0/gcclib/sme/kblas/multi/libkblas.so.25.1.0
GOMP_LINKED_LIBRARY=/CLUSTER_USER_HOME/kunpeng-experiments/trsm-kml251-f6110e522b93/compiler-private/gcc-12.3.1-2025.03-aarch64-linux/lib64/libgomp.so.1.0.0
KML251_DEPENDENCY_AUDIT_PASS=1
LINKAGE_REPEAT 2/3 END
LINKAGE_REPEAT 3/3 BEGIN
JOB_ID=1579788
BINARY=/CLUSTER_USER_HOME/kunpeng-experiments/trsm-kml251-7e4bb86bfa10/T18-budgetwide-repeat-r15/source/trsm_test
LDD_EXIT_CODE=0
	linux-vdso.so.1 (0x0000400027c31000)
	libm.so.6 => /usr/lib64/libm.so.6 (0x0000400027c50000)
	libkblas.so.25.1.0 => /opt/donaudata/donau/HPCKit_25.1.0_Linux-aarch64/package/KunpengHPCKit-kml.25.1.0/gcclib/sme/kblas/multi/libkblas.so.25.1.0 (0x0000400027d00000)
	libgomp.so.1 => /CLUSTER_USER_HOME/kunpeng-experiments/trsm-kml251-f6110e522b93/compiler-private/gcc-12.3.1-2025.03-aarch64-linux/lib64/libgomp.so.1 (0x000040002de40000)
	libc.so.6 => /usr/lib64/libc.so.6 (0x000040002deb0000)
	/lib/ld-linux-aarch64.so.1 (0x0000400027c07000)
	libdl.so.2 => /usr/lib64/libdl.so.2 (0x000040002e070000)
	libpthread.so.0 => /usr/lib64/libpthread.so.0 (0x000040002e0a0000)
KML251_LINKED_LIBRARY=/opt/donaudata/donau/HPCKit_25.1.0_Linux-aarch64/package/KunpengHPCKit-kml.25.1.0/gcclib/sme/kblas/multi/libkblas.so.25.1.0
GOMP_LINKED_LIBRARY=/CLUSTER_USER_HOME/kunpeng-experiments/trsm-kml251-f6110e522b93/compiler-private/gcc-12.3.1-2025.03-aarch64-linux/lib64/libgomp.so.1.0.0
KML251_DEPENDENCY_AUDIT_PASS=1
LINKAGE_REPEAT 3/3 END
