LINKAGE_REPEAT 1/3 BEGIN
JOB_ID=1579479
BINARY=/CLUSTER_USER_HOME/kunpeng-experiments/trsm-kml251-2a9aac1697f8/T8-control12-repeat-r9/source/trsm_test
LDD_EXIT_CODE=0
	linux-vdso.so.1 (0x000040003a90a000)
	libm.so.6 => /usr/lib64/libm.so.6 (0x000040003a930000)
	libkblas.so.25.1.0 => /opt/donaudata/donau/HPCKit_25.1.0_Linux-aarch64/package/KunpengHPCKit-kml.25.1.0/gcclib/sme/kblas/multi/libkblas.so.25.1.0 (0x000040003a9e0000)
	libgomp.so.1 => /CLUSTER_USER_HOME/kunpeng-experiments/trsm-kml251-f6110e522b93/compiler-private/gcc-12.3.1-2025.03-aarch64-linux/lib64/libgomp.so.1 (0x0000400040b10000)
	libc.so.6 => /usr/lib64/libc.so.6 (0x0000400040b80000)
	/lib/ld-linux-aarch64.so.1 (0x000040003a8e0000)
	libdl.so.2 => /usr/lib64/libdl.so.2 (0x0000400040d40000)
	libpthread.so.0 => /usr/lib64/libpthread.so.0 (0x0000400040d70000)
KML251_LINKED_LIBRARY=/opt/donaudata/donau/HPCKit_25.1.0_Linux-aarch64/package/KunpengHPCKit-kml.25.1.0/gcclib/sme/kblas/multi/libkblas.so.25.1.0
GOMP_LINKED_LIBRARY=/CLUSTER_USER_HOME/kunpeng-experiments/trsm-kml251-f6110e522b93/compiler-private/gcc-12.3.1-2025.03-aarch64-linux/lib64/libgomp.so.1.0.0
KML251_DEPENDENCY_AUDIT_PASS=1
LINKAGE_REPEAT 1/3 END
LINKAGE_REPEAT 2/3 BEGIN
JOB_ID=1579479
BINARY=/CLUSTER_USER_HOME/kunpeng-experiments/trsm-kml251-2a9aac1697f8/T8-control12-repeat-r9/source/trsm_test
LDD_EXIT_CODE=0
	linux-vdso.so.1 (0x0000400021669000)
	libm.so.6 => /usr/lib64/libm.so.6 (0x0000400021690000)
	libkblas.so.25.1.0 => /opt/donaudata/donau/HPCKit_25.1.0_Linux-aarch64/package/KunpengHPCKit-kml.25.1.0/gcclib/sme/kblas/multi/libkblas.so.25.1.0 (0x0000400021740000)
	libgomp.so.1 => /CLUSTER_USER_HOME/kunpeng-experiments/trsm-kml251-f6110e522b93/compiler-private/gcc-12.3.1-2025.03-aarch64-linux/lib64/libgomp.so.1 (0x0000400027870000)
	libc.so.6 => /usr/lib64/libc.so.6 (0x00004000278e0000)
	/lib/ld-linux-aarch64.so.1 (0x000040002163f000)
	libdl.so.2 => /usr/lib64/libdl.so.2 (0x0000400027aa0000)
	libpthread.so.0 => /usr/lib64/libpthread.so.0 (0x0000400027ad0000)
KML251_LINKED_LIBRARY=/opt/donaudata/donau/HPCKit_25.1.0_Linux-aarch64/package/KunpengHPCKit-kml.25.1.0/gcclib/sme/kblas/multi/libkblas.so.25.1.0
GOMP_LINKED_LIBRARY=/CLUSTER_USER_HOME/kunpeng-experiments/trsm-kml251-f6110e522b93/compiler-private/gcc-12.3.1-2025.03-aarch64-linux/lib64/libgomp.so.1.0.0
KML251_DEPENDENCY_AUDIT_PASS=1
LINKAGE_REPEAT 2/3 END
LINKAGE_REPEAT 3/3 BEGIN
JOB_ID=1579479
BINARY=/CLUSTER_USER_HOME/kunpeng-experiments/trsm-kml251-2a9aac1697f8/T8-control12-repeat-r9/source/trsm_test
LDD_EXIT_CODE=0
	linux-vdso.so.1 (0x000040000f48e000)
	libm.so.6 => /usr/lib64/libm.so.6 (0x000040000f4b0000)
	libkblas.so.25.1.0 => /opt/donaudata/donau/HPCKit_25.1.0_Linux-aarch64/package/KunpengHPCKit-kml.25.1.0/gcclib/sme/kblas/multi/libkblas.so.25.1.0 (0x000040000f560000)
	libgomp.so.1 => /CLUSTER_USER_HOME/kunpeng-experiments/trsm-kml251-f6110e522b93/compiler-private/gcc-12.3.1-2025.03-aarch64-linux/lib64/libgomp.so.1 (0x00004000156a0000)
	libc.so.6 => /usr/lib64/libc.so.6 (0x0000400015710000)
	/lib/ld-linux-aarch64.so.1 (0x000040000f464000)
	libdl.so.2 => /usr/lib64/libdl.so.2 (0x00004000158d0000)
	libpthread.so.0 => /usr/lib64/libpthread.so.0 (0x0000400015900000)
KML251_LINKED_LIBRARY=/opt/donaudata/donau/HPCKit_25.1.0_Linux-aarch64/package/KunpengHPCKit-kml.25.1.0/gcclib/sme/kblas/multi/libkblas.so.25.1.0
GOMP_LINKED_LIBRARY=/CLUSTER_USER_HOME/kunpeng-experiments/trsm-kml251-f6110e522b93/compiler-private/gcc-12.3.1-2025.03-aarch64-linux/lib64/libgomp.so.1.0.0
KML251_DEPENDENCY_AUDIT_PASS=1
LINKAGE_REPEAT 3/3 END
