LINKAGE_REPEAT 1/3 BEGIN
JOB_ID=1579730
BINARY=/CLUSTER_USER_HOME/kunpeng-experiments/trsm-kml251-a3de683d1112/T18-budgetwide/source/trsm_test
LDD_EXIT_CODE=0
	linux-vdso.so.1 (0x000040000ca43000)
	libm.so.6 => /usr/lib64/libm.so.6 (0x000040000ca60000)
	libkblas.so.25.1.0 => /opt/donaudata/donau/HPCKit_25.1.0_Linux-aarch64/package/KunpengHPCKit-kml.25.1.0/gcclib/sme/kblas/multi/libkblas.so.25.1.0 (0x000040000cb10000)
	libgomp.so.1 => /CLUSTER_USER_HOME/kunpeng-experiments/trsm-kml251-f6110e522b93/compiler-private/gcc-12.3.1-2025.03-aarch64-linux/lib64/libgomp.so.1 (0x0000400012c50000)
	libc.so.6 => /usr/lib64/libc.so.6 (0x0000400012cc0000)
	/lib/ld-linux-aarch64.so.1 (0x000040000ca19000)
	libdl.so.2 => /usr/lib64/libdl.so.2 (0x0000400012e80000)
	libpthread.so.0 => /usr/lib64/libpthread.so.0 (0x0000400012eb0000)
KML251_LINKED_LIBRARY=/opt/donaudata/donau/HPCKit_25.1.0_Linux-aarch64/package/KunpengHPCKit-kml.25.1.0/gcclib/sme/kblas/multi/libkblas.so.25.1.0
GOMP_LINKED_LIBRARY=/CLUSTER_USER_HOME/kunpeng-experiments/trsm-kml251-f6110e522b93/compiler-private/gcc-12.3.1-2025.03-aarch64-linux/lib64/libgomp.so.1.0.0
KML251_DEPENDENCY_AUDIT_PASS=1
LINKAGE_REPEAT 1/3 END
LINKAGE_REPEAT 2/3 BEGIN
JOB_ID=1579730
BINARY=/CLUSTER_USER_HOME/kunpeng-experiments/trsm-kml251-a3de683d1112/T18-budgetwide/source/trsm_test
LDD_EXIT_CODE=0
	linux-vdso.so.1 (0x0000400018756000)
	libm.so.6 => /usr/lib64/libm.so.6 (0x0000400018770000)
	libkblas.so.25.1.0 => /opt/donaudata/donau/HPCKit_25.1.0_Linux-aarch64/package/KunpengHPCKit-kml.25.1.0/gcclib/sme/kblas/multi/libkblas.so.25.1.0 (0x0000400018820000)
	libgomp.so.1 => /CLUSTER_USER_HOME/kunpeng-experiments/trsm-kml251-f6110e522b93/compiler-private/gcc-12.3.1-2025.03-aarch64-linux/lib64/libgomp.so.1 (0x000040001e960000)
	libc.so.6 => /usr/lib64/libc.so.6 (0x000040001e9d0000)
	/lib/ld-linux-aarch64.so.1 (0x000040001872c000)
	libdl.so.2 => /usr/lib64/libdl.so.2 (0x000040001eb90000)
	libpthread.so.0 => /usr/lib64/libpthread.so.0 (0x000040001ebc0000)
KML251_LINKED_LIBRARY=/opt/donaudata/donau/HPCKit_25.1.0_Linux-aarch64/package/KunpengHPCKit-kml.25.1.0/gcclib/sme/kblas/multi/libkblas.so.25.1.0
GOMP_LINKED_LIBRARY=/CLUSTER_USER_HOME/kunpeng-experiments/trsm-kml251-f6110e522b93/compiler-private/gcc-12.3.1-2025.03-aarch64-linux/lib64/libgomp.so.1.0.0
KML251_DEPENDENCY_AUDIT_PASS=1
LINKAGE_REPEAT 2/3 END
LINKAGE_REPEAT 3/3 BEGIN
JOB_ID=1579730
BINARY=/CLUSTER_USER_HOME/kunpeng-experiments/trsm-kml251-a3de683d1112/T18-budgetwide/source/trsm_test
LDD_EXIT_CODE=0
	linux-vdso.so.1 (0x000040003ba84000)
	libm.so.6 => /usr/lib64/libm.so.6 (0x000040003baa0000)
	libkblas.so.25.1.0 => /opt/donaudata/donau/HPCKit_25.1.0_Linux-aarch64/package/KunpengHPCKit-kml.25.1.0/gcclib/sme/kblas/multi/libkblas.so.25.1.0 (0x000040003bb50000)
	libgomp.so.1 => /CLUSTER_USER_HOME/kunpeng-experiments/trsm-kml251-f6110e522b93/compiler-private/gcc-12.3.1-2025.03-aarch64-linux/lib64/libgomp.so.1 (0x0000400041c90000)
	libc.so.6 => /usr/lib64/libc.so.6 (0x0000400041d00000)
	/lib/ld-linux-aarch64.so.1 (0x000040003ba5a000)
	libdl.so.2 => /usr/lib64/libdl.so.2 (0x0000400041ec0000)
	libpthread.so.0 => /usr/lib64/libpthread.so.0 (0x0000400041ef0000)
KML251_LINKED_LIBRARY=/opt/donaudata/donau/HPCKit_25.1.0_Linux-aarch64/package/KunpengHPCKit-kml.25.1.0/gcclib/sme/kblas/multi/libkblas.so.25.1.0
GOMP_LINKED_LIBRARY=/CLUSTER_USER_HOME/kunpeng-experiments/trsm-kml251-f6110e522b93/compiler-private/gcc-12.3.1-2025.03-aarch64-linux/lib64/libgomp.so.1.0.0
KML251_DEPENDENCY_AUDIT_PASS=1
LINKAGE_REPEAT 3/3 END
