LINKAGE_REPEAT 1/3 BEGIN
JOB_ID=1579479
BINARY=/CLUSTER_USER_HOME/kunpeng-experiments/trsm-kml251-2a9aac1697f8/T12-forwardbarrier/source/trsm_test
LDD_EXIT_CODE=0
	linux-vdso.so.1 (0x000040003fcb2000)
	libm.so.6 => /usr/lib64/libm.so.6 (0x000040003fcd0000)
	libkblas.so.25.1.0 => /opt/donaudata/donau/HPCKit_25.1.0_Linux-aarch64/package/KunpengHPCKit-kml.25.1.0/gcclib/sme/kblas/multi/libkblas.so.25.1.0 (0x000040003fd80000)
	libgomp.so.1 => /CLUSTER_USER_HOME/kunpeng-experiments/trsm-kml251-f6110e522b93/compiler-private/gcc-12.3.1-2025.03-aarch64-linux/lib64/libgomp.so.1 (0x0000400045ec0000)
	libc.so.6 => /usr/lib64/libc.so.6 (0x0000400045f30000)
	/lib/ld-linux-aarch64.so.1 (0x000040003fc88000)
	libdl.so.2 => /usr/lib64/libdl.so.2 (0x00004000460f0000)
	libpthread.so.0 => /usr/lib64/libpthread.so.0 (0x0000400046120000)
KML251_LINKED_LIBRARY=/opt/donaudata/donau/HPCKit_25.1.0_Linux-aarch64/package/KunpengHPCKit-kml.25.1.0/gcclib/sme/kblas/multi/libkblas.so.25.1.0
GOMP_LINKED_LIBRARY=/CLUSTER_USER_HOME/kunpeng-experiments/trsm-kml251-f6110e522b93/compiler-private/gcc-12.3.1-2025.03-aarch64-linux/lib64/libgomp.so.1.0.0
KML251_DEPENDENCY_AUDIT_PASS=1
LINKAGE_REPEAT 1/3 END
LINKAGE_REPEAT 2/3 BEGIN
JOB_ID=1579479
BINARY=/CLUSTER_USER_HOME/kunpeng-experiments/trsm-kml251-2a9aac1697f8/T12-forwardbarrier/source/trsm_test
LDD_EXIT_CODE=0
	linux-vdso.so.1 (0x0000400037fc5000)
	libm.so.6 => /usr/lib64/libm.so.6 (0x0000400037fe0000)
	libkblas.so.25.1.0 => /opt/donaudata/donau/HPCKit_25.1.0_Linux-aarch64/package/KunpengHPCKit-kml.25.1.0/gcclib/sme/kblas/multi/libkblas.so.25.1.0 (0x0000400038090000)
	libgomp.so.1 => /CLUSTER_USER_HOME/kunpeng-experiments/trsm-kml251-f6110e522b93/compiler-private/gcc-12.3.1-2025.03-aarch64-linux/lib64/libgomp.so.1 (0x000040003e1d0000)
	libc.so.6 => /usr/lib64/libc.so.6 (0x000040003e240000)
	/lib/ld-linux-aarch64.so.1 (0x0000400037f9b000)
	libdl.so.2 => /usr/lib64/libdl.so.2 (0x000040003e400000)
	libpthread.so.0 => /usr/lib64/libpthread.so.0 (0x000040003e430000)
KML251_LINKED_LIBRARY=/opt/donaudata/donau/HPCKit_25.1.0_Linux-aarch64/package/KunpengHPCKit-kml.25.1.0/gcclib/sme/kblas/multi/libkblas.so.25.1.0
GOMP_LINKED_LIBRARY=/CLUSTER_USER_HOME/kunpeng-experiments/trsm-kml251-f6110e522b93/compiler-private/gcc-12.3.1-2025.03-aarch64-linux/lib64/libgomp.so.1.0.0
KML251_DEPENDENCY_AUDIT_PASS=1
LINKAGE_REPEAT 2/3 END
LINKAGE_REPEAT 3/3 BEGIN
JOB_ID=1579479
BINARY=/CLUSTER_USER_HOME/kunpeng-experiments/trsm-kml251-2a9aac1697f8/T12-forwardbarrier/source/trsm_test
LDD_EXIT_CODE=0
	linux-vdso.so.1 (0x000040000ee15000)
	libm.so.6 => /usr/lib64/libm.so.6 (0x000040000ee30000)
	libkblas.so.25.1.0 => /opt/donaudata/donau/HPCKit_25.1.0_Linux-aarch64/package/KunpengHPCKit-kml.25.1.0/gcclib/sme/kblas/multi/libkblas.so.25.1.0 (0x000040000eee0000)
	libgomp.so.1 => /CLUSTER_USER_HOME/kunpeng-experiments/trsm-kml251-f6110e522b93/compiler-private/gcc-12.3.1-2025.03-aarch64-linux/lib64/libgomp.so.1 (0x0000400015020000)
	libc.so.6 => /usr/lib64/libc.so.6 (0x0000400015090000)
	/lib/ld-linux-aarch64.so.1 (0x000040000edeb000)
	libdl.so.2 => /usr/lib64/libdl.so.2 (0x0000400015250000)
	libpthread.so.0 => /usr/lib64/libpthread.so.0 (0x0000400015280000)
KML251_LINKED_LIBRARY=/opt/donaudata/donau/HPCKit_25.1.0_Linux-aarch64/package/KunpengHPCKit-kml.25.1.0/gcclib/sme/kblas/multi/libkblas.so.25.1.0
GOMP_LINKED_LIBRARY=/CLUSTER_USER_HOME/kunpeng-experiments/trsm-kml251-f6110e522b93/compiler-private/gcc-12.3.1-2025.03-aarch64-linux/lib64/libgomp.so.1.0.0
KML251_DEPENDENCY_AUDIT_PASS=1
LINKAGE_REPEAT 3/3 END
