
BENCH_REPEAT 1/3 BEGIN COHORT=trsm-cohort-93aa8a624f08 MEMBER=T0-r2
Compiler: gcc (GCC) 10.3.1
CPUs=228-265 NUMA=6 threads=38
Reference BLAS override: /CLUSTER_USER_HOME/other-20260907/blas-verified/libopenblas.a (与官方 KML 配置不同)

================================= TRSM测试 ================================
     M       N     Time(ms)       GFLOPS 最大误差   校验
---------------------------------------------------------------------------
   512 x 19968        22.42     233.4649     1.67e-16     PASS

================================= TRSM测试 ================================
     M       N     Time(ms)       GFLOPS 最大误差   校验
---------------------------------------------------------------------------
  2432 x 17024       254.59     395.4995     2.22e-16     PASS

================================= TRSM测试 ================================
     M       N     Time(ms)       GFLOPS 最大误差   校验
---------------------------------------------------------------------------
 17024 x   512       502.04     295.5656     1.11e-15     PASS
All three official cases PASS. Logs: results/run-20260908-092146-yv8rex

BENCH_REPEAT 1/3 BEGIN COHORT=trsm-cohort-93aa8a624f08 MEMBER=T2-k128
Compiler: gcc (GCC) 10.3.1
CPUs=228-265 NUMA=6 threads=38
Reference BLAS override: /CLUSTER_USER_HOME/other-20260907/blas-verified/libopenblas.a (与官方 KML 配置不同)

================================= TRSM测试 ================================
     M       N     Time(ms)       GFLOPS 最大误差   校验
---------------------------------------------------------------------------
   512 x 19968        22.74     230.1657     1.67e-16     PASS

================================= TRSM测试 ================================
     M       N     Time(ms)       GFLOPS 最大误差   校验
---------------------------------------------------------------------------
  2432 x 17024       255.59     393.9537     2.22e-16     PASS

================================= TRSM测试 ================================
     M       N     Time(ms)       GFLOPS 最大误差   校验
---------------------------------------------------------------------------
 17024 x   512       505.67     293.4444     1.39e-15     PASS
All three official cases PASS. Logs: results/run-20260908-092155-662PfN

BENCH_REPEAT 1/3 BEGIN COHORT=trsm-cohort-93aa8a624f08 MEMBER=T2-unroll
Compiler: gcc (GCC) 10.3.1
CPUs=228-265 NUMA=6 threads=38
Reference BLAS override: /CLUSTER_USER_HOME/other-20260907/blas-verified/libopenblas.a (与官方 KML 配置不同)

================================= TRSM测试 ================================
     M       N     Time(ms)       GFLOPS 最大误差   校验
---------------------------------------------------------------------------
   512 x 19968        22.52     232.4496     1.67e-16     PASS

================================= TRSM测试 ================================
     M       N     Time(ms)       GFLOPS 最大误差   校验
---------------------------------------------------------------------------
  2432 x 17024       255.22     394.5194     2.22e-16     PASS

================================= TRSM测试 ================================
     M       N     Time(ms)       GFLOPS 最大误差   校验
---------------------------------------------------------------------------
 17024 x   512       495.31     299.5844     1.11e-15     PASS
All three official cases PASS. Logs: results/run-20260908-092203-hmFuhq

BENCH_REPEAT 2/3 BEGIN COHORT=trsm-cohort-93aa8a624f08 MEMBER=T2-k128
Compiler: gcc (GCC) 10.3.1
CPUs=228-265 NUMA=6 threads=38
Reference BLAS override: /CLUSTER_USER_HOME/other-20260907/blas-verified/libopenblas.a (与官方 KML 配置不同)

================================= TRSM测试 ================================
     M       N     Time(ms)       GFLOPS 最大误差   校验
---------------------------------------------------------------------------
   512 x 19968        22.40     233.6410     1.67e-16     PASS

================================= TRSM测试 ================================
     M       N     Time(ms)       GFLOPS 最大误差   校验
---------------------------------------------------------------------------
  2432 x 17024       264.23     381.0680     2.22e-16     PASS

================================= TRSM测试 ================================
     M       N     Time(ms)       GFLOPS 最大误差   校验
---------------------------------------------------------------------------
 17024 x   512       500.34     296.5731     1.39e-15     PASS
All three official cases PASS. Logs: results/run-20260908-092212-zgR5Hq

BENCH_REPEAT 2/3 BEGIN COHORT=trsm-cohort-93aa8a624f08 MEMBER=T2-unroll
Compiler: gcc (GCC) 10.3.1
CPUs=228-265 NUMA=6 threads=38
Reference BLAS override: /CLUSTER_USER_HOME/other-20260907/blas-verified/libopenblas.a (与官方 KML 配置不同)

================================= TRSM测试 ================================
     M       N     Time(ms)       GFLOPS 最大误差   校验
---------------------------------------------------------------------------
   512 x 19968        22.61     231.4827     1.67e-16     PASS

================================= TRSM测试 ================================
     M       N     Time(ms)       GFLOPS 最大误差   校验
---------------------------------------------------------------------------
  2432 x 17024       256.43     392.6629     2.22e-16     PASS

================================= TRSM测试 ================================
     M       N     Time(ms)       GFLOPS 最大误差   校验
---------------------------------------------------------------------------
 17024 x   512       495.14     299.6849     1.11e-15     PASS
All three official cases PASS. Logs: results/run-20260908-092221-TynTdI

BENCH_REPEAT 2/3 BEGIN COHORT=trsm-cohort-93aa8a624f08 MEMBER=T0-r2
Compiler: gcc (GCC) 10.3.1
CPUs=228-265 NUMA=6 threads=38
Reference BLAS override: /CLUSTER_USER_HOME/other-20260907/blas-verified/libopenblas.a (与官方 KML 配置不同)

================================= TRSM测试 ================================
     M       N     Time(ms)       GFLOPS 最大误差   校验
---------------------------------------------------------------------------
   512 x 19968        22.30     234.7800     1.67e-16     PASS

================================= TRSM测试 ================================
     M       N     Time(ms)       GFLOPS 最大误差   校验
---------------------------------------------------------------------------
  2432 x 17024       253.70     396.8911     2.22e-16     PASS

================================= TRSM测试 ================================
     M       N     Time(ms)       GFLOPS 最大误差   校验
---------------------------------------------------------------------------
 17024 x   512       499.13     297.2870     1.11e-15     PASS
All three official cases PASS. Logs: results/run-20260908-092229-iRZIjj

BENCH_REPEAT 3/3 BEGIN COHORT=trsm-cohort-93aa8a624f08 MEMBER=T2-unroll
Compiler: gcc (GCC) 10.3.1
CPUs=228-265 NUMA=6 threads=38
Reference BLAS override: /CLUSTER_USER_HOME/other-20260907/blas-verified/libopenblas.a (与官方 KML 配置不同)

================================= TRSM测试 ================================
     M       N     Time(ms)       GFLOPS 最大误差   校验
---------------------------------------------------------------------------
   512 x 19968        22.46     233.0977     1.67e-16     PASS

================================= TRSM测试 ================================
     M       N     Time(ms)       GFLOPS 最大误差   校验
---------------------------------------------------------------------------
  2432 x 17024       253.73     396.8412     2.22e-16     PASS

================================= TRSM测试 ================================
     M       N     Time(ms)       GFLOPS 最大误差   校验
---------------------------------------------------------------------------
 17024 x   512       496.25     299.0141     1.11e-15     PASS
All three official cases PASS. Logs: results/run-20260908-092238-Z1g8Z4

BENCH_REPEAT 3/3 BEGIN COHORT=trsm-cohort-93aa8a624f08 MEMBER=T0-r2
Compiler: gcc (GCC) 10.3.1
CPUs=228-265 NUMA=6 threads=38
Reference BLAS override: /CLUSTER_USER_HOME/other-20260907/blas-verified/libopenblas.a (与官方 KML 配置不同)

================================= TRSM测试 ================================
     M       N     Time(ms)       GFLOPS 最大误差   校验
---------------------------------------------------------------------------
   512 x 19968        22.43     233.3706     1.67e-16     PASS

================================= TRSM测试 ================================
     M       N     Time(ms)       GFLOPS 最大误差   校验
---------------------------------------------------------------------------
  2432 x 17024       255.21     394.5453     2.22e-16     PASS

================================= TRSM测试 ================================
     M       N     Time(ms)       GFLOPS 最大误差   校验
---------------------------------------------------------------------------
 17024 x   512       501.17     296.0810     1.11e-15     PASS
All three official cases PASS. Logs: results/run-20260908-092247-SSNbPz

BENCH_REPEAT 3/3 BEGIN COHORT=trsm-cohort-93aa8a624f08 MEMBER=T2-k128
Compiler: gcc (GCC) 10.3.1
CPUs=228-265 NUMA=6 threads=38
Reference BLAS override: /CLUSTER_USER_HOME/other-20260907/blas-verified/libopenblas.a (与官方 KML 配置不同)

================================= TRSM测试 ================================
     M       N     Time(ms)       GFLOPS 最大误差   校验
---------------------------------------------------------------------------
   512 x 19968        22.60     231.6083     1.67e-16     PASS

================================= TRSM测试 ================================
     M       N     Time(ms)       GFLOPS 最大误差   校验
---------------------------------------------------------------------------
  2432 x 17024       257.12     391.6040     2.22e-16     PASS

================================= TRSM测试 ================================
     M       N     Time(ms)       GFLOPS 最大误差   校验
---------------------------------------------------------------------------
 17024 x   512       505.02     293.8230     1.39e-15     PASS
All three official cases PASS. Logs: results/run-20260908-092255-Bv7jhl
