TILE_CONFIG_PASS KB=256 CT=64
DISPATCH workers=1 hwcap_sve=1 min_vl=64 max_vl=64 expected_wide=1
ARGUMENTS_PASS calls=1 bad=0 expected_ldx=47 expected_panel_stride=8
MICRO_PASS count=0 lda=3 layout=strided calls=1
ARGUMENTS_PASS calls=1 bad=0 expected_ldx=8 expected_panel_stride=2048
MICRO_PASS count=0 lda=3 layout=packed calls=1
ARGUMENTS_PASS calls=1 bad=0 expected_ldx=49 expected_panel_stride=8
MICRO_PASS count=0 lda=11 layout=strided calls=1
ARGUMENTS_PASS calls=1 bad=0 expected_ldx=8 expected_panel_stride=2048
MICRO_PASS count=0 lda=11 layout=packed calls=1
ARGUMENTS_PASS calls=1 bad=0 expected_ldx=47 expected_panel_stride=8
MICRO_PASS count=1 lda=4 layout=strided calls=1
ARGUMENTS_PASS calls=1 bad=0 expected_ldx=8 expected_panel_stride=2048
MICRO_PASS count=1 lda=4 layout=packed calls=1
ARGUMENTS_PASS calls=1 bad=0 expected_ldx=49 expected_panel_stride=8
MICRO_PASS count=1 lda=12 layout=strided calls=1
ARGUMENTS_PASS calls=1 bad=0 expected_ldx=8 expected_panel_stride=2048
MICRO_PASS count=1 lda=12 layout=packed calls=1
ARGUMENTS_PASS calls=1 bad=0 expected_ldx=47 expected_panel_stride=8
MICRO_PASS count=2 lda=5 layout=strided calls=1
ARGUMENTS_PASS calls=1 bad=0 expected_ldx=8 expected_panel_stride=2048
MICRO_PASS count=2 lda=5 layout=packed calls=1
ARGUMENTS_PASS calls=1 bad=0 expected_ldx=49 expected_panel_stride=8
MICRO_PASS count=2 lda=13 layout=strided calls=1
ARGUMENTS_PASS calls=1 bad=0 expected_ldx=8 expected_panel_stride=2048
MICRO_PASS count=2 lda=13 layout=packed calls=1
ARGUMENTS_PASS calls=1 bad=0 expected_ldx=47 expected_panel_stride=8
MICRO_PASS count=7 lda=10 layout=strided calls=1
ARGUMENTS_PASS calls=1 bad=0 expected_ldx=8 expected_panel_stride=2048
MICRO_PASS count=7 lda=10 layout=packed calls=1
ARGUMENTS_PASS calls=1 bad=0 expected_ldx=49 expected_panel_stride=8
MICRO_PASS count=7 lda=18 layout=strided calls=1
ARGUMENTS_PASS calls=1 bad=0 expected_ldx=8 expected_panel_stride=2048
MICRO_PASS count=7 lda=18 layout=packed calls=1
ARGUMENTS_PASS calls=1 bad=0 expected_ldx=47 expected_panel_stride=8
MICRO_PASS count=31 lda=34 layout=strided calls=1
ARGUMENTS_PASS calls=1 bad=0 expected_ldx=8 expected_panel_stride=2048
MICRO_PASS count=31 lda=34 layout=packed calls=1
ARGUMENTS_PASS calls=1 bad=0 expected_ldx=49 expected_panel_stride=8
MICRO_PASS count=31 lda=42 layout=strided calls=1
ARGUMENTS_PASS calls=1 bad=0 expected_ldx=8 expected_panel_stride=2048
MICRO_PASS count=31 lda=42 layout=packed calls=1
ARGUMENTS_PASS calls=1 bad=0 expected_ldx=47 expected_panel_stride=8
MICRO_PASS count=255 lda=258 layout=strided calls=1
ARGUMENTS_PASS calls=1 bad=0 expected_ldx=8 expected_panel_stride=2048
MICRO_PASS count=255 lda=258 layout=packed calls=1
ARGUMENTS_PASS calls=1 bad=0 expected_ldx=49 expected_panel_stride=8
MICRO_PASS count=255 lda=266 layout=strided calls=1
ARGUMENTS_PASS calls=1 bad=0 expected_ldx=8 expected_panel_stride=2048
MICRO_PASS count=255 lda=266 layout=packed calls=1
ARGUMENTS_PASS calls=1 bad=0 expected_ldx=47 expected_panel_stride=8
MICRO_PASS count=256 lda=259 layout=strided calls=1
ARGUMENTS_PASS calls=1 bad=0 expected_ldx=8 expected_panel_stride=2048
MICRO_PASS count=256 lda=259 layout=packed calls=1
ARGUMENTS_PASS calls=1 bad=0 expected_ldx=49 expected_panel_stride=8
MICRO_PASS count=256 lda=267 layout=strided calls=1
ARGUMENTS_PASS calls=1 bad=0 expected_ldx=8 expected_panel_stride=2048
MICRO_PASS count=256 lda=267 layout=packed calls=1
PASS micro_cases=28 ordered_FMA_bitwise=1 L_X_guards_unchanged=1
