LINKAGE_REPEAT 1/3 BEGIN
JOB_ID=1579673
BINARY=/CLUSTER_USER_HOME/kunpeng-experiments/trsm-kml251-d7f667784eb8/T10-lhistbarrier-repeat-r13/source/trsm_test
LDD_EXIT_CODE=0
	linux-vdso.so.1 (0x000040002e97a000)
	libm.so.6 => /usr/lib64/libm.so.6 (0x000040002e9a0000)
	libkblas.so.25.1.0 => /opt/donaudata/donau/HPCKit_25.1.0_Linux-aarch64/package/KunpengHPCKit-kml.25.1.0/gcclib/sme/kblas/multi/libkblas.so.25.1.0 (0x000040002ea50000)
	libgomp.so.1 => /CLUSTER_USER_HOME/kunpeng-experiments/trsm-kml251-f6110e522b93/compiler-private/gcc-12.3.1-2025.03-aarch64-linux/lib64/libgomp.so.1 (0x0000400034b80000)
	libc.so.6 => /usr/lib64/libc.so.6 (0x0000400034bf0000)
	/lib/ld-linux-aarch64.so.1 (0x000040002e950000)
	libdl.so.2 => /usr/lib64/libdl.so.2 (0x0000400034db0000)
	libpthread.so.0 => /usr/lib64/libpthread.so.0 (0x0000400034de0000)
KML251_LINKED_LIBRARY=/opt/donaudata/donau/HPCKit_25.1.0_Linux-aarch64/package/KunpengHPCKit-kml.25.1.0/gcclib/sme/kblas/multi/libkblas.so.25.1.0
GOMP_LINKED_LIBRARY=/CLUSTER_USER_HOME/kunpeng-experiments/trsm-kml251-f6110e522b93/compiler-private/gcc-12.3.1-2025.03-aarch64-linux/lib64/libgomp.so.1.0.0
KML251_DEPENDENCY_AUDIT_PASS=1
LINKAGE_REPEAT 1/3 END
LINKAGE_REPEAT 2/3 BEGIN
JOB_ID=1579673
BINARY=/CLUSTER_USER_HOME/kunpeng-experiments/trsm-kml251-d7f667784eb8/T10-lhistbarrier-repeat-r13/source/trsm_test
LDD_EXIT_CODE=0
	linux-vdso.so.1 (0x000040003dc42000)
	libm.so.6 => /usr/lib64/libm.so.6 (0x000040003dc60000)
	libkblas.so.25.1.0 => /opt/donaudata/donau/HPCKit_25.1.0_Linux-aarch64/package/KunpengHPCKit-kml.25.1.0/gcclib/sme/kblas/multi/libkblas.so.25.1.0 (0x000040003dd10000)
	libgomp.so.1 => /CLUSTER_USER_HOME/kunpeng-experiments/trsm-kml251-f6110e522b93/compiler-private/gcc-12.3.1-2025.03-aarch64-linux/lib64/libgomp.so.1 (0x0000400043e50000)
	libc.so.6 => /usr/lib64/libc.so.6 (0x0000400043ec0000)
	/lib/ld-linux-aarch64.so.1 (0x000040003dc18000)
	libdl.so.2 => /usr/lib64/libdl.so.2 (0x0000400044080000)
	libpthread.so.0 => /usr/lib64/libpthread.so.0 (0x00004000440b0000)
KML251_LINKED_LIBRARY=/opt/donaudata/donau/HPCKit_25.1.0_Linux-aarch64/package/KunpengHPCKit-kml.25.1.0/gcclib/sme/kblas/multi/libkblas.so.25.1.0
GOMP_LINKED_LIBRARY=/CLUSTER_USER_HOME/kunpeng-experiments/trsm-kml251-f6110e522b93/compiler-private/gcc-12.3.1-2025.03-aarch64-linux/lib64/libgomp.so.1.0.0
KML251_DEPENDENCY_AUDIT_PASS=1
LINKAGE_REPEAT 2/3 END
LINKAGE_REPEAT 3/3 BEGIN
JOB_ID=1579673
BINARY=/CLUSTER_USER_HOME/kunpeng-experiments/trsm-kml251-d7f667784eb8/T10-lhistbarrier-repeat-r13/source/trsm_test
LDD_EXIT_CODE=0
	linux-vdso.so.1 (0x00004000291dd000)
	libm.so.6 => /usr/lib64/libm.so.6 (0x0000400029200000)
	libkblas.so.25.1.0 => /opt/donaudata/donau/HPCKit_25.1.0_Linux-aarch64/package/KunpengHPCKit-kml.25.1.0/gcclib/sme/kblas/multi/libkblas.so.25.1.0 (0x00004000292b0000)
	libgomp.so.1 => /CLUSTER_USER_HOME/kunpeng-experiments/trsm-kml251-f6110e522b93/compiler-private/gcc-12.3.1-2025.03-aarch64-linux/lib64/libgomp.so.1 (0x000040002f3f0000)
	libc.so.6 => /usr/lib64/libc.so.6 (0x000040002f460000)
	/lib/ld-linux-aarch64.so.1 (0x00004000291b3000)
	libdl.so.2 => /usr/lib64/libdl.so.2 (0x000040002f620000)
	libpthread.so.0 => /usr/lib64/libpthread.so.0 (0x000040002f650000)
KML251_LINKED_LIBRARY=/opt/donaudata/donau/HPCKit_25.1.0_Linux-aarch64/package/KunpengHPCKit-kml.25.1.0/gcclib/sme/kblas/multi/libkblas.so.25.1.0
GOMP_LINKED_LIBRARY=/CLUSTER_USER_HOME/kunpeng-experiments/trsm-kml251-f6110e522b93/compiler-private/gcc-12.3.1-2025.03-aarch64-linux/lib64/libgomp.so.1.0.0
KML251_DEPENDENCY_AUDIT_PASS=1
LINKAGE_REPEAT 3/3 END
