Basic Details:
    jobId                               	1485371                                           	
    name                                	conv-sve256-correctness                           	
    state                               	SUCCEEDED                                         	
    user                                	REDACTED_USER                                       	
    queue                               	q_kunpeng                                         	
    account                             	common                                            	
    cmd                                 	/bin/bash -l CLUSTER_USER_HOME/kunpeng-experiments/diagnostics/conv-sve256-correctness-20260908T014506Z/remote_job.sh	
    submitNode                          	LOGIN_NODE_1                                           	
    createTime                          	2026/09/08 09:44:27                               	
    startTime                           	2026/09/08 09:44:30                               	
    lastModifiedTime                    	-                                                 	
    endTime                             	2026/09/08 09:44:42                               	
    currentOperation                    	EMPTY                                             	
    jobRequeueMaxCnt                    	0                                                 	
    jobRequeueCurrentCnt                	0                                                 	
    mpiType                             	DEFAULT                                           	
    interactionMode                     	DEFAULT                                           	
    assistJob                           	DEFAULT                                           	
    x11ForwardEnabled                   	false                                             	
    description                         	-                                                 	
    transferType                        	LOCAL                                             	
    forwardTime                         	-                                                 	
    recallTime                          	-                                                 	
    autoResize                          	false                                             	
Scheduling Details:
    exclusive                           	false                                             	
    priority                            	1                                                 	
    adminPriority                       	-1                                                	
    expectSchedTime                     	-                                                 	
    startTimeEstimated                  	-                                                 	
    reserveRes                          	-                                                 	
    backfillRes                         	-                                                 	
    backfilledRes                       	-                                                 	
Resource Details:
    reqJobLicense                       	-
    allocJobLicense                     	-
    resGroup[0]:
        minReplica                      	1                                                 	
        replica                         	1                                                 	
        labels                          	queue_q_kunpeng aarch64                           	
        preferNodes                     	-                                                 	
        reqNodeSelectPolicy             	-                                                 	
        effNodeSelectPolicy             	SEQUENCE                                          	
        reqCPU                          	38                                                	
        reqMem                          	24576                                             	
        reqGPU                          	gpu:0
        reqNPU                          	0
        allocCPU                        	38                                                	
        allocMem                        	24576                                             	
        allocGPU                        	gpu:0
        allocNPU                        	0
        reqTaskLicense                  	-
        allocTaskLicense                	-
        reqAffinity                     	numa[count=1, distribution=pack]                  	
    allocAffinity                       	
        execNode             resGroup resIndex hwThreads        gpuIds           npuIds          
        COMPUTE_NODE_1              0        0/1      228-265          -                -               
Runtime Details:
    execNodes                           	COMPUTE_NODE_1                                           	
    execNodeCnt                         	1                                                 	
    execPath                            	CLUSTER_USER_HOME                           	
    resizeCmd                           	-                                                 	
    timeout                             	300                                               	
    stderrRedirectPath                  	-                                                 	
    stderrRedirectType                  	append                                            	
    stdoutRedirectPath                  	CLUSTER_USER_HOME/kunpeng-experiments/diagnostics/conv-sve256-correctness-20260908T014506Z/wrapper.stdout.log	
    stdoutRedirectType                  	append                                            	
    totalUtime                          	8                                                 	
    totalStime                          	2                                                 	
    totalMaxMemSwp                      	0                                                 	
    totalMaxMem                         	0                                                 	
    hostPreHookRunTime                  	0                                                 	
    preHookRunTime                      	0                                                 	
    jobWallclockDuration                	10                                                	
    postHookRunTime                     	0                                                 	
    hostPostHookRunTime                 	0                                                 	
    jobSstoppedTime                     	0                                                 	
    coreHours                           	380                                               	
    jobExitCode                         	0                                                 	
    systemExitCode                      	0                                                 	
    exitMessage                         	Job execution succeeded                           	
    stderrRedirectOutputPath            	-                                                 	
    stdoutRedirectOutputPath            	CLUSTER_USER_HOME/kunpeng-experiments/diagnostics/conv-sve256-correctness-20260908T014506Z/wrapper.stdout.log	
    nodeUsages                          	
        execNode             resGroup resIndex utime    stime    wallclockDuration    sstoppedTime     cpuUtil          gpuUtil          npuUtil          memResource                     
        COMPUTE_NODE_1              0        0/1      8        2        10                   0                109/109          -                -                0/0/0/0/33/33/0/0               
    nodePids                            	
        execNode             pids    
        COMPUTE_NODE_1              -       
    traceMessages                       	2026/09/08 09:44:27    :    [JOB_ADD] Job 1485371 is submitted by REDACTED_USER, job state is PENDING.	
                                        	2026/09/08 09:44:30    :    [JOB_START] Job 1485371 start message has been sent.	
                                        	2026/09/08 09:44:30    :    [JOB_START_ACK] Job 1485371 start message has been received by agent COMPUTE_NODE_1.	
                                        	2026/09/08 09:44:30    :    [JOB_EXECUTION] Job 1485371 state is from PENDING to RUNNING, execution path: CLUSTER_USER_HOME	
                                        	2026/09/08 09:44:42    :    [JOB_FINISH] Job 1485371 state is from RUNNING to SUCCEEDED.	
