=== suite-1-case-1.log ===

================================= CONV测试 ================================
   ImageSize   kernelSize         Time(ms)       GFLOPS     最大误差       校验
---------------------------------------------------------------------------
 Error at [0][2]: got 3.798019e+02, expected 3.798020e+02 diff = 3.051758e-05 
 Error at [0][6]: got 3.867293e+02, expected 3.867293e+02 diff = 3.051758e-05 
 Error at [0][7]: got 3.835440e+02, expected 3.835440e+02 diff = 3.051758e-05 
 Error at [0][8]: got 3.787692e+02, expected 3.787692e+02 diff = 3.051758e-05 
 Error at [0][9]: got 3.865398e+02, expected 3.865399e+02 diff = 3.051758e-05 
 Error at [0][10]: got 3.875901e+02, expected 3.875901e+02 diff = 3.051758e-05 
 Error at [0][12]: got 3.854051e+02, expected 3.854052e+02 diff = 3.051758e-05 
 Error at [0][13]: got 3.899618e+02, expected 3.899618e+02 diff = 3.051758e-05 
 Error at [0][16]: got 3.815237e+02, expected 3.815236e+02 diff = 6.103516e-05 
 Error at [0][20]: got 3.781209e+02, expected 3.781209e+02 diff = 3.051758e-05 
  4096 x  6144     39 x    39            /            /     1.53e-04     FAIL

=== suite-1-case-2.log ===

================================= CONV测试 ================================
   ImageSize   kernelSize         Time(ms)       GFLOPS     最大误差       校验
---------------------------------------------------------------------------
 Error at [0][0]: got 4.195706e+02, expected 4.195706e+02 diff = 3.051758e-05 
 Error at [0][1]: got 4.200291e+02, expected 4.200291e+02 diff = 3.051758e-05 
 Error at [0][4]: got 4.271281e+02, expected 4.271281e+02 diff = 3.051758e-05 
 Error at [0][8]: got 4.251273e+02, expected 4.251273e+02 diff = 3.051758e-05 
 Error at [0][12]: got 4.313792e+02, expected 4.313792e+02 diff = 3.051758e-05 
 Error at [0][14]: got 4.300611e+02, expected 4.300612e+02 diff = 3.051758e-05 
 Error at [0][15]: got 4.292141e+02, expected 4.292141e+02 diff = 3.051758e-05 
 Error at [0][19]: got 4.299761e+02, expected 4.299761e+02 diff = 3.051758e-05 
 Error at [0][23]: got 4.340591e+02, expected 4.340590e+02 diff = 3.051758e-05 
 Error at [0][24]: got 4.366799e+02, expected 4.366800e+02 diff = 3.051758e-05 
  6144 x  4096     41 x    41            /            /     1.83e-04     FAIL

=== suite-1-case-3.log ===

================================= CONV测试 ================================
   ImageSize   kernelSize         Time(ms)       GFLOPS     最大误差       校验
---------------------------------------------------------------------------
 Error at [0][1]: got 7.459236e+02, expected 7.459235e+02 diff = 6.103516e-05 
 Error at [0][3]: got 7.478829e+02, expected 7.478828e+02 diff = 1.220703e-04 
 Error at [0][5]: got 7.433262e+02, expected 7.433262e+02 diff = 6.103516e-05 
 Error at [0][6]: got 7.472948e+02, expected 7.472947e+02 diff = 6.103516e-05 
 Error at [0][7]: got 7.475494e+02, expected 7.475494e+02 diff = 6.103516e-05 
 Error at [0][8]: got 7.527262e+02, expected 7.527261e+02 diff = 6.103516e-05 
 Error at [0][13]: got 7.580897e+02, expected 7.580898e+02 diff = 6.103516e-05 
 Error at [0][14]: got 7.494738e+02, expected 7.494738e+02 diff = 6.103516e-05 
 Error at [0][15]: got 7.571002e+02, expected 7.571001e+02 diff = 6.103516e-05 
 Error at [0][19]: got 7.499343e+02, expected 7.499344e+02 diff = 1.220703e-04 
  4256 x  6390     55 x    55            /            /     3.66e-04     FAIL

=== suite-1-case-4.log ===

================================= CONV测试 ================================
   ImageSize   kernelSize         Time(ms)       GFLOPS     最大误差       校验
---------------------------------------------------------------------------
 Error at [0][0]: got 1.631349e+03, expected 1.631349e+03 diff = 1.220703e-04 
 Error at [0][1]: got 1.630551e+03, expected 1.630551e+03 diff = 1.220703e-04 
 Error at [0][2]: got 1.612669e+03, expected 1.612668e+03 diff = 1.220703e-04 
 Error at [0][3]: got 1.630832e+03, expected 1.630831e+03 diff = 1.220703e-04 
 Error at [0][13]: got 1.620555e+03, expected 1.620555e+03 diff = 1.220703e-04 
 Error at [0][20]: got 1.620955e+03, expected 1.620955e+03 diff = 1.220703e-04 
 Error at [0][21]: got 1.616356e+03, expected 1.616357e+03 diff = 1.220703e-04 
 Error at [0][26]: got 1.610236e+03, expected 1.610237e+03 diff = 1.220703e-04 
 Error at [0][28]: got 1.625345e+03, expected 1.625345e+03 diff = 1.220703e-04 
 Error at [0][29]: got 1.614343e+03, expected 1.614343e+03 diff = 2.441406e-04 
  6390 x  4256     81 x    81            /            /     6.10e-04     FAIL

=== suite-2-case-1.log ===

================================= CONV测试 ================================
   ImageSize   kernelSize         Time(ms)       GFLOPS     最大误差       校验
---------------------------------------------------------------------------
 Error at [0][2]: got 3.798019e+02, expected 3.798020e+02 diff = 3.051758e-05 
 Error at [0][6]: got 3.867293e+02, expected 3.867293e+02 diff = 3.051758e-05 
 Error at [0][7]: got 3.835440e+02, expected 3.835440e+02 diff = 3.051758e-05 
 Error at [0][8]: got 3.787692e+02, expected 3.787692e+02 diff = 3.051758e-05 
 Error at [0][9]: got 3.865398e+02, expected 3.865399e+02 diff = 3.051758e-05 
 Error at [0][10]: got 3.875901e+02, expected 3.875901e+02 diff = 3.051758e-05 
 Error at [0][12]: got 3.854051e+02, expected 3.854052e+02 diff = 3.051758e-05 
 Error at [0][13]: got 3.899618e+02, expected 3.899618e+02 diff = 3.051758e-05 
 Error at [0][16]: got 3.815237e+02, expected 3.815236e+02 diff = 6.103516e-05 
 Error at [0][20]: got 3.781209e+02, expected 3.781209e+02 diff = 3.051758e-05 
  4096 x  6144     39 x    39            /            /     1.53e-04     FAIL

=== suite-2-case-2.log ===

================================= CONV测试 ================================
   ImageSize   kernelSize         Time(ms)       GFLOPS     最大误差       校验
---------------------------------------------------------------------------
 Error at [0][0]: got 4.195706e+02, expected 4.195706e+02 diff = 3.051758e-05 
 Error at [0][1]: got 4.200291e+02, expected 4.200291e+02 diff = 3.051758e-05 
 Error at [0][4]: got 4.271281e+02, expected 4.271281e+02 diff = 3.051758e-05 
 Error at [0][8]: got 4.251273e+02, expected 4.251273e+02 diff = 3.051758e-05 
 Error at [0][12]: got 4.313792e+02, expected 4.313792e+02 diff = 3.051758e-05 
 Error at [0][14]: got 4.300611e+02, expected 4.300612e+02 diff = 3.051758e-05 
 Error at [0][15]: got 4.292141e+02, expected 4.292141e+02 diff = 3.051758e-05 
 Error at [0][19]: got 4.299761e+02, expected 4.299761e+02 diff = 3.051758e-05 
 Error at [0][23]: got 4.340591e+02, expected 4.340590e+02 diff = 3.051758e-05 
 Error at [0][24]: got 4.366799e+02, expected 4.366800e+02 diff = 3.051758e-05 
  6144 x  4096     41 x    41            /            /     1.83e-04     FAIL

=== suite-2-case-3.log ===

================================= CONV测试 ================================
   ImageSize   kernelSize         Time(ms)       GFLOPS     最大误差       校验
---------------------------------------------------------------------------
 Error at [0][1]: got 7.459236e+02, expected 7.459235e+02 diff = 6.103516e-05 
 Error at [0][3]: got 7.478829e+02, expected 7.478828e+02 diff = 1.220703e-04 
 Error at [0][5]: got 7.433262e+02, expected 7.433262e+02 diff = 6.103516e-05 
 Error at [0][6]: got 7.472948e+02, expected 7.472947e+02 diff = 6.103516e-05 
 Error at [0][7]: got 7.475494e+02, expected 7.475494e+02 diff = 6.103516e-05 
 Error at [0][8]: got 7.527262e+02, expected 7.527261e+02 diff = 6.103516e-05 
 Error at [0][13]: got 7.580897e+02, expected 7.580898e+02 diff = 6.103516e-05 
 Error at [0][14]: got 7.494738e+02, expected 7.494738e+02 diff = 6.103516e-05 
 Error at [0][15]: got 7.571002e+02, expected 7.571001e+02 diff = 6.103516e-05 
 Error at [0][19]: got 7.499343e+02, expected 7.499344e+02 diff = 1.220703e-04 
  4256 x  6390     55 x    55            /            /     3.66e-04     FAIL

=== suite-2-case-4.log ===

================================= CONV测试 ================================
   ImageSize   kernelSize         Time(ms)       GFLOPS     最大误差       校验
---------------------------------------------------------------------------
 Error at [0][0]: got 1.631349e+03, expected 1.631349e+03 diff = 1.220703e-04 
 Error at [0][1]: got 1.630551e+03, expected 1.630551e+03 diff = 1.220703e-04 
 Error at [0][2]: got 1.612669e+03, expected 1.612668e+03 diff = 1.220703e-04 
 Error at [0][3]: got 1.630832e+03, expected 1.630831e+03 diff = 1.220703e-04 
 Error at [0][13]: got 1.620555e+03, expected 1.620555e+03 diff = 1.220703e-04 
 Error at [0][20]: got 1.620955e+03, expected 1.620955e+03 diff = 1.220703e-04 
 Error at [0][21]: got 1.616356e+03, expected 1.616357e+03 diff = 1.220703e-04 
 Error at [0][26]: got 1.610236e+03, expected 1.610237e+03 diff = 1.220703e-04 
 Error at [0][28]: got 1.625345e+03, expected 1.625345e+03 diff = 1.220703e-04 
 Error at [0][29]: got 1.614343e+03, expected 1.614343e+03 diff = 2.441406e-04 
  6390 x  4256     81 x    81            /            /     6.10e-04     FAIL

=== suite-3-case-1.log ===

================================= CONV测试 ================================
   ImageSize   kernelSize         Time(ms)       GFLOPS     最大误差       校验
---------------------------------------------------------------------------
 Error at [0][2]: got 3.798019e+02, expected 3.798020e+02 diff = 3.051758e-05 
 Error at [0][6]: got 3.867293e+02, expected 3.867293e+02 diff = 3.051758e-05 
 Error at [0][7]: got 3.835440e+02, expected 3.835440e+02 diff = 3.051758e-05 
 Error at [0][8]: got 3.787692e+02, expected 3.787692e+02 diff = 3.051758e-05 
 Error at [0][9]: got 3.865398e+02, expected 3.865399e+02 diff = 3.051758e-05 
 Error at [0][10]: got 3.875901e+02, expected 3.875901e+02 diff = 3.051758e-05 
 Error at [0][12]: got 3.854051e+02, expected 3.854052e+02 diff = 3.051758e-05 
 Error at [0][13]: got 3.899618e+02, expected 3.899618e+02 diff = 3.051758e-05 
 Error at [0][16]: got 3.815237e+02, expected 3.815236e+02 diff = 6.103516e-05 
 Error at [0][20]: got 3.781209e+02, expected 3.781209e+02 diff = 3.051758e-05 
  4096 x  6144     39 x    39            /            /     1.53e-04     FAIL

=== suite-3-case-2.log ===

================================= CONV测试 ================================
   ImageSize   kernelSize         Time(ms)       GFLOPS     最大误差       校验
---------------------------------------------------------------------------
 Error at [0][0]: got 4.195706e+02, expected 4.195706e+02 diff = 3.051758e-05 
 Error at [0][1]: got 4.200291e+02, expected 4.200291e+02 diff = 3.051758e-05 
 Error at [0][4]: got 4.271281e+02, expected 4.271281e+02 diff = 3.051758e-05 
 Error at [0][8]: got 4.251273e+02, expected 4.251273e+02 diff = 3.051758e-05 
 Error at [0][12]: got 4.313792e+02, expected 4.313792e+02 diff = 3.051758e-05 
 Error at [0][14]: got 4.300611e+02, expected 4.300612e+02 diff = 3.051758e-05 
 Error at [0][15]: got 4.292141e+02, expected 4.292141e+02 diff = 3.051758e-05 
 Error at [0][19]: got 4.299761e+02, expected 4.299761e+02 diff = 3.051758e-05 
 Error at [0][23]: got 4.340591e+02, expected 4.340590e+02 diff = 3.051758e-05 
 Error at [0][24]: got 4.366799e+02, expected 4.366800e+02 diff = 3.051758e-05 
  6144 x  4096     41 x    41            /            /     1.83e-04     FAIL

=== suite-3-case-3.log ===

================================= CONV测试 ================================
   ImageSize   kernelSize         Time(ms)       GFLOPS     最大误差       校验
---------------------------------------------------------------------------
 Error at [0][1]: got 7.459236e+02, expected 7.459235e+02 diff = 6.103516e-05 
 Error at [0][3]: got 7.478829e+02, expected 7.478828e+02 diff = 1.220703e-04 
 Error at [0][5]: got 7.433262e+02, expected 7.433262e+02 diff = 6.103516e-05 
 Error at [0][6]: got 7.472948e+02, expected 7.472947e+02 diff = 6.103516e-05 
 Error at [0][7]: got 7.475494e+02, expected 7.475494e+02 diff = 6.103516e-05 
 Error at [0][8]: got 7.527262e+02, expected 7.527261e+02 diff = 6.103516e-05 
 Error at [0][13]: got 7.580897e+02, expected 7.580898e+02 diff = 6.103516e-05 
 Error at [0][14]: got 7.494738e+02, expected 7.494738e+02 diff = 6.103516e-05 
 Error at [0][15]: got 7.571002e+02, expected 7.571001e+02 diff = 6.103516e-05 
 Error at [0][19]: got 7.499343e+02, expected 7.499344e+02 diff = 1.220703e-04 
  4256 x  6390     55 x    55            /            /     3.66e-04     FAIL

=== suite-3-case-4.log ===

================================= CONV测试 ================================
   ImageSize   kernelSize         Time(ms)       GFLOPS     最大误差       校验
---------------------------------------------------------------------------
 Error at [0][0]: got 1.631349e+03, expected 1.631349e+03 diff = 1.220703e-04 
 Error at [0][1]: got 1.630551e+03, expected 1.630551e+03 diff = 1.220703e-04 
 Error at [0][2]: got 1.612669e+03, expected 1.612668e+03 diff = 1.220703e-04 
 Error at [0][3]: got 1.630832e+03, expected 1.630831e+03 diff = 1.220703e-04 
 Error at [0][13]: got 1.620555e+03, expected 1.620555e+03 diff = 1.220703e-04 
 Error at [0][20]: got 1.620955e+03, expected 1.620955e+03 diff = 1.220703e-04 
 Error at [0][21]: got 1.616356e+03, expected 1.616357e+03 diff = 1.220703e-04 
 Error at [0][26]: got 1.610236e+03, expected 1.610237e+03 diff = 1.220703e-04 
 Error at [0][28]: got 1.625345e+03, expected 1.625345e+03 diff = 1.220703e-04 
 Error at [0][29]: got 1.614343e+03, expected 1.614343e+03 diff = 2.441406e-04 
  6390 x  4256     81 x    81            /            /     6.10e-04     FAIL

