LINKAGE_REPEAT 1/3 BEGIN
JOB_ID=1579365
BINARY=/CLUSTER_USER_HOME/kunpeng-experiments/trsm-kml251-1c753efb59cb/T9-lhistpack/source/trsm_test
LDD_EXIT_CODE=0
	linux-vdso.so.1 (0x0000400024bb3000)
	libm.so.6 => /usr/lib64/libm.so.6 (0x0000400024bd0000)
	libkblas.so.25.1.0 => /opt/donaudata/donau/HPCKit_25.1.0_Linux-aarch64/package/KunpengHPCKit-kml.25.1.0/gcclib/sme/kblas/multi/libkblas.so.25.1.0 (0x0000400024c80000)
	libgomp.so.1 => /CLUSTER_USER_HOME/kunpeng-experiments/trsm-kml251-f6110e522b93/compiler-private/gcc-12.3.1-2025.03-aarch64-linux/lib64/libgomp.so.1 (0x000040002adc0000)
	libc.so.6 => /usr/lib64/libc.so.6 (0x000040002ae30000)
	/lib/ld-linux-aarch64.so.1 (0x0000400024b89000)
	libdl.so.2 => /usr/lib64/libdl.so.2 (0x000040002aff0000)
	libpthread.so.0 => /usr/lib64/libpthread.so.0 (0x000040002b020000)
KML251_LINKED_LIBRARY=/opt/donaudata/donau/HPCKit_25.1.0_Linux-aarch64/package/KunpengHPCKit-kml.25.1.0/gcclib/sme/kblas/multi/libkblas.so.25.1.0
GOMP_LINKED_LIBRARY=/CLUSTER_USER_HOME/kunpeng-experiments/trsm-kml251-f6110e522b93/compiler-private/gcc-12.3.1-2025.03-aarch64-linux/lib64/libgomp.so.1.0.0
KML251_DEPENDENCY_AUDIT_PASS=1
LINKAGE_REPEAT 1/3 END
LINKAGE_REPEAT 2/3 BEGIN
JOB_ID=1579365
BINARY=/CLUSTER_USER_HOME/kunpeng-experiments/trsm-kml251-1c753efb59cb/T9-lhistpack/source/trsm_test
LDD_EXIT_CODE=0
	linux-vdso.so.1 (0x0000400016851000)
	libm.so.6 => /usr/lib64/libm.so.6 (0x0000400016870000)
	libkblas.so.25.1.0 => /opt/donaudata/donau/HPCKit_25.1.0_Linux-aarch64/package/KunpengHPCKit-kml.25.1.0/gcclib/sme/kblas/multi/libkblas.so.25.1.0 (0x0000400016920000)
	libgomp.so.1 => /CLUSTER_USER_HOME/kunpeng-experiments/trsm-kml251-f6110e522b93/compiler-private/gcc-12.3.1-2025.03-aarch64-linux/lib64/libgomp.so.1 (0x000040001ca60000)
	libc.so.6 => /usr/lib64/libc.so.6 (0x000040001cad0000)
	/lib/ld-linux-aarch64.so.1 (0x0000400016827000)
	libdl.so.2 => /usr/lib64/libdl.so.2 (0x000040001cc90000)
	libpthread.so.0 => /usr/lib64/libpthread.so.0 (0x000040001ccc0000)
KML251_LINKED_LIBRARY=/opt/donaudata/donau/HPCKit_25.1.0_Linux-aarch64/package/KunpengHPCKit-kml.25.1.0/gcclib/sme/kblas/multi/libkblas.so.25.1.0
GOMP_LINKED_LIBRARY=/CLUSTER_USER_HOME/kunpeng-experiments/trsm-kml251-f6110e522b93/compiler-private/gcc-12.3.1-2025.03-aarch64-linux/lib64/libgomp.so.1.0.0
KML251_DEPENDENCY_AUDIT_PASS=1
LINKAGE_REPEAT 2/3 END
LINKAGE_REPEAT 3/3 BEGIN
JOB_ID=1579365
BINARY=/CLUSTER_USER_HOME/kunpeng-experiments/trsm-kml251-1c753efb59cb/T9-lhistpack/source/trsm_test
LDD_EXIT_CODE=0
	linux-vdso.so.1 (0x000040002eb21000)
	libm.so.6 => /usr/lib64/libm.so.6 (0x000040002eb40000)
	libkblas.so.25.1.0 => /opt/donaudata/donau/HPCKit_25.1.0_Linux-aarch64/package/KunpengHPCKit-kml.25.1.0/gcclib/sme/kblas/multi/libkblas.so.25.1.0 (0x000040002ebf0000)
	libgomp.so.1 => /CLUSTER_USER_HOME/kunpeng-experiments/trsm-kml251-f6110e522b93/compiler-private/gcc-12.3.1-2025.03-aarch64-linux/lib64/libgomp.so.1 (0x0000400034d30000)
	libc.so.6 => /usr/lib64/libc.so.6 (0x0000400034da0000)
	/lib/ld-linux-aarch64.so.1 (0x000040002eaf7000)
	libdl.so.2 => /usr/lib64/libdl.so.2 (0x0000400034f60000)
	libpthread.so.0 => /usr/lib64/libpthread.so.0 (0x0000400034f90000)
KML251_LINKED_LIBRARY=/opt/donaudata/donau/HPCKit_25.1.0_Linux-aarch64/package/KunpengHPCKit-kml.25.1.0/gcclib/sme/kblas/multi/libkblas.so.25.1.0
GOMP_LINKED_LIBRARY=/CLUSTER_USER_HOME/kunpeng-experiments/trsm-kml251-f6110e522b93/compiler-private/gcc-12.3.1-2025.03-aarch64-linux/lib64/libgomp.so.1.0.0
KML251_DEPENDENCY_AUDIT_PASS=1
LINKAGE_REPEAT 3/3 END
