LINKAGE_REPEAT 1/3 BEGIN
JOB_ID=1579479
BINARY=/CLUSTER_USER_HOME/kunpeng-experiments/trsm-kml251-2a9aac1697f8/T11-sve8x16-repeat-r9/source/trsm_test
LDD_EXIT_CODE=0
	linux-vdso.so.1 (0x0000400039c99000)
	libm.so.6 => /usr/lib64/libm.so.6 (0x0000400039cc0000)
	libkblas.so.25.1.0 => /opt/donaudata/donau/HPCKit_25.1.0_Linux-aarch64/package/KunpengHPCKit-kml.25.1.0/gcclib/sme/kblas/multi/libkblas.so.25.1.0 (0x0000400039d70000)
	libgomp.so.1 => /CLUSTER_USER_HOME/kunpeng-experiments/trsm-kml251-f6110e522b93/compiler-private/gcc-12.3.1-2025.03-aarch64-linux/lib64/libgomp.so.1 (0x000040003fea0000)
	libc.so.6 => /usr/lib64/libc.so.6 (0x000040003ff10000)
	/lib/ld-linux-aarch64.so.1 (0x0000400039c6f000)
	libdl.so.2 => /usr/lib64/libdl.so.2 (0x00004000400d0000)
	libpthread.so.0 => /usr/lib64/libpthread.so.0 (0x0000400040100000)
KML251_LINKED_LIBRARY=/opt/donaudata/donau/HPCKit_25.1.0_Linux-aarch64/package/KunpengHPCKit-kml.25.1.0/gcclib/sme/kblas/multi/libkblas.so.25.1.0
GOMP_LINKED_LIBRARY=/CLUSTER_USER_HOME/kunpeng-experiments/trsm-kml251-f6110e522b93/compiler-private/gcc-12.3.1-2025.03-aarch64-linux/lib64/libgomp.so.1.0.0
KML251_DEPENDENCY_AUDIT_PASS=1
LINKAGE_REPEAT 1/3 END
LINKAGE_REPEAT 2/3 BEGIN
JOB_ID=1579479
BINARY=/CLUSTER_USER_HOME/kunpeng-experiments/trsm-kml251-2a9aac1697f8/T11-sve8x16-repeat-r9/source/trsm_test
LDD_EXIT_CODE=0
	linux-vdso.so.1 (0x0000400007b57000)
	libm.so.6 => /usr/lib64/libm.so.6 (0x0000400007b70000)
	libkblas.so.25.1.0 => /opt/donaudata/donau/HPCKit_25.1.0_Linux-aarch64/package/KunpengHPCKit-kml.25.1.0/gcclib/sme/kblas/multi/libkblas.so.25.1.0 (0x0000400007c20000)
	libgomp.so.1 => /CLUSTER_USER_HOME/kunpeng-experiments/trsm-kml251-f6110e522b93/compiler-private/gcc-12.3.1-2025.03-aarch64-linux/lib64/libgomp.so.1 (0x000040000dd60000)
	libc.so.6 => /usr/lib64/libc.so.6 (0x000040000ddd0000)
	/lib/ld-linux-aarch64.so.1 (0x0000400007b2d000)
	libdl.so.2 => /usr/lib64/libdl.so.2 (0x000040000df90000)
	libpthread.so.0 => /usr/lib64/libpthread.so.0 (0x000040000dfc0000)
KML251_LINKED_LIBRARY=/opt/donaudata/donau/HPCKit_25.1.0_Linux-aarch64/package/KunpengHPCKit-kml.25.1.0/gcclib/sme/kblas/multi/libkblas.so.25.1.0
GOMP_LINKED_LIBRARY=/CLUSTER_USER_HOME/kunpeng-experiments/trsm-kml251-f6110e522b93/compiler-private/gcc-12.3.1-2025.03-aarch64-linux/lib64/libgomp.so.1.0.0
KML251_DEPENDENCY_AUDIT_PASS=1
LINKAGE_REPEAT 2/3 END
LINKAGE_REPEAT 3/3 BEGIN
JOB_ID=1579479
BINARY=/CLUSTER_USER_HOME/kunpeng-experiments/trsm-kml251-2a9aac1697f8/T11-sve8x16-repeat-r9/source/trsm_test
LDD_EXIT_CODE=0
	linux-vdso.so.1 (0x000040002a456000)
	libm.so.6 => /usr/lib64/libm.so.6 (0x000040002a470000)
	libkblas.so.25.1.0 => /opt/donaudata/donau/HPCKit_25.1.0_Linux-aarch64/package/KunpengHPCKit-kml.25.1.0/gcclib/sme/kblas/multi/libkblas.so.25.1.0 (0x000040002a520000)
	libgomp.so.1 => /CLUSTER_USER_HOME/kunpeng-experiments/trsm-kml251-f6110e522b93/compiler-private/gcc-12.3.1-2025.03-aarch64-linux/lib64/libgomp.so.1 (0x0000400030660000)
	libc.so.6 => /usr/lib64/libc.so.6 (0x00004000306d0000)
	/lib/ld-linux-aarch64.so.1 (0x000040002a42c000)
	libdl.so.2 => /usr/lib64/libdl.so.2 (0x0000400030890000)
	libpthread.so.0 => /usr/lib64/libpthread.so.0 (0x00004000308c0000)
KML251_LINKED_LIBRARY=/opt/donaudata/donau/HPCKit_25.1.0_Linux-aarch64/package/KunpengHPCKit-kml.25.1.0/gcclib/sme/kblas/multi/libkblas.so.25.1.0
GOMP_LINKED_LIBRARY=/CLUSTER_USER_HOME/kunpeng-experiments/trsm-kml251-f6110e522b93/compiler-private/gcc-12.3.1-2025.03-aarch64-linux/lib64/libgomp.so.1.0.0
KML251_DEPENDENCY_AUDIT_PASS=1
LINKAGE_REPEAT 3/3 END
