LINKAGE_REPEAT 1/3 BEGIN
JOB_ID=1582129
BINARY=/CLUSTER_USER_HOME/kunpeng-experiments/trsm-kml251-0d7d9f06762e/T21-unrollfence/source/trsm_test
LDD_EXIT_CODE=0
	linux-vdso.so.1 (0x0000400009e53000)
	libm.so.6 => /usr/lib64/libm.so.6 (0x0000400009e70000)
	libkblas.so.25.1.0 => /opt/donaudata/donau/HPCKit_25.1.0_Linux-aarch64/package/KunpengHPCKit-kml.25.1.0/gcclib/sme/kblas/multi/libkblas.so.25.1.0 (0x0000400009f20000)
	libgomp.so.1 => /CLUSTER_USER_HOME/kunpeng-experiments/trsm-kml251-f6110e522b93/compiler-private/gcc-12.3.1-2025.03-aarch64-linux/lib64/libgomp.so.1 (0x0000400010060000)
	libc.so.6 => /usr/lib64/libc.so.6 (0x00004000100d0000)
	/lib/ld-linux-aarch64.so.1 (0x0000400009e29000)
	libdl.so.2 => /usr/lib64/libdl.so.2 (0x0000400010290000)
	libpthread.so.0 => /usr/lib64/libpthread.so.0 (0x00004000102c0000)
KML251_LINKED_LIBRARY=/opt/donaudata/donau/HPCKit_25.1.0_Linux-aarch64/package/KunpengHPCKit-kml.25.1.0/gcclib/sme/kblas/multi/libkblas.so.25.1.0
GOMP_LINKED_LIBRARY=/CLUSTER_USER_HOME/kunpeng-experiments/trsm-kml251-f6110e522b93/compiler-private/gcc-12.3.1-2025.03-aarch64-linux/lib64/libgomp.so.1.0.0
KML251_DEPENDENCY_AUDIT_PASS=1
LINKAGE_REPEAT 1/3 END
LINKAGE_REPEAT 2/3 BEGIN
JOB_ID=1582129
BINARY=/CLUSTER_USER_HOME/kunpeng-experiments/trsm-kml251-0d7d9f06762e/T21-unrollfence/source/trsm_test
LDD_EXIT_CODE=0
	linux-vdso.so.1 (0x000040001cfe4000)
	libm.so.6 => /usr/lib64/libm.so.6 (0x000040001d000000)
	libkblas.so.25.1.0 => /opt/donaudata/donau/HPCKit_25.1.0_Linux-aarch64/package/KunpengHPCKit-kml.25.1.0/gcclib/sme/kblas/multi/libkblas.so.25.1.0 (0x000040001d0b0000)
	libgomp.so.1 => /CLUSTER_USER_HOME/kunpeng-experiments/trsm-kml251-f6110e522b93/compiler-private/gcc-12.3.1-2025.03-aarch64-linux/lib64/libgomp.so.1 (0x00004000231f0000)
	libc.so.6 => /usr/lib64/libc.so.6 (0x0000400023260000)
	/lib/ld-linux-aarch64.so.1 (0x000040001cfba000)
	libdl.so.2 => /usr/lib64/libdl.so.2 (0x0000400023420000)
	libpthread.so.0 => /usr/lib64/libpthread.so.0 (0x0000400023450000)
KML251_LINKED_LIBRARY=/opt/donaudata/donau/HPCKit_25.1.0_Linux-aarch64/package/KunpengHPCKit-kml.25.1.0/gcclib/sme/kblas/multi/libkblas.so.25.1.0
GOMP_LINKED_LIBRARY=/CLUSTER_USER_HOME/kunpeng-experiments/trsm-kml251-f6110e522b93/compiler-private/gcc-12.3.1-2025.03-aarch64-linux/lib64/libgomp.so.1.0.0
KML251_DEPENDENCY_AUDIT_PASS=1
LINKAGE_REPEAT 2/3 END
LINKAGE_REPEAT 3/3 BEGIN
JOB_ID=1582129
BINARY=/CLUSTER_USER_HOME/kunpeng-experiments/trsm-kml251-0d7d9f06762e/T21-unrollfence/source/trsm_test
LDD_EXIT_CODE=0
	linux-vdso.so.1 (0x000040003a7f1000)
	libm.so.6 => /usr/lib64/libm.so.6 (0x000040003a810000)
	libkblas.so.25.1.0 => /opt/donaudata/donau/HPCKit_25.1.0_Linux-aarch64/package/KunpengHPCKit-kml.25.1.0/gcclib/sme/kblas/multi/libkblas.so.25.1.0 (0x000040003a8c0000)
	libgomp.so.1 => /CLUSTER_USER_HOME/kunpeng-experiments/trsm-kml251-f6110e522b93/compiler-private/gcc-12.3.1-2025.03-aarch64-linux/lib64/libgomp.so.1 (0x0000400040a00000)
	libc.so.6 => /usr/lib64/libc.so.6 (0x0000400040a70000)
	/lib/ld-linux-aarch64.so.1 (0x000040003a7c7000)
	libdl.so.2 => /usr/lib64/libdl.so.2 (0x0000400040c30000)
	libpthread.so.0 => /usr/lib64/libpthread.so.0 (0x0000400040c60000)
KML251_LINKED_LIBRARY=/opt/donaudata/donau/HPCKit_25.1.0_Linux-aarch64/package/KunpengHPCKit-kml.25.1.0/gcclib/sme/kblas/multi/libkblas.so.25.1.0
GOMP_LINKED_LIBRARY=/CLUSTER_USER_HOME/kunpeng-experiments/trsm-kml251-f6110e522b93/compiler-private/gcc-12.3.1-2025.03-aarch64-linux/lib64/libgomp.so.1.0.0
KML251_DEPENDENCY_AUDIT_PASS=1
LINKAGE_REPEAT 3/3 END
