LINKAGE_REPEAT 1/3 BEGIN
JOB_ID=1579357
BINARY=/CLUSTER_USER_HOME/kunpeng-experiments/trsm-kml251-d3fe2d277603/T8-control12/source/trsm_test
LDD_EXIT_CODE=0
	linux-vdso.so.1 (0x0000400025658000)
	libm.so.6 => /usr/lib64/libm.so.6 (0x0000400025670000)
	libkblas.so.25.1.0 => /opt/donaudata/donau/HPCKit_25.1.0_Linux-aarch64/package/KunpengHPCKit-kml.25.1.0/gcclib/sme/kblas/multi/libkblas.so.25.1.0 (0x0000400025730000)
	libgomp.so.1 => /CLUSTER_USER_HOME/kunpeng-experiments/trsm-kml251-f6110e522b93/compiler-private/gcc-12.3.1-2025.03-aarch64-linux/lib64/libgomp.so.1 (0x000040002b860000)
	libc.so.6 => /usr/lib64/libc.so.6 (0x000040002b8d0000)
	/lib/ld-linux-aarch64.so.1 (0x000040002562e000)
	libdl.so.2 => /usr/lib64/libdl.so.2 (0x000040002ba90000)
	libpthread.so.0 => /usr/lib64/libpthread.so.0 (0x000040002bac0000)
KML251_LINKED_LIBRARY=/opt/donaudata/donau/HPCKit_25.1.0_Linux-aarch64/package/KunpengHPCKit-kml.25.1.0/gcclib/sme/kblas/multi/libkblas.so.25.1.0
GOMP_LINKED_LIBRARY=/CLUSTER_USER_HOME/kunpeng-experiments/trsm-kml251-f6110e522b93/compiler-private/gcc-12.3.1-2025.03-aarch64-linux/lib64/libgomp.so.1.0.0
KML251_DEPENDENCY_AUDIT_PASS=1
LINKAGE_REPEAT 1/3 END
LINKAGE_REPEAT 2/3 BEGIN
JOB_ID=1579357
BINARY=/CLUSTER_USER_HOME/kunpeng-experiments/trsm-kml251-d3fe2d277603/T8-control12/source/trsm_test
LDD_EXIT_CODE=0
	linux-vdso.so.1 (0x000040003d1b8000)
	libm.so.6 => /usr/lib64/libm.so.6 (0x000040003d1d0000)
	libkblas.so.25.1.0 => /opt/donaudata/donau/HPCKit_25.1.0_Linux-aarch64/package/KunpengHPCKit-kml.25.1.0/gcclib/sme/kblas/multi/libkblas.so.25.1.0 (0x000040003d290000)
	libgomp.so.1 => /CLUSTER_USER_HOME/kunpeng-experiments/trsm-kml251-f6110e522b93/compiler-private/gcc-12.3.1-2025.03-aarch64-linux/lib64/libgomp.so.1 (0x00004000433c0000)
	libc.so.6 => /usr/lib64/libc.so.6 (0x0000400043430000)
	/lib/ld-linux-aarch64.so.1 (0x000040003d18e000)
	libdl.so.2 => /usr/lib64/libdl.so.2 (0x00004000435f0000)
	libpthread.so.0 => /usr/lib64/libpthread.so.0 (0x0000400043620000)
KML251_LINKED_LIBRARY=/opt/donaudata/donau/HPCKit_25.1.0_Linux-aarch64/package/KunpengHPCKit-kml.25.1.0/gcclib/sme/kblas/multi/libkblas.so.25.1.0
GOMP_LINKED_LIBRARY=/CLUSTER_USER_HOME/kunpeng-experiments/trsm-kml251-f6110e522b93/compiler-private/gcc-12.3.1-2025.03-aarch64-linux/lib64/libgomp.so.1.0.0
KML251_DEPENDENCY_AUDIT_PASS=1
LINKAGE_REPEAT 2/3 END
LINKAGE_REPEAT 3/3 BEGIN
JOB_ID=1579357
BINARY=/CLUSTER_USER_HOME/kunpeng-experiments/trsm-kml251-d3fe2d277603/T8-control12/source/trsm_test
LDD_EXIT_CODE=0
	linux-vdso.so.1 (0x000040000a1a1000)
	libm.so.6 => /usr/lib64/libm.so.6 (0x000040000a1c0000)
	libkblas.so.25.1.0 => /opt/donaudata/donau/HPCKit_25.1.0_Linux-aarch64/package/KunpengHPCKit-kml.25.1.0/gcclib/sme/kblas/multi/libkblas.so.25.1.0 (0x000040000a270000)
	libgomp.so.1 => /CLUSTER_USER_HOME/kunpeng-experiments/trsm-kml251-f6110e522b93/compiler-private/gcc-12.3.1-2025.03-aarch64-linux/lib64/libgomp.so.1 (0x00004000103b0000)
	libc.so.6 => /usr/lib64/libc.so.6 (0x0000400010420000)
	/lib/ld-linux-aarch64.so.1 (0x000040000a177000)
	libdl.so.2 => /usr/lib64/libdl.so.2 (0x00004000105e0000)
	libpthread.so.0 => /usr/lib64/libpthread.so.0 (0x0000400010610000)
KML251_LINKED_LIBRARY=/opt/donaudata/donau/HPCKit_25.1.0_Linux-aarch64/package/KunpengHPCKit-kml.25.1.0/gcclib/sme/kblas/multi/libkblas.so.25.1.0
GOMP_LINKED_LIBRARY=/CLUSTER_USER_HOME/kunpeng-experiments/trsm-kml251-f6110e522b93/compiler-private/gcc-12.3.1-2025.03-aarch64-linux/lib64/libgomp.so.1.0.0
KML251_DEPENDENCY_AUDIT_PASS=1
LINKAGE_REPEAT 3/3 END
