+ :
+ stage allocation python3 -
+ local name=allocation code
+ shift
+ set +e
+ python3 -
HWCAP_SVE=1
ALLOWED_CPUS=0,1,2,3,4,5,6,7,8,9,10,11,12,13,14,15,16,17,18,19,20,21,22,23,24,25,26,27,28,29,30,31,32,33,34,35,36,37
NUMA_NODE=node0
+ code=0
+ set -e
+ tee -a stage-exits.txt
+ printf 'STAGE=%s EXIT=%s\n' allocation 0
STAGE=allocation EXIT=0
+ return 0
+ printf 'CANDIDATE=C57-row7shared2fma\n'
CANDIDATE=C57-row7shared2fma
+ stage compiler bash -c 'gcc --version; test "$(gcc -dumpfullversion -dumpversion)" = 10.3.1'
+ local name=compiler code
+ shift
+ set +e
+ bash -c 'gcc --version; test "$(gcc -dumpfullversion -dumpversion)" = 10.3.1'
gcc (GCC) 10.3.1
Copyright (C) 2020 Free Software Foundation, Inc.
This is free software; see the source for copying conditions.  There is NO
warranty; not even for MERCHANTABILITY or FITNESS FOR A PARTICULAR PURPOSE.

+ code=0
+ set -e
+ tee -a stage-exits.txt
+ printf 'STAGE=%s EXIT=%s\n' compiler 0
STAGE=compiler EXIT=0
+ return 0
+ stage manifest bash -o pipefail -c 'sha256sum conv2d.c bench_conv.c run.sh README.md remote_job.sh | tee source-sha256.txt'
+ local name=manifest code
+ shift
+ set +e
+ bash -o pipefail -c 'sha256sum conv2d.c bench_conv.c run.sh README.md remote_job.sh | tee source-sha256.txt'
3cc03ec4d13422238b1e461dd7213876cc50283a7433132ee94b41c4724ec6c5  conv2d.c
2548861ae7e29826e454b4c0b098d682f7f04996222e664cd1ea9bc92dd2e927  bench_conv.c
6aa53c3f5d3fc8ddf8ae6a898043f4f1c40f8778db5d71bb7be6087983349868  run.sh
97526cd2b7e9d54dc1fc3d83902e85fa4d729bcbc00178d243a4e22cf5912fe8  README.md
2b54b162ddadfc3e15925e070efdf02f8683d500bb508406edc7dd4a2c8bfb27  remote_job.sh
+ code=0
+ set -e
+ tee -a stage-exits.txt
+ printf 'STAGE=%s EXIT=%s\n' manifest 0
STAGE=manifest EXIT=0
+ return 0
+ export OMP_NUM_THREADS=38 OMP_DYNAMIC=FALSE OMP_PROC_BIND=close OMP_PLACES=cores
+ OMP_NUM_THREADS=38
+ OMP_DYNAMIC=FALSE
+ OMP_PROC_BIND=close
+ OMP_PLACES=cores
+ flags=(-O3 -std=c11 -Wall -Wextra -fno-fast-math -ffp-contract=off -mcpu=generic -fopenmp -DCONV_BLOCK=32 -DCONV_KERNEL_UNROLL=2)
+ stage build gcc -O3 -std=c11 -Wall -Wextra -fno-fast-math -ffp-contract=off -mcpu=generic -fopenmp -DCONV_BLOCK=32 -DCONV_KERNEL_UNROLL=2 bench_conv.c conv2d.c -o conv2d_test -lm
+ local name=build code
+ shift
+ set +e
+ gcc -O3 -std=c11 -Wall -Wextra -fno-fast-math -ffp-contract=off -mcpu=generic -fopenmp -DCONV_BLOCK=32 -DCONV_KERNEL_UNROLL=2 bench_conv.c conv2d.c -o conv2d_test -lm
bench_conv.c: In function ‘validate_result’:
bench_conv.c:69:19: warning: unused variable ‘inputHeight’ [-Wunused-variable]
   69 |     const CONVINT inputHeight = outputHeight + kernelHeight + 1;
      |                   ^~~~~~~~~~~
bench_conv.c:70:43: warning: ‘inputWidth’ is used uninitialized in this function [-Wuninitialized]
   70 |     const CONVINT inputWidth = inputWidth + kernelWidth - 1;
      |                                ~~~~~~~~~~~^~~~~~~~~~~~~
+ code=0
+ set -e
+ tee -a stage-exits.txt
+ printf 'STAGE=%s EXIT=%s\n' build 0
STAGE=build EXIT=0
+ return 0
+ stage assembly-candidate gcc -O3 -std=c11 -Wall -Wextra -fno-fast-math -ffp-contract=off -mcpu=generic -fopenmp -DCONV_BLOCK=32 -DCONV_KERNEL_UNROLL=2 -S conv2d.c -o conv2d-sve.s
+ local name=assembly-candidate code
+ shift
+ set +e
+ gcc -O3 -std=c11 -Wall -Wextra -fno-fast-math -ffp-contract=off -mcpu=generic -fopenmp -DCONV_BLOCK=32 -DCONV_KERNEL_UNROLL=2 -S conv2d.c -o conv2d-sve.s
+ code=0
+ set -e
+ tee -a stage-exits.txt
+ printf 'STAGE=%s EXIT=%s\n' assembly-candidate 0
STAGE=assembly-candidate EXIT=0
+ return 0
+ stage assembly-reference gcc -O3 -std=c11 -Wall -Wextra -fno-fast-math -ffp-contract=off -mcpu=generic -fopenmp -DCONV_BLOCK=32 -DCONV_KERNEL_UNROLL=2 -S bench_conv.c -o bench-reference.s
+ local name=assembly-reference code
+ shift
+ set +e
+ gcc -O3 -std=c11 -Wall -Wextra -fno-fast-math -ffp-contract=off -mcpu=generic -fopenmp -DCONV_BLOCK=32 -DCONV_KERNEL_UNROLL=2 -S bench_conv.c -o bench-reference.s
bench_conv.c: In function ‘validate_result’:
bench_conv.c:69:19: warning: unused variable ‘inputHeight’ [-Wunused-variable]
   69 |     const CONVINT inputHeight = outputHeight + kernelHeight + 1;
      |                   ^~~~~~~~~~~
bench_conv.c:70:43: warning: ‘inputWidth’ is used uninitialized in this function [-Wuninitialized]
   70 |     const CONVINT inputWidth = inputWidth + kernelWidth - 1;
      |                                ~~~~~~~~~~~^~~~~~~~~~~~~
+ code=0
+ set -e
+ tee -a stage-exits.txt
+ printf 'STAGE=%s EXIT=%s\n' assembly-reference 0
STAGE=assembly-reference EXIT=0
+ return 0
+ :
+ :
+ failed=0
+ for suite in 1 2 3
+ run_original 1 1 4096 6144 39 39
+ local suite=1 number=1 code check
+ shift 2
+ local log=suite-1-case-1.log
+ ./conv2d_test 4096 6144 39 39 1
+ code=0
+ cat suite-1-case-1.log

================================= CONV测试 ================================
   ImageSize   kernelSize         Time(ms)       GFLOPS     最大误差       校验
---------------------------------------------------------------------------
 Error at [0][2]: got 3.798019e+02, expected 3.798020e+02 diff = 3.051758e-05 
 Error at [0][6]: got 3.867293e+02, expected 3.867293e+02 diff = 3.051758e-05 
 Error at [0][7]: got 3.835440e+02, expected 3.835440e+02 diff = 3.051758e-05 
 Error at [0][8]: got 3.787692e+02, expected 3.787692e+02 diff = 3.051758e-05 
 Error at [0][9]: got 3.865398e+02, expected 3.865399e+02 diff = 3.051758e-05 
 Error at [0][10]: got 3.875901e+02, expected 3.875901e+02 diff = 3.051758e-05 
 Error at [0][12]: got 3.854051e+02, expected 3.854052e+02 diff = 3.051758e-05 
 Error at [0][13]: got 3.899618e+02, expected 3.899618e+02 diff = 3.051758e-05 
 Error at [0][16]: got 3.815237e+02, expected 3.815236e+02 diff = 6.103516e-05 
 Error at [0][20]: got 3.781209e+02, expected 3.781209e+02 diff = 3.051758e-05 
  4096 x  6144     39 x    39            /            /     1.53e-04     FAIL
+ printf 'SUITE=%s CASE=%s EXIT=%s\n' 1 1 0
+ awk '$NF=="PASS" {pass++} $NF=="FAIL" {fail++} END {exit !(pass==1 && fail==0)}' suite-1-case-1.log
+ check=1
+ printf 'SUITE=%s CASE=%s PROCESS_EXIT=%s PASS_CHECK=%s\n' 1 1 0 1
+ ((  code != 0 || check != 0  ))
+ failed=1
+ return 0
+ run_original 1 2 6144 4096 41 41
+ local suite=1 number=2 code check
+ shift 2
+ local log=suite-1-case-2.log
+ ./conv2d_test 6144 4096 41 41 1
+ code=0
+ cat suite-1-case-2.log

================================= CONV测试 ================================
   ImageSize   kernelSize         Time(ms)       GFLOPS     最大误差       校验
---------------------------------------------------------------------------
 Error at [0][0]: got 4.195706e+02, expected 4.195706e+02 diff = 3.051758e-05 
 Error at [0][1]: got 4.200291e+02, expected 4.200291e+02 diff = 3.051758e-05 
 Error at [0][4]: got 4.271281e+02, expected 4.271281e+02 diff = 3.051758e-05 
 Error at [0][8]: got 4.251273e+02, expected 4.251273e+02 diff = 3.051758e-05 
 Error at [0][12]: got 4.313792e+02, expected 4.313792e+02 diff = 3.051758e-05 
 Error at [0][14]: got 4.300611e+02, expected 4.300612e+02 diff = 3.051758e-05 
 Error at [0][15]: got 4.292141e+02, expected 4.292141e+02 diff = 3.051758e-05 
 Error at [0][19]: got 4.299761e+02, expected 4.299761e+02 diff = 3.051758e-05 
 Error at [0][23]: got 4.340591e+02, expected 4.340590e+02 diff = 3.051758e-05 
 Error at [0][24]: got 4.366799e+02, expected 4.366800e+02 diff = 3.051758e-05 
  6144 x  4096     41 x    41            /            /     1.83e-04     FAIL
+ printf 'SUITE=%s CASE=%s EXIT=%s\n' 1 2 0
+ awk '$NF=="PASS" {pass++} $NF=="FAIL" {fail++} END {exit !(pass==1 && fail==0)}' suite-1-case-2.log
+ check=1
+ printf 'SUITE=%s CASE=%s PROCESS_EXIT=%s PASS_CHECK=%s\n' 1 2 0 1
+ ((  code != 0 || check != 0  ))
+ failed=1
+ return 0
+ run_original 1 3 4256 6390 55 55
+ local suite=1 number=3 code check
+ shift 2
+ local log=suite-1-case-3.log
+ ./conv2d_test 4256 6390 55 55 1
+ code=0
+ cat suite-1-case-3.log

================================= CONV测试 ================================
   ImageSize   kernelSize         Time(ms)       GFLOPS     最大误差       校验
---------------------------------------------------------------------------
 Error at [0][1]: got 7.459236e+02, expected 7.459235e+02 diff = 6.103516e-05 
 Error at [0][3]: got 7.478829e+02, expected 7.478828e+02 diff = 1.220703e-04 
 Error at [0][5]: got 7.433262e+02, expected 7.433262e+02 diff = 6.103516e-05 
 Error at [0][6]: got 7.472948e+02, expected 7.472947e+02 diff = 6.103516e-05 
 Error at [0][7]: got 7.475494e+02, expected 7.475494e+02 diff = 6.103516e-05 
 Error at [0][8]: got 7.527262e+02, expected 7.527261e+02 diff = 6.103516e-05 
 Error at [0][13]: got 7.580897e+02, expected 7.580898e+02 diff = 6.103516e-05 
 Error at [0][14]: got 7.494738e+02, expected 7.494738e+02 diff = 6.103516e-05 
 Error at [0][15]: got 7.571002e+02, expected 7.571001e+02 diff = 6.103516e-05 
 Error at [0][19]: got 7.499343e+02, expected 7.499344e+02 diff = 1.220703e-04 
  4256 x  6390     55 x    55            /            /     3.66e-04     FAIL
+ printf 'SUITE=%s CASE=%s EXIT=%s\n' 1 3 0
+ awk '$NF=="PASS" {pass++} $NF=="FAIL" {fail++} END {exit !(pass==1 && fail==0)}' suite-1-case-3.log
+ check=1
+ printf 'SUITE=%s CASE=%s PROCESS_EXIT=%s PASS_CHECK=%s\n' 1 3 0 1
+ ((  code != 0 || check != 0  ))
+ failed=1
+ return 0
+ run_original 1 4 6390 4256 81 81
+ local suite=1 number=4 code check
+ shift 2
+ local log=suite-1-case-4.log
+ ./conv2d_test 6390 4256 81 81 1
+ code=0
+ cat suite-1-case-4.log

================================= CONV测试 ================================
   ImageSize   kernelSize         Time(ms)       GFLOPS     最大误差       校验
---------------------------------------------------------------------------
 Error at [0][0]: got 1.631349e+03, expected 1.631349e+03 diff = 1.220703e-04 
 Error at [0][1]: got 1.630551e+03, expected 1.630551e+03 diff = 1.220703e-04 
 Error at [0][2]: got 1.612669e+03, expected 1.612668e+03 diff = 1.220703e-04 
 Error at [0][3]: got 1.630832e+03, expected 1.630831e+03 diff = 1.220703e-04 
 Error at [0][13]: got 1.620555e+03, expected 1.620555e+03 diff = 1.220703e-04 
 Error at [0][20]: got 1.620955e+03, expected 1.620955e+03 diff = 1.220703e-04 
 Error at [0][21]: got 1.616356e+03, expected 1.616357e+03 diff = 1.220703e-04 
 Error at [0][26]: got 1.610236e+03, expected 1.610237e+03 diff = 1.220703e-04 
 Error at [0][28]: got 1.625345e+03, expected 1.625345e+03 diff = 1.220703e-04 
 Error at [0][29]: got 1.614343e+03, expected 1.614343e+03 diff = 2.441406e-04 
  6390 x  4256     81 x    81            /            /     6.10e-04     FAIL
+ printf 'SUITE=%s CASE=%s EXIT=%s\n' 1 4 0
+ awk '$NF=="PASS" {pass++} $NF=="FAIL" {fail++} END {exit !(pass==1 && fail==0)}' suite-1-case-4.log
+ check=1
+ printf 'SUITE=%s CASE=%s PROCESS_EXIT=%s PASS_CHECK=%s\n' 1 4 0 1
+ ((  code != 0 || check != 0  ))
+ failed=1
+ return 0
+ for suite in 1 2 3
+ run_original 2 1 4096 6144 39 39
+ local suite=2 number=1 code check
+ shift 2
+ local log=suite-2-case-1.log
+ ./conv2d_test 4096 6144 39 39 1
+ code=0
+ cat suite-2-case-1.log

================================= CONV测试 ================================
   ImageSize   kernelSize         Time(ms)       GFLOPS     最大误差       校验
---------------------------------------------------------------------------
 Error at [0][2]: got 3.798019e+02, expected 3.798020e+02 diff = 3.051758e-05 
 Error at [0][6]: got 3.867293e+02, expected 3.867293e+02 diff = 3.051758e-05 
 Error at [0][7]: got 3.835440e+02, expected 3.835440e+02 diff = 3.051758e-05 
 Error at [0][8]: got 3.787692e+02, expected 3.787692e+02 diff = 3.051758e-05 
 Error at [0][9]: got 3.865398e+02, expected 3.865399e+02 diff = 3.051758e-05 
 Error at [0][10]: got 3.875901e+02, expected 3.875901e+02 diff = 3.051758e-05 
 Error at [0][12]: got 3.854051e+02, expected 3.854052e+02 diff = 3.051758e-05 
 Error at [0][13]: got 3.899618e+02, expected 3.899618e+02 diff = 3.051758e-05 
 Error at [0][16]: got 3.815237e+02, expected 3.815236e+02 diff = 6.103516e-05 
 Error at [0][20]: got 3.781209e+02, expected 3.781209e+02 diff = 3.051758e-05 
  4096 x  6144     39 x    39            /            /     1.53e-04     FAIL
+ printf 'SUITE=%s CASE=%s EXIT=%s\n' 2 1 0
+ awk '$NF=="PASS" {pass++} $NF=="FAIL" {fail++} END {exit !(pass==1 && fail==0)}' suite-2-case-1.log
+ check=1
+ printf 'SUITE=%s CASE=%s PROCESS_EXIT=%s PASS_CHECK=%s\n' 2 1 0 1
+ ((  code != 0 || check != 0  ))
+ failed=1
+ return 0
+ run_original 2 2 6144 4096 41 41
+ local suite=2 number=2 code check
+ shift 2
+ local log=suite-2-case-2.log
+ ./conv2d_test 6144 4096 41 41 1
+ code=0
+ cat suite-2-case-2.log

================================= CONV测试 ================================
   ImageSize   kernelSize         Time(ms)       GFLOPS     最大误差       校验
---------------------------------------------------------------------------
 Error at [0][0]: got 4.195706e+02, expected 4.195706e+02 diff = 3.051758e-05 
 Error at [0][1]: got 4.200291e+02, expected 4.200291e+02 diff = 3.051758e-05 
 Error at [0][4]: got 4.271281e+02, expected 4.271281e+02 diff = 3.051758e-05 
 Error at [0][8]: got 4.251273e+02, expected 4.251273e+02 diff = 3.051758e-05 
 Error at [0][12]: got 4.313792e+02, expected 4.313792e+02 diff = 3.051758e-05 
 Error at [0][14]: got 4.300611e+02, expected 4.300612e+02 diff = 3.051758e-05 
 Error at [0][15]: got 4.292141e+02, expected 4.292141e+02 diff = 3.051758e-05 
 Error at [0][19]: got 4.299761e+02, expected 4.299761e+02 diff = 3.051758e-05 
 Error at [0][23]: got 4.340591e+02, expected 4.340590e+02 diff = 3.051758e-05 
 Error at [0][24]: got 4.366799e+02, expected 4.366800e+02 diff = 3.051758e-05 
  6144 x  4096     41 x    41            /            /     1.83e-04     FAIL
+ printf 'SUITE=%s CASE=%s EXIT=%s\n' 2 2 0
+ awk '$NF=="PASS" {pass++} $NF=="FAIL" {fail++} END {exit !(pass==1 && fail==0)}' suite-2-case-2.log
+ check=1
+ printf 'SUITE=%s CASE=%s PROCESS_EXIT=%s PASS_CHECK=%s\n' 2 2 0 1
+ ((  code != 0 || check != 0  ))
+ failed=1
+ return 0
+ run_original 2 3 4256 6390 55 55
+ local suite=2 number=3 code check
+ shift 2
+ local log=suite-2-case-3.log
+ ./conv2d_test 4256 6390 55 55 1
+ code=0
+ cat suite-2-case-3.log

================================= CONV测试 ================================
   ImageSize   kernelSize         Time(ms)       GFLOPS     最大误差       校验
---------------------------------------------------------------------------
 Error at [0][1]: got 7.459236e+02, expected 7.459235e+02 diff = 6.103516e-05 
 Error at [0][3]: got 7.478829e+02, expected 7.478828e+02 diff = 1.220703e-04 
 Error at [0][5]: got 7.433262e+02, expected 7.433262e+02 diff = 6.103516e-05 
 Error at [0][6]: got 7.472948e+02, expected 7.472947e+02 diff = 6.103516e-05 
 Error at [0][7]: got 7.475494e+02, expected 7.475494e+02 diff = 6.103516e-05 
 Error at [0][8]: got 7.527262e+02, expected 7.527261e+02 diff = 6.103516e-05 
 Error at [0][13]: got 7.580897e+02, expected 7.580898e+02 diff = 6.103516e-05 
 Error at [0][14]: got 7.494738e+02, expected 7.494738e+02 diff = 6.103516e-05 
 Error at [0][15]: got 7.571002e+02, expected 7.571001e+02 diff = 6.103516e-05 
 Error at [0][19]: got 7.499343e+02, expected 7.499344e+02 diff = 1.220703e-04 
  4256 x  6390     55 x    55            /            /     3.66e-04     FAIL
+ printf 'SUITE=%s CASE=%s EXIT=%s\n' 2 3 0
+ awk '$NF=="PASS" {pass++} $NF=="FAIL" {fail++} END {exit !(pass==1 && fail==0)}' suite-2-case-3.log
+ check=1
+ printf 'SUITE=%s CASE=%s PROCESS_EXIT=%s PASS_CHECK=%s\n' 2 3 0 1
+ ((  code != 0 || check != 0  ))
+ failed=1
+ return 0
+ run_original 2 4 6390 4256 81 81
+ local suite=2 number=4 code check
+ shift 2
+ local log=suite-2-case-4.log
+ ./conv2d_test 6390 4256 81 81 1
+ code=0
+ cat suite-2-case-4.log

================================= CONV测试 ================================
   ImageSize   kernelSize         Time(ms)       GFLOPS     最大误差       校验
---------------------------------------------------------------------------
 Error at [0][0]: got 1.631349e+03, expected 1.631349e+03 diff = 1.220703e-04 
 Error at [0][1]: got 1.630551e+03, expected 1.630551e+03 diff = 1.220703e-04 
 Error at [0][2]: got 1.612669e+03, expected 1.612668e+03 diff = 1.220703e-04 
 Error at [0][3]: got 1.630832e+03, expected 1.630831e+03 diff = 1.220703e-04 
 Error at [0][13]: got 1.620555e+03, expected 1.620555e+03 diff = 1.220703e-04 
 Error at [0][20]: got 1.620955e+03, expected 1.620955e+03 diff = 1.220703e-04 
 Error at [0][21]: got 1.616356e+03, expected 1.616357e+03 diff = 1.220703e-04 
 Error at [0][26]: got 1.610236e+03, expected 1.610237e+03 diff = 1.220703e-04 
 Error at [0][28]: got 1.625345e+03, expected 1.625345e+03 diff = 1.220703e-04 
 Error at [0][29]: got 1.614343e+03, expected 1.614343e+03 diff = 2.441406e-04 
  6390 x  4256     81 x    81            /            /     6.10e-04     FAIL
+ printf 'SUITE=%s CASE=%s EXIT=%s\n' 2 4 0
+ awk '$NF=="PASS" {pass++} $NF=="FAIL" {fail++} END {exit !(pass==1 && fail==0)}' suite-2-case-4.log
+ check=1
+ printf 'SUITE=%s CASE=%s PROCESS_EXIT=%s PASS_CHECK=%s\n' 2 4 0 1
+ ((  code != 0 || check != 0  ))
+ failed=1
+ return 0
+ for suite in 1 2 3
+ run_original 3 1 4096 6144 39 39
+ local suite=3 number=1 code check
+ shift 2
+ local log=suite-3-case-1.log
+ ./conv2d_test 4096 6144 39 39 1
+ code=0
+ cat suite-3-case-1.log

================================= CONV测试 ================================
   ImageSize   kernelSize         Time(ms)       GFLOPS     最大误差       校验
---------------------------------------------------------------------------
 Error at [0][2]: got 3.798019e+02, expected 3.798020e+02 diff = 3.051758e-05 
 Error at [0][6]: got 3.867293e+02, expected 3.867293e+02 diff = 3.051758e-05 
 Error at [0][7]: got 3.835440e+02, expected 3.835440e+02 diff = 3.051758e-05 
 Error at [0][8]: got 3.787692e+02, expected 3.787692e+02 diff = 3.051758e-05 
 Error at [0][9]: got 3.865398e+02, expected 3.865399e+02 diff = 3.051758e-05 
 Error at [0][10]: got 3.875901e+02, expected 3.875901e+02 diff = 3.051758e-05 
 Error at [0][12]: got 3.854051e+02, expected 3.854052e+02 diff = 3.051758e-05 
 Error at [0][13]: got 3.899618e+02, expected 3.899618e+02 diff = 3.051758e-05 
 Error at [0][16]: got 3.815237e+02, expected 3.815236e+02 diff = 6.103516e-05 
 Error at [0][20]: got 3.781209e+02, expected 3.781209e+02 diff = 3.051758e-05 
  4096 x  6144     39 x    39            /            /     1.53e-04     FAIL
+ printf 'SUITE=%s CASE=%s EXIT=%s\n' 3 1 0
+ awk '$NF=="PASS" {pass++} $NF=="FAIL" {fail++} END {exit !(pass==1 && fail==0)}' suite-3-case-1.log
+ check=1
+ printf 'SUITE=%s CASE=%s PROCESS_EXIT=%s PASS_CHECK=%s\n' 3 1 0 1
+ ((  code != 0 || check != 0  ))
+ failed=1
+ return 0
+ run_original 3 2 6144 4096 41 41
+ local suite=3 number=2 code check
+ shift 2
+ local log=suite-3-case-2.log
+ ./conv2d_test 6144 4096 41 41 1
+ code=0
+ cat suite-3-case-2.log

================================= CONV测试 ================================
   ImageSize   kernelSize         Time(ms)       GFLOPS     最大误差       校验
---------------------------------------------------------------------------
 Error at [0][0]: got 4.195706e+02, expected 4.195706e+02 diff = 3.051758e-05 
 Error at [0][1]: got 4.200291e+02, expected 4.200291e+02 diff = 3.051758e-05 
 Error at [0][4]: got 4.271281e+02, expected 4.271281e+02 diff = 3.051758e-05 
 Error at [0][8]: got 4.251273e+02, expected 4.251273e+02 diff = 3.051758e-05 
 Error at [0][12]: got 4.313792e+02, expected 4.313792e+02 diff = 3.051758e-05 
 Error at [0][14]: got 4.300611e+02, expected 4.300612e+02 diff = 3.051758e-05 
 Error at [0][15]: got 4.292141e+02, expected 4.292141e+02 diff = 3.051758e-05 
 Error at [0][19]: got 4.299761e+02, expected 4.299761e+02 diff = 3.051758e-05 
 Error at [0][23]: got 4.340591e+02, expected 4.340590e+02 diff = 3.051758e-05 
 Error at [0][24]: got 4.366799e+02, expected 4.366800e+02 diff = 3.051758e-05 
  6144 x  4096     41 x    41            /            /     1.83e-04     FAIL
+ printf 'SUITE=%s CASE=%s EXIT=%s\n' 3 2 0
+ awk '$NF=="PASS" {pass++} $NF=="FAIL" {fail++} END {exit !(pass==1 && fail==0)}' suite-3-case-2.log
+ check=1
+ printf 'SUITE=%s CASE=%s PROCESS_EXIT=%s PASS_CHECK=%s\n' 3 2 0 1
+ ((  code != 0 || check != 0  ))
+ failed=1
+ return 0
+ run_original 3 3 4256 6390 55 55
+ local suite=3 number=3 code check
+ shift 2
+ local log=suite-3-case-3.log
+ ./conv2d_test 4256 6390 55 55 1
+ code=0
+ cat suite-3-case-3.log

================================= CONV测试 ================================
   ImageSize   kernelSize         Time(ms)       GFLOPS     最大误差       校验
---------------------------------------------------------------------------
 Error at [0][1]: got 7.459236e+02, expected 7.459235e+02 diff = 6.103516e-05 
 Error at [0][3]: got 7.478829e+02, expected 7.478828e+02 diff = 1.220703e-04 
 Error at [0][5]: got 7.433262e+02, expected 7.433262e+02 diff = 6.103516e-05 
 Error at [0][6]: got 7.472948e+02, expected 7.472947e+02 diff = 6.103516e-05 
 Error at [0][7]: got 7.475494e+02, expected 7.475494e+02 diff = 6.103516e-05 
 Error at [0][8]: got 7.527262e+02, expected 7.527261e+02 diff = 6.103516e-05 
 Error at [0][13]: got 7.580897e+02, expected 7.580898e+02 diff = 6.103516e-05 
 Error at [0][14]: got 7.494738e+02, expected 7.494738e+02 diff = 6.103516e-05 
 Error at [0][15]: got 7.571002e+02, expected 7.571001e+02 diff = 6.103516e-05 
 Error at [0][19]: got 7.499343e+02, expected 7.499344e+02 diff = 1.220703e-04 
  4256 x  6390     55 x    55            /            /     3.66e-04     FAIL
+ printf 'SUITE=%s CASE=%s EXIT=%s\n' 3 3 0
+ awk '$NF=="PASS" {pass++} $NF=="FAIL" {fail++} END {exit !(pass==1 && fail==0)}' suite-3-case-3.log
+ check=1
+ printf 'SUITE=%s CASE=%s PROCESS_EXIT=%s PASS_CHECK=%s\n' 3 3 0 1
+ ((  code != 0 || check != 0  ))
+ failed=1
+ return 0
+ run_original 3 4 6390 4256 81 81
+ local suite=3 number=4 code check
+ shift 2
+ local log=suite-3-case-4.log
+ ./conv2d_test 6390 4256 81 81 1
+ code=0
+ cat suite-3-case-4.log

================================= CONV测试 ================================
   ImageSize   kernelSize         Time(ms)       GFLOPS     最大误差       校验
---------------------------------------------------------------------------
 Error at [0][0]: got 1.631349e+03, expected 1.631349e+03 diff = 1.220703e-04 
 Error at [0][1]: got 1.630551e+03, expected 1.630551e+03 diff = 1.220703e-04 
 Error at [0][2]: got 1.612669e+03, expected 1.612668e+03 diff = 1.220703e-04 
 Error at [0][3]: got 1.630832e+03, expected 1.630831e+03 diff = 1.220703e-04 
 Error at [0][13]: got 1.620555e+03, expected 1.620555e+03 diff = 1.220703e-04 
 Error at [0][20]: got 1.620955e+03, expected 1.620955e+03 diff = 1.220703e-04 
 Error at [0][21]: got 1.616356e+03, expected 1.616357e+03 diff = 1.220703e-04 
 Error at [0][26]: got 1.610236e+03, expected 1.610237e+03 diff = 1.220703e-04 
 Error at [0][28]: got 1.625345e+03, expected 1.625345e+03 diff = 1.220703e-04 
 Error at [0][29]: got 1.614343e+03, expected 1.614343e+03 diff = 2.441406e-04 
  6390 x  4256     81 x    81            /            /     6.10e-04     FAIL
+ printf 'SUITE=%s CASE=%s EXIT=%s\n' 3 4 0
+ awk '$NF=="PASS" {pass++} $NF=="FAIL" {fail++} END {exit !(pass==1 && fail==0)}' suite-3-case-4.log
+ check=1
+ printf 'SUITE=%s CASE=%s PROCESS_EXIT=%s PASS_CHECK=%s\n' 3 4 0 1
+ ((  code != 0 || check != 0  ))
+ failed=1
+ return 0
+ cat numerical-summary.txt
SUITE=1 CASE=1 PROCESS_EXIT=0 PASS_CHECK=1
SUITE=1 CASE=2 PROCESS_EXIT=0 PASS_CHECK=1
SUITE=1 CASE=3 PROCESS_EXIT=0 PASS_CHECK=1
SUITE=1 CASE=4 PROCESS_EXIT=0 PASS_CHECK=1
SUITE=2 CASE=1 PROCESS_EXIT=0 PASS_CHECK=1
SUITE=2 CASE=2 PROCESS_EXIT=0 PASS_CHECK=1
SUITE=2 CASE=3 PROCESS_EXIT=0 PASS_CHECK=1
SUITE=2 CASE=4 PROCESS_EXIT=0 PASS_CHECK=1
SUITE=3 CASE=1 PROCESS_EXIT=0 PASS_CHECK=1
SUITE=3 CASE=2 PROCESS_EXIT=0 PASS_CHECK=1
SUITE=3 CASE=3 PROCESS_EXIT=0 PASS_CHECK=1
SUITE=3 CASE=4 PROCESS_EXIT=0 PASS_CHECK=1
+ printf 'OFFICIAL_CASES_PLANNED=12\nNUMERICAL_FAILURE=%s\n' 1
OFFICIAL_CASES_PLANNED=12
NUMERICAL_FAILURE=1
+ stage numerical-check test 1 -eq 0
+ local name=numerical-check code
+ shift
+ set +e
+ test 1 -eq 0
+ code=1
+ set -e
+ tee -a stage-exits.txt
+ printf 'STAGE=%s EXIT=%s\n' numerical-check 1
STAGE=numerical-check EXIT=1
+ wait 15667
+ return 1
+ finish
+ local code=1 log_code=0
+ trap - EXIT
+ exec
+ ((  code == 0 && log_code != 0  ))
+ printf '%s\n' 1
+ exit 1
