remote_job.sh: OK
repo/conv/README.md: OK
repo/conv/bench_conv.c: OK
repo/conv/conv2d.c: OK
repo/conv/run.sh: OK
repo/records/evidence/conv-1483453/benchmark.log: OK
repo/records/evidence/conv-1483453/job-status.txt: OK
repo/records/evidence/final-1484056/benchmark.log: OK
repo/records/evidence/final-1484056/job-status.txt: OK
repo/tests/test_cluster.py: OK
repo/tests/test_cluster_group.py: OK
repo/tests/test_experiment.py: OK
repo/tests/test_export_conv_records.py: OK
repo/tools/cluster.py: OK
repo/tools/cluster_group.py: OK
repo/tools/connect.py: OK
repo/tools/experiment.py: OK
repo/tools/export_conv_records.py: OK
repo/tools/remote_job.sh: OK
repo/trsm/README.md: OK
repo/trsm/bench_trsm.c: OK
repo/trsm/compat/kblas.h: OK
repo/trsm/run.sh: OK
repo/trsm/trsm.c: OK
repo/zgemm/README.md: OK
repo/zgemm/bench_zgemm.c: OK
repo/zgemm/run.sh: OK
repo/zgemm/zgemm.c: OK
