LINKAGE_REPEAT 1/3 BEGIN
JOB_ID=1576028
BINARY=/CLUSTER_USER_HOME/kunpeng-experiments/trsm-kml251-a85d464eda43/T7-control11-repeat-r5/source/trsm_test
LDD_EXIT_CODE=0
	linux-vdso.so.1 (0x000040000272c000)
	libm.so.6 => /usr/lib64/libm.so.6 (0x0000400002750000)
	libkblas.so.25.1.0 => /opt/donaudata/donau/HPCKit_25.1.0_Linux-aarch64/package/KunpengHPCKit-kml.25.1.0/gcclib/sme/kblas/multi/libkblas.so.25.1.0 (0x0000400002800000)
	libgomp.so.1 => /CLUSTER_USER_HOME/kunpeng-experiments/trsm-kml251-f6110e522b93/compiler-private/gcc-12.3.1-2025.03-aarch64-linux/lib64/libgomp.so.1 (0x0000400008940000)
	libc.so.6 => /usr/lib64/libc.so.6 (0x00004000089b0000)
	/lib/ld-linux-aarch64.so.1 (0x0000400002702000)
	libdl.so.2 => /usr/lib64/libdl.so.2 (0x0000400008b70000)
	libpthread.so.0 => /usr/lib64/libpthread.so.0 (0x0000400008ba0000)
KML251_LINKED_LIBRARY=/opt/donaudata/donau/HPCKit_25.1.0_Linux-aarch64/package/KunpengHPCKit-kml.25.1.0/gcclib/sme/kblas/multi/libkblas.so.25.1.0
GOMP_LINKED_LIBRARY=/CLUSTER_USER_HOME/kunpeng-experiments/trsm-kml251-f6110e522b93/compiler-private/gcc-12.3.1-2025.03-aarch64-linux/lib64/libgomp.so.1.0.0
KML251_DEPENDENCY_AUDIT_PASS=1
LINKAGE_REPEAT 1/3 END
LINKAGE_REPEAT 2/3 BEGIN
JOB_ID=1576028
BINARY=/CLUSTER_USER_HOME/kunpeng-experiments/trsm-kml251-a85d464eda43/T7-control11-repeat-r5/source/trsm_test
LDD_EXIT_CODE=0
	linux-vdso.so.1 (0x0000400025286000)
	libm.so.6 => /usr/lib64/libm.so.6 (0x00004000252a0000)
	libkblas.so.25.1.0 => /opt/donaudata/donau/HPCKit_25.1.0_Linux-aarch64/package/KunpengHPCKit-kml.25.1.0/gcclib/sme/kblas/multi/libkblas.so.25.1.0 (0x0000400025350000)
	libgomp.so.1 => /CLUSTER_USER_HOME/kunpeng-experiments/trsm-kml251-f6110e522b93/compiler-private/gcc-12.3.1-2025.03-aarch64-linux/lib64/libgomp.so.1 (0x000040002b490000)
	libc.so.6 => /usr/lib64/libc.so.6 (0x000040002b500000)
	/lib/ld-linux-aarch64.so.1 (0x000040002525c000)
	libdl.so.2 => /usr/lib64/libdl.so.2 (0x000040002b6c0000)
	libpthread.so.0 => /usr/lib64/libpthread.so.0 (0x000040002b6f0000)
KML251_LINKED_LIBRARY=/opt/donaudata/donau/HPCKit_25.1.0_Linux-aarch64/package/KunpengHPCKit-kml.25.1.0/gcclib/sme/kblas/multi/libkblas.so.25.1.0
GOMP_LINKED_LIBRARY=/CLUSTER_USER_HOME/kunpeng-experiments/trsm-kml251-f6110e522b93/compiler-private/gcc-12.3.1-2025.03-aarch64-linux/lib64/libgomp.so.1.0.0
KML251_DEPENDENCY_AUDIT_PASS=1
LINKAGE_REPEAT 2/3 END
LINKAGE_REPEAT 3/3 BEGIN
JOB_ID=1576028
BINARY=/CLUSTER_USER_HOME/kunpeng-experiments/trsm-kml251-a85d464eda43/T7-control11-repeat-r5/source/trsm_test
LDD_EXIT_CODE=0
	linux-vdso.so.1 (0x000040003e296000)
	libm.so.6 => /usr/lib64/libm.so.6 (0x000040003e2b0000)
	libkblas.so.25.1.0 => /opt/donaudata/donau/HPCKit_25.1.0_Linux-aarch64/package/KunpengHPCKit-kml.25.1.0/gcclib/sme/kblas/multi/libkblas.so.25.1.0 (0x000040003e360000)
	libgomp.so.1 => /CLUSTER_USER_HOME/kunpeng-experiments/trsm-kml251-f6110e522b93/compiler-private/gcc-12.3.1-2025.03-aarch64-linux/lib64/libgomp.so.1 (0x00004000444a0000)
	libc.so.6 => /usr/lib64/libc.so.6 (0x0000400044510000)
	/lib/ld-linux-aarch64.so.1 (0x000040003e26c000)
	libdl.so.2 => /usr/lib64/libdl.so.2 (0x00004000446d0000)
	libpthread.so.0 => /usr/lib64/libpthread.so.0 (0x0000400044700000)
KML251_LINKED_LIBRARY=/opt/donaudata/donau/HPCKit_25.1.0_Linux-aarch64/package/KunpengHPCKit-kml.25.1.0/gcclib/sme/kblas/multi/libkblas.so.25.1.0
GOMP_LINKED_LIBRARY=/CLUSTER_USER_HOME/kunpeng-experiments/trsm-kml251-f6110e522b93/compiler-private/gcc-12.3.1-2025.03-aarch64-linux/lib64/libgomp.so.1.0.0
KML251_DEPENDENCY_AUDIT_PASS=1
LINKAGE_REPEAT 3/3 END
