+ :
+ stage allocation python3 -
+ local name=allocation code
+ shift
+ set +e
+ python3 -
ALLOWED_CPUS=114,115,116,117,118,119,120,121,122,123,124,125,126,127,128,129,130,131,132,133,134,135,136,137,138,139,140,141,142,143,144,145,146,147,148,149,150,151
NUMA_NODE=node3
+ code=0
+ set -e
+ tee -a stage-exits.txt
+ printf 'STAGE=%s EXIT=%s\n' allocation 0
STAGE=allocation EXIT=0
+ return 0
+ source candidate.env
++ CANDIDATE=C52-row7x3shared2
++ EXPECTED_ACC=3
++ EXPECTED_FULL=4784
++ EXPECTED_DISPATCH=972
++ EXPECTED_DIRECT=432
++ EXPECTED_DISPATCH_ROWSEVEN_ENTRIES=756
++ EXPECTED_DIRECT_ROWSEVEN_ENTRIES=1080
++ EXPECTED_TOTAL=37128
+ [[ C52-row7x3shared2 == C52-row7x3shared2 ]]
+ [[ 3 == 3 ]]
+ [[ 4784 == 4784 ]]
+ [[ 972 == 972 ]]
+ [[ 432 == 432 ]]
+ [[ 37128 == 37128 ]]
+ [[ 756 == 756 ]]
+ [[ 1080 == 1080 ]]
+ printf 'CANDIDATE=%s\n' C52-row7x3shared2
CANDIDATE=C52-row7x3shared2
+ date -u
Sat Sep 12 17:05:29 UTC 2026
+ hostname
COMPUTE_NODE_1
+ stage compiler compiler_check
+ local name=compiler code
+ shift
+ set +e
+ compiler_check
+ gcc --version
gcc (GCC) 10.3.1
Copyright (C) 2020 Free Software Foundation, Inc.
This is free software; see the source for copying conditions.  There is NO
warranty; not even for MERCHANTABILITY or FITNESS FOR A PARTICULAR PURPOSE.

+ gcc -dumpfullversion -dumpversion
++ cat compiler-version.txt
+ [[ 10.3.1 == 10.3.1 ]]
+ code=0
+ set -e
+ tee -a stage-exits.txt
+ printf 'STAGE=%s EXIT=%s\n' compiler 0
STAGE=compiler EXIT=0
+ return 0
+ stage manifest write_manifest
+ local name=manifest code
+ shift
+ set +e
+ write_manifest
+ sha256sum conv2d.c check_conv_guard.c check_sve_dispatch.c remote_job.sh candidate.env
+ sha256sum -c -
+ printf '%s  conv2d.c\n' 8cf5dc086d0fd6c7ce21f0f5cfd2bbf50da820a9c18e12de328e970a28712bf7
conv2d.c: OK
+ cat source-sha256.txt
8cf5dc086d0fd6c7ce21f0f5cfd2bbf50da820a9c18e12de328e970a28712bf7  conv2d.c
b11bfe06a6d09228ad0d4dc6ae3d7581642fb534a1bd612f94c86574f41cc307  check_conv_guard.c
5751451998db3f2bee920afc78af05039d5b11949db5a4765aefe8553d4aacbc  check_sve_dispatch.c
5f50319bf5208ddbd6fc7cad199d9d175077634a218e5a6bae6ce0a928dd37c3  remote_job.sh
0db61a149c7da0be9aa6a33fd19830c38fbdad02fcd74e6213ac31efcef15a05  candidate.env
+ code=0
+ set -e
+ tee -a stage-exits.txt
+ printf 'STAGE=%s EXIT=%s\n' manifest 0
STAGE=manifest EXIT=0
+ return 0
+ export OMP_DYNAMIC=FALSE OMP_PROC_BIND=close OMP_PLACES=cores
+ OMP_DYNAMIC=FALSE
+ OMP_PROC_BIND=close
+ OMP_PLACES=cores
+ flags=(-O3 -std=c11 -D_DEFAULT_SOURCE -Wall -Wextra -fno-fast-math -ffp-contract=off -mcpu=generic -fopenmp "-DEXPECTED_ACC=$EXPECTED_ACC")
+ stage build-guard build_logged build-guard.log gcc -O3 -std=c11 -D_DEFAULT_SOURCE -Wall -Wextra -fno-fast-math -ffp-contract=off -mcpu=generic -fopenmp -DEXPECTED_ACC=3 check_conv_guard.c conv2d.c -o check_conv_guard
+ local name=build-guard code
+ shift
+ set +e
+ build_logged build-guard.log gcc -O3 -std=c11 -D_DEFAULT_SOURCE -Wall -Wextra -fno-fast-math -ffp-contract=off -mcpu=generic -fopenmp -DEXPECTED_ACC=3 check_conv_guard.c conv2d.c -o check_conv_guard
+ local logfile=build-guard.log
+ shift
+ printf BUILD_COMMAND:
BUILD_COMMAND:+ printf ' %q' gcc -O3 -std=c11 -D_DEFAULT_SOURCE -Wall -Wextra -fno-fast-math -ffp-contract=off -mcpu=generic -fopenmp -DEXPECTED_ACC=3 check_conv_guard.c conv2d.c -o check_conv_guard
 gcc -O3 -std=c11 -D_DEFAULT_SOURCE -Wall -Wextra -fno-fast-math -ffp-contract=off -mcpu=generic -fopenmp -DEXPECTED_ACC=3 check_conv_guard.c conv2d.c -o check_conv_guard+ printf '\n'

+ gcc -O3 -std=c11 -D_DEFAULT_SOURCE -Wall -Wextra -fno-fast-math -ffp-contract=off -mcpu=generic -fopenmp -DEXPECTED_ACC=3 check_conv_guard.c conv2d.c -o check_conv_guard
+ code=0
+ set -e
+ tee -a stage-exits.txt
+ printf 'STAGE=%s EXIT=%s\n' build-guard 0
STAGE=build-guard EXIT=0
+ return 0
+ for bytes in 16 32 64
+ for threads in 1 4
+ stage guard-vl16-t1 run_guard 16 1
+ local name=guard-vl16-t1 code
+ shift
+ set +e
+ run_guard 16 1
+ local bytes=16 threads=1
+ tee guard-vl16-t1.log
+ OMP_NUM_THREADS=1
+ ./check_conv_guard 16
SVE_BYTES=16 SVE_LANES=4 BLOCK_OUTPUTS=12 THREADS=1
FULL_MATRIX_COUNTS core=3888 narrow=144 small=720 larger=32
PASS: 4784 convolution cases; readonly input/kernel, guarded allocation edges, poisoned/guarded output, bitwise scalar reference
+ code=0
+ set -e
+ tee -a stage-exits.txt
+ printf 'STAGE=%s EXIT=%s\n' guard-vl16-t1 0
STAGE=guard-vl16-t1 EXIT=0
+ return 0
+ for threads in 1 4
+ stage guard-vl16-t4 run_guard 16 4
+ local name=guard-vl16-t4 code
+ shift
+ set +e
+ run_guard 16 4
+ local bytes=16 threads=4
+ tee guard-vl16-t4.log
+ OMP_NUM_THREADS=4
+ ./check_conv_guard 16
SVE_BYTES=16 SVE_LANES=4 BLOCK_OUTPUTS=12 THREADS=4
FULL_MATRIX_COUNTS core=3888 narrow=144 small=720 larger=32
PASS: 4784 convolution cases; readonly input/kernel, guarded allocation edges, poisoned/guarded output, bitwise scalar reference
+ code=0
+ set -e
+ tee -a stage-exits.txt
+ printf 'STAGE=%s EXIT=%s\n' guard-vl16-t4 0
STAGE=guard-vl16-t4 EXIT=0
+ return 0
+ for bytes in 16 32 64
+ for threads in 1 4
+ stage guard-vl32-t1 run_guard 32 1
+ local name=guard-vl32-t1 code
+ shift
+ set +e
+ run_guard 32 1
+ local bytes=32 threads=1
+ tee guard-vl32-t1.log
+ OMP_NUM_THREADS=1
+ ./check_conv_guard 32
SVE_BYTES=32 SVE_LANES=8 BLOCK_OUTPUTS=24 THREADS=1
FULL_MATRIX_COUNTS core=3888 narrow=144 small=720 larger=32
PASS: 4784 convolution cases; readonly input/kernel, guarded allocation edges, poisoned/guarded output, bitwise scalar reference
+ code=0
+ set -e
+ tee -a stage-exits.txt
+ printf 'STAGE=%s EXIT=%s\n' guard-vl32-t1 0
STAGE=guard-vl32-t1 EXIT=0
+ return 0
+ for threads in 1 4
+ stage guard-vl32-t4 run_guard 32 4
+ local name=guard-vl32-t4 code
+ shift
+ set +e
+ run_guard 32 4
+ local bytes=32 threads=4
+ tee guard-vl32-t4.log
+ OMP_NUM_THREADS=4
+ ./check_conv_guard 32
SVE_BYTES=32 SVE_LANES=8 BLOCK_OUTPUTS=24 THREADS=4
FULL_MATRIX_COUNTS core=3888 narrow=144 small=720 larger=32
PASS: 4784 convolution cases; readonly input/kernel, guarded allocation edges, poisoned/guarded output, bitwise scalar reference
+ code=0
+ set -e
+ tee -a stage-exits.txt
+ printf 'STAGE=%s EXIT=%s\n' guard-vl32-t4 0
STAGE=guard-vl32-t4 EXIT=0
+ return 0
+ for bytes in 16 32 64
+ for threads in 1 4
+ stage guard-vl64-t1 run_guard 64 1
+ local name=guard-vl64-t1 code
+ shift
+ set +e
+ run_guard 64 1
+ local bytes=64 threads=1
+ tee guard-vl64-t1.log
+ OMP_NUM_THREADS=1
+ ./check_conv_guard 64
SVE_BYTES=64 SVE_LANES=16 BLOCK_OUTPUTS=48 THREADS=1
FULL_MATRIX_COUNTS core=3888 narrow=144 small=720 larger=32
PASS: 4784 convolution cases; readonly input/kernel, guarded allocation edges, poisoned/guarded output, bitwise scalar reference
+ code=0
+ set -e
+ tee -a stage-exits.txt
+ printf 'STAGE=%s EXIT=%s\n' guard-vl64-t1 0
STAGE=guard-vl64-t1 EXIT=0
+ return 0
+ for threads in 1 4
+ stage guard-vl64-t4 run_guard 64 4
+ local name=guard-vl64-t4 code
+ shift
+ set +e
+ run_guard 64 4
+ local bytes=64 threads=4
+ tee guard-vl64-t4.log
+ OMP_NUM_THREADS=4
+ ./check_conv_guard 64
SVE_BYTES=64 SVE_LANES=16 BLOCK_OUTPUTS=48 THREADS=4
FULL_MATRIX_COUNTS core=3888 narrow=144 small=720 larger=32
PASS: 4784 convolution cases; readonly input/kernel, guarded allocation edges, poisoned/guarded output, bitwise scalar reference
+ code=0
+ set -e
+ tee -a stage-exits.txt
+ printf 'STAGE=%s EXIT=%s\n' guard-vl64-t4 0
STAGE=guard-vl64-t4 EXIT=0
+ return 0
+ stage build-dispatch build_logged build-dispatch.log gcc -O3 -std=c11 -D_DEFAULT_SOURCE -Wall -Wextra -fno-fast-math -ffp-contract=off -mcpu=generic -fopenmp -DEXPECTED_ACC=3 -finstrument-functions check_sve_dispatch.c -o check_sve_dispatch
+ local name=build-dispatch code
+ shift
+ set +e
+ build_logged build-dispatch.log gcc -O3 -std=c11 -D_DEFAULT_SOURCE -Wall -Wextra -fno-fast-math -ffp-contract=off -mcpu=generic -fopenmp -DEXPECTED_ACC=3 -finstrument-functions check_sve_dispatch.c -o check_sve_dispatch
+ local logfile=build-dispatch.log
+ shift
+ printf BUILD_COMMAND:
BUILD_COMMAND:+ printf ' %q' gcc -O3 -std=c11 -D_DEFAULT_SOURCE -Wall -Wextra -fno-fast-math -ffp-contract=off -mcpu=generic -fopenmp -DEXPECTED_ACC=3 -finstrument-functions check_sve_dispatch.c -o check_sve_dispatch
 gcc -O3 -std=c11 -D_DEFAULT_SOURCE -Wall -Wextra -fno-fast-math -ffp-contract=off -mcpu=generic -fopenmp -DEXPECTED_ACC=3 -finstrument-functions check_sve_dispatch.c -o check_sve_dispatch+ printf '\n'

+ gcc -O3 -std=c11 -D_DEFAULT_SOURCE -Wall -Wextra -fno-fast-math -ffp-contract=off -mcpu=generic -fopenmp -DEXPECTED_ACC=3 -finstrument-functions check_sve_dispatch.c -o check_sve_dispatch
+ code=0
+ set -e
+ tee -a stage-exits.txt
+ printf 'STAGE=%s EXIT=%s\n' build-dispatch 0
STAGE=build-dispatch EXIT=0
+ return 0
+ for bytes in 16 32 64
+ for threads in 1 4
+ stage dispatch-vl16-t1 run_dispatch 16 1
+ local name=dispatch-vl16-t1 code
+ shift
+ set +e
+ run_dispatch 16 1
+ local bytes=16 threads=1
+ tee dispatch-vl16-t1.log
+ OMP_NUM_THREADS=1
+ ./check_sve_dispatch 16
SVE_BYTES=16 SVE_LANES=4 BLOCK_OUTPUTS=12 THREADS=1
SVE_PREFIX_ACTUAL_ENTRIES=8550 SVE_TAIL_ACTUAL_ENTRIES=8550
SVE_ROWPAIR_ACTUAL_ENTRIES=234 SVE_ROWTRIPLE_ACTUAL_ENTRIES=2106 SVE_ROWQUAD_ACTUAL_ENTRIES=1458
DISPATCH_ROWSEVEN_ACTUAL_ENTRIES=756 EXPECTED=756 WORKER_MASK=1 EXPECTED_MASK=1
PASS: 972 dispatch cases; exact per-case rowseven entries and bitwise scalar reference
DIRECT_ROWSEVEN_ACTUAL_ENTRIES=1080 EXPECTED=1080 WORKER_MASK=1 EXPECTED_MASK=1
PASS: 432 direct fallback cases; kh1..6, readonly/guard/canary and bitwise scalar reference
+ code=0
+ set -e
+ tee -a stage-exits.txt
+ printf 'STAGE=%s EXIT=%s\n' dispatch-vl16-t1 0
STAGE=dispatch-vl16-t1 EXIT=0
+ return 0
+ for threads in 1 4
+ stage dispatch-vl16-t4 run_dispatch 16 4
+ local name=dispatch-vl16-t4 code
+ shift
+ set +e
+ run_dispatch 16 4
+ local bytes=16 threads=4
+ tee dispatch-vl16-t4.log
+ OMP_NUM_THREADS=4
+ ./check_sve_dispatch 16
SVE_BYTES=16 SVE_LANES=4 BLOCK_OUTPUTS=12 THREADS=4
SVE_PREFIX_ACTUAL_ENTRIES=8550 SVE_TAIL_ACTUAL_ENTRIES=8550
SVE_ROWPAIR_ACTUAL_ENTRIES=234 SVE_ROWTRIPLE_ACTUAL_ENTRIES=2106 SVE_ROWQUAD_ACTUAL_ENTRIES=1458
DISPATCH_ROWSEVEN_ACTUAL_ENTRIES=756 EXPECTED=756 WORKER_MASK=15 EXPECTED_MASK=15
PASS: 972 dispatch cases; exact per-case rowseven entries and bitwise scalar reference
DIRECT_ROWSEVEN_ACTUAL_ENTRIES=1080 EXPECTED=1080 WORKER_MASK=15 EXPECTED_MASK=15
PASS: 432 direct fallback cases; kh1..6, readonly/guard/canary and bitwise scalar reference
+ code=0
+ set -e
+ tee -a stage-exits.txt
+ printf 'STAGE=%s EXIT=%s\n' dispatch-vl16-t4 0
STAGE=dispatch-vl16-t4 EXIT=0
+ return 0
+ for bytes in 16 32 64
+ for threads in 1 4
+ stage dispatch-vl32-t1 run_dispatch 32 1
+ local name=dispatch-vl32-t1 code
+ shift
+ set +e
+ run_dispatch 32 1
+ local bytes=32 threads=1
+ tee dispatch-vl32-t1.log
+ OMP_NUM_THREADS=1
+ ./check_sve_dispatch 32
SVE_BYTES=32 SVE_LANES=8 BLOCK_OUTPUTS=24 THREADS=1
SVE_PREFIX_ACTUAL_ENTRIES=8550 SVE_TAIL_ACTUAL_ENTRIES=8550
SVE_ROWPAIR_ACTUAL_ENTRIES=234 SVE_ROWTRIPLE_ACTUAL_ENTRIES=2106 SVE_ROWQUAD_ACTUAL_ENTRIES=1458
DISPATCH_ROWSEVEN_ACTUAL_ENTRIES=756 EXPECTED=756 WORKER_MASK=1 EXPECTED_MASK=1
PASS: 972 dispatch cases; exact per-case rowseven entries and bitwise scalar reference
DIRECT_ROWSEVEN_ACTUAL_ENTRIES=1080 EXPECTED=1080 WORKER_MASK=1 EXPECTED_MASK=1
PASS: 432 direct fallback cases; kh1..6, readonly/guard/canary and bitwise scalar reference
+ code=0
+ set -e
+ tee -a stage-exits.txt
+ printf 'STAGE=%s EXIT=%s\n' dispatch-vl32-t1 0
STAGE=dispatch-vl32-t1 EXIT=0
+ return 0
+ for threads in 1 4
+ stage dispatch-vl32-t4 run_dispatch 32 4
+ local name=dispatch-vl32-t4 code
+ shift
+ set +e
+ run_dispatch 32 4
+ local bytes=32 threads=4
+ tee dispatch-vl32-t4.log
+ OMP_NUM_THREADS=4
+ ./check_sve_dispatch 32
SVE_BYTES=32 SVE_LANES=8 BLOCK_OUTPUTS=24 THREADS=4
SVE_PREFIX_ACTUAL_ENTRIES=8550 SVE_TAIL_ACTUAL_ENTRIES=8550
SVE_ROWPAIR_ACTUAL_ENTRIES=234 SVE_ROWTRIPLE_ACTUAL_ENTRIES=2106 SVE_ROWQUAD_ACTUAL_ENTRIES=1458
DISPATCH_ROWSEVEN_ACTUAL_ENTRIES=756 EXPECTED=756 WORKER_MASK=15 EXPECTED_MASK=15
PASS: 972 dispatch cases; exact per-case rowseven entries and bitwise scalar reference
DIRECT_ROWSEVEN_ACTUAL_ENTRIES=1080 EXPECTED=1080 WORKER_MASK=15 EXPECTED_MASK=15
PASS: 432 direct fallback cases; kh1..6, readonly/guard/canary and bitwise scalar reference
+ code=0
+ set -e
+ tee -a stage-exits.txt
+ printf 'STAGE=%s EXIT=%s\n' dispatch-vl32-t4 0
STAGE=dispatch-vl32-t4 EXIT=0
+ return 0
+ for bytes in 16 32 64
+ for threads in 1 4
+ stage dispatch-vl64-t1 run_dispatch 64 1
+ local name=dispatch-vl64-t1 code
+ shift
+ set +e
+ run_dispatch 64 1
+ local bytes=64 threads=1
+ tee dispatch-vl64-t1.log
+ OMP_NUM_THREADS=1
+ ./check_sve_dispatch 64
SVE_BYTES=64 SVE_LANES=16 BLOCK_OUTPUTS=48 THREADS=1
SVE_PREFIX_ACTUAL_ENTRIES=8550 SVE_TAIL_ACTUAL_ENTRIES=8550
SVE_ROWPAIR_ACTUAL_ENTRIES=234 SVE_ROWTRIPLE_ACTUAL_ENTRIES=2106 SVE_ROWQUAD_ACTUAL_ENTRIES=1458
DISPATCH_ROWSEVEN_ACTUAL_ENTRIES=756 EXPECTED=756 WORKER_MASK=1 EXPECTED_MASK=1
PASS: 972 dispatch cases; exact per-case rowseven entries and bitwise scalar reference
DIRECT_ROWSEVEN_ACTUAL_ENTRIES=1080 EXPECTED=1080 WORKER_MASK=1 EXPECTED_MASK=1
PASS: 432 direct fallback cases; kh1..6, readonly/guard/canary and bitwise scalar reference
+ code=0
+ set -e
+ tee -a stage-exits.txt
+ printf 'STAGE=%s EXIT=%s\n' dispatch-vl64-t1 0
STAGE=dispatch-vl64-t1 EXIT=0
+ return 0
+ for threads in 1 4
+ stage dispatch-vl64-t4 run_dispatch 64 4
+ local name=dispatch-vl64-t4 code
+ shift
+ set +e
+ run_dispatch 64 4
+ local bytes=64 threads=4
+ tee dispatch-vl64-t4.log
+ OMP_NUM_THREADS=4
+ ./check_sve_dispatch 64
SVE_BYTES=64 SVE_LANES=16 BLOCK_OUTPUTS=48 THREADS=4
SVE_PREFIX_ACTUAL_ENTRIES=8550 SVE_TAIL_ACTUAL_ENTRIES=8550
SVE_ROWPAIR_ACTUAL_ENTRIES=234 SVE_ROWTRIPLE_ACTUAL_ENTRIES=2106 SVE_ROWQUAD_ACTUAL_ENTRIES=1458
DISPATCH_ROWSEVEN_ACTUAL_ENTRIES=756 EXPECTED=756 WORKER_MASK=15 EXPECTED_MASK=15
PASS: 972 dispatch cases; exact per-case rowseven entries and bitwise scalar reference
DIRECT_ROWSEVEN_ACTUAL_ENTRIES=1080 EXPECTED=1080 WORKER_MASK=15 EXPECTED_MASK=15
PASS: 432 direct fallback cases; kh1..6, readonly/guard/canary and bitwise scalar reference
+ code=0
+ set -e
+ tee -a stage-exits.txt
+ printf 'STAGE=%s EXIT=%s\n' dispatch-vl64-t4 0
STAGE=dispatch-vl64-t4 EXIT=0
+ return 0
+ stage build-assembly build_logged build-assembly.log gcc -O3 -std=c11 -D_DEFAULT_SOURCE -Wall -Wextra -fno-fast-math -ffp-contract=off -mcpu=generic -fopenmp -DEXPECTED_ACC=3 -S conv2d.c -o conv2d-sve.s
+ local name=build-assembly code
+ shift
+ set +e
+ build_logged build-assembly.log gcc -O3 -std=c11 -D_DEFAULT_SOURCE -Wall -Wextra -fno-fast-math -ffp-contract=off -mcpu=generic -fopenmp -DEXPECTED_ACC=3 -S conv2d.c -o conv2d-sve.s
+ local logfile=build-assembly.log
+ shift
+ printf BUILD_COMMAND:
BUILD_COMMAND:+ printf ' %q' gcc -O3 -std=c11 -D_DEFAULT_SOURCE -Wall -Wextra -fno-fast-math -ffp-contract=off -mcpu=generic -fopenmp -DEXPECTED_ACC=3 -S conv2d.c -o conv2d-sve.s
 gcc -O3 -std=c11 -D_DEFAULT_SOURCE -Wall -Wextra -fno-fast-math -ffp-contract=off -mcpu=generic -fopenmp -DEXPECTED_ACC=3 -S conv2d.c -o conv2d-sve.s+ printf '\n'

+ gcc -O3 -std=c11 -D_DEFAULT_SOURCE -Wall -Wextra -fno-fast-math -ffp-contract=off -mcpu=generic -fopenmp -DEXPECTED_ACC=3 -S conv2d.c -o conv2d-sve.s
+ code=0
+ set -e
+ tee -a stage-exits.txt
+ printf 'STAGE=%s EXIT=%s\n' build-assembly 0
STAGE=build-assembly EXIT=0
+ return 0
+ printf 'SANITIZER_STATUS=NOT_RUN; guard pages and bitwise reference checks only\n'
SANITIZER_STATUS=NOT_RUN; guard pages and bitwise reference checks only
+ printf 'EXPECTED_TOTAL_CHECKS=%s\n' 37128
EXPECTED_TOTAL_CHECKS=37128
+ stage complete printf 'PROBE_COMPLETE=1\n'
+ local name=complete code
+ shift
+ set +e
+ printf 'PROBE_COMPLETE=1\n'
PROBE_COMPLETE=1
+ code=0
+ set -e
+ tee -a stage-exits.txt
+ printf 'STAGE=%s EXIT=%s\n' complete 0
STAGE=complete EXIT=0
+ wait 3136749
+ return 0
+ finish
+ local code=0 log_code=0
+ trap - EXIT
+ exec
+ ((  code == 0 && log_code != 0  ))
+ printf '%s\n' 0
+ exit 0
